010000  3B          TSC
010001  AA          TAX
010002  C5 46       CMP $46
010004  B0 04       BCS $01000A
010006  5C 14 00 01 JML $010014
01000A  D0 04       BNE $010010
01000C  5C 14 00 01 JML $010014
010010  5C 26 00 01 JML $010026
010014  38          SEC
010015  E9 12 00    SBC #$0012
010018  B0 04       BCS $01001E
01001A  5C 26 00 01 JML $010026
01001E  C5 44       CMP $44
010020  90 04       BCC $010026
010022  5C 2D 00 01 JML $01002D
010026  A9 12 00    LDA #$0012
010029  5C 00 80 04 JML $048000
01002D  1B          TCS
01002E  E2 20       SEP #$20
010030  A9 00       LDA #$00
010032  83 02       STA $02,S
010034  A9 00       LDA #$00
010036  83 03       STA $03,S
010038  C2 20       REP #$20
01003A  A9 00 00    LDA #$0000
01003D  83 0E       STA $0E,S
01003F  E2 20       SEP #$20
010041  A9 00       LDA #$00
010043  49 80       EOR #$80
010045  85 10       STA $10
010047  A3 0F       LDA $0F,S
010049  49 80       EOR #$80
01004B  C5 10       CMP $10
01004D  B0 04       BCS $010053
01004F  5C 71 00 01 JML $010071
010053  F0 04       BEQ $010059
010055  5C 77 00 01 JML $010077
010059  A9 63       LDA #$63
01005B  85 10       STA $10
01005D  A3 0E       LDA $0E,S
01005F  C5 10       CMP $10
010061  B0 04       BCS $010067
010063  5C 71 00 01 JML $010071
010067  F0 04       BEQ $01006D
010069  5C 77 00 01 JML $010077
01006D  5C 7D 00 01 JML $01007D
010071  A9 01       LDA #$01
010073  5C 83 00 01 JML $010083
010077  A9 00       LDA #$00
010079  5C 83 00 01 JML $010083
01007D  A9 01       LDA #$01
01007F  5C 83 00 01 JML $010083
010083  83 05       STA $05,S
010085  C2 20       REP #$20
010087  E2 20       SEP #$20
010089  A3 05       LDA $05,S
01008B  C2 20       REP #$20
01008D  D0 04       BNE $010093
01008F  5C 37 02 01 JML $010237
010093  C2 20       REP #$20
010095  A9 00 00    LDA #$0000
010098  83 10       STA $10,S
01009A  E2 20       SEP #$20
01009C  A9 00       LDA #$00
01009E  49 80       EOR #$80
0100A0  85 10       STA $10
0100A2  A3 11       LDA $11,S
0100A4  49 80       EOR #$80
0100A6  C5 10       CMP $10
0100A8  B0 04       BCS $0100AE
0100AA  5C CC 00 01 JML $0100CC
0100AE  F0 04       BEQ $0100B4
0100B0  5C D2 00 01 JML $0100D2
0100B4  A9 63       LDA #$63
0100B6  85 10       STA $10
0100B8  A3 10       LDA $10,S
0100BA  C5 10       CMP $10
0100BC  B0 04       BCS $0100C2
0100BE  5C CC 00 01 JML $0100CC
0100C2  F0 04       BEQ $0100C8
0100C4  5C D2 00 01 JML $0100D2
0100C8  5C D8 00 01 JML $0100D8
0100CC  A9 01       LDA #$01
0100CE  5C DE 00 01 JML $0100DE
0100D2  A9 00       LDA #$00
0100D4  5C DE 00 01 JML $0100DE
0100D8  A9 01       LDA #$01
0100DA  5C DE 00 01 JML $0100DE
0100DE  83 05       STA $05,S
0100E0  C2 20       REP #$20
0100E2  E2 20       SEP #$20
0100E4  A3 05       LDA $05,S
0100E6  C2 20       REP #$20
0100E8  D0 04       BNE $0100EE
0100EA  5C 27 02 01 JML $010227
0100EE  C2 20       REP #$20
0100F0  E2 20       SEP #$20
0100F2  A9 B2       LDA #$B2
0100F4  85 00       STA $00
0100F6  A9 01       LDA #$01
0100F8  85 01       STA $01
0100FA  A9 18       LDA #$18
0100FC  85 02       STA $02
0100FE  A5 00       LDA $00
010100  83 0A       STA $0A,S
010102  A5 01       LDA $01
010104  83 0B       STA $0B,S
010106  A5 02       LDA $02
010108  83 0C       STA $0C,S
01010A  C2 20       REP #$20
01010C  A3 0A       LDA $0A,S
01010E  85 00       STA $00
010110  A3 0B       LDA $0B,S
010112  85 01       STA $01
010114  A3 0E       LDA $0E,S
010116  85 14       STA $14
010118  E2 20       SEP #$20
01011A  A9 00       LDA #$00
01011C  85 16       STA $16
01011E  06 14       ASL $14
010120  26 15       ROL $15
010122  26 16       ROL $16
010124  06 14       ASL $14
010126  26 15       ROL $15
010128  26 16       ROL $16
01012A  18          CLC
01012B  A5 00       LDA $00
01012D  65 14       ADC $14
01012F  85 00       STA $00
010131  A5 01       LDA $01
010133  65 15       ADC $15
010135  85 01       STA $01
010137  A5 02       LDA $02
010139  65 16       ADC $16
01013B  85 02       STA $02
01013D  06 14       ASL $14
01013F  26 15       ROL $15
010141  26 16       ROL $16
010143  06 14       ASL $14
010145  26 15       ROL $15
010147  26 16       ROL $16
010149  06 14       ASL $14
01014B  26 15       ROL $15
01014D  26 16       ROL $16
01014F  18          CLC
010150  A5 00       LDA $00
010152  65 14       ADC $14
010154  85 00       STA $00
010156  A5 01       LDA $01
010158  65 15       ADC $15
01015A  85 01       STA $01
01015C  A5 02       LDA $02
01015E  65 16       ADC $16
010160  85 02       STA $02
010162  06 14       ASL $14
010164  26 15       ROL $15
010166  26 16       ROL $16
010168  18          CLC
010169  A5 00       LDA $00
01016B  65 14       ADC $14
01016D  85 00       STA $00
01016F  A5 01       LDA $01
010171  65 15       ADC $15
010173  85 01       STA $01
010175  A5 02       LDA $02
010177  65 16       ADC $16
010179  85 02       STA $02
01017B  06 14       ASL $14
01017D  26 15       ROL $15
01017F  26 16       ROL $16
010181  A5 00       LDA $00
010183  83 06       STA $06,S
010185  A5 01       LDA $01
010187  83 07       STA $07,S
010189  A5 02       LDA $02
01018B  83 08       STA $08,S
01018D  A3 02       LDA $02,S
01018F  83 0C       STA $0C,S
010191  A3 03       LDA $03,S
010193  83 0D       STA $0D,S
010195  C2 20       REP #$20
010197  A3 06       LDA $06,S
010199  85 00       STA $00
01019B  A3 07       LDA $07,S
01019D  85 01       STA $01
01019F  A3 10       LDA $10,S
0101A1  85 14       STA $14
0101A3  E2 20       SEP #$20
0101A5  A9 00       LDA #$00
0101A7  85 16       STA $16
0101A9  18          CLC
0101AA  A5 00       LDA $00
0101AC  65 14       ADC $14
0101AE  85 00       STA $00
0101B0  A5 01       LDA $01
0101B2  65 15       ADC $15
0101B4  85 01       STA $01
0101B6  A5 02       LDA $02
0101B8  65 16       ADC $16
0101BA  85 02       STA $02
0101BC  06 14       ASL $14
0101BE  26 15       ROL $15
0101C0  26 16       ROL $16
0101C2  A0 00 00    LDY #$0000
0101C5  B7 00       LDA [$00],Y
0101C7  83 05       STA $05,S
0101C9  A3 0C       LDA $0C,S
0101CB  85 10       STA $10
0101CD  A3 05       LDA $05,S
0101CF  45 10       EOR $10
0101D1  83 0A       STA $0A,S
0101D3  A3 0D       LDA $0D,S
0101D5  85 10       STA $10
0101D7  A9 00       LDA #$00
0101D9  45 10       EOR $10
0101DB  83 0B       STA $0B,S
0101DD  A3 0A       LDA $0A,S
0101DF  83 05       STA $05,S
0101E1  C2 20       REP #$20
0101E3  A3 06       LDA $06,S
0101E5  85 00       STA $00
0101E7  A3 07       LDA $07,S
0101E9  85 01       STA $01
0101EB  A3 10       LDA $10,S
0101ED  85 14       STA $14
0101EF  E2 20       SEP #$20
0101F1  A9 00       LDA #$00
0101F3  85 16       STA $16
0101F5  18          CLC
0101F6  A5 00       LDA $00
0101F8  65 14       ADC $14
0101FA  85 00       STA $00
0101FC  A5 01       LDA $01
0101FE  65 15       ADC $15
010200  85 01       STA $01
010202  A5 02       LDA $02
010204  65 16       ADC $16
010206  85 02       STA $02
010208  06 14       ASL $14
01020A  26 15       ROL $15
01020C  26 16       ROL $16
01020E  A3 05       LDA $05,S
010210  A0 00 00    LDY #$0000
010213  97 00       STA [$00],Y
010215  C2 20       REP #$20
010217  A3 10       LDA $10,S
010219  18          CLC
01021A  69 01 00    ADC #$0001
01021D  83 06       STA $06,S
01021F  A3 06       LDA $06,S
010221  83 10       STA $10,S
010223  5C 9A 00 01 JML $01009A
010227  A3 0E       LDA $0E,S
010229  18          CLC
01022A  69 01 00    ADC #$0001
01022D  83 06       STA $06,S
01022F  A3 06       LDA $06,S
010231  83 0E       STA $0E,S
010233  5C 3F 00 01 JML $01003F
010237  E2 20       SEP #$20
010239  A9 00       LDA #$00
01023B  8F 0A 00 18 STA $18000A
01023F  A9 00       LDA #$00
010241  8F 0B 00 18 STA $18000B
010245  A9 00       LDA #$00
010247  8F 0C 00 18 STA $18000C
01024B  A9 00       LDA #$00
01024D  8F 0D 00 18 STA $18000D
010251  A9 00       LDA #$00
010253  8F 11 00 18 STA $180011
010257  A9 00       LDA #$00
010259  8F 12 00 18 STA $180012
01025D  A9 00       LDA #$00
01025F  8F 13 00 18 STA $180013
010263  A9 00       LDA #$00
010265  8F 08 00 18 STA $180008
010269  A9 00       LDA #$00
01026B  8F 09 00 18 STA $180009
01026F  C2 20       REP #$20
010271  3B          TSC
010272  18          CLC
010273  69 12 00    ADC #$0012
010276  1B          TCS
010277  6B          RTL
010278  3B          TSC
010279  AA          TAX
01027A  C5 46       CMP $46
01027C  B0 04       BCS $010282
01027E  5C 8C 02 01 JML $01028C
010282  D0 04       BNE $010288
010284  5C 8C 02 01 JML $01028C
010288  5C 9E 02 01 JML $01029E
01028C  38          SEC
01028D  E9 04 00    SBC #$0004
010290  B0 04       BCS $010296
010292  5C 9E 02 01 JML $01029E
010296  C5 44       CMP $44
010298  90 04       BCC $01029E
01029A  5C A5 02 01 JML $0102A5
01029E  A9 04 00    LDA #$0004
0102A1  5C 00 80 04 JML $048000
0102A5  1B          TCS
0102A6  AF 08 00 18 LDA $180008
0102AA  83 02       STA $02,S
0102AC  C9 19 00    CMP #$0019
0102AF  F0 04       BEQ $0102B5
0102B1  5C C3 02 01 JML $0102C3
0102B5  C2 20       REP #$20
0102B7  A9 00 00    LDA #$0000
0102BA  A8          TAY
0102BB  3B          TSC
0102BC  18          CLC
0102BD  69 04 00    ADC #$0004
0102C0  1B          TCS
0102C1  98          TYA
0102C2  6B          RTL
0102C3  A9 FF FF    LDA #$FFFF
0102C6  A8          TAY
0102C7  3B          TSC
0102C8  18          CLC
0102C9  69 04 00    ADC #$0004
0102CC  1B          TCS
0102CD  98          TYA
0102CE  6B          RTL
0102CF  3B          TSC
0102D0  AA          TAX
0102D1  C5 46       CMP $46
0102D3  B0 04       BCS $0102D9
0102D5  5C E3 02 01 JML $0102E3
0102D9  D0 04       BNE $0102DF
0102DB  5C E3 02 01 JML $0102E3
0102DF  5C F5 02 01 JML $0102F5
0102E3  38          SEC
0102E4  E9 12 00    SBC #$0012
0102E7  B0 04       BCS $0102ED
0102E9  5C F5 02 01 JML $0102F5
0102ED  C5 44       CMP $44
0102EF  90 04       BCC $0102F5
0102F1  5C FC 02 01 JML $0102FC
0102F5  A9 12 00    LDA #$0012
0102F8  5C 00 80 04 JML $048000
0102FC  1B          TCS
0102FD  E2 20       SEP #$20
0102FF  A9 C2       LDA #$C2
010301  85 00       STA $00
010303  A9 28       LDA #$28
010305  85 01       STA $01
010307  A9 18       LDA #$18
010309  85 02       STA $02
01030B  A5 00       LDA $00
01030D  83 06       STA $06,S
01030F  A5 01       LDA $01
010311  83 07       STA $07,S
010313  A5 02       LDA $02
010315  83 08       STA $08,S
010317  C2 20       REP #$20
010319  AF 0C 00 18 LDA $18000C
01031D  83 0E       STA $0E,S
01031F  E2 20       SEP #$20
010321  C2 20       REP #$20
010323  A3 06       LDA $06,S
010325  85 00       STA $00
010327  A3 07       LDA $07,S
010329  85 01       STA $01
01032B  A3 0E       LDA $0E,S
01032D  85 14       STA $14
01032F  E2 20       SEP #$20
010331  A9 00       LDA #$00
010333  85 16       STA $16
010335  06 14       ASL $14
010337  26 15       ROL $15
010339  26 16       ROL $16
01033B  18          CLC
01033C  A5 00       LDA $00
01033E  65 14       ADC $14
010340  85 00       STA $00
010342  A5 01       LDA $01
010344  65 15       ADC $15
010346  85 01       STA $01
010348  A5 02       LDA $02
01034A  65 16       ADC $16
01034C  85 02       STA $02
01034E  06 14       ASL $14
010350  26 15       ROL $15
010352  26 16       ROL $16
010354  06 14       ASL $14
010356  26 15       ROL $15
010358  26 16       ROL $16
01035A  18          CLC
01035B  A5 00       LDA $00
01035D  65 14       ADC $14
01035F  85 00       STA $00
010361  A5 01       LDA $01
010363  65 15       ADC $15
010365  85 01       STA $01
010367  A5 02       LDA $02
010369  65 16       ADC $16
01036B  85 02       STA $02
01036D  06 14       ASL $14
01036F  26 15       ROL $15
010371  26 16       ROL $16
010373  A5 00       LDA $00
010375  83 0A       STA $0A,S
010377  A5 01       LDA $01
010379  83 0B       STA $0B,S
01037B  A5 02       LDA $02
01037D  83 0C       STA $0C,S
01037F  C2 20       REP #$20
010381  A3 0A       LDA $0A,S
010383  83 01       STA $01,S
010385  A3 0B       LDA $0B,S
010387  83 02       STA $02,S
010389  AF 11 00 18 LDA $180011
01038D  83 06       STA $06,S
01038F  E2 20       SEP #$20
010391  AF 13 00 18 LDA $180013
010395  83 08       STA $08,S
010397  C2 20       REP #$20
010399  AF 0C 00 18 LDA $18000C
01039D  83 0C       STA $0C,S
01039F  18          CLC
0103A0  69 01 00    ADC #$0001
0103A3  83 0A       STA $0A,S
0103A5  8F 0C 00 18 STA $18000C
0103A9  E2 20       SEP #$20
0103AB  A9 03       LDA #$03
0103AD  49 80       EOR #$80
0103AF  85 10       STA $10
0103B1  A3 0B       LDA $0B,S
0103B3  49 80       EOR #$80
0103B5  C5 10       CMP $10
0103B7  B0 04       BCS $0103BD
0103B9  5C DB 03 01 JML $0103DB
0103BD  F0 04       BEQ $0103C3
0103BF  5C E1 03 01 JML $0103E1
0103C3  A9 E8       LDA #$E8
0103C5  85 10       STA $10
0103C7  A3 0A       LDA $0A,S
0103C9  C5 10       CMP $10
0103CB  B0 04       BCS $0103D1
0103CD  5C DB 03 01 JML $0103DB
0103D1  F0 04       BEQ $0103D7
0103D3  5C E1 03 01 JML $0103E1
0103D7  5C E7 03 01 JML $0103E7
0103DB  A9 00       LDA #$00
0103DD  5C ED 03 01 JML $0103ED
0103E1  A9 01       LDA #$01
0103E3  5C ED 03 01 JML $0103ED
0103E7  A9 01       LDA #$01
0103E9  5C ED 03 01 JML $0103ED
0103ED  83 05       STA $05,S
0103EF  C2 20       REP #$20
0103F1  E2 20       SEP #$20
0103F3  A3 05       LDA $05,S
0103F5  C2 20       REP #$20
0103F7  D0 04       BNE $0103FD
0103F9  5C 0B 04 01 JML $01040B
0103FD  C2 20       REP #$20
0103FF  A9 FF FF    LDA #$FFFF
010402  A8          TAY
010403  3B          TSC
010404  18          CLC
010405  69 12 00    ADC #$0012
010408  1B          TCS
010409  98          TYA
01040A  6B          RTL
01040B  A3 01       LDA $01,S
01040D  83 0A       STA $0A,S
01040F  A3 02       LDA $02,S
010411  83 0B       STA $0B,S
010413  A3 16       LDA $16,S
010415  83 0E       STA $0E,S
010417  A3 0A       LDA $0A,S
010419  85 00       STA $00
01041B  A3 0B       LDA $0B,S
01041D  85 01       STA $01
01041F  A3 0E       LDA $0E,S
010421  A0 00 00    LDY #$0000
010424  97 00       STA [$00],Y
010426  A3 01       LDA $01,S
010428  83 0A       STA $0A,S
01042A  A3 02       LDA $02,S
01042C  83 0B       STA $0B,S
01042E  A3 18       LDA $18,S
010430  83 0E       STA $0E,S
010432  A3 0A       LDA $0A,S
010434  85 00       STA $00
010436  A3 0B       LDA $0B,S
010438  85 01       STA $01
01043A  A3 0E       LDA $0E,S
01043C  A0 02 00    LDY #$0002
01043F  97 00       STA [$00],Y
010441  A3 01       LDA $01,S
010443  83 0A       STA $0A,S
010445  A3 02       LDA $02,S
010447  83 0B       STA $0B,S
010449  A3 1A       LDA $1A,S
01044B  83 0E       STA $0E,S
01044D  A3 0A       LDA $0A,S
01044F  85 00       STA $00
010451  A3 0B       LDA $0B,S
010453  85 01       STA $01
010455  A3 0E       LDA $0E,S
010457  A0 04 00    LDY #$0004
01045A  97 00       STA [$00],Y
01045C  A3 01       LDA $01,S
01045E  83 0A       STA $0A,S
010460  A3 02       LDA $02,S
010462  83 0B       STA $0B,S
010464  A3 0A       LDA $0A,S
010466  85 00       STA $00
010468  A3 0B       LDA $0B,S
01046A  85 01       STA $01
01046C  E2 20       SEP #$20
01046E  A9 00       LDA #$00
010470  A0 06 00    LDY #$0006
010473  97 00       STA [$00],Y
010475  A9 00       LDA #$00
010477  A0 07 00    LDY #$0007
01047A  97 00       STA [$00],Y
01047C  A9 00       LDA #$00
01047E  A0 08 00    LDY #$0008
010481  97 00       STA [$00],Y
010483  A9 00       LDA #$00
010485  85 10       STA $10
010487  A3 08       LDA $08,S
010489  C5 10       CMP $10
01048B  B0 04       BCS $010491
01048D  5C C3 04 01 JML $0104C3
010491  F0 04       BEQ $010497
010493  5C C9 04 01 JML $0104C9
010497  A9 00       LDA #$00
010499  85 10       STA $10
01049B  A3 07       LDA $07,S
01049D  C5 10       CMP $10
01049F  B0 04       BCS $0104A5
0104A1  5C C3 04 01 JML $0104C3
0104A5  F0 04       BEQ $0104AB
0104A7  5C C9 04 01 JML $0104C9
0104AB  A9 00       LDA #$00
0104AD  85 10       STA $10
0104AF  A3 06       LDA $06,S
0104B1  C5 10       CMP $10
0104B3  B0 04       BCS $0104B9
0104B5  5C C3 04 01 JML $0104C3
0104B9  F0 04       BEQ $0104BF
0104BB  5C C9 04 01 JML $0104C9
0104BF  5C CF 04 01 JML $0104CF
0104C3  A9 00       LDA #$00
0104C5  5C D5 04 01 JML $0104D5
0104C9  A9 00       LDA #$00
0104CB  5C D5 04 01 JML $0104D5
0104CF  A9 01       LDA #$01
0104D1  5C D5 04 01 JML $0104D5
0104D5  83 05       STA $05,S
0104D7  C2 20       REP #$20
0104D9  E2 20       SEP #$20
0104DB  A3 05       LDA $05,S
0104DD  C2 20       REP #$20
0104DF  D0 04       BNE $0104E5
0104E1  5C 03 05 01 JML $010503
0104E5  C2 20       REP #$20
0104E7  A3 01       LDA $01,S
0104E9  83 06       STA $06,S
0104EB  A3 02       LDA $02,S
0104ED  83 07       STA $07,S
0104EF  A3 06       LDA $06,S
0104F1  8F 11 00 18 STA $180011
0104F5  E2 20       SEP #$20
0104F7  A3 08       LDA $08,S
0104F9  8F 13 00 18 STA $180013
0104FD  C2 20       REP #$20
0104FF  5C F7 05 01 JML $0105F7
010503  E2 20       SEP #$20
010505  A3 06       LDA $06,S
010507  83 10       STA $10,S
010509  A3 07       LDA $07,S
01050B  83 11       STA $11,S
01050D  A3 08       LDA $08,S
01050F  83 12       STA $12,S
010511  A3 10       LDA $10,S
010513  83 06       STA $06,S
010515  A3 11       LDA $11,S
010517  83 07       STA $07,S
010519  A3 12       LDA $12,S
01051B  83 08       STA $08,S
01051D  C2 20       REP #$20
01051F  A3 06       LDA $06,S
010521  85 00       STA $00
010523  A3 07       LDA $07,S
010525  85 01       STA $01
010527  A0 06 00    LDY #$0006
01052A  B7 00       LDA [$00],Y
01052C  83 0A       STA $0A,S
01052E  E2 20       SEP #$20
010530  A0 08 00    LDY #$0008
010533  B7 00       LDA [$00],Y
010535  83 0C       STA $0C,S
010537  A9 00       LDA #$00
010539  85 10       STA $10
01053B  A3 0C       LDA $0C,S
01053D  C5 10       CMP $10
01053F  B0 04       BCS $010545
010541  5C 77 05 01 JML $010577
010545  F0 04       BEQ $01054B
010547  5C 7D 05 01 JML $01057D
01054B  A9 00       LDA #$00
01054D  85 10       STA $10
01054F  A3 0B       LDA $0B,S
010551  C5 10       CMP $10
010553  B0 04       BCS $010559
010555  5C 77 05 01 JML $010577
010559  F0 04       BEQ $01055F
01055B  5C 7D 05 01 JML $01057D
01055F  A9 00       LDA #$00
010561  85 10       STA $10
010563  A3 0A       LDA $0A,S
010565  C5 10       CMP $10
010567  B0 04       BCS $01056D
010569  5C 77 05 01 JML $010577
01056D  F0 04       BEQ $010573
01056F  5C 7D 05 01 JML $01057D
010573  5C 83 05 01 JML $010583
010577  A9 01       LDA #$01
010579  5C 89 05 01 JML $010589
01057D  A9 01       LDA #$01
01057F  5C 89 05 01 JML $010589
010583  A9 00       LDA #$00
010585  5C 89 05 01 JML $010589
010589  83 05       STA $05,S
01058B  C2 20       REP #$20
01058D  E2 20       SEP #$20
01058F  A3 05       LDA $05,S
010591  C2 20       REP #$20
010593  D0 04       BNE $010599
010595  5C D5 05 01 JML $0105D5
010599  C2 20       REP #$20
01059B  A3 06       LDA $06,S
01059D  85 00       STA $00
01059F  A3 07       LDA $07,S
0105A1  85 01       STA $01
0105A3  A0 06 00    LDY #$0006
0105A6  B7 00       LDA [$00],Y
0105A8  83 0A       STA $0A,S
0105AA  E2 20       SEP #$20
0105AC  A0 08 00    LDY #$0008
0105AF  B7 00       LDA [$00],Y
0105B1  83 0C       STA $0C,S
0105B3  C2 20       REP #$20
0105B5  E2 20       SEP #$20
0105B7  A3 0A       LDA $0A,S
0105B9  83 10       STA $10,S
0105BB  A3 0B       LDA $0B,S
0105BD  83 11       STA $11,S
0105BF  A3 0C       LDA $0C,S
0105C1  83 12       STA $12,S
0105C3  A3 10       LDA $10,S
0105C5  83 06       STA $06,S
0105C7  A3 11       LDA $11,S
0105C9  83 07       STA $07,S
0105CB  A3 12       LDA $12,S
0105CD  83 08       STA $08,S
0105CF  C2 20       REP #$20
0105D1  5C 1F 05 01 JML $01051F
0105D5  A3 01       LDA $01,S
0105D7  83 0A       STA $0A,S
0105D9  A3 02       LDA $02,S
0105DB  83 0B       STA $0B,S
0105DD  A3 06       LDA $06,S
0105DF  85 00       STA $00
0105E1  A3 07       LDA $07,S
0105E3  85 01       STA $01
0105E5  A3 0A       LDA $0A,S
0105E7  A0 06 00    LDY #$0006
0105EA  97 00       STA [$00],Y
0105EC  E2 20       SEP #$20
0105EE  A3 0C       LDA $0C,S
0105F0  A0 08 00    LDY #$0008
0105F3  97 00       STA [$00],Y
0105F5  C2 20       REP #$20
0105F7  AF 0A 00 18 LDA $18000A
0105FB  83 06       STA $06,S
0105FD  18          CLC
0105FE  69 01 00    ADC #$0001
010601  83 08       STA $08,S
010603  8F 0A 00 18 STA $18000A
010607  A9 00 00    LDA #$0000
01060A  A8          TAY
01060B  3B          TSC
01060C  18          CLC
01060D  69 12 00    ADC #$0012
010610  1B          TCS
010611  98          TYA
010612  6B          RTL
010613  3B          TSC
010614  AA          TAX
010615  C5 46       CMP $46
010617  B0 04       BCS $01061D
010619  5C 27 06 01 JML $010627
01061D  D0 04       BNE $010623
01061F  5C 27 06 01 JML $010627
010623  5C 39 06 01 JML $010639
010627  38          SEC
010628  E9 0C 00    SBC #$000C
01062B  B0 04       BCS $010631
01062D  5C 39 06 01 JML $010639
010631  C5 44       CMP $44
010633  90 04       BCC $010639
010635  5C 40 06 01 JML $010640
010639  A9 0C 00    LDA #$000C
01063C  5C 00 80 04 JML $048000
010640  1B          TCS
010641  AF 11 00 18 LDA $180011
010645  83 02       STA $02,S
010647  E2 20       SEP #$20
010649  AF 13 00 18 LDA $180013
01064D  83 04       STA $04,S
01064F  A9 00       LDA #$00
010651  85 10       STA $10
010653  A3 04       LDA $04,S
010655  C5 10       CMP $10
010657  B0 04       BCS $01065D
010659  5C 8F 06 01 JML $01068F
01065D  F0 04       BEQ $010663
01065F  5C 95 06 01 JML $010695
010663  A9 00       LDA #$00
010665  85 10       STA $10
010667  A3 03       LDA $03,S
010669  C5 10       CMP $10
01066B  B0 04       BCS $010671
01066D  5C 8F 06 01 JML $01068F
010671  F0 04       BEQ $010677
010673  5C 95 06 01 JML $010695
010677  A9 00       LDA #$00
010679  85 10       STA $10
01067B  A3 02       LDA $02,S
01067D  C5 10       CMP $10
01067F  B0 04       BCS $010685
010681  5C 8F 06 01 JML $01068F
010685  F0 04       BEQ $01068B
010687  5C 95 06 01 JML $010695
01068B  5C 9B 06 01 JML $01069B
01068F  A9 01       LDA #$01
010691  5C A1 06 01 JML $0106A1
010695  A9 01       LDA #$01
010697  5C A1 06 01 JML $0106A1
01069B  A9 00       LDA #$00
01069D  5C A1 06 01 JML $0106A1
0106A1  83 01       STA $01,S
0106A3  C2 20       REP #$20
0106A5  E2 20       SEP #$20
0106A7  A3 01       LDA $01,S
0106A9  C2 20       REP #$20
0106AB  D0 04       BNE $0106B1
0106AD  5C 9F 07 01 JML $01079F
0106B1  C2 20       REP #$20
0106B3  A3 10       LDA $10,S
0106B5  83 02       STA $02,S
0106B7  A3 11       LDA $11,S
0106B9  83 03       STA $03,S
0106BB  AF 11 00 18 LDA $180011
0106BF  83 06       STA $06,S
0106C1  E2 20       SEP #$20
0106C3  AF 13 00 18 LDA $180013
0106C7  83 08       STA $08,S
0106C9  C2 20       REP #$20
0106CB  A3 06       LDA $06,S
0106CD  85 00       STA $00
0106CF  A3 07       LDA $07,S
0106D1  85 01       STA $01
0106D3  A0 00 00    LDY #$0000
0106D6  B7 00       LDA [$00],Y
0106D8  83 0A       STA $0A,S
0106DA  A3 02       LDA $02,S
0106DC  85 00       STA $00
0106DE  A3 03       LDA $03,S
0106E0  85 01       STA $01
0106E2  A3 0A       LDA $0A,S
0106E4  A0 00 00    LDY #$0000
0106E7  97 00       STA [$00],Y
0106E9  A3 13       LDA $13,S
0106EB  83 02       STA $02,S
0106ED  A3 14       LDA $14,S
0106EF  83 03       STA $03,S
0106F1  AF 11 00 18 LDA $180011
0106F5  83 06       STA $06,S
0106F7  E2 20       SEP #$20
0106F9  AF 13 00 18 LDA $180013
0106FD  83 08       STA $08,S
0106FF  C2 20       REP #$20
010701  A3 06       LDA $06,S
010703  85 00       STA $00
010705  A3 07       LDA $07,S
010707  85 01       STA $01
010709  A0 02 00    LDY #$0002
01070C  B7 00       LDA [$00],Y
01070E  83 0A       STA $0A,S
010710  A3 02       LDA $02,S
010712  85 00       STA $00
010714  A3 03       LDA $03,S
010716  85 01       STA $01
010718  A3 0A       LDA $0A,S
01071A  A0 00 00    LDY #$0000
01071D  97 00       STA [$00],Y
01071F  A3 16       LDA $16,S
010721  83 02       STA $02,S
010723  A3 17       LDA $17,S
010725  83 03       STA $03,S
010727  AF 11 00 18 LDA $180011
01072B  83 06       STA $06,S
01072D  E2 20       SEP #$20
01072F  AF 13 00 18 LDA $180013
010733  83 08       STA $08,S
010735  C2 20       REP #$20
010737  A3 06       LDA $06,S
010739  85 00       STA $00
01073B  A3 07       LDA $07,S
01073D  85 01       STA $01
01073F  A0 04 00    LDY #$0004
010742  B7 00       LDA [$00],Y
010744  83 0A       STA $0A,S
010746  A3 02       LDA $02,S
010748  85 00       STA $00
01074A  A3 03       LDA $03,S
01074C  85 01       STA $01
01074E  A3 0A       LDA $0A,S
010750  A0 00 00    LDY #$0000
010753  97 00       STA [$00],Y
010755  AF 11 00 18 LDA $180011
010759  83 02       STA $02,S
01075B  E2 20       SEP #$20
01075D  AF 13 00 18 LDA $180013
010761  83 04       STA $04,S
010763  C2 20       REP #$20
010765  A3 02       LDA $02,S
010767  85 00       STA $00
010769  A3 03       LDA $03,S
01076B  85 01       STA $01
01076D  A0 06 00    LDY #$0006
010770  B7 00       LDA [$00],Y
010772  83 06       STA $06,S
010774  E2 20       SEP #$20
010776  A0 08 00    LDY #$0008
010779  B7 00       LDA [$00],Y
01077B  83 08       STA $08,S
01077D  C2 20       REP #$20
01077F  A3 06       LDA $06,S
010781  8F 11 00 18 STA $180011
010785  E2 20       SEP #$20
010787  A3 08       LDA $08,S
010789  8F 13 00 18 STA $180013
01078D  C2 20       REP #$20
01078F  AF 0A 00 18 LDA $18000A
010793  83 02       STA $02,S
010795  38          SEC
010796  E9 01 00    SBC #$0001
010799  83 04       STA $04,S
01079B  8F 0A 00 18 STA $18000A
01079F  3B          TSC
0107A0  18          CLC
0107A1  69 0C 00    ADC #$000C
0107A4  1B          TCS
0107A5  6B          RTL
0107A6  3B          TSC
0107A7  AA          TAX
0107A8  C5 46       CMP $46
0107AA  B0 04       BCS $0107B0
0107AC  5C BA 07 01 JML $0107BA
0107B0  D0 04       BNE $0107B6
0107B2  5C BA 07 01 JML $0107BA
0107B6  5C CC 07 01 JML $0107CC
0107BA  38          SEC
0107BB  E9 04 00    SBC #$0004
0107BE  B0 04       BCS $0107C4
0107C0  5C CC 07 01 JML $0107CC
0107C4  C5 44       CMP $44
0107C6  90 04       BCC $0107CC
0107C8  5C D3 07 01 JML $0107D3
0107CC  A9 04 00    LDA #$0004
0107CF  5C 00 80 04 JML $048000
0107D3  1B          TCS
0107D4  AF 0A 00 18 LDA $18000A
0107D8  83 02       STA $02,S
0107DA  A8          TAY
0107DB  3B          TSC
0107DC  18          CLC
0107DD  69 04 00    ADC #$0004
0107E0  1B          TCS
0107E1  98          TYA
0107E2  6B          RTL
0107E3  3B          TSC
0107E4  AA          TAX
0107E5  C5 46       CMP $46
0107E7  B0 04       BCS $0107ED
0107E9  5C F7 07 01 JML $0107F7
0107ED  D0 04       BNE $0107F3
0107EF  5C F7 07 01 JML $0107F7
0107F3  5C 09 08 01 JML $010809
0107F7  38          SEC
0107F8  E9 16 00    SBC #$0016
0107FB  B0 04       BCS $010801
0107FD  5C 09 08 01 JML $010809
010801  C5 44       CMP $44
010803  90 04       BCC $010809
010805  5C 10 08 01 JML $010810
010809  A9 16 00    LDA #$0016
01080C  5C 00 80 04 JML $048000
010810  1B          TCS
010811  E2 20       SEP #$20
010813  A9 00       LDA #$00
010815  83 04       STA $04,S
010817  A9 00       LDA #$00
010819  83 05       STA $05,S
01081B  A9 00       LDA #$00
01081D  83 06       STA $06,S
01081F  A9 00       LDA #$00
010821  83 07       STA $07,S
010823  C2 20       REP #$20
010825  A9 00 00    LDA #$0000
010828  83 0E       STA $0E,S
01082A  E2 20       SEP #$20
01082C  A9 00       LDA #$00
01082E  49 80       EOR #$80
010830  85 10       STA $10
010832  A3 0F       LDA $0F,S
010834  49 80       EOR #$80
010836  C5 10       CMP $10
010838  B0 04       BCS $01083E
01083A  5C 5C 08 01 JML $01085C
01083E  F0 04       BEQ $010844
010840  5C 62 08 01 JML $010862
010844  A9 63       LDA #$63
010846  85 10       STA $10
010848  A3 0E       LDA $0E,S
01084A  C5 10       CMP $10
01084C  B0 04       BCS $010852
01084E  5C 5C 08 01 JML $01085C
010852  F0 04       BEQ $010858
010854  5C 62 08 01 JML $010862
010858  5C 68 08 01 JML $010868
01085C  A9 01       LDA #$01
01085E  5C 6E 08 01 JML $01086E
010862  A9 00       LDA #$00
010864  5C 6E 08 01 JML $01086E
010868  A9 01       LDA #$01
01086A  5C 6E 08 01 JML $01086E
01086E  83 09       STA $09,S
010870  C2 20       REP #$20
010872  E2 20       SEP #$20
010874  A3 09       LDA $09,S
010876  C2 20       REP #$20
010878  D0 04       BNE $01087E
01087A  5C 52 09 01 JML $010952
01087E  C2 20       REP #$20
010880  E2 20       SEP #$20
010882  A9 22       LDA #$22
010884  85 00       STA $00
010886  A9 00       LDA #$00
010888  85 01       STA $01
01088A  A9 18       LDA #$18
01088C  85 02       STA $02
01088E  A5 00       LDA $00
010890  83 0A       STA $0A,S
010892  A5 01       LDA $01
010894  83 0B       STA $0B,S
010896  A5 02       LDA $02
010898  83 0C       STA $0C,S
01089A  C2 20       REP #$20
01089C  A3 0A       LDA $0A,S
01089E  85 00       STA $00
0108A0  A3 0B       LDA $0B,S
0108A2  85 01       STA $01
0108A4  A3 0E       LDA $0E,S
0108A6  85 14       STA $14
0108A8  E2 20       SEP #$20
0108AA  A9 00       LDA #$00
0108AC  85 16       STA $16
0108AE  06 14       ASL $14
0108B0  26 15       ROL $15
0108B2  26 16       ROL $16
0108B4  06 14       ASL $14
0108B6  26 15       ROL $15
0108B8  26 16       ROL $16
0108BA  18          CLC
0108BB  A5 00       LDA $00
0108BD  65 14       ADC $14
0108BF  85 00       STA $00
0108C1  A5 01       LDA $01
0108C3  65 15       ADC $15
0108C5  85 01       STA $01
0108C7  A5 02       LDA $02
0108C9  65 16       ADC $16
0108CB  85 02       STA $02
0108CD  06 14       ASL $14
0108CF  26 15       ROL $15
0108D1  26 16       ROL $16
0108D3  A9 0F       LDA #$0F
0108D5  A0 00 00    LDY #$0000
0108D8  97 00       STA [$00],Y
0108DA  A9 27       LDA #$27
0108DC  A0 01 00    LDY #$0001
0108DF  97 00       STA [$00],Y
0108E1  A9 22       LDA #$22
0108E3  85 00       STA $00
0108E5  A9 00       LDA #$00
0108E7  85 01       STA $01
0108E9  A9 18       LDA #$18
0108EB  85 02       STA $02
0108ED  A5 00       LDA $00
0108EF  83 0A       STA $0A,S
0108F1  A5 01       LDA $01
0108F3  83 0B       STA $0B,S
0108F5  A5 02       LDA $02
0108F7  83 0C       STA $0C,S
0108F9  C2 20       REP #$20
0108FB  A3 0A       LDA $0A,S
0108FD  85 00       STA $00
0108FF  A3 0B       LDA $0B,S
010901  85 01       STA $01
010903  A3 0E       LDA $0E,S
010905  85 14       STA $14
010907  E2 20       SEP #$20
010909  A9 00       LDA #$00
01090B  85 16       STA $16
01090D  06 14       ASL $14
01090F  26 15       ROL $15
010911  26 16       ROL $16
010913  06 14       ASL $14
010915  26 15       ROL $15
010917  26 16       ROL $16
010919  18          CLC
01091A  A5 00       LDA $00
01091C  65 14       ADC $14
01091E  85 00       STA $00
010920  A5 01       LDA $01
010922  65 15       ADC $15
010924  85 01       STA $01
010926  A5 02       LDA $02
010928  65 16       ADC $16
01092A  85 02       STA $02
01092C  06 14       ASL $14
01092E  26 15       ROL $15
010930  26 16       ROL $16
010932  A9 0F       LDA #$0F
010934  A0 02 00    LDY #$0002
010937  97 00       STA [$00],Y
010939  A9 27       LDA #$27
01093B  A0 03 00    LDY #$0003
01093E  97 00       STA [$00],Y
010940  C2 20       REP #$20
010942  A3 0E       LDA $0E,S
010944  18          CLC
010945  69 01 00    ADC #$0001
010948  83 0A       STA $0A,S
01094A  A3 0A       LDA $0A,S
01094C  83 0E       STA $0E,S
01094E  5C 2A 08 01 JML $01082A
010952  A3 1A       LDA $1A,S
010954  83 0A       STA $0A,S
010956  A3 1C       LDA $1C,S
010958  83 0C       STA $0C,S
01095A  A3 0A       LDA $0A,S
01095C  C3 0C       CMP $0C,S
01095E  D0 04       BNE $010964
010960  5C 2B 10 01 JML $01102B
010964  C2 20       REP #$20
010966  E2 20       SEP #$20
010968  A9 22       LDA #$22
01096A  85 00       STA $00
01096C  A9 00       LDA #$00
01096E  85 01       STA $01
010970  A9 18       LDA #$18
010972  85 02       STA $02
010974  A5 00       LDA $00
010976  83 0A       STA $0A,S
010978  A5 01       LDA $01
01097A  83 0B       STA $0B,S
01097C  A5 02       LDA $02
01097E  83 0C       STA $0C,S
010980  C2 20       REP #$20
010982  A3 1A       LDA $1A,S
010984  83 0E       STA $0E,S
010986  A3 0A       LDA $0A,S
010988  85 00       STA $00
01098A  A3 0B       LDA $0B,S
01098C  85 01       STA $01
01098E  A3 0E       LDA $0E,S
010990  85 14       STA $14
010992  E2 20       SEP #$20
010994  A9 00       LDA #$00
010996  85 16       STA $16
010998  06 14       ASL $14
01099A  26 15       ROL $15
01099C  26 16       ROL $16
01099E  06 14       ASL $14
0109A0  26 15       ROL $15
0109A2  26 16       ROL $16
0109A4  18          CLC
0109A5  A5 00       LDA $00
0109A7  65 14       ADC $14
0109A9  85 00       STA $00
0109AB  A5 01       LDA $01
0109AD  65 15       ADC $15
0109AF  85 01       STA $01
0109B1  A5 02       LDA $02
0109B3  65 16       ADC $16
0109B5  85 02       STA $02
0109B7  06 14       ASL $14
0109B9  26 15       ROL $15
0109BB  26 16       ROL $16
0109BD  A9 00       LDA #$00
0109BF  A0 00 00    LDY #$0000
0109C2  97 00       STA [$00],Y
0109C4  A9 00       LDA #$00
0109C6  A0 01 00    LDY #$0001
0109C9  97 00       STA [$00],Y
0109CB  A9 22       LDA #$22
0109CD  85 00       STA $00
0109CF  A9 00       LDA #$00
0109D1  85 01       STA $01
0109D3  A9 18       LDA #$18
0109D5  85 02       STA $02
0109D7  A5 00       LDA $00
0109D9  83 0A       STA $0A,S
0109DB  A5 01       LDA $01
0109DD  83 0B       STA $0B,S
0109DF  A5 02       LDA $02
0109E1  83 0C       STA $0C,S
0109E3  C2 20       REP #$20
0109E5  A3 1A       LDA $1A,S
0109E7  83 0E       STA $0E,S
0109E9  A3 0A       LDA $0A,S
0109EB  85 00       STA $00
0109ED  A3 0B       LDA $0B,S
0109EF  85 01       STA $01
0109F1  A3 0E       LDA $0E,S
0109F3  85 14       STA $14
0109F5  E2 20       SEP #$20
0109F7  A9 00       LDA #$00
0109F9  85 16       STA $16
0109FB  06 14       ASL $14
0109FD  26 15       ROL $15
0109FF  26 16       ROL $16
010A01  06 14       ASL $14
010A03  26 15       ROL $15
010A05  26 16       ROL $16
010A07  18          CLC
010A08  A5 00       LDA $00
010A0A  65 14       ADC $14
010A0C  85 00       STA $00
010A0E  A5 01       LDA $01
010A10  65 15       ADC $15
010A12  85 01       STA $01
010A14  A5 02       LDA $02
010A16  65 16       ADC $16
010A18  85 02       STA $02
010A1A  06 14       ASL $14
010A1C  26 15       ROL $15
010A1E  26 16       ROL $16
010A20  A9 0F       LDA #$0F
010A22  A0 02 00    LDY #$0002
010A25  97 00       STA [$00],Y
010A27  A9 27       LDA #$27
010A29  A0 03 00    LDY #$0003
010A2C  97 00       STA [$00],Y
010A2E  C2 20       REP #$20
010A30  A3 1A       LDA $1A,S
010A32  83 0C       STA $0C,S
010A34  3B          TSC
010A35  AA          TAX
010A36  C5 46       CMP $46
010A38  B0 04       BCS $010A3E
010A3A  5C 48 0A 01 JML $010A48
010A3E  D0 04       BNE $010A44
010A40  5C 48 0A 01 JML $010A48
010A44  5C 5A 0A 01 JML $010A5A
010A48  38          SEC
010A49  E9 0A 00    SBC #$000A
010A4C  B0 04       BCS $010A52
010A4E  5C 5A 0A 01 JML $010A5A
010A52  C5 44       CMP $44
010A54  90 04       BCC $010A5A
010A56  5C 61 0A 01 JML $010A61
010A5A  A9 0A 00    LDA #$000A
010A5D  5C 00 80 04 JML $048000
010A61  3B          TSC
010A62  38          SEC
010A63  E9 07 00    SBC #$0007
010A66  1B          TCS
010A67  E2 20       SEP #$20
010A69  A9 00       LDA #$00
010A6B  83 01       STA $01,S
010A6D  83 02       STA $02,S
010A6F  83 03       STA $03,S
010A71  83 04       STA $04,S
010A73  83 05       STA $05,S
010A75  83 06       STA $06,S
010A77  83 07       STA $07,S
010A79  A3 13       LDA $13,S
010A7B  83 01       STA $01,S
010A7D  A3 14       LDA $14,S
010A7F  83 02       STA $02,S
010A81  A9 00       LDA #$00
010A83  83 03       STA $03,S
010A85  A9 00       LDA #$00
010A87  83 04       STA $04,S
010A89  A9 0F       LDA #$0F
010A8B  83 05       STA $05,S
010A8D  A9 27       LDA #$27
010A8F  83 06       STA $06,S
010A91  C2 20       REP #$20
010A93  22 CF 02 01 JSL $0102CF
010A97  A8          TAY
010A98  3B          TSC
010A99  18          CLC
010A9A  69 07 00    ADC #$0007
010A9D  1B          TCS
010A9E  98          TYA
010A9F  E2 20       SEP #$20
010AA1  83 0A       STA $0A,S
010AA3  EB          XBA
010AA4  83 0B       STA $0B,S
010AA6  C2 20       REP #$20
010AA8  A3 0A       LDA $0A,S
010AAA  C9 FF FF    CMP #$FFFF
010AAD  F0 04       BEQ $010AB3
010AAF  5C C1 0A 01 JML $010AC1
010AB3  C2 20       REP #$20
010AB5  A9 FF FF    LDA #$FFFF
010AB8  A8          TAY
010AB9  3B          TSC
010ABA  18          CLC
010ABB  69 16 00    ADC #$0016
010ABE  1B          TCS
010ABF  98          TYA
010AC0  6B          RTL
010AC1  3B          TSC
010AC2  AA          TAX
010AC3  C5 46       CMP $46
010AC5  B0 04       BCS $010ACB
010AC7  5C D5 0A 01 JML $010AD5
010ACB  D0 04       BNE $010AD1
010ACD  5C D5 0A 01 JML $010AD5
010AD1  5C E7 0A 01 JML $010AE7
010AD5  38          SEC
010AD6  E9 04 00    SBC #$0004
010AD9  B0 04       BCS $010ADF
010ADB  5C E7 0A 01 JML $010AE7
010ADF  C5 44       CMP $44
010AE1  90 04       BCC $010AE7
010AE3  5C EE 0A 01 JML $010AEE
010AE7  A9 04 00    LDA #$0004
010AEA  5C 00 80 04 JML $048000
010AEE  3B          TSC
010AEF  38          SEC
010AF0  E9 01 00    SBC #$0001
010AF3  1B          TCS
010AF4  E2 20       SEP #$20
010AF6  A9 00       LDA #$00
010AF8  83 01       STA $01,S
010AFA  C2 20       REP #$20
010AFC  22 A6 07 01 JSL $0107A6
010B00  A8          TAY
010B01  3B          TSC
010B02  18          CLC
010B03  69 01 00    ADC #$0001
010B06  1B          TCS
010B07  98          TYA
010B08  E2 20       SEP #$20
010B0A  83 0A       STA $0A,S
010B0C  EB          XBA
010B0D  83 0B       STA $0B,S
010B0F  C2 20       REP #$20
010B11  E2 20       SEP #$20
010B13  A9 00       LDA #$00
010B15  49 80       EOR #$80
010B17  85 10       STA $10
010B19  A3 0B       LDA $0B,S
010B1B  49 80       EOR #$80
010B1D  C5 10       CMP $10
010B1F  B0 04       BCS $010B25
010B21  5C 43 0B 01 JML $010B43
010B25  F0 04       BEQ $010B2B
010B27  5C 49 0B 01 JML $010B49
010B2B  A9 00       LDA #$00
010B2D  85 10       STA $10
010B2F  A3 0A       LDA $0A,S
010B31  C5 10       CMP $10
010B33  B0 04       BCS $010B39
010B35  5C 43 0B 01 JML $010B43
010B39  F0 04       BEQ $010B3F
010B3B  5C 49 0B 01 JML $010B49
010B3F  5C 4F 0B 01 JML $010B4F
010B43  A9 00       LDA #$00
010B45  5C 55 0B 01 JML $010B55
010B49  A9 01       LDA #$01
010B4B  5C 55 0B 01 JML $010B55
010B4F  A9 00       LDA #$00
010B51  5C 55 0B 01 JML $010B55
010B55  83 09       STA $09,S
010B57  C2 20       REP #$20
010B59  E2 20       SEP #$20
010B5B  A3 09       LDA $09,S
010B5D  C2 20       REP #$20
010B5F  D0 04       BNE $010B65
010B61  5C 1F 10 01 JML $01101F
010B65  C2 20       REP #$20
010B67  E2 20       SEP #$20
010B69  C2 20       REP #$20
010B6B  3B          TSC
010B6C  18          CLC
010B6D  69 04 00    ADC #$0004
010B70  85 00       STA $00
010B72  E2 20       SEP #$20
010B74  A9 00       LDA #$00
010B76  85 02       STA $02
010B78  A5 00       LDA $00
010B7A  83 0A       STA $0A,S
010B7C  A5 01       LDA $01
010B7E  83 0B       STA $0B,S
010B80  A5 02       LDA $02
010B82  83 0C       STA $0C,S
010B84  C2 20       REP #$20
010B86  3B          TSC
010B87  18          CLC
010B88  69 06 00    ADC #$0006
010B8B  85 00       STA $00
010B8D  E2 20       SEP #$20
010B8F  A9 00       LDA #$00
010B91  85 02       STA $02
010B93  A5 00       LDA $00
010B95  83 0E       STA $0E,S
010B97  A5 01       LDA $01
010B99  83 0F       STA $0F,S
010B9B  A5 02       LDA $02
010B9D  83 10       STA $10,S
010B9F  C2 20       REP #$20
010BA1  3B          TSC
010BA2  18          CLC
010BA3  69 02 00    ADC #$0002
010BA6  85 00       STA $00
010BA8  E2 20       SEP #$20
010BAA  A9 00       LDA #$00
010BAC  85 02       STA $02
010BAE  A5 00       LDA $00
010BB0  83 12       STA $12,S
010BB2  A5 01       LDA $01
010BB4  83 13       STA $13,S
010BB6  A5 02       LDA $02
010BB8  83 14       STA $14,S
010BBA  C2 20       REP #$20
010BBC  3B          TSC
010BBD  AA          TAX
010BBE  C5 46       CMP $46
010BC0  B0 04       BCS $010BC6
010BC2  5C D0 0B 01 JML $010BD0
010BC6  D0 04       BNE $010BCC
010BC8  5C D0 0B 01 JML $010BD0
010BCC  5C E2 0B 01 JML $010BE2
010BD0  38          SEC
010BD1  E9 0C 00    SBC #$000C
010BD4  B0 04       BCS $010BDA
010BD6  5C E2 0B 01 JML $010BE2
010BDA  C5 44       CMP $44
010BDC  90 04       BCC $010BE2
010BDE  5C E9 0B 01 JML $010BE9
010BE2  A9 0C 00    LDA #$000C
010BE5  5C 00 80 04 JML $048000
010BE9  3B          TSC
010BEA  38          SEC
010BEB  E9 09 00    SBC #$0009
010BEE  1B          TCS
010BEF  E2 20       SEP #$20
010BF1  A9 00       LDA #$00
010BF3  83 01       STA $01,S
010BF5  83 02       STA $02,S
010BF7  83 03       STA $03,S
010BF9  83 04       STA $04,S
010BFB  83 05       STA $05,S
010BFD  83 06       STA $06,S
010BFF  83 07       STA $07,S
010C01  83 08       STA $08,S
010C03  83 09       STA $09,S
010C05  A3 13       LDA $13,S
010C07  83 01       STA $01,S
010C09  A3 14       LDA $14,S
010C0B  83 02       STA $02,S
010C0D  A3 15       LDA $15,S
010C0F  83 03       STA $03,S
010C11  A3 17       LDA $17,S
010C13  83 04       STA $04,S
010C15  A3 18       LDA $18,S
010C17  83 05       STA $05,S
010C19  A3 19       LDA $19,S
010C1B  83 06       STA $06,S
010C1D  A3 1B       LDA $1B,S
010C1F  83 07       STA $07,S
010C21  A3 1C       LDA $1C,S
010C23  83 08       STA $08,S
010C25  A3 1D       LDA $1D,S
010C27  83 09       STA $09,S
010C29  C2 20       REP #$20
010C2B  22 13 06 01 JSL $010613
010C2F  A8          TAY
010C30  3B          TSC
010C31  18          CLC
010C32  69 09 00    ADC #$0009
010C35  1B          TCS
010C36  98          TYA
010C37  A9 00 00    LDA #$0000
010C3A  83 12       STA $12,S
010C3C  E2 20       SEP #$20
010C3E  A9 00       LDA #$00
010C40  49 80       EOR #$80
010C42  85 10       STA $10
010C44  A3 13       LDA $13,S
010C46  49 80       EOR #$80
010C48  C5 10       CMP $10
010C4A  B0 04       BCS $010C50
010C4C  5C 6E 0C 01 JML $010C6E
010C50  F0 04       BEQ $010C56
010C52  5C 74 0C 01 JML $010C74
010C56  A9 63       LDA #$63
010C58  85 10       STA $10
010C5A  A3 12       LDA $12,S
010C5C  C5 10       CMP $10
010C5E  B0 04       BCS $010C64
010C60  5C 6E 0C 01 JML $010C6E
010C64  F0 04       BEQ $010C6A
010C66  5C 74 0C 01 JML $010C74
010C6A  5C 7A 0C 01 JML $010C7A
010C6E  A9 01       LDA #$01
010C70  5C 80 0C 01 JML $010C80
010C74  A9 00       LDA #$00
010C76  5C 80 0C 01 JML $010C80
010C7A  A9 01       LDA #$01
010C7C  5C 80 0C 01 JML $010C80
010C80  83 09       STA $09,S
010C82  C2 20       REP #$20
010C84  E2 20       SEP #$20
010C86  A3 09       LDA $09,S
010C88  C2 20       REP #$20
010C8A  D0 04       BNE $010C90
010C8C  5C 1B 10 01 JML $01101B
010C90  C2 20       REP #$20
010C92  E2 20       SEP #$20
010C94  A9 B2       LDA #$B2
010C96  85 00       STA $00
010C98  A9 01       LDA #$01
010C9A  85 01       STA $01
010C9C  A9 18       LDA #$18
010C9E  85 02       STA $02
010CA0  A5 00       LDA $00
010CA2  83 0E       STA $0E,S
010CA4  A5 01       LDA $01
010CA6  83 0F       STA $0F,S
010CA8  A5 02       LDA $02
010CAA  83 10       STA $10,S
010CAC  C2 20       REP #$20
010CAE  A3 04       LDA $04,S
010CB0  83 14       STA $14,S
010CB2  E2 20       SEP #$20
010CB4  C2 20       REP #$20
010CB6  A3 0E       LDA $0E,S
010CB8  85 00       STA $00
010CBA  A3 0F       LDA $0F,S
010CBC  85 01       STA $01
010CBE  A3 14       LDA $14,S
010CC0  85 14       STA $14
010CC2  E2 20       SEP #$20
010CC4  A9 00       LDA #$00
010CC6  85 16       STA $16
010CC8  06 14       ASL $14
010CCA  26 15       ROL $15
010CCC  26 16       ROL $16
010CCE  06 14       ASL $14
010CD0  26 15       ROL $15
010CD2  26 16       ROL $16
010CD4  18          CLC
010CD5  A5 00       LDA $00
010CD7  65 14       ADC $14
010CD9  85 00       STA $00
010CDB  A5 01       LDA $01
010CDD  65 15       ADC $15
010CDF  85 01       STA $01
010CE1  A5 02       LDA $02
010CE3  65 16       ADC $16
010CE5  85 02       STA $02
010CE7  06 14       ASL $14
010CE9  26 15       ROL $15
010CEB  26 16       ROL $16
010CED  06 14       ASL $14
010CEF  26 15       ROL $15
010CF1  26 16       ROL $16
010CF3  06 14       ASL $14
010CF5  26 15       ROL $15
010CF7  26 16       ROL $16
010CF9  18          CLC
010CFA  A5 00       LDA $00
010CFC  65 14       ADC $14
010CFE  85 00       STA $00
010D00  A5 01       LDA $01
010D02  65 15       ADC $15
010D04  85 01       STA $01
010D06  A5 02       LDA $02
010D08  65 16       ADC $16
010D0A  85 02       STA $02
010D0C  06 14       ASL $14
010D0E  26 15       ROL $15
010D10  26 16       ROL $16
010D12  18          CLC
010D13  A5 00       LDA $00
010D15  65 14       ADC $14
010D17  85 00       STA $00
010D19  A5 01       LDA $01
010D1B  65 15       ADC $15
010D1D  85 01       STA $01
010D1F  A5 02       LDA $02
010D21  65 16       ADC $16
010D23  85 02       STA $02
010D25  06 14       ASL $14
010D27  26 15       ROL $15
010D29  26 16       ROL $16
010D2B  A5 00       LDA $00
010D2D  83 0A       STA $0A,S
010D2F  A5 01       LDA $01
010D31  83 0B       STA $0B,S
010D33  A5 02       LDA $02
010D35  83 0C       STA $0C,S
010D37  C2 20       REP #$20
010D39  A3 0A       LDA $0A,S
010D3B  85 00       STA $00
010D3D  A3 0B       LDA $0B,S
010D3F  85 01       STA $01
010D41  A3 12       LDA $12,S
010D43  85 14       STA $14
010D45  E2 20       SEP #$20
010D47  A9 00       LDA #$00
010D49  85 16       STA $16
010D4B  18          CLC
010D4C  A5 00       LDA $00
010D4E  65 14       ADC $14
010D50  85 00       STA $00
010D52  A5 01       LDA $01
010D54  65 15       ADC $15
010D56  85 01       STA $01
010D58  A5 02       LDA $02
010D5A  65 16       ADC $16
010D5C  85 02       STA $02
010D5E  06 14       ASL $14
010D60  26 15       ROL $15
010D62  26 16       ROL $16
010D64  A0 00 00    LDY #$0000
010D67  B7 00       LDA [$00],Y
010D69  83 09       STA $09,S
010D6B  A3 09       LDA $09,S
010D6D  83 0E       STA $0E,S
010D6F  A9 00       LDA #$00
010D71  83 0F       STA $0F,S
010D73  C2 20       REP #$20
010D75  A3 0E       LDA $0E,S
010D77  C9 0F 27    CMP #$270F
010D7A  D0 04       BNE $010D80
010D7C  5C 0B 10 01 JML $01100B
010D80  C2 20       REP #$20
010D82  E2 20       SEP #$20
010D84  A9 22       LDA #$22
010D86  85 00       STA $00
010D88  A9 00       LDA #$00
010D8A  85 01       STA $01
010D8C  A9 18       LDA #$18
010D8E  85 02       STA $02
010D90  A5 00       LDA $00
010D92  83 0A       STA $0A,S
010D94  A5 01       LDA $01
010D96  83 0B       STA $0B,S
010D98  A5 02       LDA $02
010D9A  83 0C       STA $0C,S
010D9C  C2 20       REP #$20
010D9E  A3 0A       LDA $0A,S
010DA0  85 00       STA $00
010DA2  A3 0B       LDA $0B,S
010DA4  85 01       STA $01
010DA6  A3 12       LDA $12,S
010DA8  85 14       STA $14
010DAA  E2 20       SEP #$20
010DAC  A9 00       LDA #$00
010DAE  85 16       STA $16
010DB0  06 14       ASL $14
010DB2  26 15       ROL $15
010DB4  26 16       ROL $16
010DB6  06 14       ASL $14
010DB8  26 15       ROL $15
010DBA  26 16       ROL $16
010DBC  18          CLC
010DBD  A5 00       LDA $00
010DBF  65 14       ADC $14
010DC1  85 00       STA $00
010DC3  A5 01       LDA $01
010DC5  65 15       ADC $15
010DC7  85 01       STA $01
010DC9  A5 02       LDA $02
010DCB  65 16       ADC $16
010DCD  85 02       STA $02
010DCF  06 14       ASL $14
010DD1  26 15       ROL $15
010DD3  26 16       ROL $16
010DD5  C2 20       REP #$20
010DD7  A0 00 00    LDY #$0000
010DDA  B7 00       LDA [$00],Y
010DDC  83 10       STA $10,S
010DDE  A3 10       LDA $10,S
010DE0  C9 0F 27    CMP #$270F
010DE3  F0 04       BEQ $010DE9
010DE5  5C EF 0D 01 JML $010DEF
010DE9  C2 20       REP #$20
010DEB  5C AC 0E 01 JML $010EAC
010DEF  E2 20       SEP #$20
010DF1  A9 22       LDA #$22
010DF3  85 00       STA $00
010DF5  A9 00       LDA #$00
010DF7  85 01       STA $01
010DF9  A9 18       LDA #$18
010DFB  85 02       STA $02
010DFD  A5 00       LDA $00
010DFF  83 0A       STA $0A,S
010E01  A5 01       LDA $01
010E03  83 0B       STA $0B,S
010E05  A5 02       LDA $02
010E07  83 0C       STA $0C,S
010E09  C2 20       REP #$20
010E0B  A3 0A       LDA $0A,S
010E0D  85 00       STA $00
010E0F  A3 0B       LDA $0B,S
010E11  85 01       STA $01
010E13  A3 12       LDA $12,S
010E15  85 14       STA $14
010E17  E2 20       SEP #$20
010E19  A9 00       LDA #$00
010E1B  85 16       STA $16
010E1D  06 14       ASL $14
010E1F  26 15       ROL $15
010E21  26 16       ROL $16
010E23  06 14       ASL $14
010E25  26 15       ROL $15
010E27  26 16       ROL $16
010E29  18          CLC
010E2A  A5 00       LDA $00
010E2C  65 14       ADC $14
010E2E  85 00       STA $00
010E30  A5 01       LDA $01
010E32  65 15       ADC $15
010E34  85 01       STA $01
010E36  A5 02       LDA $02
010E38  65 16       ADC $16
010E3A  85 02       STA $02
010E3C  06 14       ASL $14
010E3E  26 15       ROL $15
010E40  26 16       ROL $16
010E42  C2 20       REP #$20
010E44  A0 00 00    LDY #$0000
010E47  B7 00       LDA [$00],Y
010E49  83 10       STA $10,S
010E4B  A3 06       LDA $06,S
010E4D  83 0C       STA $0C,S
010E4F  A3 0E       LDA $0E,S
010E51  18          CLC
010E52  63 0C       ADC $0C,S
010E54  83 0A       STA $0A,S
010E56  E2 20       SEP #$20
010E58  A3 0B       LDA $0B,S
010E5A  49 80       EOR #$80
010E5C  85 10       STA $10
010E5E  A3 11       LDA $11,S
010E60  49 80       EOR #$80
010E62  C5 10       CMP $10
010E64  B0 04       BCS $010E6A
010E66  5C 88 0E 01 JML $010E88
010E6A  F0 04       BEQ $010E70
010E6C  5C 8E 0E 01 JML $010E8E
010E70  A3 0A       LDA $0A,S
010E72  85 10       STA $10
010E74  A3 10       LDA $10,S
010E76  C5 10       CMP $10
010E78  B0 04       BCS $010E7E
010E7A  5C 88 0E 01 JML $010E88
010E7E  F0 04       BEQ $010E84
010E80  5C 8E 0E 01 JML $010E8E
010E84  5C 94 0E 01 JML $010E94
010E88  A9 00       LDA #$00
010E8A  5C 9A 0E 01 JML $010E9A
010E8E  A9 01       LDA #$01
010E90  5C 9A 0E 01 JML $010E9A
010E94  A9 00       LDA #$00
010E96  5C 9A 0E 01 JML $010E9A
010E9A  83 09       STA $09,S
010E9C  C2 20       REP #$20
010E9E  E2 20       SEP #$20
010EA0  A3 09       LDA $09,S
010EA2  C2 20       REP #$20
010EA4  D0 04       BNE $010EAA
010EA6  5C 0B 10 01 JML $01100B
010EAA  C2 20       REP #$20
010EAC  E2 20       SEP #$20
010EAE  A9 22       LDA #$22
010EB0  85 00       STA $00
010EB2  A9 00       LDA #$00
010EB4  85 01       STA $01
010EB6  A9 18       LDA #$18
010EB8  85 02       STA $02
010EBA  A5 00       LDA $00
010EBC  83 0A       STA $0A,S
010EBE  A5 01       LDA $01
010EC0  83 0B       STA $0B,S
010EC2  A5 02       LDA $02
010EC4  83 0C       STA $0C,S
010EC6  C2 20       REP #$20
010EC8  A3 06       LDA $06,S
010ECA  83 10       STA $10,S
010ECC  18          CLC
010ECD  63 0E       ADC $0E,S
010ECF  83 14       STA $14,S
010ED1  A3 0A       LDA $0A,S
010ED3  85 00       STA $00
010ED5  A3 0B       LDA $0B,S
010ED7  85 01       STA $01
010ED9  A3 12       LDA $12,S
010EDB  85 14       STA $14
010EDD  E2 20       SEP #$20
010EDF  A9 00       LDA #$00
010EE1  85 16       STA $16
010EE3  06 14       ASL $14
010EE5  26 15       ROL $15
010EE7  26 16       ROL $16
010EE9  06 14       ASL $14
010EEB  26 15       ROL $15
010EED  26 16       ROL $16
010EEF  18          CLC
010EF0  A5 00       LDA $00
010EF2  65 14       ADC $14
010EF4  85 00       STA $00
010EF6  A5 01       LDA $01
010EF8  65 15       ADC $15
010EFA  85 01       STA $01
010EFC  A5 02       LDA $02
010EFE  65 16       ADC $16
010F00  85 02       STA $02
010F02  06 14       ASL $14
010F04  26 15       ROL $15
010F06  26 16       ROL $16
010F08  C2 20       REP #$20
010F0A  A3 14       LDA $14,S
010F0C  A0 00 00    LDY #$0000
010F0F  97 00       STA [$00],Y
010F11  E2 20       SEP #$20
010F13  A9 22       LDA #$22
010F15  85 00       STA $00
010F17  A9 00       LDA #$00
010F19  85 01       STA $01
010F1B  A9 18       LDA #$18
010F1D  85 02       STA $02
010F1F  A5 00       LDA $00
010F21  83 0A       STA $0A,S
010F23  A5 01       LDA $01
010F25  83 0B       STA $0B,S
010F27  A5 02       LDA $02
010F29  83 0C       STA $0C,S
010F2B  C2 20       REP #$20
010F2D  A3 04       LDA $04,S
010F2F  83 10       STA $10,S
010F31  A3 0A       LDA $0A,S
010F33  85 00       STA $00
010F35  A3 0B       LDA $0B,S
010F37  85 01       STA $01
010F39  A3 12       LDA $12,S
010F3B  85 14       STA $14
010F3D  E2 20       SEP #$20
010F3F  A9 00       LDA #$00
010F41  85 16       STA $16
010F43  06 14       ASL $14
010F45  26 15       ROL $15
010F47  26 16       ROL $16
010F49  06 14       ASL $14
010F4B  26 15       ROL $15
010F4D  26 16       ROL $16
010F4F  18          CLC
010F50  A5 00       LDA $00
010F52  65 14       ADC $14
010F54  85 00       STA $00
010F56  A5 01       LDA $01
010F58  65 15       ADC $15
010F5A  85 01       STA $01
010F5C  A5 02       LDA $02
010F5E  65 16       ADC $16
010F60  85 02       STA $02
010F62  06 14       ASL $14
010F64  26 15       ROL $15
010F66  26 16       ROL $16
010F68  C2 20       REP #$20
010F6A  A3 10       LDA $10,S
010F6C  A0 02 00    LDY #$0002
010F6F  97 00       STA [$00],Y
010F71  A3 06       LDA $06,S
010F73  83 0C       STA $0C,S
010F75  18          CLC
010F76  63 0E       ADC $0E,S
010F78  83 0A       STA $0A,S
010F7A  A3 04       LDA $04,S
010F7C  83 0E       STA $0E,S
010F7E  3B          TSC
010F7F  AA          TAX
010F80  C5 46       CMP $46
010F82  B0 04       BCS $010F88
010F84  5C 92 0F 01 JML $010F92
010F88  D0 04       BNE $010F8E
010F8A  5C 92 0F 01 JML $010F92
010F8E  5C A4 0F 01 JML $010FA4
010F92  38          SEC
010F93  E9 0A 00    SBC #$000A
010F96  B0 04       BCS $010F9C
010F98  5C A4 0F 01 JML $010FA4
010F9C  C5 44       CMP $44
010F9E  90 04       BCC $010FA4
010FA0  5C AB 0F 01 JML $010FAB
010FA4  A9 0A 00    LDA #$000A
010FA7  5C 00 80 04 JML $048000
010FAB  3B          TSC
010FAC  38          SEC
010FAD  E9 07 00    SBC #$0007
010FB0  1B          TCS
010FB1  E2 20       SEP #$20
010FB3  A9 00       LDA #$00
010FB5  83 01       STA $01,S
010FB7  83 02       STA $02,S
010FB9  83 03       STA $03,S
010FBB  83 04       STA $04,S
010FBD  83 05       STA $05,S
010FBF  83 06       STA $06,S
010FC1  83 07       STA $07,S
010FC3  A3 19       LDA $19,S
010FC5  83 01       STA $01,S
010FC7  A3 1A       LDA $1A,S
010FC9  83 02       STA $02,S
010FCB  A3 11       LDA $11,S
010FCD  83 03       STA $03,S
010FCF  A3 12       LDA $12,S
010FD1  83 04       STA $04,S
010FD3  A3 15       LDA $15,S
010FD5  83 05       STA $05,S
010FD7  A3 16       LDA $16,S
010FD9  83 06       STA $06,S
010FDB  C2 20       REP #$20
010FDD  22 CF 02 01 JSL $0102CF
010FE1  A8          TAY
010FE2  3B          TSC
010FE3  18          CLC
010FE4  69 07 00    ADC #$0007
010FE7  1B          TCS
010FE8  98          TYA
010FE9  E2 20       SEP #$20
010FEB  83 0C       STA $0C,S
010FED  EB          XBA
010FEE  83 0D       STA $0D,S
010FF0  C2 20       REP #$20
010FF2  A3 0C       LDA $0C,S
010FF4  C9 FF FF    CMP #$FFFF
010FF7  F0 04       BEQ $010FFD
010FF9  5C 0B 10 01 JML $01100B
010FFD  C2 20       REP #$20
010FFF  A9 FF FF    LDA #$FFFF
011002  A8          TAY
011003  3B          TSC
011004  18          CLC
011005  69 16 00    ADC #$0016
011008  1B          TCS
011009  98          TYA
01100A  6B          RTL
01100B  A3 12       LDA $12,S
01100D  18          CLC
01100E  69 01 00    ADC #$0001
011011  83 0A       STA $0A,S
011013  A3 0A       LDA $0A,S
011015  83 12       STA $12,S
011017  5C 3C 0C 01 JML $010C3C
01101B  5C C1 0A 01 JML $010AC1
01101F  A9 00 00    LDA #$0000
011022  A8          TAY
011023  3B          TSC
011024  18          CLC
011025  69 16 00    ADC #$0016
011028  1B          TCS
011029  98          TYA
01102A  6B          RTL
01102B  A9 00 00    LDA #$0000
01102E  A8          TAY
01102F  3B          TSC
011030  18          CLC
011031  69 16 00    ADC #$0016
011034  1B          TCS
011035  98          TYA
011036  6B          RTL
011037  3B          TSC
011038  AA          TAX
011039  C5 46       CMP $46
01103B  B0 04       BCS $011041
01103D  5C 4B 10 01 JML $01104B
011041  D0 04       BNE $011047
011043  5C 4B 10 01 JML $01104B
011047  5C 5D 10 01 JML $01105D
01104B  38          SEC
01104C  E9 0C 00    SBC #$000C
01104F  B0 04       BCS $011055
011051  5C 5D 10 01 JML $01105D
011055  C5 44       CMP $44
011057  90 04       BCC $01105D
011059  5C 64 10 01 JML $011064
01105D  A9 0C 00    LDA #$000C
011060  5C 00 80 04 JML $048000
011064  1B          TCS
011065  A9 00 00    LDA #$0000
011068  83 06       STA $06,S
01106A  A9 32 00    LDA #$0032
01106D  83 08       STA $08,S
01106F  E2 20       SEP #$20
011071  A9 00       LDA #$00
011073  49 80       EOR #$80
011075  85 10       STA $10
011077  A3 07       LDA $07,S
011079  49 80       EOR #$80
01107B  C5 10       CMP $10
01107D  B0 04       BCS $011083
01107F  5C A1 10 01 JML $0110A1
011083  F0 04       BEQ $011089
011085  5C A7 10 01 JML $0110A7
011089  A9 13       LDA #$13
01108B  85 10       STA $10
01108D  A3 06       LDA $06,S
01108F  C5 10       CMP $10
011091  B0 04       BCS $011097
011093  5C A1 10 01 JML $0110A1
011097  F0 04       BEQ $01109D
011099  5C A7 10 01 JML $0110A7
01109D  5C AD 10 01 JML $0110AD
0110A1  A9 01       LDA #$01
0110A3  5C B3 10 01 JML $0110B3
0110A7  A9 00       LDA #$00
0110A9  5C B3 10 01 JML $0110B3
0110AD  A9 01       LDA #$01
0110AF  5C B3 10 01 JML $0110B3
0110B3  83 01       STA $01,S
0110B5  C2 20       REP #$20
0110B7  E2 20       SEP #$20
0110B9  A3 01       LDA $01,S
0110BB  C2 20       REP #$20
0110BD  D0 04       BNE $0110C3
0110BF  5C E8 11 01 JML $0111E8
0110C3  C2 20       REP #$20
0110C5  3B          TSC
0110C6  AA          TAX
0110C7  C5 46       CMP $46
0110C9  B0 04       BCS $0110CF
0110CB  5C D9 10 01 JML $0110D9
0110CF  D0 04       BNE $0110D5
0110D1  5C D9 10 01 JML $0110D9
0110D5  5C EB 10 01 JML $0110EB
0110D9  38          SEC
0110DA  E9 08 00    SBC #$0008
0110DD  B0 04       BCS $0110E3
0110DF  5C EB 10 01 JML $0110EB
0110E3  C5 44       CMP $44
0110E5  90 04       BCC $0110EB
0110E7  5C F2 10 01 JML $0110F2
0110EB  A9 08 00    LDA #$0008
0110EE  5C 00 80 04 JML $048000
0110F2  3B          TSC
0110F3  38          SEC
0110F4  E9 05 00    SBC #$0005
0110F7  1B          TCS
0110F8  E2 20       SEP #$20
0110FA  A9 00       LDA #$00
0110FC  83 01       STA $01,S
0110FE  83 02       STA $02,S
011100  83 03       STA $03,S
011102  83 04       STA $04,S
011104  83 05       STA $05,S
011106  A3 0B       LDA $0B,S
011108  83 01       STA $01,S
01110A  A3 0C       LDA $0C,S
01110C  83 02       STA $02,S
01110E  A3 0D       LDA $0D,S
011110  83 03       STA $03,S
011112  A3 0E       LDA $0E,S
011114  83 04       STA $04,S
011116  C2 20       REP #$20
011118  22 E3 07 01 JSL $0107E3
01111C  A8          TAY
01111D  3B          TSC
01111E  18          CLC
01111F  69 05 00    ADC #$0005
011122  1B          TCS
011123  98          TYA
011124  E2 20       SEP #$20
011126  83 02       STA $02,S
011128  EB          XBA
011129  83 03       STA $03,S
01112B  C2 20       REP #$20
01112D  A3 02       LDA $02,S
01112F  C9 FF FF    CMP #$FFFF
011132  F0 04       BEQ $011138
011134  5C 51 11 01 JML $011151
011138  C2 20       REP #$20
01113A  AF 08 00 18 LDA $180008
01113E  83 02       STA $02,S
011140  38          SEC
011141  E9 01 00    SBC #$0001
011144  83 04       STA $04,S
011146  8F 08 00 18 STA $180008
01114A  3B          TSC
01114B  18          CLC
01114C  69 0C 00    ADC #$000C
01114F  1B          TCS
011150  6B          RTL
011151  E2 20       SEP #$20
011153  A9 22       LDA #$22
011155  85 00       STA $00
011157  A9 00       LDA #$00
011159  85 01       STA $01
01115B  A9 18       LDA #$18
01115D  85 02       STA $02
01115F  A5 00       LDA $00
011161  83 02       STA $02,S
011163  A5 01       LDA $01
011165  83 03       STA $03,S
011167  A5 02       LDA $02
011169  83 04       STA $04,S
01116B  C2 20       REP #$20
01116D  A3 02       LDA $02,S
01116F  85 00       STA $00
011171  A3 03       LDA $03,S
011173  85 01       STA $01
011175  A3 08       LDA $08,S
011177  85 14       STA $14
011179  E2 20       SEP #$20
01117B  A9 00       LDA #$00
01117D  85 16       STA $16
01117F  06 14       ASL $14
011181  26 15       ROL $15
011183  26 16       ROL $16
011185  06 14       ASL $14
011187  26 15       ROL $15
011189  26 16       ROL $16
01118B  18          CLC
01118C  A5 00       LDA $00
01118E  65 14       ADC $14
011190  85 00       STA $00
011192  A5 01       LDA $01
011194  65 15       ADC $15
011196  85 01       STA $01
011198  A5 02       LDA $02
01119A  65 16       ADC $16
01119C  85 02       STA $02
01119E  06 14       ASL $14
0111A0  26 15       ROL $15
0111A2  26 16       ROL $16
0111A4  C2 20       REP #$20
0111A6  A0 00 00    LDY #$0000
0111A9  B7 00       LDA [$00],Y
0111AB  83 0A       STA $0A,S
0111AD  AF 08 00 18 LDA $180008
0111B1  83 02       STA $02,S
0111B3  18          CLC
0111B4  63 0A       ADC $0A,S
0111B6  83 04       STA $04,S
0111B8  8F 08 00 18 STA $180008
0111BC  E2 20       SEP #$20
0111BE  A9 00       LDA #$00
0111C0  8F 0C 00 18 STA $18000C
0111C4  A9 00       LDA #$00
0111C6  8F 0D 00 18 STA $18000D
0111CA  C2 20       REP #$20
0111CC  A3 08       LDA $08,S
0111CE  18          CLC
0111CF  69 01 00    ADC #$0001
0111D2  83 02       STA $02,S
0111D4  A3 06       LDA $06,S
0111D6  18          CLC
0111D7  69 01 00    ADC #$0001
0111DA  83 04       STA $04,S
0111DC  A3 04       LDA $04,S
0111DE  83 06       STA $06,S
0111E0  A3 02       LDA $02,S
0111E2  83 08       STA $08,S
0111E4  5C 6F 10 01 JML $01106F
0111E8  3B          TSC
0111E9  18          CLC
0111EA  69 0C 00    ADC #$000C
0111ED  1B          TCS
0111EE  6B          RTL
0111EF  3B          TSC
0111F0  AA          TAX
0111F1  C5 46       CMP $46
0111F3  B0 04       BCS $0111F9
0111F5  5C 03 12 01 JML $011203
0111F9  D0 04       BNE $0111FF
0111FB  5C 03 12 01 JML $011203
0111FF  5C 15 12 01 JML $011215
011203  38          SEC
011204  E9 00 00    SBC #$0000
011207  B0 04       BCS $01120D
011209  5C 15 12 01 JML $011215
01120D  C5 44       CMP $44
01120F  90 04       BCC $011215
011211  5C 1C 12 01 JML $01121C
011215  A9 00 00    LDA #$0000
011218  5C 00 80 04 JML $048000
01121C  1B          TCS
01121D  E2 20       SEP #$20
01121F  A9 04       LDA #$04
011221  8F D2 4F 18 STA $184FD2
011225  A9 00       LDA #$00
011227  8F D3 4F 18 STA $184FD3
01122B  A9 00       LDA #$00
01122D  8F D4 4F 18 STA $184FD4
011231  A9 00       LDA #$00
011233  8F D5 4F 18 STA $184FD5
011237  A9 00       LDA #$00
011239  8F D6 4F 18 STA $184FD6
01123D  A9 00       LDA #$00
01123F  8F D7 4F 18 STA $184FD7
011243  A9 00       LDA #$00
011245  8F D8 4F 18 STA $184FD8
011249  A9 00       LDA #$00
01124B  8F D9 4F 18 STA $184FD9
01124F  A9 02       LDA #$02
011251  8F DA 4F 18 STA $184FDA
011255  A9 00       LDA #$00
011257  8F DB 4F 18 STA $184FDB
01125B  A9 00       LDA #$00
01125D  8F DC 4F 18 STA $184FDC
011261  A9 00       LDA #$00
011263  8F DD 4F 18 STA $184FDD
011267  A9 0A       LDA #$0A
011269  8F DE 4F 18 STA $184FDE
01126D  A9 00       LDA #$00
01126F  8F DF 4F 18 STA $184FDF
011273  A9 00       LDA #$00
011275  8F E0 4F 18 STA $184FE0
011279  A9 00       LDA #$00
01127B  8F E1 4F 18 STA $184FE1
01127F  A9 00       LDA #$00
011281  8F E2 4F 18 STA $184FE2
011285  A9 00       LDA #$00
011287  8F E3 4F 18 STA $184FE3
01128B  A9 00       LDA #$00
01128D  8F E4 4F 18 STA $184FE4
011291  A9 00       LDA #$00
011293  8F E5 4F 18 STA $184FE5
011297  A9 02       LDA #$02
011299  8F E6 4F 18 STA $184FE6
01129D  A9 00       LDA #$00
01129F  8F E7 4F 18 STA $184FE7
0112A3  A9 00       LDA #$00
0112A5  8F E8 4F 18 STA $184FE8
0112A9  A9 00       LDA #$00
0112AB  8F E9 4F 18 STA $184FE9
0112AF  A9 04       LDA #$04
0112B1  8F EA 4F 18 STA $184FEA
0112B5  A9 00       LDA #$00
0112B7  8F EB 4F 18 STA $184FEB
0112BB  A9 00       LDA #$00
0112BD  8F EC 4F 18 STA $184FEC
0112C1  A9 00       LDA #$00
0112C3  8F ED 4F 18 STA $184FED
0112C7  A9 06       LDA #$06
0112C9  8F EE 4F 18 STA $184FEE
0112CD  A9 00       LDA #$00
0112CF  8F EF 4F 18 STA $184FEF
0112D3  A9 00       LDA #$00
0112D5  8F F0 4F 18 STA $184FF0
0112D9  A9 00       LDA #$00
0112DB  8F F1 4F 18 STA $184FF1
0112DF  A9 64       LDA #$64
0112E1  8F F2 4F 18 STA $184FF2
0112E5  A9 00       LDA #$00
0112E7  8F F3 4F 18 STA $184FF3
0112EB  A9 00       LDA #$00
0112ED  8F F4 4F 18 STA $184FF4
0112F1  A9 00       LDA #$00
0112F3  8F F5 4F 18 STA $184FF5
0112F7  A9 00       LDA #$00
0112F9  8F F6 4F 18 STA $184FF6
0112FD  A9 00       LDA #$00
0112FF  8F F7 4F 18 STA $184FF7
011303  A9 00       LDA #$00
011305  8F F8 4F 18 STA $184FF8
011309  A9 00       LDA #$00
01130B  8F F9 4F 18 STA $184FF9
01130F  A9 02       LDA #$02
011311  8F FA 4F 18 STA $184FFA
011315  A9 00       LDA #$00
011317  8F FB 4F 18 STA $184FFB
01131B  A9 00       LDA #$00
01131D  8F FC 4F 18 STA $184FFC
011321  A9 00       LDA #$00
011323  8F FD 4F 18 STA $184FFD
011327  A9 03       LDA #$03
011329  8F FE 4F 18 STA $184FFE
01132D  A9 00       LDA #$00
01132F  8F FF 4F 18 STA $184FFF
011333  A9 00       LDA #$00
011335  8F 00 50 18 STA $185000
011339  A9 00       LDA #$00
01133B  8F 01 50 18 STA $185001
01133F  C2 20       REP #$20
011341  6B          RTL
011342  3B          TSC
011343  AA          TAX
011344  C5 46       CMP $46
011346  B0 04       BCS $01134C
011348  5C 56 13 01 JML $011356
01134C  D0 04       BNE $011352
01134E  5C 56 13 01 JML $011356
011352  5C 68 13 01 JML $011368
011356  38          SEC
011357  E9 0C 00    SBC #$000C
01135A  B0 04       BCS $011360
01135C  5C 68 13 01 JML $011368
011360  C5 44       CMP $44
011362  90 04       BCC $011368
011364  5C 6F 13 01 JML $01136F
011368  A9 0C 00    LDA #$000C
01136B  5C 00 80 04 JML $048000
01136F  1B          TCS
011370  E2 20       SEP #$20
011372  AF 00 00 18 LDA $180000
011376  83 01       STA $01,S
011378  A9 FF       LDA #$FF
01137A  85 10       STA $10
01137C  A3 01       LDA $01,S
01137E  C5 10       CMP $10
011380  B0 04       BCS $011386
011382  5C 90 13 01 JML $011390
011386  F0 04       BEQ $01138C
011388  5C 96 13 01 JML $011396
01138C  5C 9C 13 01 JML $01139C
011390  A9 00       LDA #$00
011392  5C A2 13 01 JML $0113A2
011396  A9 00       LDA #$00
011398  5C A2 13 01 JML $0113A2
01139C  A9 01       LDA #$01
01139E  5C A2 13 01 JML $0113A2
0113A2  83 02       STA $02,S
0113A4  C2 20       REP #$20
0113A6  E2 20       SEP #$20
0113A8  A3 02       LDA $02,S
0113AA  C2 20       REP #$20
0113AC  D0 04       BNE $0113B2
0113AE  5C 02 14 01 JML $011402
0113B2  C2 20       REP #$20
0113B4  3B          TSC
0113B5  AA          TAX
0113B6  C5 46       CMP $46
0113B8  B0 04       BCS $0113BE
0113BA  5C C8 13 01 JML $0113C8
0113BE  D0 04       BNE $0113C4
0113C0  5C C8 13 01 JML $0113C8
0113C4  5C DA 13 01 JML $0113DA
0113C8  38          SEC
0113C9  E9 04 00    SBC #$0004
0113CC  B0 04       BCS $0113D2
0113CE  5C DA 13 01 JML $0113DA
0113D2  C5 44       CMP $44
0113D4  90 04       BCC $0113DA
0113D6  5C E1 13 01 JML $0113E1
0113DA  A9 04 00    LDA #$0004
0113DD  5C 00 80 04 JML $048000
0113E1  3B          TSC
0113E2  38          SEC
0113E3  E9 01 00    SBC #$0001
0113E6  1B          TCS
0113E7  E2 20       SEP #$20
0113E9  A9 00       LDA #$00
0113EB  83 01       STA $01,S
0113ED  C2 20       REP #$20
0113EF  22 EF 11 01 JSL $0111EF
0113F3  A8          TAY
0113F4  3B          TSC
0113F5  18          CLC
0113F6  69 01 00    ADC #$0001
0113F9  1B          TCS
0113FA  98          TYA
0113FB  3B          TSC
0113FC  18          CLC
0113FD  69 0C 00    ADC #$000C
011400  1B          TCS
011401  6B          RTL
011402  AF 0E 00 18 LDA $18000E
011406  83 02       STA $02,S
011408  E2 20       SEP #$20
01140A  AF 10 00 18 LDA $180010
01140E  83 04       STA $04,S
011410  C2 20       REP #$20
011412  A3 02       LDA $02,S
011414  8F 11 00 18 STA $180011
011418  E2 20       SEP #$20
01141A  A3 04       LDA $04,S
01141C  8F 13 00 18 STA $180013
011420  AF 00 00 18 LDA $180000
011424  83 01       STA $01,S
011426  A9 00       LDA #$00
011428  85 10       STA $10
01142A  A3 01       LDA $01,S
01142C  C5 10       CMP $10
01142E  B0 04       BCS $011434
011430  5C 3E 14 01 JML $01143E
011434  F0 04       BEQ $01143A
011436  5C 44 14 01 JML $011444
01143A  5C 4A 14 01 JML $01144A
01143E  A9 00       LDA #$00
011440  5C 50 14 01 JML $011450
011444  A9 00       LDA #$00
011446  5C 50 14 01 JML $011450
01144A  A9 01       LDA #$01
01144C  5C 50 14 01 JML $011450
011450  83 02       STA $02,S
011452  C2 20       REP #$20
011454  E2 20       SEP #$20
011456  A3 02       LDA $02,S
011458  C2 20       REP #$20
01145A  D0 04       BNE $011460
01145C  5C 4A 15 01 JML $01154A
011460  C2 20       REP #$20
011462  3B          TSC
011463  AA          TAX
011464  C5 46       CMP $46
011466  B0 04       BCS $01146C
011468  5C 76 14 01 JML $011476
01146C  D0 04       BNE $011472
01146E  5C 76 14 01 JML $011476
011472  5C 88 14 01 JML $011488
011476  38          SEC
011477  E9 04 00    SBC #$0004
01147A  B0 04       BCS $011480
01147C  5C 88 14 01 JML $011488
011480  C5 44       CMP $44
011482  90 04       BCC $011488
011484  5C 8F 14 01 JML $01148F
011488  A9 04 00    LDA #$0004
01148B  5C 00 80 04 JML $048000
01148F  3B          TSC
011490  38          SEC
011491  E9 01 00    SBC #$0001
011494  1B          TCS
011495  E2 20       SEP #$20
011497  A9 00       LDA #$00
011499  83 01       STA $01,S
01149B  C2 20       REP #$20
01149D  22 00 00 01 JSL $010000
0114A1  A8          TAY
0114A2  3B          TSC
0114A3  18          CLC
0114A4  69 01 00    ADC #$0001
0114A7  1B          TCS
0114A8  98          TYA
0114A9  3B          TSC
0114AA  AA          TAX
0114AB  C5 46       CMP $46
0114AD  B0 04       BCS $0114B3
0114AF  5C BD 14 01 JML $0114BD
0114B3  D0 04       BNE $0114B9
0114B5  5C BD 14 01 JML $0114BD
0114B9  5C CF 14 01 JML $0114CF
0114BD  38          SEC
0114BE  E9 04 00    SBC #$0004
0114C1  B0 04       BCS $0114C7
0114C3  5C CF 14 01 JML $0114CF
0114C7  C5 44       CMP $44
0114C9  90 04       BCC $0114CF
0114CB  5C D6 14 01 JML $0114D6
0114CF  A9 04 00    LDA #$0004
0114D2  5C 00 80 04 JML $048000
0114D6  3B          TSC
0114D7  38          SEC
0114D8  E9 01 00    SBC #$0001
0114DB  1B          TCS
0114DC  E2 20       SEP #$20
0114DE  A9 00       LDA #$00
0114E0  83 01       STA $01,S
0114E2  C2 20       REP #$20
0114E4  22 37 10 01 JSL $011037
0114E8  A8          TAY
0114E9  3B          TSC
0114EA  18          CLC
0114EB  69 01 00    ADC #$0001
0114EE  1B          TCS
0114EF  98          TYA
0114F0  3B          TSC
0114F1  AA          TAX
0114F2  C5 46       CMP $46
0114F4  B0 04       BCS $0114FA
0114F6  5C 04 15 01 JML $011504
0114FA  D0 04       BNE $011500
0114FC  5C 04 15 01 JML $011504
011500  5C 16 15 01 JML $011516
011504  38          SEC
011505  E9 04 00    SBC #$0004
011508  B0 04       BCS $01150E
01150A  5C 16 15 01 JML $011516
01150E  C5 44       CMP $44
011510  90 04       BCC $011516
011512  5C 1D 15 01 JML $01151D
011516  A9 04 00    LDA #$0004
011519  5C 00 80 04 JML $048000
01151D  3B          TSC
01151E  38          SEC
01151F  E9 01 00    SBC #$0001
011522  1B          TCS
011523  E2 20       SEP #$20
011525  A9 00       LDA #$00
011527  83 01       STA $01,S
011529  C2 20       REP #$20
01152B  22 78 02 01 JSL $010278
01152F  A8          TAY
011530  3B          TSC
011531  18          CLC
011532  69 01 00    ADC #$0001
011535  1B          TCS
011536  98          TYA
011537  E2 20       SEP #$20
011539  83 02       STA $02,S
01153B  EB          XBA
01153C  83 03       STA $03,S
01153E  C2 20       REP #$20
011540  A3 02       LDA $02,S
011542  8F 06 00 18 STA $180006
011546  5C 08 18 01 JML $011808
01154A  E2 20       SEP #$20
01154C  AF 00 00 18 LDA $180000
011550  83 01       STA $01,S
011552  A9 01       LDA #$01
011554  85 10       STA $10
011556  A3 01       LDA $01,S
011558  C5 10       CMP $10
01155A  B0 04       BCS $011560
01155C  5C 6A 15 01 JML $01156A
011560  F0 04       BEQ $011566
011562  5C 70 15 01 JML $011570
011566  5C 76 15 01 JML $011576
01156A  A9 00       LDA #$00
01156C  5C 7C 15 01 JML $01157C
011570  A9 00       LDA #$00
011572  5C 7C 15 01 JML $01157C
011576  A9 01       LDA #$01
011578  5C 7C 15 01 JML $01157C
01157C  83 02       STA $02,S
01157E  C2 20       REP #$20
011580  E2 20       SEP #$20
011582  A3 02       LDA $02,S
011584  C2 20       REP #$20
011586  D0 04       BNE $01158C
011588  5C 5D 16 01 JML $01165D
01158C  C2 20       REP #$20
01158E  3B          TSC
01158F  AA          TAX
011590  C5 46       CMP $46
011592  B0 04       BCS $011598
011594  5C A2 15 01 JML $0115A2
011598  D0 04       BNE $01159E
01159A  5C A2 15 01 JML $0115A2
01159E  5C B4 15 01 JML $0115B4
0115A2  38          SEC
0115A3  E9 04 00    SBC #$0004
0115A6  B0 04       BCS $0115AC
0115A8  5C B4 15 01 JML $0115B4
0115AC  C5 44       CMP $44
0115AE  90 04       BCC $0115B4
0115B0  5C BB 15 01 JML $0115BB
0115B4  A9 04 00    LDA #$0004
0115B7  5C 00 80 04 JML $048000
0115BB  3B          TSC
0115BC  38          SEC
0115BD  E9 01 00    SBC #$0001
0115C0  1B          TCS
0115C1  E2 20       SEP #$20
0115C3  A9 00       LDA #$00
0115C5  83 01       STA $01,S
0115C7  C2 20       REP #$20
0115C9  22 00 00 01 JSL $010000
0115CD  A8          TAY
0115CE  3B          TSC
0115CF  18          CLC
0115D0  69 01 00    ADC #$0001
0115D3  1B          TCS
0115D4  98          TYA
0115D5  AF 20 00 18 LDA $180020
0115D9  83 02       STA $02,S
0115DB  8F 0C 00 18 STA $18000C
0115DF  AF 02 00 18 LDA $180002
0115E3  83 02       STA $02,S
0115E5  AF 04 00 18 LDA $180004
0115E9  83 04       STA $04,S
0115EB  3B          TSC
0115EC  AA          TAX
0115ED  C5 46       CMP $46
0115EF  B0 04       BCS $0115F5
0115F1  5C FF 15 01 JML $0115FF
0115F5  D0 04       BNE $0115FB
0115F7  5C FF 15 01 JML $0115FF
0115FB  5C 11 16 01 JML $011611
0115FF  38          SEC
011600  E9 08 00    SBC #$0008
011603  B0 04       BCS $011609
011605  5C 11 16 01 JML $011611
011609  C5 44       CMP $44
01160B  90 04       BCC $011611
01160D  5C 18 16 01 JML $011618
011611  A9 08 00    LDA #$0008
011614  5C 00 80 04 JML $048000
011618  3B          TSC
011619  38          SEC
01161A  E9 05 00    SBC #$0005
01161D  1B          TCS
01161E  E2 20       SEP #$20
011620  A9 00       LDA #$00
011622  83 01       STA $01,S
011624  83 02       STA $02,S
011626  83 03       STA $03,S
011628  83 04       STA $04,S
01162A  83 05       STA $05,S
01162C  A3 07       LDA $07,S
01162E  83 01       STA $01,S
011630  A3 08       LDA $08,S
011632  83 02       STA $02,S
011634  A3 09       LDA $09,S
011636  83 03       STA $03,S
011638  A3 0A       LDA $0A,S
01163A  83 04       STA $04,S
01163C  C2 20       REP #$20
01163E  22 E3 07 01 JSL $0107E3
011642  A8          TAY
011643  3B          TSC
011644  18          CLC
011645  69 05 00    ADC #$0005
011648  1B          TCS
011649  98          TYA
01164A  E2 20       SEP #$20
01164C  83 06       STA $06,S
01164E  EB          XBA
01164F  83 07       STA $07,S
011651  C2 20       REP #$20
011653  A3 06       LDA $06,S
011655  8F 06 00 18 STA $180006
011659  5C 08 18 01 JML $011808
01165D  E2 20       SEP #$20
01165F  AF 00 00 18 LDA $180000
011663  83 01       STA $01,S
011665  A9 02       LDA #$02
011667  85 10       STA $10
011669  A3 01       LDA $01,S
01166B  C5 10       CMP $10
01166D  B0 04       BCS $011673
01166F  5C 7D 16 01 JML $01167D
011673  F0 04       BEQ $011679
011675  5C 83 16 01 JML $011683
011679  5C 89 16 01 JML $011689
01167D  A9 00       LDA #$00
01167F  5C 8F 16 01 JML $01168F
011683  A9 00       LDA #$00
011685  5C 8F 16 01 JML $01168F
011689  A9 01       LDA #$01
01168B  5C 8F 16 01 JML $01168F
01168F  83 02       STA $02,S
011691  C2 20       REP #$20
011693  E2 20       SEP #$20
011695  A3 02       LDA $02,S
011697  C2 20       REP #$20
011699  D0 04       BNE $01169F
01169B  5C 31 17 01 JML $011731
01169F  C2 20       REP #$20
0116A1  AF 14 00 18 LDA $180014
0116A5  83 02       STA $02,S
0116A7  AF 16 00 18 LDA $180016
0116AB  83 04       STA $04,S
0116AD  AF 18 00 18 LDA $180018
0116B1  83 06       STA $06,S
0116B3  3B          TSC
0116B4  AA          TAX
0116B5  C5 46       CMP $46
0116B7  B0 04       BCS $0116BD
0116B9  5C C7 16 01 JML $0116C7
0116BD  D0 04       BNE $0116C3
0116BF  5C C7 16 01 JML $0116C7
0116C3  5C D9 16 01 JML $0116D9
0116C7  38          SEC
0116C8  E9 0A 00    SBC #$000A
0116CB  B0 04       BCS $0116D1
0116CD  5C D9 16 01 JML $0116D9
0116D1  C5 44       CMP $44
0116D3  90 04       BCC $0116D9
0116D5  5C E0 16 01 JML $0116E0
0116D9  A9 0A 00    LDA #$000A
0116DC  5C 00 80 04 JML $048000
0116E0  3B          TSC
0116E1  38          SEC
0116E2  E9 07 00    SBC #$0007
0116E5  1B          TCS
0116E6  E2 20       SEP #$20
0116E8  A9 00       LDA #$00
0116EA  83 01       STA $01,S
0116EC  83 02       STA $02,S
0116EE  83 03       STA $03,S
0116F0  83 04       STA $04,S
0116F2  83 05       STA $05,S
0116F4  83 06       STA $06,S
0116F6  83 07       STA $07,S
0116F8  A3 09       LDA $09,S
0116FA  83 01       STA $01,S
0116FC  A3 0A       LDA $0A,S
0116FE  83 02       STA $02,S
011700  A3 0B       LDA $0B,S
011702  83 03       STA $03,S
011704  A3 0C       LDA $0C,S
011706  83 04       STA $04,S
011708  A3 0D       LDA $0D,S
01170A  83 05       STA $05,S
01170C  A3 0E       LDA $0E,S
01170E  83 06       STA $06,S
011710  C2 20       REP #$20
011712  22 CF 02 01 JSL $0102CF
011716  A8          TAY
011717  3B          TSC
011718  18          CLC
011719  69 07 00    ADC #$0007
01171C  1B          TCS
01171D  98          TYA
01171E  E2 20       SEP #$20
011720  83 08       STA $08,S
011722  EB          XBA
011723  83 09       STA $09,S
011725  C2 20       REP #$20
011727  A3 08       LDA $08,S
011729  8F 06 00 18 STA $180006
01172D  5C 08 18 01 JML $011808
011731  E2 20       SEP #$20
011733  A9 1A       LDA #$1A
011735  85 00       STA $00
011737  A9 00       LDA #$00
011739  85 01       STA $01
01173B  A9 18       LDA #$18
01173D  85 02       STA $02
01173F  A5 00       LDA $00
011741  83 02       STA $02,S
011743  A5 01       LDA $01
011745  83 03       STA $03,S
011747  A5 02       LDA $02
011749  83 04       STA $04,S
01174B  A9 1C       LDA #$1C
01174D  85 00       STA $00
01174F  A9 00       LDA #$00
011751  85 01       STA $01
011753  A9 18       LDA #$18
011755  85 02       STA $02
011757  A5 00       LDA $00
011759  83 06       STA $06,S
01175B  A5 01       LDA $01
01175D  83 07       STA $07,S
01175F  A5 02       LDA $02
011761  83 08       STA $08,S
011763  A9 1E       LDA #$1E
011765  85 00       STA $00
011767  A9 00       LDA #$00
011769  85 01       STA $01
01176B  A9 18       LDA #$18
01176D  85 02       STA $02
01176F  A5 00       LDA $00
011771  83 0A       STA $0A,S
011773  A5 01       LDA $01
011775  83 0B       STA $0B,S
011777  A5 02       LDA $02
011779  83 0C       STA $0C,S
01177B  C2 20       REP #$20
01177D  3B          TSC
01177E  AA          TAX
01177F  C5 46       CMP $46
011781  B0 04       BCS $011787
011783  5C 91 17 01 JML $011791
011787  D0 04       BNE $01178D
011789  5C 91 17 01 JML $011791
01178D  5C A3 17 01 JML $0117A3
011791  38          SEC
011792  E9 0C 00    SBC #$000C
011795  B0 04       BCS $01179B
011797  5C A3 17 01 JML $0117A3
01179B  C5 44       CMP $44
01179D  90 04       BCC $0117A3
01179F  5C AA 17 01 JML $0117AA
0117A3  A9 0C 00    LDA #$000C
0117A6  5C 00 80 04 JML $048000
0117AA  3B          TSC
0117AB  38          SEC
0117AC  E9 09 00    SBC #$0009
0117AF  1B          TCS
0117B0  E2 20       SEP #$20
0117B2  A9 00       LDA #$00
0117B4  83 01       STA $01,S
0117B6  83 02       STA $02,S
0117B8  83 03       STA $03,S
0117BA  83 04       STA $04,S
0117BC  83 05       STA $05,S
0117BE  83 06       STA $06,S
0117C0  83 07       STA $07,S
0117C2  83 08       STA $08,S
0117C4  83 09       STA $09,S
0117C6  A3 0B       LDA $0B,S
0117C8  83 01       STA $01,S
0117CA  A3 0C       LDA $0C,S
0117CC  83 02       STA $02,S
0117CE  A3 0D       LDA $0D,S
0117D0  83 03       STA $03,S
0117D2  A3 0F       LDA $0F,S
0117D4  83 04       STA $04,S
0117D6  A3 10       LDA $10,S
0117D8  83 05       STA $05,S
0117DA  A3 11       LDA $11,S
0117DC  83 06       STA $06,S
0117DE  A3 13       LDA $13,S
0117E0  83 07       STA $07,S
0117E2  A3 14       LDA $14,S
0117E4  83 08       STA $08,S
0117E6  A3 15       LDA $15,S
0117E8  83 09       STA $09,S
0117EA  C2 20       REP #$20
0117EC  22 13 06 01 JSL $010613
0117F0  A8          TAY
0117F1  3B          TSC
0117F2  18          CLC
0117F3  69 09 00    ADC #$0009
0117F6  1B          TCS
0117F7  98          TYA
0117F8  E2 20       SEP #$20
0117FA  A9 00       LDA #$00
0117FC  8F 06 00 18 STA $180006
011800  A9 00       LDA #$00
011802  8F 07 00 18 STA $180007
011806  C2 20       REP #$20
011808  AF 11 00 18 LDA $180011
01180C  83 02       STA $02,S
01180E  E2 20       SEP #$20
011810  AF 13 00 18 LDA $180013
011814  83 04       STA $04,S
011816  C2 20       REP #$20
011818  A3 02       LDA $02,S
01181A  8F 0E 00 18 STA $18000E
01181E  E2 20       SEP #$20
011820  A3 04       LDA $04,S
011822  8F 10 00 18 STA $180010
011826  A9 A5       LDA #$A5
011828  8F 01 00 18 STA $180001
01182C  C2 20       REP #$20
01182E  3B          TSC
01182F  18          CLC
011830  69 0C 00    ADC #$000C
011833  1B          TCS
011834  6B          RTL
