010000  3B          TSC
010001  AA          TAX
010002  C5 46       CMP $46
010004  B0 04       BCS $01000A
010006  5C 14 00 01 JML $010014
01000A  D0 04       BNE $010010
01000C  5C 14 00 01 JML $010014
010010  5C 26 00 01 JML $010026
010014  38          SEC
010015  E9 14 00    SBC #$0014
010018  B0 04       BCS $01001E
01001A  5C 26 00 01 JML $010026
01001E  C5 44       CMP $44
010020  90 04       BCC $010026
010022  5C 2D 00 01 JML $01002D
010026  A9 14 00    LDA #$0014
010029  5C 00 80 04 JML $048000
01002D  1B          TCS
01002E  E2 20       SEP #$20
010030  A9 00       LDA #$00
010032  83 06       STA $06,S
010034  A9 00       LDA #$00
010036  83 07       STA $07,S
010038  A9 00       LDA #$00
01003A  83 0A       STA $0A,S
01003C  A9 00       LDA #$00
01003E  83 0B       STA $0B,S
010040  C2 20       REP #$20
010042  A3 0A       LDA $0A,S
010044  83 02       STA $02,S
010046  A3 02       LDA $02,S
010048  83 0A       STA $0A,S
01004A  A9 64 00    LDA #$0064
01004D  38          SEC
01004E  E9 01 00    SBC #$0001
010051  83 0C       STA $0C,S
010053  E2 20       SEP #$20
010055  A3 0D       LDA $0D,S
010057  49 80       EOR #$80
010059  85 10       STA $10
01005B  A3 0B       LDA $0B,S
01005D  49 80       EOR #$80
01005F  C5 10       CMP $10
010061  B0 04       BCS $010067
010063  5C 85 00 01 JML $010085
010067  F0 04       BEQ $01006D
010069  5C 8B 00 01 JML $01008B
01006D  A3 0C       LDA $0C,S
01006F  85 10       STA $10
010071  A3 0A       LDA $0A,S
010073  C5 10       CMP $10
010075  B0 04       BCS $01007B
010077  5C 85 00 01 JML $010085
01007B  F0 04       BEQ $010081
01007D  5C 8B 00 01 JML $01008B
010081  5C 91 00 01 JML $010091
010085  A9 01       LDA #$01
010087  5C 97 00 01 JML $010097
01008B  A9 00       LDA #$00
01008D  5C 97 00 01 JML $010097
010091  A9 01       LDA #$01
010093  5C 97 00 01 JML $010097
010097  83 09       STA $09,S
010099  C2 20       REP #$20
01009B  E2 20       SEP #$20
01009D  A3 09       LDA $09,S
01009F  C2 20       REP #$20
0100A1  D0 04       BNE $0100A7
0100A3  5C 73 02 01 JML $010273
0100A7  C2 20       REP #$20
0100A9  E2 20       SEP #$20
0100AB  A9 00       LDA #$00
0100AD  83 0A       STA $0A,S
0100AF  A9 00       LDA #$00
0100B1  83 0B       STA $0B,S
0100B3  C2 20       REP #$20
0100B5  A3 0A       LDA $0A,S
0100B7  83 04       STA $04,S
0100B9  A3 04       LDA $04,S
0100BB  83 0A       STA $0A,S
0100BD  A9 64 00    LDA #$0064
0100C0  38          SEC
0100C1  E9 01 00    SBC #$0001
0100C4  83 0C       STA $0C,S
0100C6  E2 20       SEP #$20
0100C8  A3 0D       LDA $0D,S
0100CA  49 80       EOR #$80
0100CC  85 10       STA $10
0100CE  A3 0B       LDA $0B,S
0100D0  49 80       EOR #$80
0100D2  C5 10       CMP $10
0100D4  B0 04       BCS $0100DA
0100D6  5C F8 00 01 JML $0100F8
0100DA  F0 04       BEQ $0100E0
0100DC  5C FE 00 01 JML $0100FE
0100E0  A3 0C       LDA $0C,S
0100E2  85 10       STA $10
0100E4  A3 0A       LDA $0A,S
0100E6  C5 10       CMP $10
0100E8  B0 04       BCS $0100EE
0100EA  5C F8 00 01 JML $0100F8
0100EE  F0 04       BEQ $0100F4
0100F0  5C FE 00 01 JML $0100FE
0100F4  5C 04 01 01 JML $010104
0100F8  A9 01       LDA #$01
0100FA  5C 0A 01 01 JML $01010A
0100FE  A9 00       LDA #$00
010100  5C 0A 01 01 JML $01010A
010104  A9 01       LDA #$01
010106  5C 0A 01 01 JML $01010A
01010A  83 09       STA $09,S
01010C  C2 20       REP #$20
01010E  E2 20       SEP #$20
010110  A3 09       LDA $09,S
010112  C2 20       REP #$20
010114  D0 04       BNE $01011A
010116  5C 63 02 01 JML $010263
01011A  C2 20       REP #$20
01011C  E2 20       SEP #$20
01011E  A9 B2       LDA #$B2
010120  85 00       STA $00
010122  A9 01       LDA #$01
010124  85 01       STA $01
010126  A9 18       LDA #$18
010128  85 02       STA $02
01012A  A5 00       LDA $00
01012C  83 0E       STA $0E,S
01012E  A5 01       LDA $01
010130  83 0F       STA $0F,S
010132  A5 02       LDA $02
010134  83 10       STA $10,S
010136  C2 20       REP #$20
010138  A3 02       LDA $02,S
01013A  83 12       STA $12,S
01013C  E2 20       SEP #$20
01013E  C2 20       REP #$20
010140  A3 0E       LDA $0E,S
010142  85 00       STA $00
010144  A3 0F       LDA $0F,S
010146  85 01       STA $01
010148  A3 12       LDA $12,S
01014A  85 14       STA $14
01014C  E2 20       SEP #$20
01014E  A9 00       LDA #$00
010150  85 16       STA $16
010152  06 14       ASL $14
010154  26 15       ROL $15
010156  26 16       ROL $16
010158  06 14       ASL $14
01015A  26 15       ROL $15
01015C  26 16       ROL $16
01015E  18          CLC
01015F  A5 00       LDA $00
010161  65 14       ADC $14
010163  85 00       STA $00
010165  A5 01       LDA $01
010167  65 15       ADC $15
010169  85 01       STA $01
01016B  A5 02       LDA $02
01016D  65 16       ADC $16
01016F  85 02       STA $02
010171  06 14       ASL $14
010173  26 15       ROL $15
010175  26 16       ROL $16
010177  06 14       ASL $14
010179  26 15       ROL $15
01017B  26 16       ROL $16
01017D  06 14       ASL $14
01017F  26 15       ROL $15
010181  26 16       ROL $16
010183  18          CLC
010184  A5 00       LDA $00
010186  65 14       ADC $14
010188  85 00       STA $00
01018A  A5 01       LDA $01
01018C  65 15       ADC $15
01018E  85 01       STA $01
010190  A5 02       LDA $02
010192  65 16       ADC $16
010194  85 02       STA $02
010196  06 14       ASL $14
010198  26 15       ROL $15
01019A  26 16       ROL $16
01019C  18          CLC
01019D  A5 00       LDA $00
01019F  65 14       ADC $14
0101A1  85 00       STA $00
0101A3  A5 01       LDA $01
0101A5  65 15       ADC $15
0101A7  85 01       STA $01
0101A9  A5 02       LDA $02
0101AB  65 16       ADC $16
0101AD  85 02       STA $02
0101AF  06 14       ASL $14
0101B1  26 15       ROL $15
0101B3  26 16       ROL $16
0101B5  A5 00       LDA $00
0101B7  83 0A       STA $0A,S
0101B9  A5 01       LDA $01
0101BB  83 0B       STA $0B,S
0101BD  A5 02       LDA $02
0101BF  83 0C       STA $0C,S
0101C1  C2 20       REP #$20
0101C3  A3 04       LDA $04,S
0101C5  83 0E       STA $0E,S
0101C7  E2 20       SEP #$20
0101C9  A3 06       LDA $06,S
0101CB  83 12       STA $12,S
0101CD  A3 07       LDA $07,S
0101CF  83 13       STA $13,S
0101D1  C2 20       REP #$20
0101D3  A3 0A       LDA $0A,S
0101D5  85 00       STA $00
0101D7  A3 0B       LDA $0B,S
0101D9  85 01       STA $01
0101DB  A3 0E       LDA $0E,S
0101DD  85 14       STA $14
0101DF  E2 20       SEP #$20
0101E1  A9 00       LDA #$00
0101E3  85 16       STA $16
0101E5  18          CLC
0101E6  A5 00       LDA $00
0101E8  65 14       ADC $14
0101EA  85 00       STA $00
0101EC  A5 01       LDA $01
0101EE  65 15       ADC $15
0101F0  85 01       STA $01
0101F2  A5 02       LDA $02
0101F4  65 16       ADC $16
0101F6  85 02       STA $02
0101F8  06 14       ASL $14
0101FA  26 15       ROL $15
0101FC  26 16       ROL $16
0101FE  A0 00 00    LDY #$0000
010201  B7 00       LDA [$00],Y
010203  83 09       STA $09,S
010205  A3 12       LDA $12,S
010207  85 10       STA $10
010209  A3 09       LDA $09,S
01020B  45 10       EOR $10
01020D  83 10       STA $10,S
01020F  A3 13       LDA $13,S
010211  85 10       STA $10
010213  A9 00       LDA #$00
010215  45 10       EOR $10
010217  83 11       STA $11,S
010219  A3 10       LDA $10,S
01021B  83 09       STA $09,S
01021D  C2 20       REP #$20
01021F  A3 0A       LDA $0A,S
010221  85 00       STA $00
010223  A3 0B       LDA $0B,S
010225  85 01       STA $01
010227  A3 0E       LDA $0E,S
010229  85 14       STA $14
01022B  E2 20       SEP #$20
01022D  A9 00       LDA #$00
01022F  85 16       STA $16
010231  18          CLC
010232  A5 00       LDA $00
010234  65 14       ADC $14
010236  85 00       STA $00
010238  A5 01       LDA $01
01023A  65 15       ADC $15
01023C  85 01       STA $01
01023E  A5 02       LDA $02
010240  65 16       ADC $16
010242  85 02       STA $02
010244  06 14       ASL $14
010246  26 15       ROL $15
010248  26 16       ROL $16
01024A  A3 09       LDA $09,S
01024C  A0 00 00    LDY #$0000
01024F  97 00       STA [$00],Y
010251  C2 20       REP #$20
010253  A3 04       LDA $04,S
010255  83 0A       STA $0A,S
010257  18          CLC
010258  69 01 00    ADC #$0001
01025B  83 0C       STA $0C,S
01025D  83 04       STA $04,S
01025F  5C B9 00 01 JML $0100B9
010263  A3 02       LDA $02,S
010265  83 0A       STA $0A,S
010267  18          CLC
010268  69 01 00    ADC #$0001
01026B  83 0C       STA $0C,S
01026D  83 02       STA $02,S
01026F  5C 46 00 01 JML $010046
010273  E2 20       SEP #$20
010275  A9 00       LDA #$00
010277  83 0A       STA $0A,S
010279  A9 00       LDA #$00
01027B  83 0B       STA $0B,S
01027D  C2 20       REP #$20
01027F  A3 0A       LDA $0A,S
010281  8F 0A 00 18 STA $18000A
010285  E2 20       SEP #$20
010287  A9 00       LDA #$00
010289  83 0A       STA $0A,S
01028B  A9 00       LDA #$00
01028D  83 0B       STA $0B,S
01028F  C2 20       REP #$20
010291  A3 0A       LDA $0A,S
010293  8F 0C 00 18 STA $18000C
010297  E2 20       SEP #$20
010299  A9 00       LDA #$00
01029B  8F 11 00 18 STA $180011
01029F  A9 00       LDA #$00
0102A1  8F 12 00 18 STA $180012
0102A5  A9 00       LDA #$00
0102A7  8F 13 00 18 STA $180013
0102AB  A9 00       LDA #$00
0102AD  83 0A       STA $0A,S
0102AF  A9 00       LDA #$00
0102B1  83 0B       STA $0B,S
0102B3  C2 20       REP #$20
0102B5  A3 0A       LDA $0A,S
0102B7  8F 08 00 18 STA $180008
0102BB  3B          TSC
0102BC  18          CLC
0102BD  69 14 00    ADC #$0014
0102C0  1B          TCS
0102C1  6B          RTL
0102C2  3B          TSC
0102C3  AA          TAX
0102C4  C5 46       CMP $46
0102C6  B0 04       BCS $0102CC
0102C8  5C D6 02 01 JML $0102D6
0102CC  D0 04       BNE $0102D2
0102CE  5C D6 02 01 JML $0102D6
0102D2  5C E8 02 01 JML $0102E8
0102D6  38          SEC
0102D7  E9 06 00    SBC #$0006
0102DA  B0 04       BCS $0102E0
0102DC  5C E8 02 01 JML $0102E8
0102E0  C5 44       CMP $44
0102E2  90 04       BCC $0102E8
0102E4  5C EF 02 01 JML $0102EF
0102E8  A9 06 00    LDA #$0006
0102EB  5C 00 80 04 JML $048000
0102EF  1B          TCS
0102F0  AF 08 00 18 LDA $180008
0102F4  83 02       STA $02,S
0102F6  E2 20       SEP #$20
0102F8  A9 19       LDA #$19
0102FA  83 04       STA $04,S
0102FC  A9 00       LDA #$00
0102FE  83 05       STA $05,S
010300  C2 20       REP #$20
010302  A3 02       LDA $02,S
010304  C3 04       CMP $04,S
010306  F0 04       BEQ $01030C
010308  5C 1A 03 01 JML $01031A
01030C  C2 20       REP #$20
01030E  A9 00 00    LDA #$0000
010311  A8          TAY
010312  3B          TSC
010313  18          CLC
010314  69 06 00    ADC #$0006
010317  1B          TCS
010318  98          TYA
010319  6B          RTL
01031A  E2 20       SEP #$20
01031C  A9 01       LDA #$01
01031E  83 02       STA $02,S
010320  A9 00       LDA #$00
010322  83 03       STA $03,S
010324  38          SEC
010325  A3 02       LDA $02,S
010327  85 10       STA $10
010329  A9 00       LDA #$00
01032B  E5 10       SBC $10
01032D  83 04       STA $04,S
01032F  A3 03       LDA $03,S
010331  85 10       STA $10
010333  A9 00       LDA #$00
010335  E5 10       SBC $10
010337  83 05       STA $05,S
010339  C2 20       REP #$20
01033B  A3 04       LDA $04,S
01033D  A8          TAY
01033E  3B          TSC
01033F  18          CLC
010340  69 06 00    ADC #$0006
010343  1B          TCS
010344  98          TYA
010345  6B          RTL
010346  3B          TSC
010347  AA          TAX
010348  C5 46       CMP $46
01034A  B0 04       BCS $010350
01034C  5C 5A 03 01 JML $01035A
010350  D0 04       BNE $010356
010352  5C 5A 03 01 JML $01035A
010356  5C 6C 03 01 JML $01036C
01035A  38          SEC
01035B  E9 12 00    SBC #$0012
01035E  B0 04       BCS $010364
010360  5C 6C 03 01 JML $01036C
010364  C5 44       CMP $44
010366  90 04       BCC $01036C
010368  5C 73 03 01 JML $010373
01036C  A9 12 00    LDA #$0012
01036F  5C 00 80 04 JML $048000
010373  1B          TCS
010374  E2 20       SEP #$20
010376  A9 C2       LDA #$C2
010378  85 00       STA $00
01037A  A9 28       LDA #$28
01037C  85 01       STA $01
01037E  A9 18       LDA #$18
010380  85 02       STA $02
010382  A5 00       LDA $00
010384  83 08       STA $08,S
010386  A5 01       LDA $01
010388  83 09       STA $09,S
01038A  A5 02       LDA $02
01038C  83 0A       STA $0A,S
01038E  C2 20       REP #$20
010390  AF 0C 00 18 LDA $18000C
010394  83 10       STA $10,S
010396  E2 20       SEP #$20
010398  C2 20       REP #$20
01039A  A3 08       LDA $08,S
01039C  85 00       STA $00
01039E  A3 09       LDA $09,S
0103A0  85 01       STA $01
0103A2  A3 10       LDA $10,S
0103A4  85 14       STA $14
0103A6  E2 20       SEP #$20
0103A8  A9 00       LDA #$00
0103AA  85 16       STA $16
0103AC  06 14       ASL $14
0103AE  26 15       ROL $15
0103B0  26 16       ROL $16
0103B2  18          CLC
0103B3  A5 00       LDA $00
0103B5  65 14       ADC $14
0103B7  85 00       STA $00
0103B9  A5 01       LDA $01
0103BB  65 15       ADC $15
0103BD  85 01       STA $01
0103BF  A5 02       LDA $02
0103C1  65 16       ADC $16
0103C3  85 02       STA $02
0103C5  06 14       ASL $14
0103C7  26 15       ROL $15
0103C9  26 16       ROL $16
0103CB  06 14       ASL $14
0103CD  26 15       ROL $15
0103CF  26 16       ROL $16
0103D1  18          CLC
0103D2  A5 00       LDA $00
0103D4  65 14       ADC $14
0103D6  85 00       STA $00
0103D8  A5 01       LDA $01
0103DA  65 15       ADC $15
0103DC  85 01       STA $01
0103DE  A5 02       LDA $02
0103E0  65 16       ADC $16
0103E2  85 02       STA $02
0103E4  06 14       ASL $14
0103E6  26 15       ROL $15
0103E8  26 16       ROL $16
0103EA  A5 00       LDA $00
0103EC  83 0C       STA $0C,S
0103EE  A5 01       LDA $01
0103F0  83 0D       STA $0D,S
0103F2  A5 02       LDA $02
0103F4  83 0E       STA $0E,S
0103F6  C2 20       REP #$20
0103F8  A3 0C       LDA $0C,S
0103FA  83 01       STA $01,S
0103FC  A3 0D       LDA $0D,S
0103FE  83 02       STA $02,S
010400  AF 11 00 18 LDA $180011
010404  83 08       STA $08,S
010406  E2 20       SEP #$20
010408  AF 13 00 18 LDA $180013
01040C  83 0A       STA $0A,S
01040E  C2 20       REP #$20
010410  A3 08       LDA $08,S
010412  83 04       STA $04,S
010414  A3 09       LDA $09,S
010416  83 05       STA $05,S
010418  AF 0C 00 18 LDA $18000C
01041C  83 08       STA $08,S
01041E  18          CLC
01041F  69 01 00    ADC #$0001
010422  83 0A       STA $0A,S
010424  8F 0C 00 18 STA $18000C
010428  AF 0C 00 18 LDA $18000C
01042C  83 08       STA $08,S
01042E  E2 20       SEP #$20
010430  A9 03       LDA #$03
010432  49 80       EOR #$80
010434  85 10       STA $10
010436  A3 09       LDA $09,S
010438  49 80       EOR #$80
01043A  C5 10       CMP $10
01043C  B0 04       BCS $010442
01043E  5C 60 04 01 JML $010460
010442  F0 04       BEQ $010448
010444  5C 66 04 01 JML $010466
010448  A9 E8       LDA #$E8
01044A  85 10       STA $10
01044C  A3 08       LDA $08,S
01044E  C5 10       CMP $10
010450  B0 04       BCS $010456
010452  5C 60 04 01 JML $010460
010456  F0 04       BEQ $01045C
010458  5C 66 04 01 JML $010466
01045C  5C 6C 04 01 JML $01046C
010460  A9 00       LDA #$00
010462  5C 72 04 01 JML $010472
010466  A9 01       LDA #$01
010468  5C 72 04 01 JML $010472
01046C  A9 01       LDA #$01
01046E  5C 72 04 01 JML $010472
010472  83 07       STA $07,S
010474  C2 20       REP #$20
010476  E2 20       SEP #$20
010478  A3 07       LDA $07,S
01047A  C2 20       REP #$20
01047C  D0 04       BNE $010482
01047E  5C B0 04 01 JML $0104B0
010482  C2 20       REP #$20
010484  E2 20       SEP #$20
010486  A9 01       LDA #$01
010488  83 08       STA $08,S
01048A  A9 00       LDA #$00
01048C  83 09       STA $09,S
01048E  38          SEC
01048F  A3 08       LDA $08,S
010491  85 10       STA $10
010493  A9 00       LDA #$00
010495  E5 10       SBC $10
010497  83 0A       STA $0A,S
010499  A3 09       LDA $09,S
01049B  85 10       STA $10
01049D  A9 00       LDA #$00
01049F  E5 10       SBC $10
0104A1  83 0B       STA $0B,S
0104A3  C2 20       REP #$20
0104A5  A3 0A       LDA $0A,S
0104A7  A8          TAY
0104A8  3B          TSC
0104A9  18          CLC
0104AA  69 12 00    ADC #$0012
0104AD  1B          TCS
0104AE  98          TYA
0104AF  6B          RTL
0104B0  A3 01       LDA $01,S
0104B2  83 08       STA $08,S
0104B4  A3 02       LDA $02,S
0104B6  83 09       STA $09,S
0104B8  A3 16       LDA $16,S
0104BA  83 0C       STA $0C,S
0104BC  A3 08       LDA $08,S
0104BE  85 00       STA $00
0104C0  A3 09       LDA $09,S
0104C2  85 01       STA $01
0104C4  A3 0C       LDA $0C,S
0104C6  A0 00 00    LDY #$0000
0104C9  97 00       STA [$00],Y
0104CB  A3 01       LDA $01,S
0104CD  83 08       STA $08,S
0104CF  A3 02       LDA $02,S
0104D1  83 09       STA $09,S
0104D3  A3 18       LDA $18,S
0104D5  83 0C       STA $0C,S
0104D7  A3 08       LDA $08,S
0104D9  85 00       STA $00
0104DB  A3 09       LDA $09,S
0104DD  85 01       STA $01
0104DF  A3 0C       LDA $0C,S
0104E1  A0 02 00    LDY #$0002
0104E4  97 00       STA [$00],Y
0104E6  A3 01       LDA $01,S
0104E8  83 08       STA $08,S
0104EA  A3 02       LDA $02,S
0104EC  83 09       STA $09,S
0104EE  A3 1A       LDA $1A,S
0104F0  83 0C       STA $0C,S
0104F2  A3 08       LDA $08,S
0104F4  85 00       STA $00
0104F6  A3 09       LDA $09,S
0104F8  85 01       STA $01
0104FA  A3 0C       LDA $0C,S
0104FC  A0 04 00    LDY #$0004
0104FF  97 00       STA [$00],Y
010501  A3 01       LDA $01,S
010503  83 08       STA $08,S
010505  A3 02       LDA $02,S
010507  83 09       STA $09,S
010509  A3 08       LDA $08,S
01050B  85 00       STA $00
01050D  A3 09       LDA $09,S
01050F  85 01       STA $01
010511  E2 20       SEP #$20
010513  A9 00       LDA #$00
010515  A0 06 00    LDY #$0006
010518  97 00       STA [$00],Y
01051A  A9 00       LDA #$00
01051C  A0 07 00    LDY #$0007
01051F  97 00       STA [$00],Y
010521  A9 00       LDA #$00
010523  A0 08 00    LDY #$0008
010526  97 00       STA [$00],Y
010528  C2 20       REP #$20
01052A  A3 04       LDA $04,S
01052C  83 08       STA $08,S
01052E  A3 05       LDA $05,S
010530  83 09       STA $09,S
010532  E2 20       SEP #$20
010534  A9 00       LDA #$00
010536  85 10       STA $10
010538  A3 0A       LDA $0A,S
01053A  C5 10       CMP $10
01053C  B0 04       BCS $010542
01053E  5C 74 05 01 JML $010574
010542  F0 04       BEQ $010548
010544  5C 7A 05 01 JML $01057A
010548  A9 00       LDA #$00
01054A  85 10       STA $10
01054C  A3 09       LDA $09,S
01054E  C5 10       CMP $10
010550  B0 04       BCS $010556
010552  5C 74 05 01 JML $010574
010556  F0 04       BEQ $01055C
010558  5C 7A 05 01 JML $01057A
01055C  A9 00       LDA #$00
01055E  85 10       STA $10
010560  A3 08       LDA $08,S
010562  C5 10       CMP $10
010564  B0 04       BCS $01056A
010566  5C 74 05 01 JML $010574
01056A  F0 04       BEQ $010570
01056C  5C 7A 05 01 JML $01057A
010570  5C 80 05 01 JML $010580
010574  A9 00       LDA #$00
010576  5C 86 05 01 JML $010586
01057A  A9 00       LDA #$00
01057C  5C 86 05 01 JML $010586
010580  A9 01       LDA #$01
010582  5C 86 05 01 JML $010586
010586  83 07       STA $07,S
010588  C2 20       REP #$20
01058A  E2 20       SEP #$20
01058C  A3 07       LDA $07,S
01058E  C2 20       REP #$20
010590  D0 04       BNE $010596
010592  5C B4 05 01 JML $0105B4
010596  C2 20       REP #$20
010598  A3 01       LDA $01,S
01059A  83 08       STA $08,S
01059C  A3 02       LDA $02,S
01059E  83 09       STA $09,S
0105A0  A3 08       LDA $08,S
0105A2  8F 11 00 18 STA $180011
0105A6  E2 20       SEP #$20
0105A8  A3 0A       LDA $0A,S
0105AA  8F 13 00 18 STA $180013
0105AE  C2 20       REP #$20
0105B0  5C 90 06 01 JML $010690
0105B4  A3 04       LDA $04,S
0105B6  83 0C       STA $0C,S
0105B8  A3 05       LDA $05,S
0105BA  83 0D       STA $0D,S
0105BC  A3 0C       LDA $0C,S
0105BE  85 00       STA $00
0105C0  A3 0D       LDA $0D,S
0105C2  85 01       STA $01
0105C4  A0 06 00    LDY #$0006
0105C7  B7 00       LDA [$00],Y
0105C9  83 08       STA $08,S
0105CB  E2 20       SEP #$20
0105CD  A0 08 00    LDY #$0008
0105D0  B7 00       LDA [$00],Y
0105D2  83 0A       STA $0A,S
0105D4  A9 00       LDA #$00
0105D6  85 10       STA $10
0105D8  A3 0A       LDA $0A,S
0105DA  C5 10       CMP $10
0105DC  B0 04       BCS $0105E2
0105DE  5C 14 06 01 JML $010614
0105E2  F0 04       BEQ $0105E8
0105E4  5C 1A 06 01 JML $01061A
0105E8  A9 00       LDA #$00
0105EA  85 10       STA $10
0105EC  A3 09       LDA $09,S
0105EE  C5 10       CMP $10
0105F0  B0 04       BCS $0105F6
0105F2  5C 14 06 01 JML $010614
0105F6  F0 04       BEQ $0105FC
0105F8  5C 1A 06 01 JML $01061A
0105FC  A9 00       LDA #$00
0105FE  85 10       STA $10
010600  A3 08       LDA $08,S
010602  C5 10       CMP $10
010604  B0 04       BCS $01060A
010606  5C 14 06 01 JML $010614
01060A  F0 04       BEQ $010610
01060C  5C 1A 06 01 JML $01061A
010610  5C 20 06 01 JML $010620
010614  A9 01       LDA #$01
010616  5C 26 06 01 JML $010626
01061A  A9 01       LDA #$01
01061C  5C 26 06 01 JML $010626
010620  A9 00       LDA #$00
010622  5C 26 06 01 JML $010626
010626  83 07       STA $07,S
010628  C2 20       REP #$20
01062A  E2 20       SEP #$20
01062C  A3 07       LDA $07,S
01062E  C2 20       REP #$20
010630  D0 04       BNE $010636
010632  5C 66 06 01 JML $010666
010636  C2 20       REP #$20
010638  A3 04       LDA $04,S
01063A  83 08       STA $08,S
01063C  A3 05       LDA $05,S
01063E  83 09       STA $09,S
010640  A3 08       LDA $08,S
010642  85 00       STA $00
010644  A3 09       LDA $09,S
010646  85 01       STA $01
010648  A0 06 00    LDY #$0006
01064B  B7 00       LDA [$00],Y
01064D  83 0C       STA $0C,S
01064F  E2 20       SEP #$20
010651  A0 08 00    LDY #$0008
010654  B7 00       LDA [$00],Y
010656  83 0E       STA $0E,S
010658  C2 20       REP #$20
01065A  A3 0C       LDA $0C,S
01065C  83 04       STA $04,S
01065E  A3 0D       LDA $0D,S
010660  83 05       STA $05,S
010662  5C B4 05 01 JML $0105B4
010666  A3 04       LDA $04,S
010668  83 08       STA $08,S
01066A  A3 05       LDA $05,S
01066C  83 09       STA $09,S
01066E  A3 01       LDA $01,S
010670  83 0C       STA $0C,S
010672  A3 02       LDA $02,S
010674  83 0D       STA $0D,S
010676  A3 08       LDA $08,S
010678  85 00       STA $00
01067A  A3 09       LDA $09,S
01067C  85 01       STA $01
01067E  A3 0C       LDA $0C,S
010680  A0 06 00    LDY #$0006
010683  97 00       STA [$00],Y
010685  E2 20       SEP #$20
010687  A3 0E       LDA $0E,S
010689  A0 08 00    LDY #$0008
01068C  97 00       STA [$00],Y
01068E  C2 20       REP #$20
010690  AF 0A 00 18 LDA $18000A
010694  83 08       STA $08,S
010696  18          CLC
010697  69 01 00    ADC #$0001
01069A  83 0A       STA $0A,S
01069C  8F 0A 00 18 STA $18000A
0106A0  A9 00 00    LDA #$0000
0106A3  A8          TAY
0106A4  3B          TSC
0106A5  18          CLC
0106A6  69 12 00    ADC #$0012
0106A9  1B          TCS
0106AA  98          TYA
0106AB  6B          RTL
0106AC  3B          TSC
0106AD  AA          TAX
0106AE  C5 46       CMP $46
0106B0  B0 04       BCS $0106B6
0106B2  5C C0 06 01 JML $0106C0
0106B6  D0 04       BNE $0106BC
0106B8  5C C0 06 01 JML $0106C0
0106BC  5C D2 06 01 JML $0106D2
0106C0  38          SEC
0106C1  E9 0C 00    SBC #$000C
0106C4  B0 04       BCS $0106CA
0106C6  5C D2 06 01 JML $0106D2
0106CA  C5 44       CMP $44
0106CC  90 04       BCC $0106D2
0106CE  5C D9 06 01 JML $0106D9
0106D2  A9 0C 00    LDA #$000C
0106D5  5C 00 80 04 JML $048000
0106D9  1B          TCS
0106DA  AF 11 00 18 LDA $180011
0106DE  83 02       STA $02,S
0106E0  E2 20       SEP #$20
0106E2  AF 13 00 18 LDA $180013
0106E6  83 04       STA $04,S
0106E8  A9 00       LDA #$00
0106EA  85 10       STA $10
0106EC  A3 04       LDA $04,S
0106EE  C5 10       CMP $10
0106F0  B0 04       BCS $0106F6
0106F2  5C 28 07 01 JML $010728
0106F6  F0 04       BEQ $0106FC
0106F8  5C 2E 07 01 JML $01072E
0106FC  A9 00       LDA #$00
0106FE  85 10       STA $10
010700  A3 03       LDA $03,S
010702  C5 10       CMP $10
010704  B0 04       BCS $01070A
010706  5C 28 07 01 JML $010728
01070A  F0 04       BEQ $010710
01070C  5C 2E 07 01 JML $01072E
010710  A9 00       LDA #$00
010712  85 10       STA $10
010714  A3 02       LDA $02,S
010716  C5 10       CMP $10
010718  B0 04       BCS $01071E
01071A  5C 28 07 01 JML $010728
01071E  F0 04       BEQ $010724
010720  5C 2E 07 01 JML $01072E
010724  5C 34 07 01 JML $010734
010728  A9 01       LDA #$01
01072A  5C 3A 07 01 JML $01073A
01072E  A9 01       LDA #$01
010730  5C 3A 07 01 JML $01073A
010734  A9 00       LDA #$00
010736  5C 3A 07 01 JML $01073A
01073A  83 01       STA $01,S
01073C  C2 20       REP #$20
01073E  E2 20       SEP #$20
010740  A3 01       LDA $01,S
010742  C2 20       REP #$20
010744  D0 04       BNE $01074A
010746  5C 38 08 01 JML $010838
01074A  C2 20       REP #$20
01074C  A3 10       LDA $10,S
01074E  83 02       STA $02,S
010750  A3 11       LDA $11,S
010752  83 03       STA $03,S
010754  AF 11 00 18 LDA $180011
010758  83 06       STA $06,S
01075A  E2 20       SEP #$20
01075C  AF 13 00 18 LDA $180013
010760  83 08       STA $08,S
010762  C2 20       REP #$20
010764  A3 06       LDA $06,S
010766  85 00       STA $00
010768  A3 07       LDA $07,S
01076A  85 01       STA $01
01076C  A0 00 00    LDY #$0000
01076F  B7 00       LDA [$00],Y
010771  83 0A       STA $0A,S
010773  A3 02       LDA $02,S
010775  85 00       STA $00
010777  A3 03       LDA $03,S
010779  85 01       STA $01
01077B  A3 0A       LDA $0A,S
01077D  A0 00 00    LDY #$0000
010780  97 00       STA [$00],Y
010782  A3 13       LDA $13,S
010784  83 02       STA $02,S
010786  A3 14       LDA $14,S
010788  83 03       STA $03,S
01078A  AF 11 00 18 LDA $180011
01078E  83 06       STA $06,S
010790  E2 20       SEP #$20
010792  AF 13 00 18 LDA $180013
010796  83 08       STA $08,S
010798  C2 20       REP #$20
01079A  A3 06       LDA $06,S
01079C  85 00       STA $00
01079E  A3 07       LDA $07,S
0107A0  85 01       STA $01
0107A2  A0 02 00    LDY #$0002
0107A5  B7 00       LDA [$00],Y
0107A7  83 0A       STA $0A,S
0107A9  A3 02       LDA $02,S
0107AB  85 00       STA $00
0107AD  A3 03       LDA $03,S
0107AF  85 01       STA $01
0107B1  A3 0A       LDA $0A,S
0107B3  A0 00 00    LDY #$0000
0107B6  97 00       STA [$00],Y
0107B8  A3 16       LDA $16,S
0107BA  83 02       STA $02,S
0107BC  A3 17       LDA $17,S
0107BE  83 03       STA $03,S
0107C0  AF 11 00 18 LDA $180011
0107C4  83 06       STA $06,S
0107C6  E2 20       SEP #$20
0107C8  AF 13 00 18 LDA $180013
0107CC  83 08       STA $08,S
0107CE  C2 20       REP #$20
0107D0  A3 06       LDA $06,S
0107D2  85 00       STA $00
0107D4  A3 07       LDA $07,S
0107D6  85 01       STA $01
0107D8  A0 04 00    LDY #$0004
0107DB  B7 00       LDA [$00],Y
0107DD  83 0A       STA $0A,S
0107DF  A3 02       LDA $02,S
0107E1  85 00       STA $00
0107E3  A3 03       LDA $03,S
0107E5  85 01       STA $01
0107E7  A3 0A       LDA $0A,S
0107E9  A0 00 00    LDY #$0000
0107EC  97 00       STA [$00],Y
0107EE  AF 11 00 18 LDA $180011
0107F2  83 02       STA $02,S
0107F4  E2 20       SEP #$20
0107F6  AF 13 00 18 LDA $180013
0107FA  83 04       STA $04,S
0107FC  C2 20       REP #$20
0107FE  A3 02       LDA $02,S
010800  85 00       STA $00
010802  A3 03       LDA $03,S
010804  85 01       STA $01
010806  A0 06 00    LDY #$0006
010809  B7 00       LDA [$00],Y
01080B  83 06       STA $06,S
01080D  E2 20       SEP #$20
01080F  A0 08 00    LDY #$0008
010812  B7 00       LDA [$00],Y
010814  83 08       STA $08,S
010816  C2 20       REP #$20
010818  A3 06       LDA $06,S
01081A  8F 11 00 18 STA $180011
01081E  E2 20       SEP #$20
010820  A3 08       LDA $08,S
010822  8F 13 00 18 STA $180013
010826  C2 20       REP #$20
010828  AF 0A 00 18 LDA $18000A
01082C  83 02       STA $02,S
01082E  38          SEC
01082F  E9 01 00    SBC #$0001
010832  83 04       STA $04,S
010834  8F 0A 00 18 STA $18000A
010838  3B          TSC
010839  18          CLC
01083A  69 0C 00    ADC #$000C
01083D  1B          TCS
01083E  6B          RTL
01083F  3B          TSC
010840  AA          TAX
010841  C5 46       CMP $46
010843  B0 04       BCS $010849
010845  5C 53 08 01 JML $010853
010849  D0 04       BNE $01084F
01084B  5C 53 08 01 JML $010853
01084F  5C 65 08 01 JML $010865
010853  38          SEC
010854  E9 04 00    SBC #$0004
010857  B0 04       BCS $01085D
010859  5C 65 08 01 JML $010865
01085D  C5 44       CMP $44
01085F  90 04       BCC $010865
010861  5C 6C 08 01 JML $01086C
010865  A9 04 00    LDA #$0004
010868  5C 00 80 04 JML $048000
01086C  1B          TCS
01086D  AF 0A 00 18 LDA $18000A
010871  83 02       STA $02,S
010873  A8          TAY
010874  3B          TSC
010875  18          CLC
010876  69 04 00    ADC #$0004
010879  1B          TCS
01087A  98          TYA
01087B  6B          RTL
01087C  3B          TSC
01087D  AA          TAX
01087E  C5 46       CMP $46
010880  B0 04       BCS $010886
010882  5C 90 08 01 JML $010890
010886  D0 04       BNE $01088C
010888  5C 90 08 01 JML $010890
01088C  5C A2 08 01 JML $0108A2
010890  38          SEC
010891  E9 1C 00    SBC #$001C
010894  B0 04       BCS $01089A
010896  5C A2 08 01 JML $0108A2
01089A  C5 44       CMP $44
01089C  90 04       BCC $0108A2
01089E  5C A9 08 01 JML $0108A9
0108A2  A9 1C 00    LDA #$001C
0108A5  5C 00 80 04 JML $048000
0108A9  1B          TCS
0108AA  E2 20       SEP #$20
0108AC  A9 00       LDA #$00
0108AE  83 10       STA $10,S
0108B0  A9 00       LDA #$00
0108B2  83 11       STA $11,S
0108B4  C2 20       REP #$20
0108B6  A3 10       LDA $10,S
0108B8  83 06       STA $06,S
0108BA  E2 20       SEP #$20
0108BC  A9 00       LDA #$00
0108BE  83 10       STA $10,S
0108C0  A9 00       LDA #$00
0108C2  83 11       STA $11,S
0108C4  C2 20       REP #$20
0108C6  A3 10       LDA $10,S
0108C8  83 0A       STA $0A,S
0108CA  E2 20       SEP #$20
0108CC  A9 00       LDA #$00
0108CE  83 10       STA $10,S
0108D0  A9 00       LDA #$00
0108D2  83 11       STA $11,S
0108D4  C2 20       REP #$20
0108D6  A3 10       LDA $10,S
0108D8  83 02       STA $02,S
0108DA  A3 02       LDA $02,S
0108DC  83 10       STA $10,S
0108DE  A9 64 00    LDA #$0064
0108E1  38          SEC
0108E2  E9 01 00    SBC #$0001
0108E5  83 12       STA $12,S
0108E7  E2 20       SEP #$20
0108E9  A3 13       LDA $13,S
0108EB  49 80       EOR #$80
0108ED  85 10       STA $10
0108EF  A3 11       LDA $11,S
0108F1  49 80       EOR #$80
0108F3  C5 10       CMP $10
0108F5  B0 04       BCS $0108FB
0108F7  5C 19 09 01 JML $010919
0108FB  F0 04       BEQ $010901
0108FD  5C 1F 09 01 JML $01091F
010901  A3 12       LDA $12,S
010903  85 10       STA $10
010905  A3 10       LDA $10,S
010907  C5 10       CMP $10
010909  B0 04       BCS $01090F
01090B  5C 19 09 01 JML $010919
01090F  F0 04       BEQ $010915
010911  5C 1F 09 01 JML $01091F
010915  5C 25 09 01 JML $010925
010919  A9 01       LDA #$01
01091B  5C 2B 09 01 JML $01092B
01091F  A9 00       LDA #$00
010921  5C 2B 09 01 JML $01092B
010925  A9 01       LDA #$01
010927  5C 2B 09 01 JML $01092B
01092B  83 0F       STA $0F,S
01092D  C2 20       REP #$20
01092F  E2 20       SEP #$20
010931  A3 0F       LDA $0F,S
010933  C2 20       REP #$20
010935  D0 04       BNE $01093B
010937  5C 17 0A 01 JML $010A17
01093B  C2 20       REP #$20
01093D  E2 20       SEP #$20
01093F  A9 22       LDA #$22
010941  85 00       STA $00
010943  A9 00       LDA #$00
010945  85 01       STA $01
010947  A9 18       LDA #$18
010949  85 02       STA $02
01094B  A5 00       LDA $00
01094D  83 10       STA $10,S
01094F  A5 01       LDA $01
010951  83 11       STA $11,S
010953  A5 02       LDA $02
010955  83 12       STA $12,S
010957  C2 20       REP #$20
010959  A3 02       LDA $02,S
01095B  83 14       STA $14,S
01095D  A3 10       LDA $10,S
01095F  85 00       STA $00
010961  A3 11       LDA $11,S
010963  85 01       STA $01
010965  A3 14       LDA $14,S
010967  85 14       STA $14
010969  E2 20       SEP #$20
01096B  A9 00       LDA #$00
01096D  85 16       STA $16
01096F  06 14       ASL $14
010971  26 15       ROL $15
010973  26 16       ROL $16
010975  06 14       ASL $14
010977  26 15       ROL $15
010979  26 16       ROL $16
01097B  18          CLC
01097C  A5 00       LDA $00
01097E  65 14       ADC $14
010980  85 00       STA $00
010982  A5 01       LDA $01
010984  65 15       ADC $15
010986  85 01       STA $01
010988  A5 02       LDA $02
01098A  65 16       ADC $16
01098C  85 02       STA $02
01098E  06 14       ASL $14
010990  26 15       ROL $15
010992  26 16       ROL $16
010994  A9 0F       LDA #$0F
010996  A0 00 00    LDY #$0000
010999  97 00       STA [$00],Y
01099B  A9 27       LDA #$27
01099D  A0 01 00    LDY #$0001
0109A0  97 00       STA [$00],Y
0109A2  A9 22       LDA #$22
0109A4  85 00       STA $00
0109A6  A9 00       LDA #$00
0109A8  85 01       STA $01
0109AA  A9 18       LDA #$18
0109AC  85 02       STA $02
0109AE  A5 00       LDA $00
0109B0  83 10       STA $10,S
0109B2  A5 01       LDA $01
0109B4  83 11       STA $11,S
0109B6  A5 02       LDA $02
0109B8  83 12       STA $12,S
0109BA  C2 20       REP #$20
0109BC  A3 02       LDA $02,S
0109BE  83 14       STA $14,S
0109C0  A3 10       LDA $10,S
0109C2  85 00       STA $00
0109C4  A3 11       LDA $11,S
0109C6  85 01       STA $01
0109C8  A3 14       LDA $14,S
0109CA  85 14       STA $14
0109CC  E2 20       SEP #$20
0109CE  A9 00       LDA #$00
0109D0  85 16       STA $16
0109D2  06 14       ASL $14
0109D4  26 15       ROL $15
0109D6  26 16       ROL $16
0109D8  06 14       ASL $14
0109DA  26 15       ROL $15
0109DC  26 16       ROL $16
0109DE  18          CLC
0109DF  A5 00       LDA $00
0109E1  65 14       ADC $14
0109E3  85 00       STA $00
0109E5  A5 01       LDA $01
0109E7  65 15       ADC $15
0109E9  85 01       STA $01
0109EB  A5 02       LDA $02
0109ED  65 16       ADC $16
0109EF  85 02       STA $02
0109F1  06 14       ASL $14
0109F3  26 15       ROL $15
0109F5  26 16       ROL $16
0109F7  A9 0F       LDA #$0F
0109F9  A0 02 00    LDY #$0002
0109FC  97 00       STA [$00],Y
0109FE  A9 27       LDA #$27
010A00  A0 03 00    LDY #$0003
010A03  97 00       STA [$00],Y
010A05  C2 20       REP #$20
010A07  A3 02       LDA $02,S
010A09  83 10       STA $10,S
010A0B  18          CLC
010A0C  69 01 00    ADC #$0001
010A0F  83 12       STA $12,S
010A11  83 02       STA $02,S
010A13  5C DA 08 01 JML $0108DA
010A17  A3 20       LDA $20,S
010A19  83 10       STA $10,S
010A1B  A3 22       LDA $22,S
010A1D  83 12       STA $12,S
010A1F  A3 10       LDA $10,S
010A21  C3 12       CMP $12,S
010A23  D0 04       BNE $010A29
010A25  5C C5 11 01 JML $0111C5
010A29  C2 20       REP #$20
010A2B  E2 20       SEP #$20
010A2D  A9 22       LDA #$22
010A2F  85 00       STA $00
010A31  A9 00       LDA #$00
010A33  85 01       STA $01
010A35  A9 18       LDA #$18
010A37  85 02       STA $02
010A39  A5 00       LDA $00
010A3B  83 10       STA $10,S
010A3D  A5 01       LDA $01
010A3F  83 11       STA $11,S
010A41  A5 02       LDA $02
010A43  83 12       STA $12,S
010A45  C2 20       REP #$20
010A47  A3 20       LDA $20,S
010A49  83 14       STA $14,S
010A4B  E2 20       SEP #$20
010A4D  A9 00       LDA #$00
010A4F  83 16       STA $16,S
010A51  A9 00       LDA #$00
010A53  83 17       STA $17,S
010A55  C2 20       REP #$20
010A57  A3 10       LDA $10,S
010A59  85 00       STA $00
010A5B  A3 11       LDA $11,S
010A5D  85 01       STA $01
010A5F  A3 14       LDA $14,S
010A61  85 14       STA $14
010A63  E2 20       SEP #$20
010A65  A9 00       LDA #$00
010A67  85 16       STA $16
010A69  06 14       ASL $14
010A6B  26 15       ROL $15
010A6D  26 16       ROL $16
010A6F  06 14       ASL $14
010A71  26 15       ROL $15
010A73  26 16       ROL $16
010A75  18          CLC
010A76  A5 00       LDA $00
010A78  65 14       ADC $14
010A7A  85 00       STA $00
010A7C  A5 01       LDA $01
010A7E  65 15       ADC $15
010A80  85 01       STA $01
010A82  A5 02       LDA $02
010A84  65 16       ADC $16
010A86  85 02       STA $02
010A88  06 14       ASL $14
010A8A  26 15       ROL $15
010A8C  26 16       ROL $16
010A8E  C2 20       REP #$20
010A90  A3 16       LDA $16,S
010A92  A0 00 00    LDY #$0000
010A95  97 00       STA [$00],Y
010A97  E2 20       SEP #$20
010A99  A9 22       LDA #$22
010A9B  85 00       STA $00
010A9D  A9 00       LDA #$00
010A9F  85 01       STA $01
010AA1  A9 18       LDA #$18
010AA3  85 02       STA $02
010AA5  A5 00       LDA $00
010AA7  83 10       STA $10,S
010AA9  A5 01       LDA $01
010AAB  83 11       STA $11,S
010AAD  A5 02       LDA $02
010AAF  83 12       STA $12,S
010AB1  C2 20       REP #$20
010AB3  A3 20       LDA $20,S
010AB5  83 14       STA $14,S
010AB7  A3 10       LDA $10,S
010AB9  85 00       STA $00
010ABB  A3 11       LDA $11,S
010ABD  85 01       STA $01
010ABF  A3 14       LDA $14,S
010AC1  85 14       STA $14
010AC3  E2 20       SEP #$20
010AC5  A9 00       LDA #$00
010AC7  85 16       STA $16
010AC9  06 14       ASL $14
010ACB  26 15       ROL $15
010ACD  26 16       ROL $16
010ACF  06 14       ASL $14
010AD1  26 15       ROL $15
010AD3  26 16       ROL $16
010AD5  18          CLC
010AD6  A5 00       LDA $00
010AD8  65 14       ADC $14
010ADA  85 00       STA $00
010ADC  A5 01       LDA $01
010ADE  65 15       ADC $15
010AE0  85 01       STA $01
010AE2  A5 02       LDA $02
010AE4  65 16       ADC $16
010AE6  85 02       STA $02
010AE8  06 14       ASL $14
010AEA  26 15       ROL $15
010AEC  26 16       ROL $16
010AEE  A9 0F       LDA #$0F
010AF0  A0 02 00    LDY #$0002
010AF3  97 00       STA [$00],Y
010AF5  A9 27       LDA #$27
010AF7  A0 03 00    LDY #$0003
010AFA  97 00       STA [$00],Y
010AFC  C2 20       REP #$20
010AFE  A3 20       LDA $20,S
010B00  83 12       STA $12,S
010B02  E2 20       SEP #$20
010B04  A9 00       LDA #$00
010B06  83 14       STA $14,S
010B08  A9 00       LDA #$00
010B0A  83 15       STA $15,S
010B0C  C2 20       REP #$20
010B0E  3B          TSC
010B0F  AA          TAX
010B10  C5 46       CMP $46
010B12  B0 04       BCS $010B18
010B14  5C 22 0B 01 JML $010B22
010B18  D0 04       BNE $010B1E
010B1A  5C 22 0B 01 JML $010B22
010B1E  5C 34 0B 01 JML $010B34
010B22  38          SEC
010B23  E9 0A 00    SBC #$000A
010B26  B0 04       BCS $010B2C
010B28  5C 34 0B 01 JML $010B34
010B2C  C5 44       CMP $44
010B2E  90 04       BCC $010B34
010B30  5C 3B 0B 01 JML $010B3B
010B34  A9 0A 00    LDA #$000A
010B37  5C 00 80 04 JML $048000
010B3B  3B          TSC
010B3C  38          SEC
010B3D  E9 07 00    SBC #$0007
010B40  1B          TCS
010B41  E2 20       SEP #$20
010B43  A9 00       LDA #$00
010B45  83 01       STA $01,S
010B47  83 02       STA $02,S
010B49  83 03       STA $03,S
010B4B  83 04       STA $04,S
010B4D  83 05       STA $05,S
010B4F  83 06       STA $06,S
010B51  83 07       STA $07,S
010B53  A3 19       LDA $19,S
010B55  83 01       STA $01,S
010B57  A3 1A       LDA $1A,S
010B59  83 02       STA $02,S
010B5B  A3 1B       LDA $1B,S
010B5D  83 03       STA $03,S
010B5F  A3 1C       LDA $1C,S
010B61  83 04       STA $04,S
010B63  A9 0F       LDA #$0F
010B65  83 05       STA $05,S
010B67  A9 27       LDA #$27
010B69  83 06       STA $06,S
010B6B  C2 20       REP #$20
010B6D  22 46 03 01 JSL $010346
010B71  A8          TAY
010B72  3B          TSC
010B73  18          CLC
010B74  69 07 00    ADC #$0007
010B77  1B          TCS
010B78  98          TYA
010B79  E2 20       SEP #$20
010B7B  83 10       STA $10,S
010B7D  EB          XBA
010B7E  83 11       STA $11,S
010B80  C2 20       REP #$20
010B82  E2 20       SEP #$20
010B84  A9 01       LDA #$01
010B86  83 14       STA $14,S
010B88  A9 00       LDA #$00
010B8A  83 15       STA $15,S
010B8C  38          SEC
010B8D  A3 14       LDA $14,S
010B8F  85 10       STA $10
010B91  A9 00       LDA #$00
010B93  E5 10       SBC $10
010B95  83 12       STA $12,S
010B97  A3 15       LDA $15,S
010B99  85 10       STA $10
010B9B  A9 00       LDA #$00
010B9D  E5 10       SBC $10
010B9F  83 13       STA $13,S
010BA1  C2 20       REP #$20
010BA3  A3 10       LDA $10,S
010BA5  C3 12       CMP $12,S
010BA7  F0 04       BEQ $010BAD
010BA9  5C DB 0B 01 JML $010BDB
010BAD  C2 20       REP #$20
010BAF  E2 20       SEP #$20
010BB1  A9 01       LDA #$01
010BB3  83 10       STA $10,S
010BB5  A9 00       LDA #$00
010BB7  83 11       STA $11,S
010BB9  38          SEC
010BBA  A3 10       LDA $10,S
010BBC  85 10       STA $10
010BBE  A9 00       LDA #$00
010BC0  E5 10       SBC $10
010BC2  83 12       STA $12,S
010BC4  A3 11       LDA $11,S
010BC6  85 10       STA $10
010BC8  A9 00       LDA #$00
010BCA  E5 10       SBC $10
010BCC  83 13       STA $13,S
010BCE  C2 20       REP #$20
010BD0  A3 12       LDA $12,S
010BD2  A8          TAY
010BD3  3B          TSC
010BD4  18          CLC
010BD5  69 1C 00    ADC #$001C
010BD8  1B          TCS
010BD9  98          TYA
010BDA  6B          RTL
010BDB  3B          TSC
010BDC  AA          TAX
010BDD  C5 46       CMP $46
010BDF  B0 04       BCS $010BE5
010BE1  5C EF 0B 01 JML $010BEF
010BE5  D0 04       BNE $010BEB
010BE7  5C EF 0B 01 JML $010BEF
010BEB  5C 01 0C 01 JML $010C01
010BEF  38          SEC
010BF0  E9 04 00    SBC #$0004
010BF3  B0 04       BCS $010BF9
010BF5  5C 01 0C 01 JML $010C01
010BF9  C5 44       CMP $44
010BFB  90 04       BCC $010C01
010BFD  5C 08 0C 01 JML $010C08
010C01  A9 04 00    LDA #$0004
010C04  5C 00 80 04 JML $048000
010C08  3B          TSC
010C09  38          SEC
010C0A  E9 01 00    SBC #$0001
010C0D  1B          TCS
010C0E  E2 20       SEP #$20
010C10  A9 00       LDA #$00
010C12  83 01       STA $01,S
010C14  C2 20       REP #$20
010C16  22 3F 08 01 JSL $01083F
010C1A  A8          TAY
010C1B  3B          TSC
010C1C  18          CLC
010C1D  69 01 00    ADC #$0001
010C20  1B          TCS
010C21  98          TYA
010C22  E2 20       SEP #$20
010C24  83 10       STA $10,S
010C26  EB          XBA
010C27  83 11       STA $11,S
010C29  C2 20       REP #$20
010C2B  E2 20       SEP #$20
010C2D  A9 00       LDA #$00
010C2F  83 12       STA $12,S
010C31  A9 00       LDA #$00
010C33  83 13       STA $13,S
010C35  A3 13       LDA $13,S
010C37  49 80       EOR #$80
010C39  85 10       STA $10
010C3B  A3 11       LDA $11,S
010C3D  49 80       EOR #$80
010C3F  C5 10       CMP $10
010C41  B0 04       BCS $010C47
010C43  5C 65 0C 01 JML $010C65
010C47  F0 04       BEQ $010C4D
010C49  5C 6B 0C 01 JML $010C6B
010C4D  A3 12       LDA $12,S
010C4F  85 10       STA $10
010C51  A3 10       LDA $10,S
010C53  C5 10       CMP $10
010C55  B0 04       BCS $010C5B
010C57  5C 65 0C 01 JML $010C65
010C5B  F0 04       BEQ $010C61
010C5D  5C 6B 0C 01 JML $010C6B
010C61  5C 71 0C 01 JML $010C71
010C65  A9 00       LDA #$00
010C67  5C 77 0C 01 JML $010C77
010C6B  A9 01       LDA #$01
010C6D  5C 77 0C 01 JML $010C77
010C71  A9 00       LDA #$00
010C73  5C 77 0C 01 JML $010C77
010C77  83 0F       STA $0F,S
010C79  C2 20       REP #$20
010C7B  E2 20       SEP #$20
010C7D  A3 0F       LDA $0F,S
010C7F  C2 20       REP #$20
010C81  D0 04       BNE $010C87
010C83  5C C5 11 01 JML $0111C5
010C87  C2 20       REP #$20
010C89  E2 20       SEP #$20
010C8B  C2 20       REP #$20
010C8D  3B          TSC
010C8E  18          CLC
010C8F  69 06 00    ADC #$0006
010C92  85 00       STA $00
010C94  E2 20       SEP #$20
010C96  A9 00       LDA #$00
010C98  85 02       STA $02
010C9A  A5 00       LDA $00
010C9C  83 10       STA $10,S
010C9E  A5 01       LDA $01
010CA0  83 11       STA $11,S
010CA2  A5 02       LDA $02
010CA4  83 12       STA $12,S
010CA6  C2 20       REP #$20
010CA8  3B          TSC
010CA9  18          CLC
010CAA  69 0A 00    ADC #$000A
010CAD  85 00       STA $00
010CAF  E2 20       SEP #$20
010CB1  A9 00       LDA #$00
010CB3  85 02       STA $02
010CB5  A5 00       LDA $00
010CB7  83 14       STA $14,S
010CB9  A5 01       LDA $01
010CBB  83 15       STA $15,S
010CBD  A5 02       LDA $02
010CBF  83 16       STA $16,S
010CC1  C2 20       REP #$20
010CC3  3B          TSC
010CC4  18          CLC
010CC5  69 04 00    ADC #$0004
010CC8  85 00       STA $00
010CCA  E2 20       SEP #$20
010CCC  A9 00       LDA #$00
010CCE  85 02       STA $02
010CD0  A5 00       LDA $00
010CD2  83 18       STA $18,S
010CD4  A5 01       LDA $01
010CD6  83 19       STA $19,S
010CD8  A5 02       LDA $02
010CDA  83 1A       STA $1A,S
010CDC  C2 20       REP #$20
010CDE  3B          TSC
010CDF  AA          TAX
010CE0  C5 46       CMP $46
010CE2  B0 04       BCS $010CE8
010CE4  5C F2 0C 01 JML $010CF2
010CE8  D0 04       BNE $010CEE
010CEA  5C F2 0C 01 JML $010CF2
010CEE  5C 04 0D 01 JML $010D04
010CF2  38          SEC
010CF3  E9 0C 00    SBC #$000C
010CF6  B0 04       BCS $010CFC
010CF8  5C 04 0D 01 JML $010D04
010CFC  C5 44       CMP $44
010CFE  90 04       BCC $010D04
010D00  5C 0B 0D 01 JML $010D0B
010D04  A9 0C 00    LDA #$000C
010D07  5C 00 80 04 JML $048000
010D0B  3B          TSC
010D0C  38          SEC
010D0D  E9 09 00    SBC #$0009
010D10  1B          TCS
010D11  E2 20       SEP #$20
010D13  A9 00       LDA #$00
010D15  83 01       STA $01,S
010D17  83 02       STA $02,S
010D19  83 03       STA $03,S
010D1B  83 04       STA $04,S
010D1D  83 05       STA $05,S
010D1F  83 06       STA $06,S
010D21  83 07       STA $07,S
010D23  83 08       STA $08,S
010D25  83 09       STA $09,S
010D27  A3 19       LDA $19,S
010D29  83 01       STA $01,S
010D2B  A3 1A       LDA $1A,S
010D2D  83 02       STA $02,S
010D2F  A3 1B       LDA $1B,S
010D31  83 03       STA $03,S
010D33  A3 1D       LDA $1D,S
010D35  83 04       STA $04,S
010D37  A3 1E       LDA $1E,S
010D39  83 05       STA $05,S
010D3B  A3 1F       LDA $1F,S
010D3D  83 06       STA $06,S
010D3F  A3 21       LDA $21,S
010D41  83 07       STA $07,S
010D43  A3 22       LDA $22,S
010D45  83 08       STA $08,S
010D47  A3 23       LDA $23,S
010D49  83 09       STA $09,S
010D4B  C2 20       REP #$20
010D4D  22 AC 06 01 JSL $0106AC
010D51  A8          TAY
010D52  3B          TSC
010D53  18          CLC
010D54  69 09 00    ADC #$0009
010D57  1B          TCS
010D58  98          TYA
010D59  E2 20       SEP #$20
010D5B  A9 00       LDA #$00
010D5D  83 10       STA $10,S
010D5F  A9 00       LDA #$00
010D61  83 11       STA $11,S
010D63  C2 20       REP #$20
010D65  A3 10       LDA $10,S
010D67  83 0C       STA $0C,S
010D69  A3 0C       LDA $0C,S
010D6B  83 10       STA $10,S
010D6D  A9 64 00    LDA #$0064
010D70  38          SEC
010D71  E9 01 00    SBC #$0001
010D74  83 12       STA $12,S
010D76  E2 20       SEP #$20
010D78  A3 13       LDA $13,S
010D7A  49 80       EOR #$80
010D7C  85 10       STA $10
010D7E  A3 11       LDA $11,S
010D80  49 80       EOR #$80
010D82  C5 10       CMP $10
010D84  B0 04       BCS $010D8A
010D86  5C A8 0D 01 JML $010DA8
010D8A  F0 04       BEQ $010D90
010D8C  5C AE 0D 01 JML $010DAE
010D90  A3 12       LDA $12,S
010D92  85 10       STA $10
010D94  A3 10       LDA $10,S
010D96  C5 10       CMP $10
010D98  B0 04       BCS $010D9E
010D9A  5C A8 0D 01 JML $010DA8
010D9E  F0 04       BEQ $010DA4
010DA0  5C AE 0D 01 JML $010DAE
010DA4  5C B4 0D 01 JML $010DB4
010DA8  A9 01       LDA #$01
010DAA  5C BA 0D 01 JML $010DBA
010DAE  A9 00       LDA #$00
010DB0  5C BA 0D 01 JML $010DBA
010DB4  A9 01       LDA #$01
010DB6  5C BA 0D 01 JML $010DBA
010DBA  83 0F       STA $0F,S
010DBC  C2 20       REP #$20
010DBE  E2 20       SEP #$20
010DC0  A3 0F       LDA $0F,S
010DC2  C2 20       REP #$20
010DC4  D0 04       BNE $010DCA
010DC6  5C C1 11 01 JML $0111C1
010DCA  C2 20       REP #$20
010DCC  E2 20       SEP #$20
010DCE  A9 B2       LDA #$B2
010DD0  85 00       STA $00
010DD2  A9 01       LDA #$01
010DD4  85 01       STA $01
010DD6  A9 18       LDA #$18
010DD8  85 02       STA $02
010DDA  A5 00       LDA $00
010DDC  83 14       STA $14,S
010DDE  A5 01       LDA $01
010DE0  83 15       STA $15,S
010DE2  A5 02       LDA $02
010DE4  83 16       STA $16,S
010DE6  C2 20       REP #$20
010DE8  A3 06       LDA $06,S
010DEA  83 18       STA $18,S
010DEC  E2 20       SEP #$20
010DEE  C2 20       REP #$20
010DF0  A3 14       LDA $14,S
010DF2  85 00       STA $00
010DF4  A3 15       LDA $15,S
010DF6  85 01       STA $01
010DF8  A3 18       LDA $18,S
010DFA  85 14       STA $14
010DFC  E2 20       SEP #$20
010DFE  A9 00       LDA #$00
010E00  85 16       STA $16
010E02  06 14       ASL $14
010E04  26 15       ROL $15
010E06  26 16       ROL $16
010E08  06 14       ASL $14
010E0A  26 15       ROL $15
010E0C  26 16       ROL $16
010E0E  18          CLC
010E0F  A5 00       LDA $00
010E11  65 14       ADC $14
010E13  85 00       STA $00
010E15  A5 01       LDA $01
010E17  65 15       ADC $15
010E19  85 01       STA $01
010E1B  A5 02       LDA $02
010E1D  65 16       ADC $16
010E1F  85 02       STA $02
010E21  06 14       ASL $14
010E23  26 15       ROL $15
010E25  26 16       ROL $16
010E27  06 14       ASL $14
010E29  26 15       ROL $15
010E2B  26 16       ROL $16
010E2D  06 14       ASL $14
010E2F  26 15       ROL $15
010E31  26 16       ROL $16
010E33  18          CLC
010E34  A5 00       LDA $00
010E36  65 14       ADC $14
010E38  85 00       STA $00
010E3A  A5 01       LDA $01
010E3C  65 15       ADC $15
010E3E  85 01       STA $01
010E40  A5 02       LDA $02
010E42  65 16       ADC $16
010E44  85 02       STA $02
010E46  06 14       ASL $14
010E48  26 15       ROL $15
010E4A  26 16       ROL $16
010E4C  18          CLC
010E4D  A5 00       LDA $00
010E4F  65 14       ADC $14
010E51  85 00       STA $00
010E53  A5 01       LDA $01
010E55  65 15       ADC $15
010E57  85 01       STA $01
010E59  A5 02       LDA $02
010E5B  65 16       ADC $16
010E5D  85 02       STA $02
010E5F  06 14       ASL $14
010E61  26 15       ROL $15
010E63  26 16       ROL $16
010E65  A5 00       LDA $00
010E67  83 10       STA $10,S
010E69  A5 01       LDA $01
010E6B  83 11       STA $11,S
010E6D  A5 02       LDA $02
010E6F  83 12       STA $12,S
010E71  C2 20       REP #$20
010E73  A3 0C       LDA $0C,S
010E75  83 14       STA $14,S
010E77  A3 10       LDA $10,S
010E79  85 00       STA $00
010E7B  A3 11       LDA $11,S
010E7D  85 01       STA $01
010E7F  A3 14       LDA $14,S
010E81  85 14       STA $14
010E83  E2 20       SEP #$20
010E85  A9 00       LDA #$00
010E87  85 16       STA $16
010E89  18          CLC
010E8A  A5 00       LDA $00
010E8C  65 14       ADC $14
010E8E  85 00       STA $00
010E90  A5 01       LDA $01
010E92  65 15       ADC $15
010E94  85 01       STA $01
010E96  A5 02       LDA $02
010E98  65 16       ADC $16
010E9A  85 02       STA $02
010E9C  06 14       ASL $14
010E9E  26 15       ROL $15
010EA0  26 16       ROL $16
010EA2  A0 00 00    LDY #$0000
010EA5  B7 00       LDA [$00],Y
010EA7  83 0F       STA $0F,S
010EA9  A3 0F       LDA $0F,S
010EAB  83 10       STA $10,S
010EAD  A9 00       LDA #$00
010EAF  83 11       STA $11,S
010EB1  C2 20       REP #$20
010EB3  A3 10       LDA $10,S
010EB5  83 08       STA $08,S
010EB7  83 10       STA $10,S
010EB9  C9 0F 27    CMP #$270F
010EBC  D0 04       BNE $010EC2
010EBE  5C B1 11 01 JML $0111B1
010EC2  C2 20       REP #$20
010EC4  E2 20       SEP #$20
010EC6  A9 22       LDA #$22
010EC8  85 00       STA $00
010ECA  A9 00       LDA #$00
010ECC  85 01       STA $01
010ECE  A9 18       LDA #$18
010ED0  85 02       STA $02
010ED2  A5 00       LDA $00
010ED4  83 10       STA $10,S
010ED6  A5 01       LDA $01
010ED8  83 11       STA $11,S
010EDA  A5 02       LDA $02
010EDC  83 12       STA $12,S
010EDE  C2 20       REP #$20
010EE0  A3 0C       LDA $0C,S
010EE2  83 16       STA $16,S
010EE4  A3 10       LDA $10,S
010EE6  85 00       STA $00
010EE8  A3 11       LDA $11,S
010EEA  85 01       STA $01
010EEC  A3 16       LDA $16,S
010EEE  85 14       STA $14
010EF0  E2 20       SEP #$20
010EF2  A9 00       LDA #$00
010EF4  85 16       STA $16
010EF6  06 14       ASL $14
010EF8  26 15       ROL $15
010EFA  26 16       ROL $16
010EFC  06 14       ASL $14
010EFE  26 15       ROL $15
010F00  26 16       ROL $16
010F02  18          CLC
010F03  A5 00       LDA $00
010F05  65 14       ADC $14
010F07  85 00       STA $00
010F09  A5 01       LDA $01
010F0B  65 15       ADC $15
010F0D  85 01       STA $01
010F0F  A5 02       LDA $02
010F11  65 16       ADC $16
010F13  85 02       STA $02
010F15  06 14       ASL $14
010F17  26 15       ROL $15
010F19  26 16       ROL $16
010F1B  C2 20       REP #$20
010F1D  A0 00 00    LDY #$0000
010F20  B7 00       LDA [$00],Y
010F22  83 14       STA $14,S
010F24  A3 14       LDA $14,S
010F26  C9 0F 27    CMP #$270F
010F29  F0 04       BEQ $010F2F
010F2B  5C 35 0F 01 JML $010F35
010F2F  C2 20       REP #$20
010F31  5C FA 0F 01 JML $010FFA
010F35  E2 20       SEP #$20
010F37  A9 22       LDA #$22
010F39  85 00       STA $00
010F3B  A9 00       LDA #$00
010F3D  85 01       STA $01
010F3F  A9 18       LDA #$18
010F41  85 02       STA $02
010F43  A5 00       LDA $00
010F45  83 10       STA $10,S
010F47  A5 01       LDA $01
010F49  83 11       STA $11,S
010F4B  A5 02       LDA $02
010F4D  83 12       STA $12,S
010F4F  C2 20       REP #$20
010F51  A3 0C       LDA $0C,S
010F53  83 16       STA $16,S
010F55  A3 10       LDA $10,S
010F57  85 00       STA $00
010F59  A3 11       LDA $11,S
010F5B  85 01       STA $01
010F5D  A3 16       LDA $16,S
010F5F  85 14       STA $14
010F61  E2 20       SEP #$20
010F63  A9 00       LDA #$00
010F65  85 16       STA $16
010F67  06 14       ASL $14
010F69  26 15       ROL $15
010F6B  26 16       ROL $16
010F6D  06 14       ASL $14
010F6F  26 15       ROL $15
010F71  26 16       ROL $16
010F73  18          CLC
010F74  A5 00       LDA $00
010F76  65 14       ADC $14
010F78  85 00       STA $00
010F7A  A5 01       LDA $01
010F7C  65 15       ADC $15
010F7E  85 01       STA $01
010F80  A5 02       LDA $02
010F82  65 16       ADC $16
010F84  85 02       STA $02
010F86  06 14       ASL $14
010F88  26 15       ROL $15
010F8A  26 16       ROL $16
010F8C  C2 20       REP #$20
010F8E  A0 00 00    LDY #$0000
010F91  B7 00       LDA [$00],Y
010F93  83 14       STA $14,S
010F95  A3 08       LDA $08,S
010F97  83 12       STA $12,S
010F99  A3 0A       LDA $0A,S
010F9B  83 16       STA $16,S
010F9D  A3 12       LDA $12,S
010F9F  18          CLC
010FA0  63 16       ADC $16,S
010FA2  83 10       STA $10,S
010FA4  E2 20       SEP #$20
010FA6  A3 11       LDA $11,S
010FA8  49 80       EOR #$80
010FAA  85 10       STA $10
010FAC  A3 15       LDA $15,S
010FAE  49 80       EOR #$80
010FB0  C5 10       CMP $10
010FB2  B0 04       BCS $010FB8
010FB4  5C D6 0F 01 JML $010FD6
010FB8  F0 04       BEQ $010FBE
010FBA  5C DC 0F 01 JML $010FDC
010FBE  A3 10       LDA $10,S
010FC0  85 10       STA $10
010FC2  A3 14       LDA $14,S
010FC4  C5 10       CMP $10
010FC6  B0 04       BCS $010FCC
010FC8  5C D6 0F 01 JML $010FD6
010FCC  F0 04       BEQ $010FD2
010FCE  5C DC 0F 01 JML $010FDC
010FD2  5C E2 0F 01 JML $010FE2
010FD6  A9 00       LDA #$00
010FD8  5C E8 0F 01 JML $010FE8
010FDC  A9 01       LDA #$01
010FDE  5C E8 0F 01 JML $010FE8
010FE2  A9 00       LDA #$00
010FE4  5C E8 0F 01 JML $010FE8
010FE8  83 0F       STA $0F,S
010FEA  C2 20       REP #$20
010FEC  E2 20       SEP #$20
010FEE  A3 0F       LDA $0F,S
010FF0  C2 20       REP #$20
010FF2  D0 04       BNE $010FF8
010FF4  5C B1 11 01 JML $0111B1
010FF8  C2 20       REP #$20
010FFA  E2 20       SEP #$20
010FFC  A9 22       LDA #$22
010FFE  85 00       STA $00
011000  A9 00       LDA #$00
011002  85 01       STA $01
011004  A9 18       LDA #$18
011006  85 02       STA $02
011008  A5 00       LDA $00
01100A  83 10       STA $10,S
01100C  A5 01       LDA $01
01100E  83 11       STA $11,S
011010  A5 02       LDA $02
011012  83 12       STA $12,S
011014  C2 20       REP #$20
011016  A3 0C       LDA $0C,S
011018  83 14       STA $14,S
01101A  A3 0A       LDA $0A,S
01101C  83 16       STA $16,S
01101E  A3 08       LDA $08,S
011020  83 18       STA $18,S
011022  A3 16       LDA $16,S
011024  18          CLC
011025  63 18       ADC $18,S
011027  83 1A       STA $1A,S
011029  A3 10       LDA $10,S
01102B  85 00       STA $00
01102D  A3 11       LDA $11,S
01102F  85 01       STA $01
011031  A3 14       LDA $14,S
011033  85 14       STA $14
011035  E2 20       SEP #$20
011037  A9 00       LDA #$00
011039  85 16       STA $16
01103B  06 14       ASL $14
01103D  26 15       ROL $15
01103F  26 16       ROL $16
011041  06 14       ASL $14
011043  26 15       ROL $15
011045  26 16       ROL $16
011047  18          CLC
011048  A5 00       LDA $00
01104A  65 14       ADC $14
01104C  85 00       STA $00
01104E  A5 01       LDA $01
011050  65 15       ADC $15
011052  85 01       STA $01
011054  A5 02       LDA $02
011056  65 16       ADC $16
011058  85 02       STA $02
01105A  06 14       ASL $14
01105C  26 15       ROL $15
01105E  26 16       ROL $16
011060  C2 20       REP #$20
011062  A3 1A       LDA $1A,S
011064  A0 00 00    LDY #$0000
011067  97 00       STA [$00],Y
011069  E2 20       SEP #$20
01106B  A9 22       LDA #$22
01106D  85 00       STA $00
01106F  A9 00       LDA #$00
011071  85 01       STA $01
011073  A9 18       LDA #$18
011075  85 02       STA $02
011077  A5 00       LDA $00
011079  83 10       STA $10,S
01107B  A5 01       LDA $01
01107D  83 11       STA $11,S
01107F  A5 02       LDA $02
011081  83 12       STA $12,S
011083  C2 20       REP #$20
011085  A3 0C       LDA $0C,S
011087  83 14       STA $14,S
011089  A3 06       LDA $06,S
01108B  83 16       STA $16,S
01108D  A3 10       LDA $10,S
01108F  85 00       STA $00
011091  A3 11       LDA $11,S
011093  85 01       STA $01
011095  A3 14       LDA $14,S
011097  85 14       STA $14
011099  E2 20       SEP #$20
01109B  A9 00       LDA #$00
01109D  85 16       STA $16
01109F  06 14       ASL $14
0110A1  26 15       ROL $15
0110A3  26 16       ROL $16
0110A5  06 14       ASL $14
0110A7  26 15       ROL $15
0110A9  26 16       ROL $16
0110AB  18          CLC
0110AC  A5 00       LDA $00
0110AE  65 14       ADC $14
0110B0  85 00       STA $00
0110B2  A5 01       LDA $01
0110B4  65 15       ADC $15
0110B6  85 01       STA $01
0110B8  A5 02       LDA $02
0110BA  65 16       ADC $16
0110BC  85 02       STA $02
0110BE  06 14       ASL $14
0110C0  26 15       ROL $15
0110C2  26 16       ROL $16
0110C4  C2 20       REP #$20
0110C6  A3 16       LDA $16,S
0110C8  A0 02 00    LDY #$0002
0110CB  97 00       STA [$00],Y
0110CD  A3 0C       LDA $0C,S
0110CF  83 12       STA $12,S
0110D1  A3 0A       LDA $0A,S
0110D3  83 10       STA $10,S
0110D5  A3 08       LDA $08,S
0110D7  83 16       STA $16,S
0110D9  A3 10       LDA $10,S
0110DB  18          CLC
0110DC  63 16       ADC $16,S
0110DE  83 14       STA $14,S
0110E0  A3 06       LDA $06,S
0110E2  83 16       STA $16,S
0110E4  3B          TSC
0110E5  AA          TAX
0110E6  C5 46       CMP $46
0110E8  B0 04       BCS $0110EE
0110EA  5C F8 10 01 JML $0110F8
0110EE  D0 04       BNE $0110F4
0110F0  5C F8 10 01 JML $0110F8
0110F4  5C 0A 11 01 JML $01110A
0110F8  38          SEC
0110F9  E9 0A 00    SBC #$000A
0110FC  B0 04       BCS $011102
0110FE  5C 0A 11 01 JML $01110A
011102  C5 44       CMP $44
011104  90 04       BCC $01110A
011106  5C 11 11 01 JML $011111
01110A  A9 0A 00    LDA #$000A
01110D  5C 00 80 04 JML $048000
011111  3B          TSC
011112  38          SEC
011113  E9 07 00    SBC #$0007
011116  1B          TCS
011117  E2 20       SEP #$20
011119  A9 00       LDA #$00
01111B  83 01       STA $01,S
01111D  83 02       STA $02,S
01111F  83 03       STA $03,S
011121  83 04       STA $04,S
011123  83 05       STA $05,S
011125  83 06       STA $06,S
011127  83 07       STA $07,S
011129  A3 19       LDA $19,S
01112B  83 01       STA $01,S
01112D  A3 1A       LDA $1A,S
01112F  83 02       STA $02,S
011131  A3 1B       LDA $1B,S
011133  83 03       STA $03,S
011135  A3 1C       LDA $1C,S
011137  83 04       STA $04,S
011139  A3 1D       LDA $1D,S
01113B  83 05       STA $05,S
01113D  A3 1E       LDA $1E,S
01113F  83 06       STA $06,S
011141  C2 20       REP #$20
011143  22 46 03 01 JSL $010346
011147  A8          TAY
011148  3B          TSC
011149  18          CLC
01114A  69 07 00    ADC #$0007
01114D  1B          TCS
01114E  98          TYA
01114F  E2 20       SEP #$20
011151  83 10       STA $10,S
011153  EB          XBA
011154  83 11       STA $11,S
011156  C2 20       REP #$20
011158  E2 20       SEP #$20
01115A  A9 01       LDA #$01
01115C  83 14       STA $14,S
01115E  A9 00       LDA #$00
011160  83 15       STA $15,S
011162  38          SEC
011163  A3 14       LDA $14,S
011165  85 10       STA $10
011167  A9 00       LDA #$00
011169  E5 10       SBC $10
01116B  83 12       STA $12,S
01116D  A3 15       LDA $15,S
01116F  85 10       STA $10
011171  A9 00       LDA #$00
011173  E5 10       SBC $10
011175  83 13       STA $13,S
011177  C2 20       REP #$20
011179  A3 10       LDA $10,S
01117B  C3 12       CMP $12,S
01117D  F0 04       BEQ $011183
01117F  5C B1 11 01 JML $0111B1
011183  C2 20       REP #$20
011185  E2 20       SEP #$20
011187  A9 01       LDA #$01
011189  83 10       STA $10,S
01118B  A9 00       LDA #$00
01118D  83 11       STA $11,S
01118F  38          SEC
011190  A3 10       LDA $10,S
011192  85 10       STA $10
011194  A9 00       LDA #$00
011196  E5 10       SBC $10
011198  83 12       STA $12,S
01119A  A3 11       LDA $11,S
01119C  85 10       STA $10
01119E  A9 00       LDA #$00
0111A0  E5 10       SBC $10
0111A2  83 13       STA $13,S
0111A4  C2 20       REP #$20
0111A6  A3 12       LDA $12,S
0111A8  A8          TAY
0111A9  3B          TSC
0111AA  18          CLC
0111AB  69 1C 00    ADC #$001C
0111AE  1B          TCS
0111AF  98          TYA
0111B0  6B          RTL
0111B1  A3 0C       LDA $0C,S
0111B3  83 10       STA $10,S
0111B5  18          CLC
0111B6  69 01 00    ADC #$0001
0111B9  83 12       STA $12,S
0111BB  83 0C       STA $0C,S
0111BD  5C 69 0D 01 JML $010D69
0111C1  5C DB 0B 01 JML $010BDB
0111C5  A9 00 00    LDA #$0000
0111C8  A8          TAY
0111C9  3B          TSC
0111CA  18          CLC
0111CB  69 1C 00    ADC #$001C
0111CE  1B          TCS
0111CF  98          TYA
0111D0  6B          RTL
0111D1  3B          TSC
0111D2  AA          TAX
0111D3  C5 46       CMP $46
0111D5  B0 04       BCS $0111DB
0111D7  5C E5 11 01 JML $0111E5
0111DB  D0 04       BNE $0111E1
0111DD  5C E5 11 01 JML $0111E5
0111E1  5C F7 11 01 JML $0111F7
0111E5  38          SEC
0111E6  E9 10 00    SBC #$0010
0111E9  B0 04       BCS $0111EF
0111EB  5C F7 11 01 JML $0111F7
0111EF  C5 44       CMP $44
0111F1  90 04       BCC $0111F7
0111F3  5C FE 11 01 JML $0111FE
0111F7  A9 10 00    LDA #$0010
0111FA  5C 00 80 04 JML $048000
0111FE  1B          TCS
0111FF  E2 20       SEP #$20
011201  A9 32       LDA #$32
011203  83 08       STA $08,S
011205  A9 00       LDA #$00
011207  83 09       STA $09,S
011209  C2 20       REP #$20
01120B  A3 08       LDA $08,S
01120D  83 04       STA $04,S
01120F  E2 20       SEP #$20
011211  A9 00       LDA #$00
011213  83 08       STA $08,S
011215  A9 00       LDA #$00
011217  83 09       STA $09,S
011219  C2 20       REP #$20
01121B  A3 08       LDA $08,S
01121D  83 02       STA $02,S
01121F  A3 02       LDA $02,S
011221  83 08       STA $08,S
011223  E2 20       SEP #$20
011225  A9 13       LDA #$13
011227  83 0A       STA $0A,S
011229  A9 00       LDA #$00
01122B  83 0B       STA $0B,S
01122D  A3 0B       LDA $0B,S
01122F  49 80       EOR #$80
011231  85 10       STA $10
011233  A3 09       LDA $09,S
011235  49 80       EOR #$80
011237  C5 10       CMP $10
011239  B0 04       BCS $01123F
01123B  5C 5D 12 01 JML $01125D
01123F  F0 04       BEQ $011245
011241  5C 63 12 01 JML $011263
011245  A3 0A       LDA $0A,S
011247  85 10       STA $10
011249  A3 08       LDA $08,S
01124B  C5 10       CMP $10
01124D  B0 04       BCS $011253
01124F  5C 5D 12 01 JML $01125D
011253  F0 04       BEQ $011259
011255  5C 63 12 01 JML $011263
011259  5C 69 12 01 JML $011269
01125D  A9 01       LDA #$01
01125F  5C 6F 12 01 JML $01126F
011263  A9 00       LDA #$00
011265  5C 6F 12 01 JML $01126F
011269  A9 01       LDA #$01
01126B  5C 6F 12 01 JML $01126F
01126F  83 07       STA $07,S
011271  C2 20       REP #$20
011273  E2 20       SEP #$20
011275  A3 07       LDA $07,S
011277  C2 20       REP #$20
011279  D0 04       BNE $01127F
01127B  5C D2 13 01 JML $0113D2
01127F  C2 20       REP #$20
011281  A3 02       LDA $02,S
011283  83 0A       STA $0A,S
011285  A3 04       LDA $04,S
011287  83 0C       STA $0C,S
011289  3B          TSC
01128A  AA          TAX
01128B  C5 46       CMP $46
01128D  B0 04       BCS $011293
01128F  5C 9D 12 01 JML $01129D
011293  D0 04       BNE $011299
011295  5C 9D 12 01 JML $01129D
011299  5C AF 12 01 JML $0112AF
01129D  38          SEC
01129E  E9 08 00    SBC #$0008
0112A1  B0 04       BCS $0112A7
0112A3  5C AF 12 01 JML $0112AF
0112A7  C5 44       CMP $44
0112A9  90 04       BCC $0112AF
0112AB  5C B6 12 01 JML $0112B6
0112AF  A9 08 00    LDA #$0008
0112B2  5C 00 80 04 JML $048000
0112B6  3B          TSC
0112B7  38          SEC
0112B8  E9 05 00    SBC #$0005
0112BB  1B          TCS
0112BC  E2 20       SEP #$20
0112BE  A9 00       LDA #$00
0112C0  83 01       STA $01,S
0112C2  83 02       STA $02,S
0112C4  83 03       STA $03,S
0112C6  83 04       STA $04,S
0112C8  83 05       STA $05,S
0112CA  A3 0F       LDA $0F,S
0112CC  83 01       STA $01,S
0112CE  A3 10       LDA $10,S
0112D0  83 02       STA $02,S
0112D2  A3 11       LDA $11,S
0112D4  83 03       STA $03,S
0112D6  A3 12       LDA $12,S
0112D8  83 04       STA $04,S
0112DA  C2 20       REP #$20
0112DC  22 7C 08 01 JSL $01087C
0112E0  A8          TAY
0112E1  3B          TSC
0112E2  18          CLC
0112E3  69 05 00    ADC #$0005
0112E6  1B          TCS
0112E7  98          TYA
0112E8  E2 20       SEP #$20
0112EA  83 08       STA $08,S
0112EC  EB          XBA
0112ED  83 09       STA $09,S
0112EF  C2 20       REP #$20
0112F1  E2 20       SEP #$20
0112F3  A9 01       LDA #$01
0112F5  83 0C       STA $0C,S
0112F7  A9 00       LDA #$00
0112F9  83 0D       STA $0D,S
0112FB  38          SEC
0112FC  A3 0C       LDA $0C,S
0112FE  85 10       STA $10
011300  A9 00       LDA #$00
011302  E5 10       SBC $10
011304  83 0A       STA $0A,S
011306  A3 0D       LDA $0D,S
011308  85 10       STA $10
01130A  A9 00       LDA #$00
01130C  E5 10       SBC $10
01130E  83 0B       STA $0B,S
011310  C2 20       REP #$20
011312  A3 08       LDA $08,S
011314  C3 0A       CMP $0A,S
011316  F0 04       BEQ $01131C
011318  5C 35 13 01 JML $011335
01131C  C2 20       REP #$20
01131E  AF 08 00 18 LDA $180008
011322  83 08       STA $08,S
011324  38          SEC
011325  E9 01 00    SBC #$0001
011328  83 0A       STA $0A,S
01132A  8F 08 00 18 STA $180008
01132E  3B          TSC
01132F  18          CLC
011330  69 10 00    ADC #$0010
011333  1B          TCS
011334  6B          RTL
011335  E2 20       SEP #$20
011337  A9 22       LDA #$22
011339  85 00       STA $00
01133B  A9 00       LDA #$00
01133D  85 01       STA $01
01133F  A9 18       LDA #$18
011341  85 02       STA $02
011343  A5 00       LDA $00
011345  83 08       STA $08,S
011347  A5 01       LDA $01
011349  83 09       STA $09,S
01134B  A5 02       LDA $02
01134D  83 0A       STA $0A,S
01134F  C2 20       REP #$20
011351  A3 04       LDA $04,S
011353  83 0E       STA $0E,S
011355  A3 08       LDA $08,S
011357  85 00       STA $00
011359  A3 09       LDA $09,S
01135B  85 01       STA $01
01135D  A3 0E       LDA $0E,S
01135F  85 14       STA $14
011361  E2 20       SEP #$20
011363  A9 00       LDA #$00
011365  85 16       STA $16
011367  06 14       ASL $14
011369  26 15       ROL $15
01136B  26 16       ROL $16
01136D  06 14       ASL $14
01136F  26 15       ROL $15
011371  26 16       ROL $16
011373  18          CLC
011374  A5 00       LDA $00
011376  65 14       ADC $14
011378  85 00       STA $00
01137A  A5 01       LDA $01
01137C  65 15       ADC $15
01137E  85 01       STA $01
011380  A5 02       LDA $02
011382  65 16       ADC $16
011384  85 02       STA $02
011386  06 14       ASL $14
011388  26 15       ROL $15
01138A  26 16       ROL $16
01138C  C2 20       REP #$20
01138E  A0 00 00    LDY #$0000
011391  B7 00       LDA [$00],Y
011393  83 0C       STA $0C,S
011395  AF 08 00 18 LDA $180008
011399  83 08       STA $08,S
01139B  18          CLC
01139C  63 0C       ADC $0C,S
01139E  83 0A       STA $0A,S
0113A0  8F 08 00 18 STA $180008
0113A4  E2 20       SEP #$20
0113A6  A9 00       LDA #$00
0113A8  83 08       STA $08,S
0113AA  A9 00       LDA #$00
0113AC  83 09       STA $09,S
0113AE  C2 20       REP #$20
0113B0  A3 08       LDA $08,S
0113B2  8F 0C 00 18 STA $18000C
0113B6  A3 04       LDA $04,S
0113B8  83 08       STA $08,S
0113BA  18          CLC
0113BB  69 01 00    ADC #$0001
0113BE  83 0A       STA $0A,S
0113C0  83 04       STA $04,S
0113C2  A3 02       LDA $02,S
0113C4  83 08       STA $08,S
0113C6  18          CLC
0113C7  69 01 00    ADC #$0001
0113CA  83 0A       STA $0A,S
0113CC  83 02       STA $02,S
0113CE  5C 1F 12 01 JML $01121F
0113D2  3B          TSC
0113D3  18          CLC
0113D4  69 10 00    ADC #$0010
0113D7  1B          TCS
0113D8  6B          RTL
0113D9  3B          TSC
0113DA  AA          TAX
0113DB  C5 46       CMP $46
0113DD  B0 04       BCS $0113E3
0113DF  5C ED 13 01 JML $0113ED
0113E3  D0 04       BNE $0113E9
0113E5  5C ED 13 01 JML $0113ED
0113E9  5C FF 13 01 JML $0113FF
0113ED  38          SEC
0113EE  E9 06 00    SBC #$0006
0113F1  B0 04       BCS $0113F7
0113F3  5C FF 13 01 JML $0113FF
0113F7  C5 44       CMP $44
0113F9  90 04       BCC $0113FF
0113FB  5C 06 14 01 JML $011406
0113FF  A9 06 00    LDA #$0006
011402  5C 00 80 04 JML $048000
011406  1B          TCS
011407  E2 20       SEP #$20
011409  A9 04       LDA #$04
01140B  83 02       STA $02,S
01140D  A9 00       LDA #$00
01140F  83 03       STA $03,S
011411  A9 00       LDA #$00
011413  83 04       STA $04,S
011415  A9 00       LDA #$00
011417  83 05       STA $05,S
011419  C2 20       REP #$20
01141B  A3 02       LDA $02,S
01141D  8F D2 4F 18 STA $184FD2
011421  A3 04       LDA $04,S
011423  8F D4 4F 18 STA $184FD4
011427  E2 20       SEP #$20
011429  A9 00       LDA #$00
01142B  83 02       STA $02,S
01142D  A9 00       LDA #$00
01142F  83 03       STA $03,S
011431  A9 00       LDA #$00
011433  83 04       STA $04,S
011435  A9 00       LDA #$00
011437  83 05       STA $05,S
011439  C2 20       REP #$20
01143B  A3 02       LDA $02,S
01143D  8F D6 4F 18 STA $184FD6
011441  A3 04       LDA $04,S
011443  8F D8 4F 18 STA $184FD8
011447  E2 20       SEP #$20
011449  A9 02       LDA #$02
01144B  83 02       STA $02,S
01144D  A9 00       LDA #$00
01144F  83 03       STA $03,S
011451  A9 00       LDA #$00
011453  83 04       STA $04,S
011455  A9 00       LDA #$00
011457  83 05       STA $05,S
011459  C2 20       REP #$20
01145B  A3 02       LDA $02,S
01145D  8F DA 4F 18 STA $184FDA
011461  A3 04       LDA $04,S
011463  8F DC 4F 18 STA $184FDC
011467  E2 20       SEP #$20
011469  A9 0A       LDA #$0A
01146B  83 02       STA $02,S
01146D  A9 00       LDA #$00
01146F  83 03       STA $03,S
011471  A9 00       LDA #$00
011473  83 04       STA $04,S
011475  A9 00       LDA #$00
011477  83 05       STA $05,S
011479  C2 20       REP #$20
01147B  A3 02       LDA $02,S
01147D  8F DE 4F 18 STA $184FDE
011481  A3 04       LDA $04,S
011483  8F E0 4F 18 STA $184FE0
011487  E2 20       SEP #$20
011489  A9 00       LDA #$00
01148B  83 02       STA $02,S
01148D  A9 00       LDA #$00
01148F  83 03       STA $03,S
011491  A9 00       LDA #$00
011493  83 04       STA $04,S
011495  A9 00       LDA #$00
011497  83 05       STA $05,S
011499  C2 20       REP #$20
01149B  A3 02       LDA $02,S
01149D  8F E2 4F 18 STA $184FE2
0114A1  A3 04       LDA $04,S
0114A3  8F E4 4F 18 STA $184FE4
0114A7  E2 20       SEP #$20
0114A9  A9 02       LDA #$02
0114AB  83 02       STA $02,S
0114AD  A9 00       LDA #$00
0114AF  83 03       STA $03,S
0114B1  A9 00       LDA #$00
0114B3  83 04       STA $04,S
0114B5  A9 00       LDA #$00
0114B7  83 05       STA $05,S
0114B9  C2 20       REP #$20
0114BB  A3 02       LDA $02,S
0114BD  8F E6 4F 18 STA $184FE6
0114C1  A3 04       LDA $04,S
0114C3  8F E8 4F 18 STA $184FE8
0114C7  E2 20       SEP #$20
0114C9  A9 04       LDA #$04
0114CB  83 02       STA $02,S
0114CD  A9 00       LDA #$00
0114CF  83 03       STA $03,S
0114D1  A9 00       LDA #$00
0114D3  83 04       STA $04,S
0114D5  A9 00       LDA #$00
0114D7  83 05       STA $05,S
0114D9  C2 20       REP #$20
0114DB  A3 02       LDA $02,S
0114DD  8F EA 4F 18 STA $184FEA
0114E1  A3 04       LDA $04,S
0114E3  8F EC 4F 18 STA $184FEC
0114E7  E2 20       SEP #$20
0114E9  A9 06       LDA #$06
0114EB  83 02       STA $02,S
0114ED  A9 00       LDA #$00
0114EF  83 03       STA $03,S
0114F1  A9 00       LDA #$00
0114F3  83 04       STA $04,S
0114F5  A9 00       LDA #$00
0114F7  83 05       STA $05,S
0114F9  C2 20       REP #$20
0114FB  A3 02       LDA $02,S
0114FD  8F EE 4F 18 STA $184FEE
011501  A3 04       LDA $04,S
011503  8F F0 4F 18 STA $184FF0
011507  E2 20       SEP #$20
011509  A9 64       LDA #$64
01150B  83 02       STA $02,S
01150D  A9 00       LDA #$00
01150F  83 03       STA $03,S
011511  A9 00       LDA #$00
011513  83 04       STA $04,S
011515  A9 00       LDA #$00
011517  83 05       STA $05,S
011519  C2 20       REP #$20
01151B  A3 02       LDA $02,S
01151D  8F F2 4F 18 STA $184FF2
011521  A3 04       LDA $04,S
011523  8F F4 4F 18 STA $184FF4
011527  E2 20       SEP #$20
011529  A9 00       LDA #$00
01152B  83 02       STA $02,S
01152D  A9 00       LDA #$00
01152F  83 03       STA $03,S
011531  A9 00       LDA #$00
011533  83 04       STA $04,S
011535  A9 00       LDA #$00
011537  83 05       STA $05,S
011539  C2 20       REP #$20
01153B  A3 02       LDA $02,S
01153D  8F F6 4F 18 STA $184FF6
011541  A3 04       LDA $04,S
011543  8F F8 4F 18 STA $184FF8
011547  E2 20       SEP #$20
011549  A9 02       LDA #$02
01154B  83 02       STA $02,S
01154D  A9 00       LDA #$00
01154F  83 03       STA $03,S
011551  A9 00       LDA #$00
011553  83 04       STA $04,S
011555  A9 00       LDA #$00
011557  83 05       STA $05,S
011559  C2 20       REP #$20
01155B  A3 02       LDA $02,S
01155D  8F FA 4F 18 STA $184FFA
011561  A3 04       LDA $04,S
011563  8F FC 4F 18 STA $184FFC
011567  E2 20       SEP #$20
011569  A9 03       LDA #$03
01156B  83 02       STA $02,S
01156D  A9 00       LDA #$00
01156F  83 03       STA $03,S
011571  A9 00       LDA #$00
011573  83 04       STA $04,S
011575  A9 00       LDA #$00
011577  83 05       STA $05,S
011579  C2 20       REP #$20
01157B  A3 02       LDA $02,S
01157D  8F FE 4F 18 STA $184FFE
011581  A3 04       LDA $04,S
011583  8F 00 50 18 STA $185000
011587  3B          TSC
011588  18          CLC
011589  69 06 00    ADC #$0006
01158C  1B          TCS
01158D  6B          RTL
01158E  3B          TSC
01158F  AA          TAX
011590  C5 46       CMP $46
011592  B0 04       BCS $011598
011594  5C A2 15 01 JML $0115A2
011598  D0 04       BNE $01159E
01159A  5C A2 15 01 JML $0115A2
01159E  5C B4 15 01 JML $0115B4
0115A2  38          SEC
0115A3  E9 0C 00    SBC #$000C
0115A6  B0 04       BCS $0115AC
0115A8  5C B4 15 01 JML $0115B4
0115AC  C5 44       CMP $44
0115AE  90 04       BCC $0115B4
0115B0  5C BB 15 01 JML $0115BB
0115B4  A9 0C 00    LDA #$000C
0115B7  5C 00 80 04 JML $048000
0115BB  1B          TCS
0115BC  E2 20       SEP #$20
0115BE  AF 00 00 18 LDA $180000
0115C2  83 01       STA $01,S
0115C4  A9 FF       LDA #$FF
0115C6  85 10       STA $10
0115C8  A3 01       LDA $01,S
0115CA  C5 10       CMP $10
0115CC  B0 04       BCS $0115D2
0115CE  5C DC 15 01 JML $0115DC
0115D2  F0 04       BEQ $0115D8
0115D4  5C E2 15 01 JML $0115E2
0115D8  5C E8 15 01 JML $0115E8
0115DC  A9 00       LDA #$00
0115DE  5C EE 15 01 JML $0115EE
0115E2  A9 00       LDA #$00
0115E4  5C EE 15 01 JML $0115EE
0115E8  A9 01       LDA #$01
0115EA  5C EE 15 01 JML $0115EE
0115EE  83 02       STA $02,S
0115F0  C2 20       REP #$20
0115F2  E2 20       SEP #$20
0115F4  A3 02       LDA $02,S
0115F6  C2 20       REP #$20
0115F8  D0 04       BNE $0115FE
0115FA  5C 4E 16 01 JML $01164E
0115FE  C2 20       REP #$20
011600  3B          TSC
011601  AA          TAX
011602  C5 46       CMP $46
011604  B0 04       BCS $01160A
011606  5C 14 16 01 JML $011614
01160A  D0 04       BNE $011610
01160C  5C 14 16 01 JML $011614
011610  5C 26 16 01 JML $011626
011614  38          SEC
011615  E9 04 00    SBC #$0004
011618  B0 04       BCS $01161E
01161A  5C 26 16 01 JML $011626
01161E  C5 44       CMP $44
011620  90 04       BCC $011626
011622  5C 2D 16 01 JML $01162D
011626  A9 04 00    LDA #$0004
011629  5C 00 80 04 JML $048000
01162D  3B          TSC
01162E  38          SEC
01162F  E9 01 00    SBC #$0001
011632  1B          TCS
011633  E2 20       SEP #$20
011635  A9 00       LDA #$00
011637  83 01       STA $01,S
011639  C2 20       REP #$20
01163B  22 D9 13 01 JSL $0113D9
01163F  A8          TAY
011640  3B          TSC
011641  18          CLC
011642  69 01 00    ADC #$0001
011645  1B          TCS
011646  98          TYA
011647  3B          TSC
011648  18          CLC
011649  69 0C 00    ADC #$000C
01164C  1B          TCS
01164D  6B          RTL
01164E  AF 0E 00 18 LDA $18000E
011652  83 02       STA $02,S
011654  E2 20       SEP #$20
011656  AF 10 00 18 LDA $180010
01165A  83 04       STA $04,S
01165C  C2 20       REP #$20
01165E  A3 02       LDA $02,S
011660  8F 11 00 18 STA $180011
011664  E2 20       SEP #$20
011666  A3 04       LDA $04,S
011668  8F 13 00 18 STA $180013
01166C  AF 00 00 18 LDA $180000
011670  83 01       STA $01,S
011672  A9 00       LDA #$00
011674  85 10       STA $10
011676  A3 01       LDA $01,S
011678  C5 10       CMP $10
01167A  B0 04       BCS $011680
01167C  5C 8A 16 01 JML $01168A
011680  F0 04       BEQ $011686
011682  5C 90 16 01 JML $011690
011686  5C 96 16 01 JML $011696
01168A  A9 00       LDA #$00
01168C  5C 9C 16 01 JML $01169C
011690  A9 00       LDA #$00
011692  5C 9C 16 01 JML $01169C
011696  A9 01       LDA #$01
011698  5C 9C 16 01 JML $01169C
01169C  83 02       STA $02,S
01169E  C2 20       REP #$20
0116A0  E2 20       SEP #$20
0116A2  A3 02       LDA $02,S
0116A4  C2 20       REP #$20
0116A6  D0 04       BNE $0116AC
0116A8  5C 96 17 01 JML $011796
0116AC  C2 20       REP #$20
0116AE  3B          TSC
0116AF  AA          TAX
0116B0  C5 46       CMP $46
0116B2  B0 04       BCS $0116B8
0116B4  5C C2 16 01 JML $0116C2
0116B8  D0 04       BNE $0116BE
0116BA  5C C2 16 01 JML $0116C2
0116BE  5C D4 16 01 JML $0116D4
0116C2  38          SEC
0116C3  E9 04 00    SBC #$0004
0116C6  B0 04       BCS $0116CC
0116C8  5C D4 16 01 JML $0116D4
0116CC  C5 44       CMP $44
0116CE  90 04       BCC $0116D4
0116D0  5C DB 16 01 JML $0116DB
0116D4  A9 04 00    LDA #$0004
0116D7  5C 00 80 04 JML $048000
0116DB  3B          TSC
0116DC  38          SEC
0116DD  E9 01 00    SBC #$0001
0116E0  1B          TCS
0116E1  E2 20       SEP #$20
0116E3  A9 00       LDA #$00
0116E5  83 01       STA $01,S
0116E7  C2 20       REP #$20
0116E9  22 00 00 01 JSL $010000
0116ED  A8          TAY
0116EE  3B          TSC
0116EF  18          CLC
0116F0  69 01 00    ADC #$0001
0116F3  1B          TCS
0116F4  98          TYA
0116F5  3B          TSC
0116F6  AA          TAX
0116F7  C5 46       CMP $46
0116F9  B0 04       BCS $0116FF
0116FB  5C 09 17 01 JML $011709
0116FF  D0 04       BNE $011705
011701  5C 09 17 01 JML $011709
011705  5C 1B 17 01 JML $01171B
011709  38          SEC
01170A  E9 04 00    SBC #$0004
01170D  B0 04       BCS $011713
01170F  5C 1B 17 01 JML $01171B
011713  C5 44       CMP $44
011715  90 04       BCC $01171B
011717  5C 22 17 01 JML $011722
01171B  A9 04 00    LDA #$0004
01171E  5C 00 80 04 JML $048000
011722  3B          TSC
011723  38          SEC
011724  E9 01 00    SBC #$0001
011727  1B          TCS
011728  E2 20       SEP #$20
01172A  A9 00       LDA #$00
01172C  83 01       STA $01,S
01172E  C2 20       REP #$20
011730  22 D1 11 01 JSL $0111D1
011734  A8          TAY
011735  3B          TSC
011736  18          CLC
011737  69 01 00    ADC #$0001
01173A  1B          TCS
01173B  98          TYA
01173C  3B          TSC
01173D  AA          TAX
01173E  C5 46       CMP $46
011740  B0 04       BCS $011746
011742  5C 50 17 01 JML $011750
011746  D0 04       BNE $01174C
011748  5C 50 17 01 JML $011750
01174C  5C 62 17 01 JML $011762
011750  38          SEC
011751  E9 04 00    SBC #$0004
011754  B0 04       BCS $01175A
011756  5C 62 17 01 JML $011762
01175A  C5 44       CMP $44
01175C  90 04       BCC $011762
01175E  5C 69 17 01 JML $011769
011762  A9 04 00    LDA #$0004
011765  5C 00 80 04 JML $048000
011769  3B          TSC
01176A  38          SEC
01176B  E9 01 00    SBC #$0001
01176E  1B          TCS
01176F  E2 20       SEP #$20
011771  A9 00       LDA #$00
011773  83 01       STA $01,S
011775  C2 20       REP #$20
011777  22 C2 02 01 JSL $0102C2
01177B  A8          TAY
01177C  3B          TSC
01177D  18          CLC
01177E  69 01 00    ADC #$0001
011781  1B          TCS
011782  98          TYA
011783  E2 20       SEP #$20
011785  83 02       STA $02,S
011787  EB          XBA
011788  83 03       STA $03,S
01178A  C2 20       REP #$20
01178C  A3 02       LDA $02,S
01178E  8F 06 00 18 STA $180006
011792  5C 56 1A 01 JML $011A56
011796  E2 20       SEP #$20
011798  AF 00 00 18 LDA $180000
01179C  83 01       STA $01,S
01179E  A9 01       LDA #$01
0117A0  85 10       STA $10
0117A2  A3 01       LDA $01,S
0117A4  C5 10       CMP $10
0117A6  B0 04       BCS $0117AC
0117A8  5C B6 17 01 JML $0117B6
0117AC  F0 04       BEQ $0117B2
0117AE  5C BC 17 01 JML $0117BC
0117B2  5C C2 17 01 JML $0117C2
0117B6  A9 00       LDA #$00
0117B8  5C C8 17 01 JML $0117C8
0117BC  A9 00       LDA #$00
0117BE  5C C8 17 01 JML $0117C8
0117C2  A9 01       LDA #$01
0117C4  5C C8 17 01 JML $0117C8
0117C8  83 02       STA $02,S
0117CA  C2 20       REP #$20
0117CC  E2 20       SEP #$20
0117CE  A3 02       LDA $02,S
0117D0  C2 20       REP #$20
0117D2  D0 04       BNE $0117D8
0117D4  5C A9 18 01 JML $0118A9
0117D8  C2 20       REP #$20
0117DA  3B          TSC
0117DB  AA          TAX
0117DC  C5 46       CMP $46
0117DE  B0 04       BCS $0117E4
0117E0  5C EE 17 01 JML $0117EE
0117E4  D0 04       BNE $0117EA
0117E6  5C EE 17 01 JML $0117EE
0117EA  5C 00 18 01 JML $011800
0117EE  38          SEC
0117EF  E9 04 00    SBC #$0004
0117F2  B0 04       BCS $0117F8
0117F4  5C 00 18 01 JML $011800
0117F8  C5 44       CMP $44
0117FA  90 04       BCC $011800
0117FC  5C 07 18 01 JML $011807
011800  A9 04 00    LDA #$0004
011803  5C 00 80 04 JML $048000
011807  3B          TSC
011808  38          SEC
011809  E9 01 00    SBC #$0001
01180C  1B          TCS
01180D  E2 20       SEP #$20
01180F  A9 00       LDA #$00
011811  83 01       STA $01,S
011813  C2 20       REP #$20
011815  22 00 00 01 JSL $010000
011819  A8          TAY
01181A  3B          TSC
01181B  18          CLC
01181C  69 01 00    ADC #$0001
01181F  1B          TCS
011820  98          TYA
011821  AF 20 00 18 LDA $180020
011825  83 02       STA $02,S
011827  8F 0C 00 18 STA $18000C
01182B  AF 02 00 18 LDA $180002
01182F  83 02       STA $02,S
011831  AF 04 00 18 LDA $180004
011835  83 04       STA $04,S
011837  3B          TSC
011838  AA          TAX
011839  C5 46       CMP $46
01183B  B0 04       BCS $011841
01183D  5C 4B 18 01 JML $01184B
011841  D0 04       BNE $011847
011843  5C 4B 18 01 JML $01184B
011847  5C 5D 18 01 JML $01185D
01184B  38          SEC
01184C  E9 08 00    SBC #$0008
01184F  B0 04       BCS $011855
011851  5C 5D 18 01 JML $01185D
011855  C5 44       CMP $44
011857  90 04       BCC $01185D
011859  5C 64 18 01 JML $011864
01185D  A9 08 00    LDA #$0008
011860  5C 00 80 04 JML $048000
011864  3B          TSC
011865  38          SEC
011866  E9 05 00    SBC #$0005
011869  1B          TCS
01186A  E2 20       SEP #$20
01186C  A9 00       LDA #$00
01186E  83 01       STA $01,S
011870  83 02       STA $02,S
011872  83 03       STA $03,S
011874  83 04       STA $04,S
011876  83 05       STA $05,S
011878  A3 07       LDA $07,S
01187A  83 01       STA $01,S
01187C  A3 08       LDA $08,S
01187E  83 02       STA $02,S
011880  A3 09       LDA $09,S
011882  83 03       STA $03,S
011884  A3 0A       LDA $0A,S
011886  83 04       STA $04,S
011888  C2 20       REP #$20
01188A  22 7C 08 01 JSL $01087C
01188E  A8          TAY
01188F  3B          TSC
011890  18          CLC
011891  69 05 00    ADC #$0005
011894  1B          TCS
011895  98          TYA
011896  E2 20       SEP #$20
011898  83 06       STA $06,S
01189A  EB          XBA
01189B  83 07       STA $07,S
01189D  C2 20       REP #$20
01189F  A3 06       LDA $06,S
0118A1  8F 06 00 18 STA $180006
0118A5  5C 56 1A 01 JML $011A56
0118A9  E2 20       SEP #$20
0118AB  AF 00 00 18 LDA $180000
0118AF  83 01       STA $01,S
0118B1  A9 02       LDA #$02
0118B3  85 10       STA $10
0118B5  A3 01       LDA $01,S
0118B7  C5 10       CMP $10
0118B9  B0 04       BCS $0118BF
0118BB  5C C9 18 01 JML $0118C9
0118BF  F0 04       BEQ $0118C5
0118C1  5C CF 18 01 JML $0118CF
0118C5  5C D5 18 01 JML $0118D5
0118C9  A9 00       LDA #$00
0118CB  5C DB 18 01 JML $0118DB
0118CF  A9 00       LDA #$00
0118D1  5C DB 18 01 JML $0118DB
0118D5  A9 01       LDA #$01
0118D7  5C DB 18 01 JML $0118DB
0118DB  83 02       STA $02,S
0118DD  C2 20       REP #$20
0118DF  E2 20       SEP #$20
0118E1  A3 02       LDA $02,S
0118E3  C2 20       REP #$20
0118E5  D0 04       BNE $0118EB
0118E7  5C 7D 19 01 JML $01197D
0118EB  C2 20       REP #$20
0118ED  AF 14 00 18 LDA $180014
0118F1  83 02       STA $02,S
0118F3  AF 16 00 18 LDA $180016
0118F7  83 04       STA $04,S
0118F9  AF 18 00 18 LDA $180018
0118FD  83 06       STA $06,S
0118FF  3B          TSC
011900  AA          TAX
011901  C5 46       CMP $46
011903  B0 04       BCS $011909
011905  5C 13 19 01 JML $011913
011909  D0 04       BNE $01190F
01190B  5C 13 19 01 JML $011913
01190F  5C 25 19 01 JML $011925
011913  38          SEC
011914  E9 0A 00    SBC #$000A
011917  B0 04       BCS $01191D
011919  5C 25 19 01 JML $011925
01191D  C5 44       CMP $44
01191F  90 04       BCC $011925
011921  5C 2C 19 01 JML $01192C
011925  A9 0A 00    LDA #$000A
011928  5C 00 80 04 JML $048000
01192C  3B          TSC
01192D  38          SEC
01192E  E9 07 00    SBC #$0007
011931  1B          TCS
011932  E2 20       SEP #$20
011934  A9 00       LDA #$00
011936  83 01       STA $01,S
011938  83 02       STA $02,S
01193A  83 03       STA $03,S
01193C  83 04       STA $04,S
01193E  83 05       STA $05,S
011940  83 06       STA $06,S
011942  83 07       STA $07,S
011944  A3 09       LDA $09,S
011946  83 01       STA $01,S
011948  A3 0A       LDA $0A,S
01194A  83 02       STA $02,S
01194C  A3 0B       LDA $0B,S
01194E  83 03       STA $03,S
011950  A3 0C       LDA $0C,S
011952  83 04       STA $04,S
011954  A3 0D       LDA $0D,S
011956  83 05       STA $05,S
011958  A3 0E       LDA $0E,S
01195A  83 06       STA $06,S
01195C  C2 20       REP #$20
01195E  22 46 03 01 JSL $010346
011962  A8          TAY
011963  3B          TSC
011964  18          CLC
011965  69 07 00    ADC #$0007
011968  1B          TCS
011969  98          TYA
01196A  E2 20       SEP #$20
01196C  83 08       STA $08,S
01196E  EB          XBA
01196F  83 09       STA $09,S
011971  C2 20       REP #$20
011973  A3 08       LDA $08,S
011975  8F 06 00 18 STA $180006
011979  5C 56 1A 01 JML $011A56
01197D  E2 20       SEP #$20
01197F  A9 1A       LDA #$1A
011981  85 00       STA $00
011983  A9 00       LDA #$00
011985  85 01       STA $01
011987  A9 18       LDA #$18
011989  85 02       STA $02
01198B  A5 00       LDA $00
01198D  83 02       STA $02,S
01198F  A5 01       LDA $01
011991  83 03       STA $03,S
011993  A5 02       LDA $02
011995  83 04       STA $04,S
011997  A9 1C       LDA #$1C
011999  85 00       STA $00
01199B  A9 00       LDA #$00
01199D  85 01       STA $01
01199F  A9 18       LDA #$18
0119A1  85 02       STA $02
0119A3  A5 00       LDA $00
0119A5  83 06       STA $06,S
0119A7  A5 01       LDA $01
0119A9  83 07       STA $07,S
0119AB  A5 02       LDA $02
0119AD  83 08       STA $08,S
0119AF  A9 1E       LDA #$1E
0119B1  85 00       STA $00
0119B3  A9 00       LDA #$00
0119B5  85 01       STA $01
0119B7  A9 18       LDA #$18
0119B9  85 02       STA $02
0119BB  A5 00       LDA $00
0119BD  83 0A       STA $0A,S
0119BF  A5 01       LDA $01
0119C1  83 0B       STA $0B,S
0119C3  A5 02       LDA $02
0119C5  83 0C       STA $0C,S
0119C7  C2 20       REP #$20
0119C9  3B          TSC
0119CA  AA          TAX
0119CB  C5 46       CMP $46
0119CD  B0 04       BCS $0119D3
0119CF  5C DD 19 01 JML $0119DD
0119D3  D0 04       BNE $0119D9
0119D5  5C DD 19 01 JML $0119DD
0119D9  5C EF 19 01 JML $0119EF
0119DD  38          SEC
0119DE  E9 0C 00    SBC #$000C
0119E1  B0 04       BCS $0119E7
0119E3  5C EF 19 01 JML $0119EF
0119E7  C5 44       CMP $44
0119E9  90 04       BCC $0119EF
0119EB  5C F6 19 01 JML $0119F6
0119EF  A9 0C 00    LDA #$000C
0119F2  5C 00 80 04 JML $048000
0119F6  3B          TSC
0119F7  38          SEC
0119F8  E9 09 00    SBC #$0009
0119FB  1B          TCS
0119FC  E2 20       SEP #$20
0119FE  A9 00       LDA #$00
011A00  83 01       STA $01,S
011A02  83 02       STA $02,S
011A04  83 03       STA $03,S
011A06  83 04       STA $04,S
011A08  83 05       STA $05,S
011A0A  83 06       STA $06,S
011A0C  83 07       STA $07,S
011A0E  83 08       STA $08,S
011A10  83 09       STA $09,S
011A12  A3 0B       LDA $0B,S
011A14  83 01       STA $01,S
011A16  A3 0C       LDA $0C,S
011A18  83 02       STA $02,S
011A1A  A3 0D       LDA $0D,S
011A1C  83 03       STA $03,S
011A1E  A3 0F       LDA $0F,S
011A20  83 04       STA $04,S
011A22  A3 10       LDA $10,S
011A24  83 05       STA $05,S
011A26  A3 11       LDA $11,S
011A28  83 06       STA $06,S
011A2A  A3 13       LDA $13,S
011A2C  83 07       STA $07,S
011A2E  A3 14       LDA $14,S
011A30  83 08       STA $08,S
011A32  A3 15       LDA $15,S
011A34  83 09       STA $09,S
011A36  C2 20       REP #$20
011A38  22 AC 06 01 JSL $0106AC
011A3C  A8          TAY
011A3D  3B          TSC
011A3E  18          CLC
011A3F  69 09 00    ADC #$0009
011A42  1B          TCS
011A43  98          TYA
011A44  E2 20       SEP #$20
011A46  A9 00       LDA #$00
011A48  83 02       STA $02,S
011A4A  A9 00       LDA #$00
011A4C  83 03       STA $03,S
011A4E  C2 20       REP #$20
011A50  A3 02       LDA $02,S
011A52  8F 06 00 18 STA $180006
011A56  AF 11 00 18 LDA $180011
011A5A  83 02       STA $02,S
011A5C  E2 20       SEP #$20
011A5E  AF 13 00 18 LDA $180013
011A62  83 04       STA $04,S
011A64  C2 20       REP #$20
011A66  A3 02       LDA $02,S
011A68  8F 0E 00 18 STA $18000E
011A6C  E2 20       SEP #$20
011A6E  A3 04       LDA $04,S
011A70  8F 10 00 18 STA $180010
011A74  A9 A5       LDA #$A5
011A76  8F 01 00 18 STA $180001
011A7A  C2 20       REP #$20
011A7C  3B          TSC
011A7D  18          CLC
011A7E  69 0C 00    ADC #$000C
011A81  1B          TCS
011A82  6B          RTL
