010000  3B          TSC
010001  AA          TAX
010002  C5 46       CMP $46
010004  B0 04       BCS $01000A
010006  5C 14 00 01 JML $010014
01000A  D0 04       BNE $010010
01000C  5C 14 00 01 JML $010014
010010  5C 26 00 01 JML $010026
010014  38          SEC
010015  E9 06 00    SBC #$0006
010018  B0 04       BCS $01001E
01001A  5C 26 00 01 JML $010026
01001E  C5 44       CMP $44
010020  90 04       BCC $010026
010022  5C 2D 00 01 JML $01002D
010026  A9 06 00    LDA #$0006
010029  5C 00 80 04 JML $048000
01002D  1B          TCS
01002E  C2 20       REP #$20
010030  A3 0A       LDA $0A,S
010032  83 02       STA $02,S
010034  A3 0C       LDA $0C,S
010036  83 04       STA $04,S
010038  A3 04       LDA $04,S
01003A  C3 02       CMP $02,S
01003C  B0 04       BCS $010042
01003E  5C 4A 00 01 JML $01004A
010042  E2 20       SEP #$20
010044  C2 20       REP #$20
010046  5C 63 00 01 JML $010063
01004A  E2 20       SEP #$20
01004C  C2 20       REP #$20
01004E  5C 52 00 01 JML $010052
010052  C2 20       REP #$20
010054  A3 0A       LDA $0A,S
010056  83 02       STA $02,S
010058  A3 02       LDA $02,S
01005A  A8          TAY
01005B  3B          TSC
01005C  18          CLC
01005D  69 06 00    ADC #$0006
010060  1B          TCS
010061  98          TYA
010062  6B          RTL
010063  C2 20       REP #$20
010065  A3 0C       LDA $0C,S
010067  83 02       STA $02,S
010069  A3 02       LDA $02,S
01006B  A8          TAY
01006C  3B          TSC
01006D  18          CLC
01006E  69 06 00    ADC #$0006
010071  1B          TCS
010072  98          TYA
010073  6B          RTL
