010000  3B          TSC
010001  AA          TAX
010002  C5 46       CMP $46
010004  B0 04       BCS $01000A
010006  5C 14 00 01 JML $010014
01000A  D0 04       BNE $010010
01000C  5C 14 00 01 JML $010014
010010  5C 26 00 01 JML $010026
010014  38          SEC
010015  E9 10 00    SBC #$0010
010018  B0 04       BCS $01001E
01001A  5C 26 00 01 JML $010026
01001E  C5 44       CMP $44
010020  90 04       BCC $010026
010022  5C 2D 00 01 JML $01002D
010026  A9 10 00    LDA #$0010
010029  5C 00 80 04 JML $048000
01002D  1B          TCS
01002E  E2 20       SEP #$20
010030  A3 14       LDA $14,S
010032  83 02       STA $02,S
010034  A3 15       LDA $15,S
010036  83 03       STA $03,S
010038  C2 20       REP #$20
01003A  C2 20       REP #$20
01003C  E2 20       SEP #$20
01003E  A9 00       LDA #$00
010040  83 0C       STA $0C,S
010042  A9 00       LDA #$00
010044  83 0D       STA $0D,S
010046  A3 0C       LDA $0C,S
010048  83 08       STA $08,S
01004A  A3 0D       LDA $0D,S
01004C  83 09       STA $09,S
01004E  C2 20       REP #$20
010050  5C 54 00 01 JML $010054
010054  C2 20       REP #$20
010056  A3 02       LDA $02,S
010058  83 06       STA $06,S
01005A  A3 06       LDA $06,S
01005C  C9 00 00    CMP #$0000
01005F  F0 04       BEQ $010065
010061  5C 6D 00 01 JML $01006D
010065  E2 20       SEP #$20
010067  C2 20       REP #$20
010069  5C AA 00 01 JML $0100AA
01006D  E2 20       SEP #$20
01006F  C2 20       REP #$20
010071  5C 75 00 01 JML $010075
010075  C2 20       REP #$20
010077  A3 02       LDA $02,S
010079  83 0A       STA $0A,S
01007B  A3 08       LDA $08,S
01007D  18          CLC
01007E  63 0A       ADC $0A,S
010080  83 06       STA $06,S
010082  A3 02       LDA $02,S
010084  83 08       STA $08,S
010086  A3 08       LDA $08,S
010088  38          SEC
010089  E9 01 00    SBC #$0001
01008C  83 0A       STA $0A,S
01008E  A3 0A       LDA $0A,S
010090  83 02       STA $02,S
010092  E2 20       SEP #$20
010094  A3 06       LDA $06,S
010096  83 0C       STA $0C,S
010098  A3 07       LDA $07,S
01009A  83 0D       STA $0D,S
01009C  A3 0C       LDA $0C,S
01009E  83 08       STA $08,S
0100A0  A3 0D       LDA $0D,S
0100A2  83 09       STA $09,S
0100A4  C2 20       REP #$20
0100A6  5C 54 00 01 JML $010054
0100AA  C2 20       REP #$20
0100AC  A3 08       LDA $08,S
0100AE  A8          TAY
0100AF  3B          TSC
0100B0  18          CLC
0100B1  69 10 00    ADC #$0010
0100B4  1B          TCS
0100B5  98          TYA
0100B6  6B          RTL
