010000  3B          TSC
010001  AA          TAX
010002  C5 46       CMP $46
010004  B0 04       BCS $01000A
010006  5C 14 00 01 JML $010014
01000A  D0 04       BNE $010010
01000C  5C 14 00 01 JML $010014
010010  5C 26 00 01 JML $010026
010014  38          SEC
010015  E9 04 00    SBC #$0004
010018  B0 04       BCS $01001E
01001A  5C 26 00 01 JML $010026
01001E  C5 44       CMP $44
010020  90 04       BCC $010026
010022  5C 2D 00 01 JML $01002D
010026  A9 04 00    LDA #$0004
010029  5C 00 80 04 JML $048000
01002D  1B          TCS
01002E  C2 20       REP #$20
010030  A3 08       LDA $08,S
010032  83 02       STA $02,S
010034  A8          TAY
010035  3B          TSC
010036  18          CLC
010037  69 04 00    ADC #$0004
01003A  1B          TCS
01003B  98          TYA
01003C  6B          RTL
