010000  3B          TSC
010001  AA          TAX
010002  C5 46       CMP $46
010004  B0 04       BCS $01000A
010006  5C 14 00 01 JML $010014
01000A  D0 04       BNE $010010
01000C  5C 14 00 01 JML $010014
010010  5C 26 00 01 JML $010026
010014  38          SEC
010015  E9 1A 00    SBC #$001A
010018  B0 04       BCS $01001E
01001A  5C 26 00 01 JML $010026
01001E  C5 44       CMP $44
010020  90 04       BCC $010026
010022  5C 2D 00 01 JML $01002D
010026  A9 1A 00    LDA #$001A
010029  5C 00 80 04 JML $048000
01002D  1B          TCS
01002E  C2 20       REP #$20
010030  A3 1E       LDA $1E,S
010032  83 06       STA $06,S
010034  18          CLC
010035  69 01 00    ADC #$0001
010038  83 08       STA $08,S
01003A  A3 06       LDA $06,S
01003C  83 0E       STA $0E,S
01003E  A3 08       LDA $08,S
010040  83 12       STA $12,S
010042  A9 00 00    LDA #$0000
010045  83 16       STA $16,S
010047  A3 0E       LDA $0E,S
010049  83 0A       STA $0A,S
01004B  A3 12       LDA $12,S
01004D  83 06       STA $06,S
01004F  A3 16       LDA $16,S
010051  83 08       STA $08,S
010053  5C 57 00 01 JML $010057
010057  C2 20       REP #$20
010059  A9 07 00    LDA #$0007
01005C  C3 08       CMP $08,S
01005E  90 04       BCC $010064
010060  5C 68 00 01 JML $010068
010064  5C A2 00 01 JML $0100A2
010068  C2 20       REP #$20
01006A  5C 6E 00 01 JML $01006E
01006E  C2 20       REP #$20
010070  A3 0A       LDA $0A,S
010072  83 02       STA $02,S
010074  A3 02       LDA $02,S
010076  83 0C       STA $0C,S
010078  18          CLC
010079  69 01 00    ADC #$0001
01007C  83 0A       STA $0A,S
01007E  A3 08       LDA $08,S
010080  18          CLC
010081  69 01 00    ADC #$0001
010084  83 0C       STA $0C,S
010086  A3 06       LDA $06,S
010088  83 0E       STA $0E,S
01008A  A3 0A       LDA $0A,S
01008C  83 12       STA $12,S
01008E  A3 0C       LDA $0C,S
010090  83 16       STA $16,S
010092  A3 0E       LDA $0E,S
010094  83 0A       STA $0A,S
010096  A3 12       LDA $12,S
010098  83 06       STA $06,S
01009A  A3 16       LDA $16,S
01009C  83 08       STA $08,S
01009E  5C 57 00 01 JML $010057
0100A2  C2 20       REP #$20
0100A4  A3 0A       LDA $0A,S
0100A6  18          CLC
0100A7  63 06       ADC $06,S
0100A9  83 08       STA $08,S
0100AB  A8          TAY
0100AC  3B          TSC
0100AD  18          CLC
0100AE  69 1A 00    ADC #$001A
0100B1  1B          TCS
0100B2  98          TYA
0100B3  6B          RTL
