010000  3B          TSC
010001  AA          TAX
010002  C5 46       CMP $46
010004  B0 04       BCS $01000A
010006  5C 14 00 01 JML $010014
01000A  D0 04       BNE $010010
01000C  5C 14 00 01 JML $010014
010010  5C 26 00 01 JML $010026
010014  38          SEC
010015  E9 10 00    SBC #$0010
010018  B0 04       BCS $01001E
01001A  5C 26 00 01 JML $010026
01001E  C5 44       CMP $44
010020  90 04       BCC $010026
010022  5C 2D 00 01 JML $01002D
010026  A9 10 00    LDA #$0010
010029  5C 00 80 04 JML $048000
01002D  1B          TCS
01002E  E2 20       SEP #$20
010030  A3 14       LDA $14,S
010032  83 02       STA $02,S
010034  A3 15       LDA $15,S
010036  83 03       STA $03,S
010038  C2 20       REP #$20
01003A  C2 20       REP #$20
01003C  A9 00 00    LDA #$0000
01003F  83 08       STA $08,S
010041  5C 45 00 01 JML $010045
010045  C2 20       REP #$20
010047  A3 02       LDA $02,S
010049  83 06       STA $06,S
01004B  C9 00 00    CMP #$0000
01004E  F0 04       BEQ $010054
010050  5C 58 00 01 JML $010058
010054  5C 7F 00 01 JML $01007F
010058  C2 20       REP #$20
01005A  5C 5E 00 01 JML $01005E
01005E  C2 20       REP #$20
010060  A3 02       LDA $02,S
010062  83 0A       STA $0A,S
010064  A3 08       LDA $08,S
010066  18          CLC
010067  63 0A       ADC $0A,S
010069  83 06       STA $06,S
01006B  A3 02       LDA $02,S
01006D  83 08       STA $08,S
01006F  38          SEC
010070  E9 01 00    SBC #$0001
010073  83 0A       STA $0A,S
010075  83 02       STA $02,S
010077  A3 06       LDA $06,S
010079  83 08       STA $08,S
01007B  5C 45 00 01 JML $010045
01007F  C2 20       REP #$20
010081  A3 08       LDA $08,S
010083  A8          TAY
010084  3B          TSC
010085  18          CLC
010086  69 10 00    ADC #$0010
010089  1B          TCS
01008A  98          TYA
01008B  6B          RTL
