010000  3B          TSC
010001  AA          TAX
010002  C5 46       CMP $46
010004  B0 04       BCS $01000A
010006  5C 14 00 01 JML $010014
01000A  D0 04       BNE $010010
01000C  5C 14 00 01 JML $010014
010010  5C 26 00 01 JML $010026
010014  38          SEC
010015  E9 00 00    SBC #$0000
010018  B0 04       BCS $01001E
01001A  5C 26 00 01 JML $010026
01001E  C5 44       CMP $44
010020  90 04       BCC $010026
010022  5C 2D 00 01 JML $01002D
010026  A9 00 00    LDA #$0000
010029  5C 00 80 04 JML $048000
01002D  1B          TCS
01002E  C2 20       REP #$20
010030  A3 04       LDA $04,S
010032  85 00       STA $00
010034  A3 05       LDA $05,S
010036  85 01       STA $01
010038  A0 03 00    LDY #$0003
01003B  B7 00       LDA [$00],Y
01003D  85 03       STA $03
01003F  E2 20       SEP #$20
010041  A0 05 00    LDY #$0005
010044  B7 00       LDA [$00],Y
010046  85 05       STA $05
010048  C2 20       REP #$20
01004A  A0 00 00    LDY #$0000
01004D  B7 00       LDA [$00],Y
01004F  85 06       STA $06
010051  E2 20       SEP #$20
010053  A0 02 00    LDY #$0002
010056  B7 00       LDA [$00],Y
010058  85 08       STA $08
01005A  C2 20       REP #$20
01005C  A5 06       LDA $06
01005E  A0 00 00    LDY #$0000
010061  97 03       STA [$03],Y
010063  E2 20       SEP #$20
010065  A5 08       LDA $08
010067  A0 02 00    LDY #$0002
01006A  97 03       STA [$03],Y
01006C  C2 20       REP #$20
01006E  A5 03       LDA $03
010070  A0 03 00    LDY #$0003
010073  97 06       STA [$06],Y
010075  E2 20       SEP #$20
010077  A5 05       LDA $05
010079  A0 05 00    LDY #$0005
01007C  97 06       STA [$06],Y
01007E  C2 20       REP #$20
010080  6B          RTL
