010000  3B          TSC
010001  AA          TAX
010002  C5 46       CMP $46
010004  B0 04       BCS $01000A
010006  5C 14 00 01 JML $010014
01000A  D0 04       BNE $010010
01000C  5C 14 00 01 JML $010014
010010  5C 26 00 01 JML $010026
010014  38          SEC
010015  E9 08 00    SBC #$0008
010018  B0 04       BCS $01001E
01001A  5C 26 00 01 JML $010026
01001E  C5 44       CMP $44
010020  90 04       BCC $010026
010022  5C 2D 00 01 JML $01002D
010026  A9 08 00    LDA #$0008
010029  5C 00 80 04 JML $048000
01002D  1B          TCS
01002E  A3 0C       LDA $0C,S
010030  83 02       STA $02,S
010032  A3 0E       LDA $0E,S
010034  83 04       STA $04,S
010036  A3 02       LDA $02,S
010038  38          SEC
010039  E3 04       SBC $04,S
01003B  83 06       STA $06,S
01003D  A8          TAY
01003E  3B          TSC
01003F  18          CLC
010040  69 08 00    ADC #$0008
010043  1B          TCS
010044  98          TYA
010045  6B          RTL
