010000  3B          TSC
010001  AA          TAX
010002  C5 46       CMP $46
010004  B0 04       BCS $01000A
010006  5C 14 00 01 JML $010014
01000A  D0 04       BNE $010010
01000C  5C 14 00 01 JML $010014
010010  5C 26 00 01 JML $010026
010014  38          SEC
010015  E9 10 00    SBC #$0010
010018  B0 04       BCS $01001E
01001A  5C 26 00 01 JML $010026
01001E  C5 44       CMP $44
010020  90 04       BCC $010026
010022  5C 2D 00 01 JML $01002D
010026  A9 10 00    LDA #$0010
010029  5C 00 80 04 JML $048000
01002D  1B          TCS
01002E  E2 20       SEP #$20
010030  A3 14       LDA $14,S
010032  83 02       STA $02,S
010034  A3 15       LDA $15,S
010036  83 03       STA $03,S
010038  C2 20       REP #$20
01003A  A9 00 00    LDA #$0000
01003D  83 08       STA $08,S
01003F  A3 02       LDA $02,S
010041  83 06       STA $06,S
010043  C9 00 00    CMP #$0000
010046  D0 04       BNE $01004C
010048  5C 6D 00 01 JML $01006D
01004C  C2 20       REP #$20
01004E  A3 02       LDA $02,S
010050  83 0A       STA $0A,S
010052  A3 08       LDA $08,S
010054  18          CLC
010055  63 0A       ADC $0A,S
010057  83 06       STA $06,S
010059  A3 02       LDA $02,S
01005B  83 08       STA $08,S
01005D  38          SEC
01005E  E9 01 00    SBC #$0001
010061  83 0A       STA $0A,S
010063  83 02       STA $02,S
010065  A3 06       LDA $06,S
010067  83 08       STA $08,S
010069  5C 3F 00 01 JML $01003F
01006D  A3 08       LDA $08,S
01006F  A8          TAY
010070  3B          TSC
010071  18          CLC
010072  69 10 00    ADC #$0010
010075  1B          TCS
010076  98          TYA
010077  6B          RTL
