010000  3B          TSC
010001  AA          TAX
010002  C5 46       CMP $46
010004  90 04       BCC $01000A
010006  F0 02       BEQ $01000A
010008  80 0A       BRA $010014
01000A  38          SEC
01000B  E9 0C 00    SBC #$000C
01000E  90 04       BCC $010014
010010  C5 44       CMP $44
010012  B0 07       BCS $01001B
010014  A9 0C 00    LDA #$000C
010017  5C 00 80 04 JML $048000
01001B  1B          TCS
01001C  A3 10       LDA $10,S
01001E  83 02       STA $02,S
010020  A3 11       LDA $11,S
010022  83 03       STA $03,S
010024  E2 20       SEP #$20
010026  C2 20       REP #$20
010028  A3 02       LDA $02,S
01002A  85 00       STA $00
01002C  A3 03       LDA $03,S
01002E  85 01       STA $01
010030  E2 20       SEP #$20
010032  18          CLC
010033  A5 00       LDA $00
010035  69 03       ADC #$03
010037  85 00       STA $00
010039  A5 01       LDA $01
01003B  69 00       ADC #$00
01003D  85 01       STA $01
01003F  A5 02       LDA $02
010041  69 00       ADC #$00
010043  85 02       STA $02
010045  A5 00       LDA $00
010047  83 06       STA $06,S
010049  A5 01       LDA $01
01004B  83 07       STA $07,S
01004D  A5 02       LDA $02
01004F  83 08       STA $08,S
010051  A3 06       LDA $06,S
010053  83 0A       STA $0A,S
010055  A3 07       LDA $07,S
010057  83 0B       STA $0B,S
010059  A3 08       LDA $08,S
01005B  83 0C       STA $0C,S
01005D  C2 20       REP #$20
01005F  A3 02       LDA $02,S
010061  85 00       STA $00
010063  A3 03       LDA $03,S
010065  85 01       STA $01
010067  A3 0A       LDA $0A,S
010069  A0 00 00    LDY #$0000
01006C  97 00       STA [$00],Y
01006E  E2 20       SEP #$20
010070  A3 0C       LDA $0C,S
010072  A0 02 00    LDY #$0002
010075  97 00       STA [$00],Y
010077  C2 20       REP #$20
010079  A3 10       LDA $10,S
01007B  83 02       STA $02,S
01007D  A3 11       LDA $11,S
01007F  83 03       STA $03,S
010081  A3 02       LDA $02,S
010083  85 00       STA $00
010085  A3 03       LDA $03,S
010087  85 01       STA $01
010089  E2 20       SEP #$20
01008B  A9 00       LDA #$00
01008D  A0 03 00    LDY #$0003
010090  97 00       STA [$00],Y
010092  A9 00       LDA #$00
010094  A0 04 00    LDY #$0004
010097  97 00       STA [$00],Y
010099  A9 00       LDA #$00
01009B  A0 05 00    LDY #$0005
01009E  97 00       STA [$00],Y
0100A0  C2 20       REP #$20
0100A2  A3 10       LDA $10,S
0100A4  83 02       STA $02,S
0100A6  A3 11       LDA $11,S
0100A8  83 03       STA $03,S
0100AA  E2 20       SEP #$20
0100AC  C2 20       REP #$20
0100AE  A3 02       LDA $02,S
0100B0  85 00       STA $00
0100B2  A3 03       LDA $03,S
0100B4  85 01       STA $01
0100B6  E2 20       SEP #$20
0100B8  A5 00       LDA $00
0100BA  83 06       STA $06,S
0100BC  A5 01       LDA $01
0100BE  83 07       STA $07,S
0100C0  A5 02       LDA $02
0100C2  83 08       STA $08,S
0100C4  A3 06       LDA $06,S
0100C6  83 0A       STA $0A,S
0100C8  A3 07       LDA $07,S
0100CA  83 0B       STA $0B,S
0100CC  A3 08       LDA $08,S
0100CE  83 0C       STA $0C,S
0100D0  C2 20       REP #$20
0100D2  A3 02       LDA $02,S
0100D4  85 00       STA $00
0100D6  A3 03       LDA $03,S
0100D8  85 01       STA $01
0100DA  A3 0A       LDA $0A,S
0100DC  A0 06 00    LDY #$0006
0100DF  97 00       STA [$00],Y
0100E1  E2 20       SEP #$20
0100E3  A3 0C       LDA $0C,S
0100E5  A0 08 00    LDY #$0008
0100E8  97 00       STA [$00],Y
0100EA  C2 20       REP #$20
0100EC  3B          TSC
0100ED  18          CLC
0100EE  69 0C 00    ADC #$000C
0100F1  1B          TCS
0100F2  6B          RTL
0100F3  3B          TSC
0100F4  AA          TAX
0100F5  C5 46       CMP $46
0100F7  90 04       BCC $0100FD
0100F9  F0 02       BEQ $0100FD
0100FB  80 0A       BRA $010107
0100FD  38          SEC
0100FE  E9 08 00    SBC #$0008
010101  90 04       BCC $010107
010103  C5 44       CMP $44
010105  B0 07       BCS $01010E
010107  A9 08 00    LDA #$0008
01010A  5C 00 80 04 JML $048000
01010E  1B          TCS
01010F  A3 0C       LDA $0C,S
010111  83 02       STA $02,S
010113  A3 0D       LDA $0D,S
010115  83 03       STA $03,S
010117  E2 20       SEP #$20
010119  A3 02       LDA $02,S
01011B  83 06       STA $06,S
01011D  A3 03       LDA $03,S
01011F  83 07       STA $07,S
010121  A3 04       LDA $04,S
010123  83 08       STA $08,S
010125  C2 20       REP #$20
010127  3B          TSC
010128  AA          TAX
010129  C5 46       CMP $46
01012B  90 04       BCC $010131
01012D  F0 02       BEQ $010131
01012F  80 0A       BRA $01013B
010131  38          SEC
010132  E9 06 00    SBC #$0006
010135  90 04       BCC $01013B
010137  C5 44       CMP $44
010139  B0 07       BCS $010142
01013B  A9 06 00    LDA #$0006
01013E  5C 00 80 04 JML $048000
010142  3B          TSC
010143  38          SEC
010144  E9 03 00    SBC #$0003
010147  1B          TCS
010148  E2 20       SEP #$20
01014A  A9 00       LDA #$00
01014C  A3 09       LDA $09,S
01014E  83 01       STA $01,S
010150  A3 0A       LDA $0A,S
010152  83 02       STA $02,S
010154  A3 0B       LDA $0B,S
010156  83 03       STA $03,S
010158  C2 20       REP #$20
01015A  22 00 00 01 JSL $010000
01015E  A8          TAY
01015F  3B          TSC
010160  18          CLC
010161  69 03 00    ADC #$0003
010164  1B          TCS
010165  98          TYA
010166  3B          TSC
010167  18          CLC
010168  69 08 00    ADC #$0008
01016B  1B          TCS
01016C  6B          RTL
01016D  3B          TSC
01016E  AA          TAX
01016F  C5 46       CMP $46
010171  90 04       BCC $010177
010173  F0 02       BEQ $010177
010175  80 0A       BRA $010181
010177  38          SEC
010178  E9 0C 00    SBC #$000C
01017B  90 04       BCC $010181
01017D  C5 44       CMP $44
01017F  B0 07       BCS $010188
010181  A9 0C 00    LDA #$000C
010184  5C 00 80 04 JML $048000
010188  1B          TCS
010189  A3 10       LDA $10,S
01018B  83 06       STA $06,S
01018D  A3 11       LDA $11,S
01018F  83 07       STA $07,S
010191  A3 06       LDA $06,S
010193  85 00       STA $00
010195  A3 07       LDA $07,S
010197  85 01       STA $01
010199  A0 00 00    LDY #$0000
01019C  B7 00       LDA [$00],Y
01019E  83 02       STA $02,S
0101A0  E2 20       SEP #$20
0101A2  A0 02 00    LDY #$0002
0101A5  B7 00       LDA [$00],Y
0101A7  83 04       STA $04,S
0101A9  C2 20       REP #$20
0101AB  A3 10       LDA $10,S
0101AD  83 0A       STA $0A,S
0101AF  A3 11       LDA $11,S
0101B1  83 0B       STA $0B,S
0101B3  E2 20       SEP #$20
0101B5  C2 20       REP #$20
0101B7  A3 0A       LDA $0A,S
0101B9  85 00       STA $00
0101BB  A3 0B       LDA $0B,S
0101BD  85 01       STA $01
0101BF  E2 20       SEP #$20
0101C1  18          CLC
0101C2  A5 00       LDA $00
0101C4  69 03       ADC #$03
0101C6  85 00       STA $00
0101C8  A5 01       LDA $01
0101CA  69 00       ADC #$00
0101CC  85 01       STA $01
0101CE  A5 02       LDA $02
0101D0  69 00       ADC #$00
0101D2  85 02       STA $02
0101D4  A5 00       LDA $00
0101D6  83 06       STA $06,S
0101D8  A5 01       LDA $01
0101DA  83 07       STA $07,S
0101DC  A5 02       LDA $02
0101DE  83 08       STA $08,S
0101E0  A3 06       LDA $06,S
0101E2  83 0A       STA $0A,S
0101E4  A3 07       LDA $07,S
0101E6  83 0B       STA $0B,S
0101E8  A3 08       LDA $08,S
0101EA  83 0C       STA $0C,S
0101EC  C2 20       REP #$20
0101EE  A3 02       LDA $02,S
0101F0  C3 0A       CMP $0A,S
0101F2  D0 0A       BNE $0101FE
0101F4  E2 20       SEP #$20
0101F6  A3 04       LDA $04,S
0101F8  C3 0C       CMP $0C,S
0101FA  C2 20       REP #$20
0101FC  F0 06       BEQ $010204
0101FE  E2 20       SEP #$20
010200  A9 00       LDA #$00
010202  80 04       BRA $010208
010204  E2 20       SEP #$20
010206  A9 01       LDA #$01
010208  E2 20       SEP #$20
01020A  83 01       STA $01,S
01020C  C2 20       REP #$20
01020E  E2 20       SEP #$20
010210  A3 01       LDA $01,S
010212  C2 20       REP #$20
010214  29 FF 00    AND #$00FF
010217  A8          TAY
010218  3B          TSC
010219  18          CLC
01021A  69 0C 00    ADC #$000C
01021D  1B          TCS
01021E  98          TYA
01021F  6B          RTL
010220  3B          TSC
010221  AA          TAX
010222  C5 46       CMP $46
010224  90 04       BCC $01022A
010226  F0 02       BEQ $01022A
010228  80 0A       BRA $010234
01022A  38          SEC
01022B  E9 08 00    SBC #$0008
01022E  90 04       BCC $010234
010230  C5 44       CMP $44
010232  B0 07       BCS $01023B
010234  A9 08 00    LDA #$0008
010237  5C 00 80 04 JML $048000
01023B  1B          TCS
01023C  A3 0C       LDA $0C,S
01023E  83 06       STA $06,S
010240  A3 0D       LDA $0D,S
010242  83 07       STA $07,S
010244  E2 20       SEP #$20
010246  A3 06       LDA $06,S
010248  83 02       STA $02,S
01024A  A3 07       LDA $07,S
01024C  83 03       STA $03,S
01024E  A3 08       LDA $08,S
010250  83 04       STA $04,S
010252  C2 20       REP #$20
010254  3B          TSC
010255  AA          TAX
010256  C5 46       CMP $46
010258  90 04       BCC $01025E
01025A  F0 02       BEQ $01025E
01025C  80 0A       BRA $010268
01025E  38          SEC
01025F  E9 06 00    SBC #$0006
010262  90 04       BCC $010268
010264  C5 44       CMP $44
010266  B0 07       BCS $01026F
010268  A9 06 00    LDA #$0006
01026B  5C 00 80 04 JML $048000
01026F  3B          TSC
010270  38          SEC
010271  E9 03 00    SBC #$0003
010274  1B          TCS
010275  E2 20       SEP #$20
010277  A9 00       LDA #$00
010279  A3 05       LDA $05,S
01027B  83 01       STA $01,S
01027D  A3 06       LDA $06,S
01027F  83 02       STA $02,S
010281  A3 07       LDA $07,S
010283  83 03       STA $03,S
010285  C2 20       REP #$20
010287  22 6D 01 01 JSL $01016D
01028B  A8          TAY
01028C  3B          TSC
01028D  18          CLC
01028E  69 03 00    ADC #$0003
010291  1B          TCS
010292  98          TYA
010293  E2 20       SEP #$20
010295  83 01       STA $01,S
010297  C2 20       REP #$20
010299  E2 20       SEP #$20
01029B  A3 01       LDA $01,S
01029D  C2 20       REP #$20
01029F  29 FF 00    AND #$00FF
0102A2  A8          TAY
0102A3  3B          TSC
0102A4  18          CLC
0102A5  69 08 00    ADC #$0008
0102A8  1B          TCS
0102A9  98          TYA
0102AA  6B          RTL
0102AB  3B          TSC
0102AC  AA          TAX
0102AD  C5 46       CMP $46
0102AF  90 04       BCC $0102B5
0102B1  F0 02       BEQ $0102B5
0102B3  80 0A       BRA $0102BF
0102B5  38          SEC
0102B6  E9 10 00    SBC #$0010
0102B9  90 04       BCC $0102BF
0102BB  C5 44       CMP $44
0102BD  B0 07       BCS $0102C6
0102BF  A9 10 00    LDA #$0010
0102C2  5C 00 80 04 JML $048000
0102C6  1B          TCS
0102C7  A3 14       LDA $14,S
0102C9  83 06       STA $06,S
0102CB  A3 15       LDA $15,S
0102CD  83 07       STA $07,S
0102CF  A3 06       LDA $06,S
0102D1  85 00       STA $00
0102D3  A3 07       LDA $07,S
0102D5  85 01       STA $01
0102D7  A0 00 00    LDY #$0000
0102DA  B7 00       LDA [$00],Y
0102DC  83 0A       STA $0A,S
0102DE  E2 20       SEP #$20
0102E0  A0 02 00    LDY #$0002
0102E3  B7 00       LDA [$00],Y
0102E5  83 0C       STA $0C,S
0102E7  C2 20       REP #$20
0102E9  A3 0A       LDA $0A,S
0102EB  83 01       STA $01,S
0102ED  A3 0B       LDA $0B,S
0102EF  83 02       STA $02,S
0102F1  A3 17       LDA $17,S
0102F3  83 06       STA $06,S
0102F5  A3 18       LDA $18,S
0102F7  83 07       STA $07,S
0102F9  A3 14       LDA $14,S
0102FB  83 0E       STA $0E,S
0102FD  A3 15       LDA $15,S
0102FF  83 0F       STA $0F,S
010301  E2 20       SEP #$20
010303  C2 20       REP #$20
010305  A3 0E       LDA $0E,S
010307  85 00       STA $00
010309  A3 0F       LDA $0F,S
01030B  85 01       STA $01
01030D  E2 20       SEP #$20
01030F  A5 00       LDA $00
010311  83 0A       STA $0A,S
010313  A5 01       LDA $01
010315  83 0B       STA $0B,S
010317  A5 02       LDA $02
010319  83 0C       STA $0C,S
01031B  A3 0A       LDA $0A,S
01031D  83 0E       STA $0E,S
01031F  A3 0B       LDA $0B,S
010321  83 0F       STA $0F,S
010323  A3 0C       LDA $0C,S
010325  83 10       STA $10,S
010327  C2 20       REP #$20
010329  A3 06       LDA $06,S
01032B  85 00       STA $00
01032D  A3 07       LDA $07,S
01032F  85 01       STA $01
010331  A3 0E       LDA $0E,S
010333  A0 03 00    LDY #$0003
010336  97 00       STA [$00],Y
010338  E2 20       SEP #$20
01033A  A3 10       LDA $10,S
01033C  A0 05 00    LDY #$0005
01033F  97 00       STA [$00],Y
010341  C2 20       REP #$20
010343  A3 17       LDA $17,S
010345  83 06       STA $06,S
010347  A3 18       LDA $18,S
010349  83 07       STA $07,S
01034B  A3 01       LDA $01,S
01034D  83 0A       STA $0A,S
01034F  A3 02       LDA $02,S
010351  83 0B       STA $0B,S
010353  A3 06       LDA $06,S
010355  85 00       STA $00
010357  A3 07       LDA $07,S
010359  85 01       STA $01
01035B  A3 0A       LDA $0A,S
01035D  A0 00 00    LDY #$0000
010360  97 00       STA [$00],Y
010362  E2 20       SEP #$20
010364  A3 0C       LDA $0C,S
010366  A0 02 00    LDY #$0002
010369  97 00       STA [$00],Y
01036B  C2 20       REP #$20
01036D  A3 01       LDA $01,S
01036F  83 06       STA $06,S
010371  A3 02       LDA $02,S
010373  83 07       STA $07,S
010375  A3 17       LDA $17,S
010377  83 0A       STA $0A,S
010379  A3 18       LDA $18,S
01037B  83 0B       STA $0B,S
01037D  A3 06       LDA $06,S
01037F  85 00       STA $00
010381  A3 07       LDA $07,S
010383  85 01       STA $01
010385  A3 0A       LDA $0A,S
010387  A0 03 00    LDY #$0003
01038A  97 00       STA [$00],Y
01038C  E2 20       SEP #$20
01038E  A3 0C       LDA $0C,S
010390  A0 05 00    LDY #$0005
010393  97 00       STA [$00],Y
010395  C2 20       REP #$20
010397  A3 14       LDA $14,S
010399  83 06       STA $06,S
01039B  A3 15       LDA $15,S
01039D  83 07       STA $07,S
01039F  A3 17       LDA $17,S
0103A1  83 0A       STA $0A,S
0103A3  A3 18       LDA $18,S
0103A5  83 0B       STA $0B,S
0103A7  A3 06       LDA $06,S
0103A9  85 00       STA $00
0103AB  A3 07       LDA $07,S
0103AD  85 01       STA $01
0103AF  A3 0A       LDA $0A,S
0103B1  A0 00 00    LDY #$0000
0103B4  97 00       STA [$00],Y
0103B6  E2 20       SEP #$20
0103B8  A3 0C       LDA $0C,S
0103BA  A0 02 00    LDY #$0002
0103BD  97 00       STA [$00],Y
0103BF  C2 20       REP #$20
0103C1  3B          TSC
0103C2  18          CLC
0103C3  69 10 00    ADC #$0010
0103C6  1B          TCS
0103C7  6B          RTL
0103C8  3B          TSC
0103C9  AA          TAX
0103CA  C5 46       CMP $46
0103CC  90 04       BCC $0103D2
0103CE  F0 02       BEQ $0103D2
0103D0  80 0A       BRA $0103DC
0103D2  38          SEC
0103D3  E9 10 00    SBC #$0010
0103D6  90 04       BCC $0103DC
0103D8  C5 44       CMP $44
0103DA  B0 07       BCS $0103E3
0103DC  A9 10 00    LDA #$0010
0103DF  5C 00 80 04 JML $048000
0103E3  1B          TCS
0103E4  A3 14       LDA $14,S
0103E6  83 06       STA $06,S
0103E8  A3 15       LDA $15,S
0103EA  83 07       STA $07,S
0103EC  A3 06       LDA $06,S
0103EE  85 00       STA $00
0103F0  A3 07       LDA $07,S
0103F2  85 01       STA $01
0103F4  A0 06 00    LDY #$0006
0103F7  B7 00       LDA [$00],Y
0103F9  83 0A       STA $0A,S
0103FB  E2 20       SEP #$20
0103FD  A0 08 00    LDY #$0008
010400  B7 00       LDA [$00],Y
010402  83 0C       STA $0C,S
010404  C2 20       REP #$20
010406  A3 0A       LDA $0A,S
010408  83 01       STA $01,S
01040A  A3 0B       LDA $0B,S
01040C  83 02       STA $02,S
01040E  A3 17       LDA $17,S
010410  83 06       STA $06,S
010412  A3 18       LDA $18,S
010414  83 07       STA $07,S
010416  A3 14       LDA $14,S
010418  83 0E       STA $0E,S
01041A  A3 15       LDA $15,S
01041C  83 0F       STA $0F,S
01041E  E2 20       SEP #$20
010420  C2 20       REP #$20
010422  A3 0E       LDA $0E,S
010424  85 00       STA $00
010426  A3 0F       LDA $0F,S
010428  85 01       STA $01
01042A  E2 20       SEP #$20
01042C  18          CLC
01042D  A5 00       LDA $00
01042F  69 03       ADC #$03
010431  85 00       STA $00
010433  A5 01       LDA $01
010435  69 00       ADC #$00
010437  85 01       STA $01
010439  A5 02       LDA $02
01043B  69 00       ADC #$00
01043D  85 02       STA $02
01043F  A5 00       LDA $00
010441  83 0A       STA $0A,S
010443  A5 01       LDA $01
010445  83 0B       STA $0B,S
010447  A5 02       LDA $02
010449  83 0C       STA $0C,S
01044B  A3 0A       LDA $0A,S
01044D  83 0E       STA $0E,S
01044F  A3 0B       LDA $0B,S
010451  83 0F       STA $0F,S
010453  A3 0C       LDA $0C,S
010455  83 10       STA $10,S
010457  C2 20       REP #$20
010459  A3 06       LDA $06,S
01045B  85 00       STA $00
01045D  A3 07       LDA $07,S
01045F  85 01       STA $01
010461  A3 0E       LDA $0E,S
010463  A0 00 00    LDY #$0000
010466  97 00       STA [$00],Y
010468  E2 20       SEP #$20
01046A  A3 10       LDA $10,S
01046C  A0 02 00    LDY #$0002
01046F  97 00       STA [$00],Y
010471  C2 20       REP #$20
010473  A3 17       LDA $17,S
010475  83 06       STA $06,S
010477  A3 18       LDA $18,S
010479  83 07       STA $07,S
01047B  A3 01       LDA $01,S
01047D  83 0A       STA $0A,S
01047F  A3 02       LDA $02,S
010481  83 0B       STA $0B,S
010483  A3 06       LDA $06,S
010485  85 00       STA $00
010487  A3 07       LDA $07,S
010489  85 01       STA $01
01048B  A3 0A       LDA $0A,S
01048D  A0 03 00    LDY #$0003
010490  97 00       STA [$00],Y
010492  E2 20       SEP #$20
010494  A3 0C       LDA $0C,S
010496  A0 05 00    LDY #$0005
010499  97 00       STA [$00],Y
01049B  C2 20       REP #$20
01049D  A3 01       LDA $01,S
01049F  83 06       STA $06,S
0104A1  A3 02       LDA $02,S
0104A3  83 07       STA $07,S
0104A5  A3 17       LDA $17,S
0104A7  83 0A       STA $0A,S
0104A9  A3 18       LDA $18,S
0104AB  83 0B       STA $0B,S
0104AD  A3 06       LDA $06,S
0104AF  85 00       STA $00
0104B1  A3 07       LDA $07,S
0104B3  85 01       STA $01
0104B5  A3 0A       LDA $0A,S
0104B7  A0 00 00    LDY #$0000
0104BA  97 00       STA [$00],Y
0104BC  E2 20       SEP #$20
0104BE  A3 0C       LDA $0C,S
0104C0  A0 02 00    LDY #$0002
0104C3  97 00       STA [$00],Y
0104C5  C2 20       REP #$20
0104C7  A3 14       LDA $14,S
0104C9  83 06       STA $06,S
0104CB  A3 15       LDA $15,S
0104CD  83 07       STA $07,S
0104CF  A3 17       LDA $17,S
0104D1  83 0A       STA $0A,S
0104D3  A3 18       LDA $18,S
0104D5  83 0B       STA $0B,S
0104D7  A3 06       LDA $06,S
0104D9  85 00       STA $00
0104DB  A3 07       LDA $07,S
0104DD  85 01       STA $01
0104DF  A3 0A       LDA $0A,S
0104E1  A0 06 00    LDY #$0006
0104E4  97 00       STA [$00],Y
0104E6  E2 20       SEP #$20
0104E8  A3 0C       LDA $0C,S
0104EA  A0 08 00    LDY #$0008
0104ED  97 00       STA [$00],Y
0104EF  C2 20       REP #$20
0104F1  3B          TSC
0104F2  18          CLC
0104F3  69 10 00    ADC #$0010
0104F6  1B          TCS
0104F7  6B          RTL
0104F8  3B          TSC
0104F9  AA          TAX
0104FA  C5 46       CMP $46
0104FC  90 04       BCC $010502
0104FE  F0 02       BEQ $010502
010500  80 0A       BRA $01050C
010502  38          SEC
010503  E9 10 00    SBC #$0010
010506  90 04       BCC $01050C
010508  C5 44       CMP $44
01050A  B0 07       BCS $010513
01050C  A9 10 00    LDA #$0010
01050F  5C 00 80 04 JML $048000
010513  1B          TCS
010514  A3 1A       LDA $1A,S
010516  83 06       STA $06,S
010518  A3 1B       LDA $1B,S
01051A  83 07       STA $07,S
01051C  A3 06       LDA $06,S
01051E  D0 08       BNE $010528
010520  E2 20       SEP #$20
010522  A3 08       LDA $08,S
010524  C2 20       REP #$20
010526  F0 04       BEQ $01052C
010528  C2 20       REP #$20
01052A  80 04       BRA $010530
01052C  C2 20       REP #$20
01052E  80 4E       BRA $01057E
010530  A3 1A       LDA $1A,S
010532  83 06       STA $06,S
010534  A3 1B       LDA $1B,S
010536  83 07       STA $07,S
010538  A3 14       LDA $14,S
01053A  83 0E       STA $0E,S
01053C  A3 15       LDA $15,S
01053E  83 0F       STA $0F,S
010540  E2 20       SEP #$20
010542  C2 20       REP #$20
010544  A3 0E       LDA $0E,S
010546  85 00       STA $00
010548  A3 0F       LDA $0F,S
01054A  85 01       STA $01
01054C  E2 20       SEP #$20
01054E  A5 00       LDA $00
010550  83 0A       STA $0A,S
010552  A5 01       LDA $01
010554  83 0B       STA $0B,S
010556  A5 02       LDA $02
010558  83 0C       STA $0C,S
01055A  A3 0A       LDA $0A,S
01055C  83 0E       STA $0E,S
01055E  A3 0B       LDA $0B,S
010560  83 0F       STA $0F,S
010562  A3 0C       LDA $0C,S
010564  83 10       STA $10,S
010566  C2 20       REP #$20
010568  A3 06       LDA $06,S
01056A  C3 0E       CMP $0E,S
01056C  D0 0A       BNE $010578
01056E  E2 20       SEP #$20
010570  A3 08       LDA $08,S
010572  C3 10       CMP $10,S
010574  C2 20       REP #$20
010576  F0 04       BEQ $01057C
010578  C2 20       REP #$20
01057A  80 66       BRA $0105E2
01057C  C2 20       REP #$20
01057E  A3 14       LDA $14,S
010580  83 06       STA $06,S
010582  A3 15       LDA $15,S
010584  83 07       STA $07,S
010586  A3 17       LDA $17,S
010588  83 0A       STA $0A,S
01058A  A3 18       LDA $18,S
01058C  83 0B       STA $0B,S
01058E  3B          TSC
01058F  AA          TAX
010590  C5 46       CMP $46
010592  90 04       BCC $010598
010594  F0 02       BEQ $010598
010596  80 0A       BRA $0105A2
010598  38          SEC
010599  E9 0A 00    SBC #$000A
01059C  90 04       BCC $0105A2
01059E  C5 44       CMP $44
0105A0  B0 07       BCS $0105A9
0105A2  A9 0A 00    LDA #$000A
0105A5  5C 00 80 04 JML $048000
0105A9  3B          TSC
0105AA  38          SEC
0105AB  E9 07 00    SBC #$0007
0105AE  1B          TCS
0105AF  E2 20       SEP #$20
0105B1  A9 00       LDA #$00
0105B3  83 07       STA $07,S
0105B5  A3 0D       LDA $0D,S
0105B7  83 01       STA $01,S
0105B9  A3 0E       LDA $0E,S
0105BB  83 02       STA $02,S
0105BD  A3 0F       LDA $0F,S
0105BF  83 03       STA $03,S
0105C1  A3 11       LDA $11,S
0105C3  83 04       STA $04,S
0105C5  A3 12       LDA $12,S
0105C7  83 05       STA $05,S
0105C9  A3 13       LDA $13,S
0105CB  83 06       STA $06,S
0105CD  C2 20       REP #$20
0105CF  22 AB 02 01 JSL $0102AB
0105D3  A8          TAY
0105D4  3B          TSC
0105D5  18          CLC
0105D6  69 07 00    ADC #$0007
0105D9  1B          TCS
0105DA  98          TYA
0105DB  3B          TSC
0105DC  18          CLC
0105DD  69 10 00    ADC #$0010
0105E0  1B          TCS
0105E1  6B          RTL
0105E2  A3 1A       LDA $1A,S
0105E4  83 06       STA $06,S
0105E6  A3 1B       LDA $1B,S
0105E8  83 07       STA $07,S
0105EA  A3 14       LDA $14,S
0105EC  83 0E       STA $0E,S
0105EE  A3 15       LDA $15,S
0105F0  83 0F       STA $0F,S
0105F2  E2 20       SEP #$20
0105F4  C2 20       REP #$20
0105F6  A3 0E       LDA $0E,S
0105F8  85 00       STA $00
0105FA  A3 0F       LDA $0F,S
0105FC  85 01       STA $01
0105FE  E2 20       SEP #$20
010600  18          CLC
010601  A5 00       LDA $00
010603  69 03       ADC #$03
010605  85 00       STA $00
010607  A5 01       LDA $01
010609  69 00       ADC #$00
01060B  85 01       STA $01
01060D  A5 02       LDA $02
01060F  69 00       ADC #$00
010611  85 02       STA $02
010613  A5 00       LDA $00
010615  83 0A       STA $0A,S
010617  A5 01       LDA $01
010619  83 0B       STA $0B,S
01061B  A5 02       LDA $02
01061D  83 0C       STA $0C,S
01061F  A3 0A       LDA $0A,S
010621  83 0E       STA $0E,S
010623  A3 0B       LDA $0B,S
010625  83 0F       STA $0F,S
010627  A3 0C       LDA $0C,S
010629  83 10       STA $10,S
01062B  C2 20       REP #$20
01062D  A3 06       LDA $06,S
01062F  C3 0E       CMP $0E,S
010631  D0 0A       BNE $01063D
010633  E2 20       SEP #$20
010635  A3 08       LDA $08,S
010637  C3 10       CMP $10,S
010639  C2 20       REP #$20
01063B  F0 04       BEQ $010641
01063D  C2 20       REP #$20
01063F  80 66       BRA $0106A7
010641  C2 20       REP #$20
010643  A3 14       LDA $14,S
010645  83 06       STA $06,S
010647  A3 15       LDA $15,S
010649  83 07       STA $07,S
01064B  A3 17       LDA $17,S
01064D  83 0A       STA $0A,S
01064F  A3 18       LDA $18,S
010651  83 0B       STA $0B,S
010653  3B          TSC
010654  AA          TAX
010655  C5 46       CMP $46
010657  90 04       BCC $01065D
010659  F0 02       BEQ $01065D
01065B  80 0A       BRA $010667
01065D  38          SEC
01065E  E9 0A 00    SBC #$000A
010661  90 04       BCC $010667
010663  C5 44       CMP $44
010665  B0 07       BCS $01066E
010667  A9 0A 00    LDA #$000A
01066A  5C 00 80 04 JML $048000
01066E  3B          TSC
01066F  38          SEC
010670  E9 07 00    SBC #$0007
010673  1B          TCS
010674  E2 20       SEP #$20
010676  A9 00       LDA #$00
010678  83 07       STA $07,S
01067A  A3 0D       LDA $0D,S
01067C  83 01       STA $01,S
01067E  A3 0E       LDA $0E,S
010680  83 02       STA $02,S
010682  A3 0F       LDA $0F,S
010684  83 03       STA $03,S
010686  A3 11       LDA $11,S
010688  83 04       STA $04,S
01068A  A3 12       LDA $12,S
01068C  83 05       STA $05,S
01068E  A3 13       LDA $13,S
010690  83 06       STA $06,S
010692  C2 20       REP #$20
010694  22 C8 03 01 JSL $0103C8
010698  A8          TAY
010699  3B          TSC
01069A  18          CLC
01069B  69 07 00    ADC #$0007
01069E  1B          TCS
01069F  98          TYA
0106A0  3B          TSC
0106A1  18          CLC
0106A2  69 10 00    ADC #$0010
0106A5  1B          TCS
0106A6  6B          RTL
0106A7  A3 1A       LDA $1A,S
0106A9  83 06       STA $06,S
0106AB  A3 1B       LDA $1B,S
0106AD  83 07       STA $07,S
0106AF  A3 06       LDA $06,S
0106B1  85 00       STA $00
0106B3  A3 07       LDA $07,S
0106B5  85 01       STA $01
0106B7  A0 00 00    LDY #$0000
0106BA  B7 00       LDA [$00],Y
0106BC  83 0A       STA $0A,S
0106BE  E2 20       SEP #$20
0106C0  A0 02 00    LDY #$0002
0106C3  B7 00       LDA [$00],Y
0106C5  83 0C       STA $0C,S
0106C7  C2 20       REP #$20
0106C9  A3 0A       LDA $0A,S
0106CB  83 01       STA $01,S
0106CD  A3 0B       LDA $0B,S
0106CF  83 02       STA $02,S
0106D1  A3 17       LDA $17,S
0106D3  83 06       STA $06,S
0106D5  A3 18       LDA $18,S
0106D7  83 07       STA $07,S
0106D9  A3 1A       LDA $1A,S
0106DB  83 0A       STA $0A,S
0106DD  A3 1B       LDA $1B,S
0106DF  83 0B       STA $0B,S
0106E1  A3 06       LDA $06,S
0106E3  85 00       STA $00
0106E5  A3 07       LDA $07,S
0106E7  85 01       STA $01
0106E9  A3 0A       LDA $0A,S
0106EB  A0 03 00    LDY #$0003
0106EE  97 00       STA [$00],Y
0106F0  E2 20       SEP #$20
0106F2  A3 0C       LDA $0C,S
0106F4  A0 05 00    LDY #$0005
0106F7  97 00       STA [$00],Y
0106F9  C2 20       REP #$20
0106FB  A3 17       LDA $17,S
0106FD  83 06       STA $06,S
0106FF  A3 18       LDA $18,S
010701  83 07       STA $07,S
010703  A3 01       LDA $01,S
010705  83 0A       STA $0A,S
010707  A3 02       LDA $02,S
010709  83 0B       STA $0B,S
01070B  A3 06       LDA $06,S
01070D  85 00       STA $00
01070F  A3 07       LDA $07,S
010711  85 01       STA $01
010713  A3 0A       LDA $0A,S
010715  A0 00 00    LDY #$0000
010718  97 00       STA [$00],Y
01071A  E2 20       SEP #$20
01071C  A3 0C       LDA $0C,S
01071E  A0 02 00    LDY #$0002
010721  97 00       STA [$00],Y
010723  C2 20       REP #$20
010725  A3 01       LDA $01,S
010727  83 06       STA $06,S
010729  A3 02       LDA $02,S
01072B  83 07       STA $07,S
01072D  A3 17       LDA $17,S
01072F  83 0A       STA $0A,S
010731  A3 18       LDA $18,S
010733  83 0B       STA $0B,S
010735  A3 06       LDA $06,S
010737  85 00       STA $00
010739  A3 07       LDA $07,S
01073B  85 01       STA $01
01073D  A3 0A       LDA $0A,S
01073F  A0 03 00    LDY #$0003
010742  97 00       STA [$00],Y
010744  E2 20       SEP #$20
010746  A3 0C       LDA $0C,S
010748  A0 05 00    LDY #$0005
01074B  97 00       STA [$00],Y
01074D  C2 20       REP #$20
01074F  A3 1A       LDA $1A,S
010751  83 06       STA $06,S
010753  A3 1B       LDA $1B,S
010755  83 07       STA $07,S
010757  A3 17       LDA $17,S
010759  83 0A       STA $0A,S
01075B  A3 18       LDA $18,S
01075D  83 0B       STA $0B,S
01075F  A3 06       LDA $06,S
010761  85 00       STA $00
010763  A3 07       LDA $07,S
010765  85 01       STA $01
010767  A3 0A       LDA $0A,S
010769  A0 00 00    LDY #$0000
01076C  97 00       STA [$00],Y
01076E  E2 20       SEP #$20
010770  A3 0C       LDA $0C,S
010772  A0 02 00    LDY #$0002
010775  97 00       STA [$00],Y
010777  C2 20       REP #$20
010779  3B          TSC
01077A  18          CLC
01077B  69 10 00    ADC #$0010
01077E  1B          TCS
01077F  6B          RTL
010780  3B          TSC
010781  AA          TAX
010782  C5 46       CMP $46
010784  90 04       BCC $01078A
010786  F0 02       BEQ $01078A
010788  80 0A       BRA $010794
01078A  38          SEC
01078B  E9 00 00    SBC #$0000
01078E  90 04       BCC $010794
010790  C5 44       CMP $44
010792  B0 07       BCS $01079B
010794  A9 00 00    LDA #$0000
010797  5C 00 80 04 JML $048000
01079B  1B          TCS
01079C  A3 04       LDA $04,S
01079E  85 00       STA $00
0107A0  A3 05       LDA $05,S
0107A2  85 01       STA $01
0107A4  A0 03 00    LDY #$0003
0107A7  B7 00       LDA [$00],Y
0107A9  85 03       STA $03
0107AB  E2 20       SEP #$20
0107AD  A0 05 00    LDY #$0005
0107B0  B7 00       LDA [$00],Y
0107B2  85 05       STA $05
0107B4  C2 20       REP #$20
0107B6  A0 00 00    LDY #$0000
0107B9  B7 00       LDA [$00],Y
0107BB  85 06       STA $06
0107BD  E2 20       SEP #$20
0107BF  A0 02 00    LDY #$0002
0107C2  B7 00       LDA [$00],Y
0107C4  85 08       STA $08
0107C6  C2 20       REP #$20
0107C8  A5 06       LDA $06
0107CA  A0 00 00    LDY #$0000
0107CD  97 03       STA [$03],Y
0107CF  E2 20       SEP #$20
0107D1  A5 08       LDA $08
0107D3  A0 02 00    LDY #$0002
0107D6  97 03       STA [$03],Y
0107D8  C2 20       REP #$20
0107DA  A5 03       LDA $03
0107DC  A0 03 00    LDY #$0003
0107DF  97 06       STA [$06],Y
0107E1  E2 20       SEP #$20
0107E3  A5 05       LDA $05
0107E5  A0 05 00    LDY #$0005
0107E8  97 06       STA [$06],Y
0107EA  C2 20       REP #$20
0107EC  6B          RTL
0107ED  3B          TSC
0107EE  AA          TAX
0107EF  C5 46       CMP $46
0107F1  90 04       BCC $0107F7
0107F3  F0 02       BEQ $0107F7
0107F5  80 0A       BRA $010801
0107F7  38          SEC
0107F8  E9 0C 00    SBC #$000C
0107FB  90 04       BCC $010801
0107FD  C5 44       CMP $44
0107FF  B0 07       BCS $010808
010801  A9 0C 00    LDA #$000C
010804  5C 00 80 04 JML $048000
010808  1B          TCS
010809  A3 10       LDA $10,S
01080B  83 0A       STA $0A,S
01080D  A3 11       LDA $11,S
01080F  83 0B       STA $0B,S
010811  A3 0A       LDA $0A,S
010813  85 00       STA $00
010815  A3 0B       LDA $0B,S
010817  85 01       STA $01
010819  A0 00 00    LDY #$0000
01081C  B7 00       LDA [$00],Y
01081E  83 06       STA $06,S
010820  E2 20       SEP #$20
010822  A0 02 00    LDY #$0002
010825  B7 00       LDA [$00],Y
010827  83 08       STA $08,S
010829  C2 20       REP #$20
01082B  A3 06       LDA $06,S
01082D  83 01       STA $01,S
01082F  A3 07       LDA $07,S
010831  83 02       STA $02,S
010833  A3 06       LDA $06,S
010835  85 00       STA $00
010837  A3 07       LDA $07,S
010839  85 01       STA $01
01083B  A0 00 00    LDY #$0000
01083E  B7 00       LDA [$00],Y
010840  83 0A       STA $0A,S
010842  E2 20       SEP #$20
010844  A0 02 00    LDY #$0002
010847  B7 00       LDA [$00],Y
010849  83 0C       STA $0C,S
01084B  C2 20       REP #$20
01084D  A3 0A       LDA $0A,S
01084F  D0 08       BNE $010859
010851  E2 20       SEP #$20
010853  A3 0C       LDA $0C,S
010855  C2 20       REP #$20
010857  F0 04       BEQ $01085D
010859  C2 20       REP #$20
01085B  80 11       BRA $01086E
01085D  C2 20       REP #$20
01085F  A2 00 00    LDX #$0000
010862  A9 00 00    LDA #$0000
010865  A8          TAY
010866  3B          TSC
010867  18          CLC
010868  69 0C 00    ADC #$000C
01086B  1B          TCS
01086C  98          TYA
01086D  6B          RTL
01086E  A3 01       LDA $01,S
010870  83 06       STA $06,S
010872  A3 02       LDA $02,S
010874  83 07       STA $07,S
010876  3B          TSC
010877  AA          TAX
010878  C5 46       CMP $46
01087A  90 04       BCC $010880
01087C  F0 02       BEQ $010880
01087E  80 0A       BRA $01088A
010880  38          SEC
010881  E9 06 00    SBC #$0006
010884  90 04       BCC $01088A
010886  C5 44       CMP $44
010888  B0 07       BCS $010891
01088A  A9 06 00    LDA #$0006
01088D  5C 00 80 04 JML $048000
010891  3B          TSC
010892  38          SEC
010893  E9 03 00    SBC #$0003
010896  1B          TCS
010897  E2 20       SEP #$20
010899  A9 00       LDA #$00
01089B  A3 09       LDA $09,S
01089D  83 01       STA $01,S
01089F  A3 0A       LDA $0A,S
0108A1  83 02       STA $02,S
0108A3  A3 0B       LDA $0B,S
0108A5  83 03       STA $03,S
0108A7  C2 20       REP #$20
0108A9  22 80 07 01 JSL $010780
0108AD  A8          TAY
0108AE  3B          TSC
0108AF  18          CLC
0108B0  69 03 00    ADC #$0003
0108B3  1B          TCS
0108B4  98          TYA
0108B5  A3 01       LDA $01,S
0108B7  83 06       STA $06,S
0108B9  A3 02       LDA $02,S
0108BB  83 07       STA $07,S
0108BD  A3 07       LDA $07,S
0108BF  EB          XBA
0108C0  29 FF 00    AND #$00FF
0108C3  AA          TAX
0108C4  A3 06       LDA $06,S
0108C6  A8          TAY
0108C7  3B          TSC
0108C8  18          CLC
0108C9  69 0C 00    ADC #$000C
0108CC  1B          TCS
0108CD  98          TYA
0108CE  6B          RTL
0108CF  3B          TSC
0108D0  AA          TAX
0108D1  C5 46       CMP $46
0108D3  90 04       BCC $0108D9
0108D5  F0 02       BEQ $0108D9
0108D7  80 0A       BRA $0108E3
0108D9  38          SEC
0108DA  E9 0C 00    SBC #$000C
0108DD  90 04       BCC $0108E3
0108DF  C5 44       CMP $44
0108E1  B0 07       BCS $0108EA
0108E3  A9 0C 00    LDA #$000C
0108E6  5C 00 80 04 JML $048000
0108EA  1B          TCS
0108EB  A3 10       LDA $10,S
0108ED  83 0A       STA $0A,S
0108EF  A3 11       LDA $11,S
0108F1  83 0B       STA $0B,S
0108F3  A3 0A       LDA $0A,S
0108F5  85 00       STA $00
0108F7  A3 0B       LDA $0B,S
0108F9  85 01       STA $01
0108FB  A0 06 00    LDY #$0006
0108FE  B7 00       LDA [$00],Y
010900  83 06       STA $06,S
010902  E2 20       SEP #$20
010904  A0 08 00    LDY #$0008
010907  B7 00       LDA [$00],Y
010909  83 08       STA $08,S
01090B  C2 20       REP #$20
01090D  A3 06       LDA $06,S
01090F  83 01       STA $01,S
010911  A3 07       LDA $07,S
010913  83 02       STA $02,S
010915  A3 06       LDA $06,S
010917  85 00       STA $00
010919  A3 07       LDA $07,S
01091B  85 01       STA $01
01091D  A0 03 00    LDY #$0003
010920  B7 00       LDA [$00],Y
010922  83 0A       STA $0A,S
010924  E2 20       SEP #$20
010926  A0 05 00    LDY #$0005
010929  B7 00       LDA [$00],Y
01092B  83 0C       STA $0C,S
01092D  C2 20       REP #$20
01092F  A3 0A       LDA $0A,S
010931  D0 08       BNE $01093B
010933  E2 20       SEP #$20
010935  A3 0C       LDA $0C,S
010937  C2 20       REP #$20
010939  F0 04       BEQ $01093F
01093B  C2 20       REP #$20
01093D  80 11       BRA $010950
01093F  C2 20       REP #$20
010941  A2 00 00    LDX #$0000
010944  A9 00 00    LDA #$0000
010947  A8          TAY
010948  3B          TSC
010949  18          CLC
01094A  69 0C 00    ADC #$000C
01094D  1B          TCS
01094E  98          TYA
01094F  6B          RTL
010950  A3 01       LDA $01,S
010952  83 06       STA $06,S
010954  A3 02       LDA $02,S
010956  83 07       STA $07,S
010958  3B          TSC
010959  AA          TAX
01095A  C5 46       CMP $46
01095C  90 04       BCC $010962
01095E  F0 02       BEQ $010962
010960  80 0A       BRA $01096C
010962  38          SEC
010963  E9 06 00    SBC #$0006
010966  90 04       BCC $01096C
010968  C5 44       CMP $44
01096A  B0 07       BCS $010973
01096C  A9 06 00    LDA #$0006
01096F  5C 00 80 04 JML $048000
010973  3B          TSC
010974  38          SEC
010975  E9 03 00    SBC #$0003
010978  1B          TCS
010979  E2 20       SEP #$20
01097B  A9 00       LDA #$00
01097D  A3 09       LDA $09,S
01097F  83 01       STA $01,S
010981  A3 0A       LDA $0A,S
010983  83 02       STA $02,S
010985  A3 0B       LDA $0B,S
010987  83 03       STA $03,S
010989  C2 20       REP #$20
01098B  22 80 07 01 JSL $010780
01098F  A8          TAY
010990  3B          TSC
010991  18          CLC
010992  69 03 00    ADC #$0003
010995  1B          TCS
010996  98          TYA
010997  A3 01       LDA $01,S
010999  83 06       STA $06,S
01099B  A3 02       LDA $02,S
01099D  83 07       STA $07,S
01099F  A3 07       LDA $07,S
0109A1  EB          XBA
0109A2  29 FF 00    AND #$00FF
0109A5  AA          TAX
0109A6  A3 06       LDA $06,S
0109A8  A8          TAY
0109A9  3B          TSC
0109AA  18          CLC
0109AB  69 0C 00    ADC #$000C
0109AE  1B          TCS
0109AF  98          TYA
0109B0  6B          RTL
0109B1  3B          TSC
0109B2  AA          TAX
0109B3  C5 46       CMP $46
0109B5  90 04       BCC $0109BB
0109B7  F0 02       BEQ $0109BB
0109B9  80 0A       BRA $0109C5
0109BB  38          SEC
0109BC  E9 14 00    SBC #$0014
0109BF  90 04       BCC $0109C5
0109C1  C5 44       CMP $44
0109C3  B0 07       BCS $0109CC
0109C5  A9 14 00    LDA #$0014
0109C8  5C 00 80 04 JML $048000
0109CC  1B          TCS
0109CD  A3 18       LDA $18,S
0109CF  83 02       STA $02,S
0109D1  A3 19       LDA $19,S
0109D3  83 03       STA $03,S
0109D5  A3 02       LDA $02,S
0109D7  85 00       STA $00
0109D9  A3 03       LDA $03,S
0109DB  85 01       STA $01
0109DD  A0 00 00    LDY #$0000
0109E0  B7 00       LDA [$00],Y
0109E2  83 06       STA $06,S
0109E4  E2 20       SEP #$20
0109E6  A0 02 00    LDY #$0002
0109E9  B7 00       LDA [$00],Y
0109EB  83 08       STA $08,S
0109ED  C2 20       REP #$20
0109EF  E2 20       SEP #$20
0109F1  A3 06       LDA $06,S
0109F3  83 12       STA $12,S
0109F5  A3 07       LDA $07,S
0109F7  83 13       STA $13,S
0109F9  A3 08       LDA $08,S
0109FB  83 14       STA $14,S
0109FD  A3 12       LDA $12,S
0109FF  83 02       STA $02,S
010A01  A3 13       LDA $13,S
010A03  83 03       STA $03,S
010A05  A3 14       LDA $14,S
010A07  83 04       STA $04,S
010A09  C2 20       REP #$20
010A0B  A3 02       LDA $02,S
010A0D  85 00       STA $00
010A0F  A3 03       LDA $03,S
010A11  85 01       STA $01
010A13  A0 00 00    LDY #$0000
010A16  B7 00       LDA [$00],Y
010A18  83 06       STA $06,S
010A1A  E2 20       SEP #$20
010A1C  A0 02 00    LDY #$0002
010A1F  B7 00       LDA [$00],Y
010A21  83 08       STA $08,S
010A23  C2 20       REP #$20
010A25  A3 06       LDA $06,S
010A27  D0 0B       BNE $010A34
010A29  E2 20       SEP #$20
010A2B  A3 08       LDA $08,S
010A2D  C2 20       REP #$20
010A2F  D0 03       BNE $010A34
010A31  82 10 01    BRL $010B44
010A34  C2 20       REP #$20
010A36  A3 1B       LDA $1B,S
010A38  83 06       STA $06,S
010A3A  A3 1C       LDA $1C,S
010A3C  83 07       STA $07,S
010A3E  A3 06       LDA $06,S
010A40  85 00       STA $00
010A42  A3 07       LDA $07,S
010A44  85 01       STA $01
010A46  E2 20       SEP #$20
010A48  A0 07 00    LDY #$0007
010A4B  B7 00       LDA [$00],Y
010A4D  83 05       STA $05,S
010A4F  A9 80       LDA #$80
010A51  85 10       STA $10
010A53  A3 05       LDA $05,S
010A55  45 10       EOR $10
010A57  83 01       STA $01,S
010A59  C2 20       REP #$20
010A5B  A3 02       LDA $02,S
010A5D  85 00       STA $00
010A5F  A3 03       LDA $03,S
010A61  85 01       STA $01
010A63  E2 20       SEP #$20
010A65  A0 07 00    LDY #$0007
010A68  B7 00       LDA [$00],Y
010A6A  83 06       STA $06,S
010A6C  A9 80       LDA #$80
010A6E  85 10       STA $10
010A70  A3 06       LDA $06,S
010A72  45 10       EOR $10
010A74  83 05       STA $05,S
010A76  A3 05       LDA $05,S
010A78  C3 01       CMP $01,S
010A7A  C2 20       REP #$20
010A7C  90 03       BCC $010A81
010A7E  82 8A 00    BRL $010B0B
010A81  C2 20       REP #$20
010A83  A3 18       LDA $18,S
010A85  83 06       STA $06,S
010A87  A3 19       LDA $19,S
010A89  83 07       STA $07,S
010A8B  A3 1B       LDA $1B,S
010A8D  83 0A       STA $0A,S
010A8F  A3 1C       LDA $1C,S
010A91  83 0B       STA $0B,S
010A93  A3 02       LDA $02,S
010A95  85 00       STA $00
010A97  A3 03       LDA $03,S
010A99  85 01       STA $01
010A9B  A0 03 00    LDY #$0003
010A9E  B7 00       LDA [$00],Y
010AA0  83 0E       STA $0E,S
010AA2  E2 20       SEP #$20
010AA4  A0 05 00    LDY #$0005
010AA7  B7 00       LDA [$00],Y
010AA9  83 10       STA $10,S
010AAB  C2 20       REP #$20
010AAD  3B          TSC
010AAE  AA          TAX
010AAF  C5 46       CMP $46
010AB1  90 04       BCC $010AB7
010AB3  F0 02       BEQ $010AB7
010AB5  80 0A       BRA $010AC1
010AB7  38          SEC
010AB8  E9 0C 00    SBC #$000C
010ABB  90 04       BCC $010AC1
010ABD  C5 44       CMP $44
010ABF  B0 07       BCS $010AC8
010AC1  A9 0C 00    LDA #$000C
010AC4  5C 00 80 04 JML $048000
010AC8  3B          TSC
010AC9  38          SEC
010ACA  E9 09 00    SBC #$0009
010ACD  1B          TCS
010ACE  E2 20       SEP #$20
010AD0  A9 00       LDA #$00
010AD2  A3 0F       LDA $0F,S
010AD4  83 01       STA $01,S
010AD6  A3 10       LDA $10,S
010AD8  83 02       STA $02,S
010ADA  A3 11       LDA $11,S
010ADC  83 03       STA $03,S
010ADE  A3 13       LDA $13,S
010AE0  83 04       STA $04,S
010AE2  A3 14       LDA $14,S
010AE4  83 05       STA $05,S
010AE6  A3 15       LDA $15,S
010AE8  83 06       STA $06,S
010AEA  A3 17       LDA $17,S
010AEC  83 07       STA $07,S
010AEE  A3 18       LDA $18,S
010AF0  83 08       STA $08,S
010AF2  A3 19       LDA $19,S
010AF4  83 09       STA $09,S
010AF6  C2 20       REP #$20
010AF8  22 F8 04 01 JSL $0104F8
010AFC  A8          TAY
010AFD  3B          TSC
010AFE  18          CLC
010AFF  69 09 00    ADC #$0009
010B02  1B          TCS
010B03  98          TYA
010B04  3B          TSC
010B05  18          CLC
010B06  69 14 00    ADC #$0014
010B09  1B          TCS
010B0A  6B          RTL
010B0B  A3 02       LDA $02,S
010B0D  85 00       STA $00
010B0F  A3 03       LDA $03,S
010B11  85 01       STA $01
010B13  A0 00 00    LDY #$0000
010B16  B7 00       LDA [$00],Y
010B18  83 06       STA $06,S
010B1A  E2 20       SEP #$20
010B1C  A0 02 00    LDY #$0002
010B1F  B7 00       LDA [$00],Y
010B21  83 08       STA $08,S
010B23  C2 20       REP #$20
010B25  E2 20       SEP #$20
010B27  A3 06       LDA $06,S
010B29  83 12       STA $12,S
010B2B  A3 07       LDA $07,S
010B2D  83 13       STA $13,S
010B2F  A3 08       LDA $08,S
010B31  83 14       STA $14,S
010B33  A3 12       LDA $12,S
010B35  83 02       STA $02,S
010B37  A3 13       LDA $13,S
010B39  83 03       STA $03,S
010B3B  A3 14       LDA $14,S
010B3D  83 04       STA $04,S
010B3F  C2 20       REP #$20
010B41  82 C7 FE    BRL $010A0B
010B44  A3 18       LDA $18,S
010B46  83 02       STA $02,S
010B48  A3 19       LDA $19,S
010B4A  83 03       STA $03,S
010B4C  A3 1B       LDA $1B,S
010B4E  83 06       STA $06,S
010B50  A3 1C       LDA $1C,S
010B52  83 07       STA $07,S
010B54  3B          TSC
010B55  AA          TAX
010B56  C5 46       CMP $46
010B58  90 04       BCC $010B5E
010B5A  F0 02       BEQ $010B5E
010B5C  80 0A       BRA $010B68
010B5E  38          SEC
010B5F  E9 0A 00    SBC #$000A
010B62  90 04       BCC $010B68
010B64  C5 44       CMP $44
010B66  B0 07       BCS $010B6F
010B68  A9 0A 00    LDA #$000A
010B6B  5C 00 80 04 JML $048000
010B6F  3B          TSC
010B70  38          SEC
010B71  E9 07 00    SBC #$0007
010B74  1B          TCS
010B75  E2 20       SEP #$20
010B77  A9 00       LDA #$00
010B79  83 07       STA $07,S
010B7B  A3 09       LDA $09,S
010B7D  83 01       STA $01,S
010B7F  A3 0A       LDA $0A,S
010B81  83 02       STA $02,S
010B83  A3 0B       LDA $0B,S
010B85  83 03       STA $03,S
010B87  A3 0D       LDA $0D,S
010B89  83 04       STA $04,S
010B8B  A3 0E       LDA $0E,S
010B8D  83 05       STA $05,S
010B8F  A3 0F       LDA $0F,S
010B91  83 06       STA $06,S
010B93  C2 20       REP #$20
010B95  22 C8 03 01 JSL $0103C8
010B99  A8          TAY
010B9A  3B          TSC
010B9B  18          CLC
010B9C  69 07 00    ADC #$0007
010B9F  1B          TCS
010BA0  98          TYA
010BA1  3B          TSC
010BA2  18          CLC
010BA3  69 14 00    ADC #$0014
010BA6  1B          TCS
010BA7  6B          RTL
010BA8  3B          TSC
010BA9  AA          TAX
010BAA  C5 46       CMP $46
010BAC  90 04       BCC $010BB2
010BAE  F0 02       BEQ $010BB2
010BB0  80 0A       BRA $010BBC
010BB2  38          SEC
010BB3  E9 1C 00    SBC #$001C
010BB6  90 04       BCC $010BBC
010BB8  C5 44       CMP $44
010BBA  B0 07       BCS $010BC3
010BBC  A9 1C 00    LDA #$001C
010BBF  5C 00 80 04 JML $048000
010BC3  1B          TCS
010BC4  A3 20       LDA $20,S
010BC6  83 02       STA $02,S
010BC8  A3 21       LDA $21,S
010BCA  83 03       STA $03,S
010BCC  A3 02       LDA $02,S
010BCE  85 00       STA $00
010BD0  A3 03       LDA $03,S
010BD2  85 01       STA $01
010BD4  A0 00 00    LDY #$0000
010BD7  B7 00       LDA [$00],Y
010BD9  83 06       STA $06,S
010BDB  E2 20       SEP #$20
010BDD  A0 02 00    LDY #$0002
010BE0  B7 00       LDA [$00],Y
010BE2  83 08       STA $08,S
010BE4  C2 20       REP #$20
010BE6  E2 20       SEP #$20
010BE8  A3 06       LDA $06,S
010BEA  83 16       STA $16,S
010BEC  A3 07       LDA $07,S
010BEE  83 17       STA $17,S
010BF0  A3 08       LDA $08,S
010BF2  83 18       STA $18,S
010BF4  A3 16       LDA $16,S
010BF6  83 02       STA $02,S
010BF8  A3 17       LDA $17,S
010BFA  83 03       STA $03,S
010BFC  A3 18       LDA $18,S
010BFE  83 04       STA $04,S
010C00  C2 20       REP #$20
010C02  A3 02       LDA $02,S
010C04  85 00       STA $00
010C06  A3 03       LDA $03,S
010C08  85 01       STA $01
010C0A  A0 00 00    LDY #$0000
010C0D  B7 00       LDA [$00],Y
010C0F  83 06       STA $06,S
010C11  E2 20       SEP #$20
010C13  A0 02 00    LDY #$0002
010C16  B7 00       LDA [$00],Y
010C18  83 08       STA $08,S
010C1A  C2 20       REP #$20
010C1C  A3 06       LDA $06,S
010C1E  D0 0B       BNE $010C2B
010C20  E2 20       SEP #$20
010C22  A3 08       LDA $08,S
010C24  C2 20       REP #$20
010C26  D0 03       BNE $010C2B
010C28  82 AB 01    BRL $010DD6
010C2B  C2 20       REP #$20
010C2D  A3 02       LDA $02,S
010C2F  85 00       STA $00
010C31  A3 03       LDA $03,S
010C33  85 01       STA $01
010C35  A0 08 00    LDY #$0008
010C38  B7 00       LDA [$00],Y
010C3A  83 06       STA $06,S
010C3C  E2 20       SEP #$20
010C3E  A0 0A 00    LDY #$000A
010C41  B7 00       LDA [$00],Y
010C43  83 08       STA $08,S
010C45  C2 20       REP #$20
010C47  A3 23       LDA $23,S
010C49  83 0A       STA $0A,S
010C4B  A3 24       LDA $24,S
010C4D  83 0B       STA $0B,S
010C4F  A3 06       LDA $06,S
010C51  D0 0B       BNE $010C5E
010C53  E2 20       SEP #$20
010C55  A3 08       LDA $08,S
010C57  C2 20       REP #$20
010C59  D0 03       BNE $010C5E
010C5B  82 3F 01    BRL $010D9D
010C5E  C2 20       REP #$20
010C60  E2 20       SEP #$20
010C62  A3 06       LDA $06,S
010C64  83 16       STA $16,S
010C66  A3 07       LDA $07,S
010C68  83 17       STA $17,S
010C6A  A3 08       LDA $08,S
010C6C  83 18       STA $18,S
010C6E  A3 0A       LDA $0A,S
010C70  83 1A       STA $1A,S
010C72  A3 0B       LDA $0B,S
010C74  83 1B       STA $1B,S
010C76  A3 0C       LDA $0C,S
010C78  83 1C       STA $1C,S
010C7A  A3 16       LDA $16,S
010C7C  83 0A       STA $0A,S
010C7E  A3 17       LDA $17,S
010C80  83 0B       STA $0B,S
010C82  A3 18       LDA $18,S
010C84  83 0C       STA $0C,S
010C86  A3 1A       LDA $1A,S
010C88  83 06       STA $06,S
010C8A  A3 1B       LDA $1B,S
010C8C  83 07       STA $07,S
010C8E  A3 1C       LDA $1C,S
010C90  83 08       STA $08,S
010C92  C2 20       REP #$20
010C94  A3 0A       LDA $0A,S
010C96  85 00       STA $00
010C98  A3 0B       LDA $0B,S
010C9A  85 01       STA $01
010C9C  E2 20       SEP #$20
010C9E  A0 00 00    LDY #$0000
010CA1  B7 00       LDA [$00],Y
010CA3  83 01       STA $01,S
010CA5  C2 20       REP #$20
010CA7  A3 06       LDA $06,S
010CA9  85 00       STA $00
010CAB  A3 07       LDA $07,S
010CAD  85 01       STA $01
010CAF  E2 20       SEP #$20
010CB1  A0 00 00    LDY #$0000
010CB4  B7 00       LDA [$00],Y
010CB6  83 05       STA $05,S
010CB8  A3 01       LDA $01,S
010CBA  C3 05       CMP $05,S
010CBC  C2 20       REP #$20
010CBE  F0 03       BEQ $010CC3
010CC0  82 DA 00    BRL $010D9D
010CC3  C2 20       REP #$20
010CC5  A3 0A       LDA $0A,S
010CC7  85 00       STA $00
010CC9  A3 0B       LDA $0B,S
010CCB  85 01       STA $01
010CCD  E2 20       SEP #$20
010CCF  A0 00 00    LDY #$0000
010CD2  B7 00       LDA [$00],Y
010CD4  83 01       STA $01,S
010CD6  A3 01       LDA $01,S
010CD8  C9 00       CMP #$00
010CDA  C2 20       REP #$20
010CDC  F0 02       BEQ $010CE0
010CDE  80 14       BRA $010CF4
010CE0  C2 20       REP #$20
010CE2  A3 03       LDA $03,S
010CE4  EB          XBA
010CE5  29 FF 00    AND #$00FF
010CE8  AA          TAX
010CE9  A3 02       LDA $02,S
010CEB  A8          TAY
010CEC  3B          TSC
010CED  18          CLC
010CEE  69 1C 00    ADC #$001C
010CF1  1B          TCS
010CF2  98          TYA
010CF3  6B          RTL
010CF4  E2 20       SEP #$20
010CF6  A3 0A       LDA $0A,S
010CF8  83 0E       STA $0E,S
010CFA  A3 0B       LDA $0B,S
010CFC  83 0F       STA $0F,S
010CFE  A3 0C       LDA $0C,S
010D00  83 10       STA $10,S
010D02  18          CLC
010D03  A9 01       LDA #$01
010D05  85 10       STA $10
010D07  A3 0E       LDA $0E,S
010D09  65 10       ADC $10
010D0B  83 12       STA $12,S
010D0D  A9 00       LDA #$00
010D0F  85 10       STA $10
010D11  A3 0F       LDA $0F,S
010D13  65 10       ADC $10
010D15  83 13       STA $13,S
010D17  A9 00       LDA #$00
010D19  85 10       STA $10
010D1B  A3 10       LDA $10,S
010D1D  65 10       ADC $10
010D1F  83 14       STA $14,S
010D21  A3 12       LDA $12,S
010D23  83 0A       STA $0A,S
010D25  A3 13       LDA $13,S
010D27  83 0B       STA $0B,S
010D29  A3 14       LDA $14,S
010D2B  83 0C       STA $0C,S
010D2D  A3 06       LDA $06,S
010D2F  83 0E       STA $0E,S
010D31  A3 07       LDA $07,S
010D33  83 0F       STA $0F,S
010D35  A3 08       LDA $08,S
010D37  83 10       STA $10,S
010D39  18          CLC
010D3A  A9 01       LDA #$01
010D3C  85 10       STA $10
010D3E  A3 0E       LDA $0E,S
010D40  65 10       ADC $10
010D42  83 06       STA $06,S
010D44  A9 00       LDA #$00
010D46  85 10       STA $10
010D48  A3 0F       LDA $0F,S
010D4A  65 10       ADC $10
010D4C  83 07       STA $07,S
010D4E  A9 00       LDA #$00
010D50  85 10       STA $10
010D52  A3 10       LDA $10,S
010D54  65 10       ADC $10
010D56  83 08       STA $08,S
010D58  A3 06       LDA $06,S
010D5A  83 0E       STA $0E,S
010D5C  A3 07       LDA $07,S
010D5E  83 0F       STA $0F,S
010D60  A3 08       LDA $08,S
010D62  83 10       STA $10,S
010D64  C2 20       REP #$20
010D66  E2 20       SEP #$20
010D68  A3 0A       LDA $0A,S
010D6A  83 16       STA $16,S
010D6C  A3 0B       LDA $0B,S
010D6E  83 17       STA $17,S
010D70  A3 0C       LDA $0C,S
010D72  83 18       STA $18,S
010D74  A3 0E       LDA $0E,S
010D76  83 1A       STA $1A,S
010D78  A3 0F       LDA $0F,S
010D7A  83 1B       STA $1B,S
010D7C  A3 10       LDA $10,S
010D7E  83 1C       STA $1C,S
010D80  A3 16       LDA $16,S
010D82  83 0A       STA $0A,S
010D84  A3 17       LDA $17,S
010D86  83 0B       STA $0B,S
010D88  A3 18       LDA $18,S
010D8A  83 0C       STA $0C,S
010D8C  A3 1A       LDA $1A,S
010D8E  83 06       STA $06,S
010D90  A3 1B       LDA $1B,S
010D92  83 07       STA $07,S
010D94  A3 1C       LDA $1C,S
010D96  83 08       STA $08,S
010D98  C2 20       REP #$20
010D9A  82 F7 FE    BRL $010C94
010D9D  A3 02       LDA $02,S
010D9F  85 00       STA $00
010DA1  A3 03       LDA $03,S
010DA3  85 01       STA $01
010DA5  A0 00 00    LDY #$0000
010DA8  B7 00       LDA [$00],Y
010DAA  83 06       STA $06,S
010DAC  E2 20       SEP #$20
010DAE  A0 02 00    LDY #$0002
010DB1  B7 00       LDA [$00],Y
010DB3  83 08       STA $08,S
010DB5  C2 20       REP #$20
010DB7  E2 20       SEP #$20
010DB9  A3 06       LDA $06,S
010DBB  83 16       STA $16,S
010DBD  A3 07       LDA $07,S
010DBF  83 17       STA $17,S
010DC1  A3 08       LDA $08,S
010DC3  83 18       STA $18,S
010DC5  A3 16       LDA $16,S
010DC7  83 02       STA $02,S
010DC9  A3 17       LDA $17,S
010DCB  83 03       STA $03,S
010DCD  A3 18       LDA $18,S
010DCF  83 04       STA $04,S
010DD1  C2 20       REP #$20
010DD3  82 2C FE    BRL $010C02
010DD6  A2 00 00    LDX #$0000
010DD9  A9 00 00    LDA #$0000
010DDC  A8          TAY
010DDD  3B          TSC
010DDE  18          CLC
010DDF  69 1C 00    ADC #$001C
010DE2  1B          TCS
010DE3  98          TYA
010DE4  6B          RTL
010DE5  3B          TSC
010DE6  AA          TAX
010DE7  C5 46       CMP $46
010DE9  90 04       BCC $010DEF
010DEB  F0 02       BEQ $010DEF
010DED  80 0A       BRA $010DF9
010DEF  38          SEC
010DF0  E9 00 00    SBC #$0000
010DF3  90 04       BCC $010DF9
010DF5  C5 44       CMP $44
010DF7  B0 07       BCS $010E00
010DF9  A9 00 00    LDA #$0000
010DFC  5C 00 80 04 JML $048000
010E00  1B          TCS
010E01  6B          RTL
