010000  3B          TSC
010001  AA          TAX
010002  C5 46       CMP $46
010004  90 04       BCC $01000A
010006  F0 02       BEQ $01000A
010008  80 0A       BRA $010014
01000A  38          SEC
01000B  E9 0C 00    SBC #$000C
01000E  90 04       BCC $010014
010010  C5 44       CMP $44
010012  B0 07       BCS $01001B
010014  A9 0C 00    LDA #$000C
010017  5C 00 80 04 JML $048000
01001B  1B          TCS
01001C  A3 10       LDA $10,S
01001E  83 02       STA $02,S
010020  A3 11       LDA $11,S
010022  83 03       STA $03,S
010024  A3 10       LDA $10,S
010026  83 0A       STA $0A,S
010028  A3 11       LDA $11,S
01002A  83 0B       STA $0B,S
01002C  E2 20       SEP #$20
01002E  C2 20       REP #$20
010030  A3 0A       LDA $0A,S
010032  85 00       STA $00
010034  A3 0B       LDA $0B,S
010036  85 01       STA $01
010038  E2 20       SEP #$20
01003A  18          CLC
01003B  A5 00       LDA $00
01003D  69 03       ADC #$03
01003F  85 00       STA $00
010041  A5 01       LDA $01
010043  69 00       ADC #$00
010045  85 01       STA $01
010047  A5 02       LDA $02
010049  69 00       ADC #$00
01004B  85 02       STA $02
01004D  A5 00       LDA $00
01004F  83 06       STA $06,S
010051  A5 01       LDA $01
010053  83 07       STA $07,S
010055  A5 02       LDA $02
010057  83 08       STA $08,S
010059  A3 06       LDA $06,S
01005B  83 0A       STA $0A,S
01005D  A3 07       LDA $07,S
01005F  83 0B       STA $0B,S
010061  A3 08       LDA $08,S
010063  83 0C       STA $0C,S
010065  C2 20       REP #$20
010067  A3 02       LDA $02,S
010069  85 00       STA $00
01006B  A3 03       LDA $03,S
01006D  85 01       STA $01
01006F  A3 0A       LDA $0A,S
010071  A0 00 00    LDY #$0000
010074  97 00       STA [$00],Y
010076  E2 20       SEP #$20
010078  A3 0C       LDA $0C,S
01007A  A0 02 00    LDY #$0002
01007D  97 00       STA [$00],Y
01007F  C2 20       REP #$20
010081  A3 10       LDA $10,S
010083  83 02       STA $02,S
010085  A3 11       LDA $11,S
010087  83 03       STA $03,S
010089  A3 02       LDA $02,S
01008B  85 00       STA $00
01008D  A3 03       LDA $03,S
01008F  85 01       STA $01
010091  E2 20       SEP #$20
010093  A9 00       LDA #$00
010095  A0 03 00    LDY #$0003
010098  97 00       STA [$00],Y
01009A  A9 00       LDA #$00
01009C  A0 04 00    LDY #$0004
01009F  97 00       STA [$00],Y
0100A1  A9 00       LDA #$00
0100A3  A0 05 00    LDY #$0005
0100A6  97 00       STA [$00],Y
0100A8  C2 20       REP #$20
0100AA  A3 10       LDA $10,S
0100AC  83 02       STA $02,S
0100AE  A3 11       LDA $11,S
0100B0  83 03       STA $03,S
0100B2  A3 10       LDA $10,S
0100B4  83 0A       STA $0A,S
0100B6  A3 11       LDA $11,S
0100B8  83 0B       STA $0B,S
0100BA  E2 20       SEP #$20
0100BC  C2 20       REP #$20
0100BE  A3 0A       LDA $0A,S
0100C0  85 00       STA $00
0100C2  A3 0B       LDA $0B,S
0100C4  85 01       STA $01
0100C6  E2 20       SEP #$20
0100C8  A5 00       LDA $00
0100CA  83 06       STA $06,S
0100CC  A5 01       LDA $01
0100CE  83 07       STA $07,S
0100D0  A5 02       LDA $02
0100D2  83 08       STA $08,S
0100D4  A3 06       LDA $06,S
0100D6  83 0A       STA $0A,S
0100D8  A3 07       LDA $07,S
0100DA  83 0B       STA $0B,S
0100DC  A3 08       LDA $08,S
0100DE  83 0C       STA $0C,S
0100E0  C2 20       REP #$20
0100E2  A3 02       LDA $02,S
0100E4  85 00       STA $00
0100E6  A3 03       LDA $03,S
0100E8  85 01       STA $01
0100EA  A3 0A       LDA $0A,S
0100EC  A0 06 00    LDY #$0006
0100EF  97 00       STA [$00],Y
0100F1  E2 20       SEP #$20
0100F3  A3 0C       LDA $0C,S
0100F5  A0 08 00    LDY #$0008
0100F8  97 00       STA [$00],Y
0100FA  C2 20       REP #$20
0100FC  3B          TSC
0100FD  18          CLC
0100FE  69 0C 00    ADC #$000C
010101  1B          TCS
010102  6B          RTL
010103  3B          TSC
010104  AA          TAX
010105  C5 46       CMP $46
010107  90 04       BCC $01010D
010109  F0 02       BEQ $01010D
01010B  80 0A       BRA $010117
01010D  38          SEC
01010E  E9 08 00    SBC #$0008
010111  90 04       BCC $010117
010113  C5 44       CMP $44
010115  B0 07       BCS $01011E
010117  A9 08 00    LDA #$0008
01011A  5C 00 80 04 JML $048000
01011E  1B          TCS
01011F  A3 0C       LDA $0C,S
010121  83 02       STA $02,S
010123  A3 0D       LDA $0D,S
010125  83 03       STA $03,S
010127  E2 20       SEP #$20
010129  A3 02       LDA $02,S
01012B  83 06       STA $06,S
01012D  A3 03       LDA $03,S
01012F  83 07       STA $07,S
010131  A3 04       LDA $04,S
010133  83 08       STA $08,S
010135  C2 20       REP #$20
010137  3B          TSC
010138  AA          TAX
010139  C5 46       CMP $46
01013B  90 04       BCC $010141
01013D  F0 02       BEQ $010141
01013F  80 0A       BRA $01014B
010141  38          SEC
010142  E9 06 00    SBC #$0006
010145  90 04       BCC $01014B
010147  C5 44       CMP $44
010149  B0 07       BCS $010152
01014B  A9 06 00    LDA #$0006
01014E  5C 00 80 04 JML $048000
010152  3B          TSC
010153  38          SEC
010154  E9 03 00    SBC #$0003
010157  1B          TCS
010158  E2 20       SEP #$20
01015A  A9 00       LDA #$00
01015C  A3 09       LDA $09,S
01015E  83 01       STA $01,S
010160  A3 0A       LDA $0A,S
010162  83 02       STA $02,S
010164  A3 0B       LDA $0B,S
010166  83 03       STA $03,S
010168  C2 20       REP #$20
01016A  22 00 00 01 JSL $010000
01016E  A8          TAY
01016F  3B          TSC
010170  18          CLC
010171  69 03 00    ADC #$0003
010174  1B          TCS
010175  98          TYA
010176  3B          TSC
010177  18          CLC
010178  69 08 00    ADC #$0008
01017B  1B          TCS
01017C  6B          RTL
01017D  3B          TSC
01017E  AA          TAX
01017F  C5 46       CMP $46
010181  90 04       BCC $010187
010183  F0 02       BEQ $010187
010185  80 0A       BRA $010191
010187  38          SEC
010188  E9 0C 00    SBC #$000C
01018B  90 04       BCC $010191
01018D  C5 44       CMP $44
01018F  B0 07       BCS $010198
010191  A9 0C 00    LDA #$000C
010194  5C 00 80 04 JML $048000
010198  1B          TCS
010199  A3 10       LDA $10,S
01019B  83 06       STA $06,S
01019D  A3 11       LDA $11,S
01019F  83 07       STA $07,S
0101A1  A3 06       LDA $06,S
0101A3  85 00       STA $00
0101A5  A3 07       LDA $07,S
0101A7  85 01       STA $01
0101A9  A0 00 00    LDY #$0000
0101AC  B7 00       LDA [$00],Y
0101AE  83 02       STA $02,S
0101B0  E2 20       SEP #$20
0101B2  A0 02 00    LDY #$0002
0101B5  B7 00       LDA [$00],Y
0101B7  83 04       STA $04,S
0101B9  C2 20       REP #$20
0101BB  A3 10       LDA $10,S
0101BD  83 0A       STA $0A,S
0101BF  A3 11       LDA $11,S
0101C1  83 0B       STA $0B,S
0101C3  E2 20       SEP #$20
0101C5  C2 20       REP #$20
0101C7  A3 0A       LDA $0A,S
0101C9  85 00       STA $00
0101CB  A3 0B       LDA $0B,S
0101CD  85 01       STA $01
0101CF  E2 20       SEP #$20
0101D1  18          CLC
0101D2  A5 00       LDA $00
0101D4  69 03       ADC #$03
0101D6  85 00       STA $00
0101D8  A5 01       LDA $01
0101DA  69 00       ADC #$00
0101DC  85 01       STA $01
0101DE  A5 02       LDA $02
0101E0  69 00       ADC #$00
0101E2  85 02       STA $02
0101E4  A5 00       LDA $00
0101E6  83 06       STA $06,S
0101E8  A5 01       LDA $01
0101EA  83 07       STA $07,S
0101EC  A5 02       LDA $02
0101EE  83 08       STA $08,S
0101F0  A3 06       LDA $06,S
0101F2  83 0A       STA $0A,S
0101F4  A3 07       LDA $07,S
0101F6  83 0B       STA $0B,S
0101F8  A3 08       LDA $08,S
0101FA  83 0C       STA $0C,S
0101FC  C2 20       REP #$20
0101FE  A3 02       LDA $02,S
010200  C3 0A       CMP $0A,S
010202  D0 0A       BNE $01020E
010204  E2 20       SEP #$20
010206  A3 04       LDA $04,S
010208  C3 0C       CMP $0C,S
01020A  C2 20       REP #$20
01020C  F0 06       BEQ $010214
01020E  E2 20       SEP #$20
010210  A9 00       LDA #$00
010212  80 04       BRA $010218
010214  E2 20       SEP #$20
010216  A9 01       LDA #$01
010218  E2 20       SEP #$20
01021A  83 01       STA $01,S
01021C  C2 20       REP #$20
01021E  E2 20       SEP #$20
010220  A3 01       LDA $01,S
010222  C2 20       REP #$20
010224  29 FF 00    AND #$00FF
010227  A8          TAY
010228  3B          TSC
010229  18          CLC
01022A  69 0C 00    ADC #$000C
01022D  1B          TCS
01022E  98          TYA
01022F  6B          RTL
010230  3B          TSC
010231  AA          TAX
010232  C5 46       CMP $46
010234  90 04       BCC $01023A
010236  F0 02       BEQ $01023A
010238  80 0A       BRA $010244
01023A  38          SEC
01023B  E9 08 00    SBC #$0008
01023E  90 04       BCC $010244
010240  C5 44       CMP $44
010242  B0 07       BCS $01024B
010244  A9 08 00    LDA #$0008
010247  5C 00 80 04 JML $048000
01024B  1B          TCS
01024C  A3 0C       LDA $0C,S
01024E  83 06       STA $06,S
010250  A3 0D       LDA $0D,S
010252  83 07       STA $07,S
010254  E2 20       SEP #$20
010256  A3 06       LDA $06,S
010258  83 02       STA $02,S
01025A  A3 07       LDA $07,S
01025C  83 03       STA $03,S
01025E  A3 08       LDA $08,S
010260  83 04       STA $04,S
010262  C2 20       REP #$20
010264  3B          TSC
010265  AA          TAX
010266  C5 46       CMP $46
010268  90 04       BCC $01026E
01026A  F0 02       BEQ $01026E
01026C  80 0A       BRA $010278
01026E  38          SEC
01026F  E9 06 00    SBC #$0006
010272  90 04       BCC $010278
010274  C5 44       CMP $44
010276  B0 07       BCS $01027F
010278  A9 06 00    LDA #$0006
01027B  5C 00 80 04 JML $048000
01027F  3B          TSC
010280  38          SEC
010281  E9 03 00    SBC #$0003
010284  1B          TCS
010285  E2 20       SEP #$20
010287  A9 00       LDA #$00
010289  A3 05       LDA $05,S
01028B  83 01       STA $01,S
01028D  A3 06       LDA $06,S
01028F  83 02       STA $02,S
010291  A3 07       LDA $07,S
010293  83 03       STA $03,S
010295  C2 20       REP #$20
010297  22 7D 01 01 JSL $01017D
01029B  A8          TAY
01029C  3B          TSC
01029D  18          CLC
01029E  69 03 00    ADC #$0003
0102A1  1B          TCS
0102A2  98          TYA
0102A3  E2 20       SEP #$20
0102A5  83 01       STA $01,S
0102A7  C2 20       REP #$20
0102A9  E2 20       SEP #$20
0102AB  A3 01       LDA $01,S
0102AD  C2 20       REP #$20
0102AF  29 FF 00    AND #$00FF
0102B2  A8          TAY
0102B3  3B          TSC
0102B4  18          CLC
0102B5  69 08 00    ADC #$0008
0102B8  1B          TCS
0102B9  98          TYA
0102BA  6B          RTL
0102BB  3B          TSC
0102BC  AA          TAX
0102BD  C5 46       CMP $46
0102BF  90 04       BCC $0102C5
0102C1  F0 02       BEQ $0102C5
0102C3  80 0A       BRA $0102CF
0102C5  38          SEC
0102C6  E9 10 00    SBC #$0010
0102C9  90 04       BCC $0102CF
0102CB  C5 44       CMP $44
0102CD  B0 07       BCS $0102D6
0102CF  A9 10 00    LDA #$0010
0102D2  5C 00 80 04 JML $048000
0102D6  1B          TCS
0102D7  A3 14       LDA $14,S
0102D9  83 06       STA $06,S
0102DB  A3 15       LDA $15,S
0102DD  83 07       STA $07,S
0102DF  A3 06       LDA $06,S
0102E1  85 00       STA $00
0102E3  A3 07       LDA $07,S
0102E5  85 01       STA $01
0102E7  A0 00 00    LDY #$0000
0102EA  B7 00       LDA [$00],Y
0102EC  83 0A       STA $0A,S
0102EE  E2 20       SEP #$20
0102F0  A0 02 00    LDY #$0002
0102F3  B7 00       LDA [$00],Y
0102F5  83 0C       STA $0C,S
0102F7  C2 20       REP #$20
0102F9  A3 0A       LDA $0A,S
0102FB  83 01       STA $01,S
0102FD  A3 0B       LDA $0B,S
0102FF  83 02       STA $02,S
010301  A3 17       LDA $17,S
010303  83 06       STA $06,S
010305  A3 18       LDA $18,S
010307  83 07       STA $07,S
010309  A3 14       LDA $14,S
01030B  83 0E       STA $0E,S
01030D  A3 15       LDA $15,S
01030F  83 0F       STA $0F,S
010311  E2 20       SEP #$20
010313  C2 20       REP #$20
010315  A3 0E       LDA $0E,S
010317  85 00       STA $00
010319  A3 0F       LDA $0F,S
01031B  85 01       STA $01
01031D  E2 20       SEP #$20
01031F  A5 00       LDA $00
010321  83 0A       STA $0A,S
010323  A5 01       LDA $01
010325  83 0B       STA $0B,S
010327  A5 02       LDA $02
010329  83 0C       STA $0C,S
01032B  A3 0A       LDA $0A,S
01032D  83 0E       STA $0E,S
01032F  A3 0B       LDA $0B,S
010331  83 0F       STA $0F,S
010333  A3 0C       LDA $0C,S
010335  83 10       STA $10,S
010337  C2 20       REP #$20
010339  A3 06       LDA $06,S
01033B  85 00       STA $00
01033D  A3 07       LDA $07,S
01033F  85 01       STA $01
010341  A3 0E       LDA $0E,S
010343  A0 03 00    LDY #$0003
010346  97 00       STA [$00],Y
010348  E2 20       SEP #$20
01034A  A3 10       LDA $10,S
01034C  A0 05 00    LDY #$0005
01034F  97 00       STA [$00],Y
010351  C2 20       REP #$20
010353  A3 17       LDA $17,S
010355  83 06       STA $06,S
010357  A3 18       LDA $18,S
010359  83 07       STA $07,S
01035B  A3 01       LDA $01,S
01035D  83 0A       STA $0A,S
01035F  A3 02       LDA $02,S
010361  83 0B       STA $0B,S
010363  A3 06       LDA $06,S
010365  85 00       STA $00
010367  A3 07       LDA $07,S
010369  85 01       STA $01
01036B  A3 0A       LDA $0A,S
01036D  A0 00 00    LDY #$0000
010370  97 00       STA [$00],Y
010372  E2 20       SEP #$20
010374  A3 0C       LDA $0C,S
010376  A0 02 00    LDY #$0002
010379  97 00       STA [$00],Y
01037B  C2 20       REP #$20
01037D  A3 01       LDA $01,S
01037F  83 06       STA $06,S
010381  A3 02       LDA $02,S
010383  83 07       STA $07,S
010385  A3 17       LDA $17,S
010387  83 0A       STA $0A,S
010389  A3 18       LDA $18,S
01038B  83 0B       STA $0B,S
01038D  A3 06       LDA $06,S
01038F  85 00       STA $00
010391  A3 07       LDA $07,S
010393  85 01       STA $01
010395  A3 0A       LDA $0A,S
010397  A0 03 00    LDY #$0003
01039A  97 00       STA [$00],Y
01039C  E2 20       SEP #$20
01039E  A3 0C       LDA $0C,S
0103A0  A0 05 00    LDY #$0005
0103A3  97 00       STA [$00],Y
0103A5  C2 20       REP #$20
0103A7  A3 14       LDA $14,S
0103A9  83 06       STA $06,S
0103AB  A3 15       LDA $15,S
0103AD  83 07       STA $07,S
0103AF  A3 17       LDA $17,S
0103B1  83 0A       STA $0A,S
0103B3  A3 18       LDA $18,S
0103B5  83 0B       STA $0B,S
0103B7  A3 06       LDA $06,S
0103B9  85 00       STA $00
0103BB  A3 07       LDA $07,S
0103BD  85 01       STA $01
0103BF  A3 0A       LDA $0A,S
0103C1  A0 00 00    LDY #$0000
0103C4  97 00       STA [$00],Y
0103C6  E2 20       SEP #$20
0103C8  A3 0C       LDA $0C,S
0103CA  A0 02 00    LDY #$0002
0103CD  97 00       STA [$00],Y
0103CF  C2 20       REP #$20
0103D1  3B          TSC
0103D2  18          CLC
0103D3  69 10 00    ADC #$0010
0103D6  1B          TCS
0103D7  6B          RTL
0103D8  3B          TSC
0103D9  AA          TAX
0103DA  C5 46       CMP $46
0103DC  90 04       BCC $0103E2
0103DE  F0 02       BEQ $0103E2
0103E0  80 0A       BRA $0103EC
0103E2  38          SEC
0103E3  E9 10 00    SBC #$0010
0103E6  90 04       BCC $0103EC
0103E8  C5 44       CMP $44
0103EA  B0 07       BCS $0103F3
0103EC  A9 10 00    LDA #$0010
0103EF  5C 00 80 04 JML $048000
0103F3  1B          TCS
0103F4  A3 14       LDA $14,S
0103F6  83 06       STA $06,S
0103F8  A3 15       LDA $15,S
0103FA  83 07       STA $07,S
0103FC  A3 06       LDA $06,S
0103FE  85 00       STA $00
010400  A3 07       LDA $07,S
010402  85 01       STA $01
010404  A0 06 00    LDY #$0006
010407  B7 00       LDA [$00],Y
010409  83 0A       STA $0A,S
01040B  E2 20       SEP #$20
01040D  A0 08 00    LDY #$0008
010410  B7 00       LDA [$00],Y
010412  83 0C       STA $0C,S
010414  C2 20       REP #$20
010416  A3 0A       LDA $0A,S
010418  83 01       STA $01,S
01041A  A3 0B       LDA $0B,S
01041C  83 02       STA $02,S
01041E  A3 17       LDA $17,S
010420  83 06       STA $06,S
010422  A3 18       LDA $18,S
010424  83 07       STA $07,S
010426  A3 14       LDA $14,S
010428  83 0E       STA $0E,S
01042A  A3 15       LDA $15,S
01042C  83 0F       STA $0F,S
01042E  E2 20       SEP #$20
010430  C2 20       REP #$20
010432  A3 0E       LDA $0E,S
010434  85 00       STA $00
010436  A3 0F       LDA $0F,S
010438  85 01       STA $01
01043A  E2 20       SEP #$20
01043C  18          CLC
01043D  A5 00       LDA $00
01043F  69 03       ADC #$03
010441  85 00       STA $00
010443  A5 01       LDA $01
010445  69 00       ADC #$00
010447  85 01       STA $01
010449  A5 02       LDA $02
01044B  69 00       ADC #$00
01044D  85 02       STA $02
01044F  A5 00       LDA $00
010451  83 0A       STA $0A,S
010453  A5 01       LDA $01
010455  83 0B       STA $0B,S
010457  A5 02       LDA $02
010459  83 0C       STA $0C,S
01045B  A3 0A       LDA $0A,S
01045D  83 0E       STA $0E,S
01045F  A3 0B       LDA $0B,S
010461  83 0F       STA $0F,S
010463  A3 0C       LDA $0C,S
010465  83 10       STA $10,S
010467  C2 20       REP #$20
010469  A3 06       LDA $06,S
01046B  85 00       STA $00
01046D  A3 07       LDA $07,S
01046F  85 01       STA $01
010471  A3 0E       LDA $0E,S
010473  A0 00 00    LDY #$0000
010476  97 00       STA [$00],Y
010478  E2 20       SEP #$20
01047A  A3 10       LDA $10,S
01047C  A0 02 00    LDY #$0002
01047F  97 00       STA [$00],Y
010481  C2 20       REP #$20
010483  A3 17       LDA $17,S
010485  83 06       STA $06,S
010487  A3 18       LDA $18,S
010489  83 07       STA $07,S
01048B  A3 01       LDA $01,S
01048D  83 0A       STA $0A,S
01048F  A3 02       LDA $02,S
010491  83 0B       STA $0B,S
010493  A3 06       LDA $06,S
010495  85 00       STA $00
010497  A3 07       LDA $07,S
010499  85 01       STA $01
01049B  A3 0A       LDA $0A,S
01049D  A0 03 00    LDY #$0003
0104A0  97 00       STA [$00],Y
0104A2  E2 20       SEP #$20
0104A4  A3 0C       LDA $0C,S
0104A6  A0 05 00    LDY #$0005
0104A9  97 00       STA [$00],Y
0104AB  C2 20       REP #$20
0104AD  A3 01       LDA $01,S
0104AF  83 06       STA $06,S
0104B1  A3 02       LDA $02,S
0104B3  83 07       STA $07,S
0104B5  A3 17       LDA $17,S
0104B7  83 0A       STA $0A,S
0104B9  A3 18       LDA $18,S
0104BB  83 0B       STA $0B,S
0104BD  A3 06       LDA $06,S
0104BF  85 00       STA $00
0104C1  A3 07       LDA $07,S
0104C3  85 01       STA $01
0104C5  A3 0A       LDA $0A,S
0104C7  A0 00 00    LDY #$0000
0104CA  97 00       STA [$00],Y
0104CC  E2 20       SEP #$20
0104CE  A3 0C       LDA $0C,S
0104D0  A0 02 00    LDY #$0002
0104D3  97 00       STA [$00],Y
0104D5  C2 20       REP #$20
0104D7  A3 14       LDA $14,S
0104D9  83 06       STA $06,S
0104DB  A3 15       LDA $15,S
0104DD  83 07       STA $07,S
0104DF  A3 17       LDA $17,S
0104E1  83 0A       STA $0A,S
0104E3  A3 18       LDA $18,S
0104E5  83 0B       STA $0B,S
0104E7  A3 06       LDA $06,S
0104E9  85 00       STA $00
0104EB  A3 07       LDA $07,S
0104ED  85 01       STA $01
0104EF  A3 0A       LDA $0A,S
0104F1  A0 06 00    LDY #$0006
0104F4  97 00       STA [$00],Y
0104F6  E2 20       SEP #$20
0104F8  A3 0C       LDA $0C,S
0104FA  A0 08 00    LDY #$0008
0104FD  97 00       STA [$00],Y
0104FF  C2 20       REP #$20
010501  3B          TSC
010502  18          CLC
010503  69 10 00    ADC #$0010
010506  1B          TCS
010507  6B          RTL
010508  3B          TSC
010509  AA          TAX
01050A  C5 46       CMP $46
01050C  90 04       BCC $010512
01050E  F0 02       BEQ $010512
010510  80 0A       BRA $01051C
010512  38          SEC
010513  E9 10 00    SBC #$0010
010516  90 04       BCC $01051C
010518  C5 44       CMP $44
01051A  B0 07       BCS $010523
01051C  A9 10 00    LDA #$0010
01051F  5C 00 80 04 JML $048000
010523  1B          TCS
010524  A3 1A       LDA $1A,S
010526  83 06       STA $06,S
010528  A3 1B       LDA $1B,S
01052A  83 07       STA $07,S
01052C  A3 06       LDA $06,S
01052E  D0 08       BNE $010538
010530  E2 20       SEP #$20
010532  A3 08       LDA $08,S
010534  C2 20       REP #$20
010536  F0 04       BEQ $01053C
010538  C2 20       REP #$20
01053A  80 04       BRA $010540
01053C  C2 20       REP #$20
01053E  80 4E       BRA $01058E
010540  A3 1A       LDA $1A,S
010542  83 06       STA $06,S
010544  A3 1B       LDA $1B,S
010546  83 07       STA $07,S
010548  A3 14       LDA $14,S
01054A  83 0E       STA $0E,S
01054C  A3 15       LDA $15,S
01054E  83 0F       STA $0F,S
010550  E2 20       SEP #$20
010552  C2 20       REP #$20
010554  A3 0E       LDA $0E,S
010556  85 00       STA $00
010558  A3 0F       LDA $0F,S
01055A  85 01       STA $01
01055C  E2 20       SEP #$20
01055E  A5 00       LDA $00
010560  83 0A       STA $0A,S
010562  A5 01       LDA $01
010564  83 0B       STA $0B,S
010566  A5 02       LDA $02
010568  83 0C       STA $0C,S
01056A  A3 0A       LDA $0A,S
01056C  83 0E       STA $0E,S
01056E  A3 0B       LDA $0B,S
010570  83 0F       STA $0F,S
010572  A3 0C       LDA $0C,S
010574  83 10       STA $10,S
010576  C2 20       REP #$20
010578  A3 06       LDA $06,S
01057A  C3 0E       CMP $0E,S
01057C  D0 0A       BNE $010588
01057E  E2 20       SEP #$20
010580  A3 08       LDA $08,S
010582  C3 10       CMP $10,S
010584  C2 20       REP #$20
010586  F0 04       BEQ $01058C
010588  C2 20       REP #$20
01058A  80 66       BRA $0105F2
01058C  C2 20       REP #$20
01058E  A3 14       LDA $14,S
010590  83 06       STA $06,S
010592  A3 15       LDA $15,S
010594  83 07       STA $07,S
010596  A3 17       LDA $17,S
010598  83 0A       STA $0A,S
01059A  A3 18       LDA $18,S
01059C  83 0B       STA $0B,S
01059E  3B          TSC
01059F  AA          TAX
0105A0  C5 46       CMP $46
0105A2  90 04       BCC $0105A8
0105A4  F0 02       BEQ $0105A8
0105A6  80 0A       BRA $0105B2
0105A8  38          SEC
0105A9  E9 0A 00    SBC #$000A
0105AC  90 04       BCC $0105B2
0105AE  C5 44       CMP $44
0105B0  B0 07       BCS $0105B9
0105B2  A9 0A 00    LDA #$000A
0105B5  5C 00 80 04 JML $048000
0105B9  3B          TSC
0105BA  38          SEC
0105BB  E9 07 00    SBC #$0007
0105BE  1B          TCS
0105BF  E2 20       SEP #$20
0105C1  A9 00       LDA #$00
0105C3  83 07       STA $07,S
0105C5  A3 0D       LDA $0D,S
0105C7  83 01       STA $01,S
0105C9  A3 0E       LDA $0E,S
0105CB  83 02       STA $02,S
0105CD  A3 0F       LDA $0F,S
0105CF  83 03       STA $03,S
0105D1  A3 11       LDA $11,S
0105D3  83 04       STA $04,S
0105D5  A3 12       LDA $12,S
0105D7  83 05       STA $05,S
0105D9  A3 13       LDA $13,S
0105DB  83 06       STA $06,S
0105DD  C2 20       REP #$20
0105DF  22 BB 02 01 JSL $0102BB
0105E3  A8          TAY
0105E4  3B          TSC
0105E5  18          CLC
0105E6  69 07 00    ADC #$0007
0105E9  1B          TCS
0105EA  98          TYA
0105EB  3B          TSC
0105EC  18          CLC
0105ED  69 10 00    ADC #$0010
0105F0  1B          TCS
0105F1  6B          RTL
0105F2  A3 1A       LDA $1A,S
0105F4  83 06       STA $06,S
0105F6  A3 1B       LDA $1B,S
0105F8  83 07       STA $07,S
0105FA  A3 14       LDA $14,S
0105FC  83 0E       STA $0E,S
0105FE  A3 15       LDA $15,S
010600  83 0F       STA $0F,S
010602  E2 20       SEP #$20
010604  C2 20       REP #$20
010606  A3 0E       LDA $0E,S
010608  85 00       STA $00
01060A  A3 0F       LDA $0F,S
01060C  85 01       STA $01
01060E  E2 20       SEP #$20
010610  18          CLC
010611  A5 00       LDA $00
010613  69 03       ADC #$03
010615  85 00       STA $00
010617  A5 01       LDA $01
010619  69 00       ADC #$00
01061B  85 01       STA $01
01061D  A5 02       LDA $02
01061F  69 00       ADC #$00
010621  85 02       STA $02
010623  A5 00       LDA $00
010625  83 0A       STA $0A,S
010627  A5 01       LDA $01
010629  83 0B       STA $0B,S
01062B  A5 02       LDA $02
01062D  83 0C       STA $0C,S
01062F  A3 0A       LDA $0A,S
010631  83 0E       STA $0E,S
010633  A3 0B       LDA $0B,S
010635  83 0F       STA $0F,S
010637  A3 0C       LDA $0C,S
010639  83 10       STA $10,S
01063B  C2 20       REP #$20
01063D  A3 06       LDA $06,S
01063F  C3 0E       CMP $0E,S
010641  D0 0A       BNE $01064D
010643  E2 20       SEP #$20
010645  A3 08       LDA $08,S
010647  C3 10       CMP $10,S
010649  C2 20       REP #$20
01064B  F0 04       BEQ $010651
01064D  C2 20       REP #$20
01064F  80 66       BRA $0106B7
010651  C2 20       REP #$20
010653  A3 14       LDA $14,S
010655  83 06       STA $06,S
010657  A3 15       LDA $15,S
010659  83 07       STA $07,S
01065B  A3 17       LDA $17,S
01065D  83 0A       STA $0A,S
01065F  A3 18       LDA $18,S
010661  83 0B       STA $0B,S
010663  3B          TSC
010664  AA          TAX
010665  C5 46       CMP $46
010667  90 04       BCC $01066D
010669  F0 02       BEQ $01066D
01066B  80 0A       BRA $010677
01066D  38          SEC
01066E  E9 0A 00    SBC #$000A
010671  90 04       BCC $010677
010673  C5 44       CMP $44
010675  B0 07       BCS $01067E
010677  A9 0A 00    LDA #$000A
01067A  5C 00 80 04 JML $048000
01067E  3B          TSC
01067F  38          SEC
010680  E9 07 00    SBC #$0007
010683  1B          TCS
010684  E2 20       SEP #$20
010686  A9 00       LDA #$00
010688  83 07       STA $07,S
01068A  A3 0D       LDA $0D,S
01068C  83 01       STA $01,S
01068E  A3 0E       LDA $0E,S
010690  83 02       STA $02,S
010692  A3 0F       LDA $0F,S
010694  83 03       STA $03,S
010696  A3 11       LDA $11,S
010698  83 04       STA $04,S
01069A  A3 12       LDA $12,S
01069C  83 05       STA $05,S
01069E  A3 13       LDA $13,S
0106A0  83 06       STA $06,S
0106A2  C2 20       REP #$20
0106A4  22 D8 03 01 JSL $0103D8
0106A8  A8          TAY
0106A9  3B          TSC
0106AA  18          CLC
0106AB  69 07 00    ADC #$0007
0106AE  1B          TCS
0106AF  98          TYA
0106B0  3B          TSC
0106B1  18          CLC
0106B2  69 10 00    ADC #$0010
0106B5  1B          TCS
0106B6  6B          RTL
0106B7  A3 1A       LDA $1A,S
0106B9  83 06       STA $06,S
0106BB  A3 1B       LDA $1B,S
0106BD  83 07       STA $07,S
0106BF  A3 06       LDA $06,S
0106C1  85 00       STA $00
0106C3  A3 07       LDA $07,S
0106C5  85 01       STA $01
0106C7  A0 00 00    LDY #$0000
0106CA  B7 00       LDA [$00],Y
0106CC  83 0A       STA $0A,S
0106CE  E2 20       SEP #$20
0106D0  A0 02 00    LDY #$0002
0106D3  B7 00       LDA [$00],Y
0106D5  83 0C       STA $0C,S
0106D7  C2 20       REP #$20
0106D9  A3 0A       LDA $0A,S
0106DB  83 01       STA $01,S
0106DD  A3 0B       LDA $0B,S
0106DF  83 02       STA $02,S
0106E1  A3 17       LDA $17,S
0106E3  83 06       STA $06,S
0106E5  A3 18       LDA $18,S
0106E7  83 07       STA $07,S
0106E9  A3 1A       LDA $1A,S
0106EB  83 0A       STA $0A,S
0106ED  A3 1B       LDA $1B,S
0106EF  83 0B       STA $0B,S
0106F1  A3 06       LDA $06,S
0106F3  85 00       STA $00
0106F5  A3 07       LDA $07,S
0106F7  85 01       STA $01
0106F9  A3 0A       LDA $0A,S
0106FB  A0 03 00    LDY #$0003
0106FE  97 00       STA [$00],Y
010700  E2 20       SEP #$20
010702  A3 0C       LDA $0C,S
010704  A0 05 00    LDY #$0005
010707  97 00       STA [$00],Y
010709  C2 20       REP #$20
01070B  A3 17       LDA $17,S
01070D  83 06       STA $06,S
01070F  A3 18       LDA $18,S
010711  83 07       STA $07,S
010713  A3 01       LDA $01,S
010715  83 0A       STA $0A,S
010717  A3 02       LDA $02,S
010719  83 0B       STA $0B,S
01071B  A3 06       LDA $06,S
01071D  85 00       STA $00
01071F  A3 07       LDA $07,S
010721  85 01       STA $01
010723  A3 0A       LDA $0A,S
010725  A0 00 00    LDY #$0000
010728  97 00       STA [$00],Y
01072A  E2 20       SEP #$20
01072C  A3 0C       LDA $0C,S
01072E  A0 02 00    LDY #$0002
010731  97 00       STA [$00],Y
010733  C2 20       REP #$20
010735  A3 01       LDA $01,S
010737  83 06       STA $06,S
010739  A3 02       LDA $02,S
01073B  83 07       STA $07,S
01073D  A3 17       LDA $17,S
01073F  83 0A       STA $0A,S
010741  A3 18       LDA $18,S
010743  83 0B       STA $0B,S
010745  A3 06       LDA $06,S
010747  85 00       STA $00
010749  A3 07       LDA $07,S
01074B  85 01       STA $01
01074D  A3 0A       LDA $0A,S
01074F  A0 03 00    LDY #$0003
010752  97 00       STA [$00],Y
010754  E2 20       SEP #$20
010756  A3 0C       LDA $0C,S
010758  A0 05 00    LDY #$0005
01075B  97 00       STA [$00],Y
01075D  C2 20       REP #$20
01075F  A3 1A       LDA $1A,S
010761  83 06       STA $06,S
010763  A3 1B       LDA $1B,S
010765  83 07       STA $07,S
010767  A3 17       LDA $17,S
010769  83 0A       STA $0A,S
01076B  A3 18       LDA $18,S
01076D  83 0B       STA $0B,S
01076F  A3 06       LDA $06,S
010771  85 00       STA $00
010773  A3 07       LDA $07,S
010775  85 01       STA $01
010777  A3 0A       LDA $0A,S
010779  A0 00 00    LDY #$0000
01077C  97 00       STA [$00],Y
01077E  E2 20       SEP #$20
010780  A3 0C       LDA $0C,S
010782  A0 02 00    LDY #$0002
010785  97 00       STA [$00],Y
010787  C2 20       REP #$20
010789  3B          TSC
01078A  18          CLC
01078B  69 10 00    ADC #$0010
01078E  1B          TCS
01078F  6B          RTL
010790  3B          TSC
010791  AA          TAX
010792  C5 46       CMP $46
010794  90 04       BCC $01079A
010796  F0 02       BEQ $01079A
010798  80 0A       BRA $0107A4
01079A  38          SEC
01079B  E9 06 00    SBC #$0006
01079E  90 04       BCC $0107A4
0107A0  C5 44       CMP $44
0107A2  B0 07       BCS $0107AB
0107A4  A9 06 00    LDA #$0006
0107A7  5C 00 80 04 JML $048000
0107AB  1B          TCS
0107AC  A3 0A       LDA $0A,S
0107AE  85 00       STA $00
0107B0  A3 0B       LDA $0B,S
0107B2  85 01       STA $01
0107B4  A0 03 00    LDY #$0003
0107B7  B7 00       LDA [$00],Y
0107B9  85 03       STA $03
0107BB  E2 20       SEP #$20
0107BD  A0 05 00    LDY #$0005
0107C0  B7 00       LDA [$00],Y
0107C2  85 05       STA $05
0107C4  C2 20       REP #$20
0107C6  A5 03       LDA $03
0107C8  83 01       STA $01,S
0107CA  A5 04       LDA $04
0107CC  83 02       STA $02,S
0107CE  A3 0A       LDA $0A,S
0107D0  85 00       STA $00
0107D2  A3 0B       LDA $0B,S
0107D4  85 01       STA $01
0107D6  A0 00 00    LDY #$0000
0107D9  B7 00       LDA [$00],Y
0107DB  85 03       STA $03
0107DD  E2 20       SEP #$20
0107DF  A0 02 00    LDY #$0002
0107E2  B7 00       LDA [$00],Y
0107E4  85 05       STA $05
0107E6  C2 20       REP #$20
0107E8  A5 03       LDA $03
0107EA  83 04       STA $04,S
0107EC  A5 04       LDA $04
0107EE  83 05       STA $05,S
0107F0  A3 01       LDA $01,S
0107F2  85 00       STA $00
0107F4  A3 02       LDA $02,S
0107F6  85 01       STA $01
0107F8  A3 04       LDA $04,S
0107FA  85 03       STA $03
0107FC  A3 05       LDA $05,S
0107FE  85 04       STA $04
010800  A5 03       LDA $03
010802  A0 00 00    LDY #$0000
010805  97 00       STA [$00],Y
010807  E2 20       SEP #$20
010809  A5 05       LDA $05
01080B  A0 02 00    LDY #$0002
01080E  97 00       STA [$00],Y
010810  C2 20       REP #$20
010812  A3 04       LDA $04,S
010814  85 00       STA $00
010816  A3 05       LDA $05,S
010818  85 01       STA $01
01081A  A3 01       LDA $01,S
01081C  85 03       STA $03
01081E  A3 02       LDA $02,S
010820  85 04       STA $04
010822  A5 03       LDA $03
010824  A0 03 00    LDY #$0003
010827  97 00       STA [$00],Y
010829  E2 20       SEP #$20
01082B  A5 05       LDA $05
01082D  A0 05 00    LDY #$0005
010830  97 00       STA [$00],Y
010832  C2 20       REP #$20
010834  3B          TSC
010835  18          CLC
010836  69 06 00    ADC #$0006
010839  1B          TCS
01083A  6B          RTL
01083B  3B          TSC
01083C  AA          TAX
01083D  C5 46       CMP $46
01083F  90 04       BCC $010845
010841  F0 02       BEQ $010845
010843  80 0A       BRA $01084F
010845  38          SEC
010846  E9 0C 00    SBC #$000C
010849  90 04       BCC $01084F
01084B  C5 44       CMP $44
01084D  B0 07       BCS $010856
01084F  A9 0C 00    LDA #$000C
010852  5C 00 80 04 JML $048000
010856  1B          TCS
010857  A3 10       LDA $10,S
010859  83 06       STA $06,S
01085B  A3 11       LDA $11,S
01085D  83 07       STA $07,S
01085F  A3 06       LDA $06,S
010861  85 00       STA $00
010863  A3 07       LDA $07,S
010865  85 01       STA $01
010867  A0 00 00    LDY #$0000
01086A  B7 00       LDA [$00],Y
01086C  83 0A       STA $0A,S
01086E  E2 20       SEP #$20
010870  A0 02 00    LDY #$0002
010873  B7 00       LDA [$00],Y
010875  83 0C       STA $0C,S
010877  C2 20       REP #$20
010879  A3 0A       LDA $0A,S
01087B  83 01       STA $01,S
01087D  A3 0B       LDA $0B,S
01087F  83 02       STA $02,S
010881  A3 01       LDA $01,S
010883  83 0A       STA $0A,S
010885  A3 02       LDA $02,S
010887  83 0B       STA $0B,S
010889  A3 0A       LDA $0A,S
01088B  85 00       STA $00
01088D  A3 0B       LDA $0B,S
01088F  85 01       STA $01
010891  A0 00 00    LDY #$0000
010894  B7 00       LDA [$00],Y
010896  83 06       STA $06,S
010898  E2 20       SEP #$20
01089A  A0 02 00    LDY #$0002
01089D  B7 00       LDA [$00],Y
01089F  83 08       STA $08,S
0108A1  C2 20       REP #$20
0108A3  A3 06       LDA $06,S
0108A5  D0 08       BNE $0108AF
0108A7  E2 20       SEP #$20
0108A9  A3 08       LDA $08,S
0108AB  C2 20       REP #$20
0108AD  F0 04       BEQ $0108B3
0108AF  C2 20       REP #$20
0108B1  80 11       BRA $0108C4
0108B3  C2 20       REP #$20
0108B5  A2 00 00    LDX #$0000
0108B8  A9 00 00    LDA #$0000
0108BB  A8          TAY
0108BC  3B          TSC
0108BD  18          CLC
0108BE  69 0C 00    ADC #$000C
0108C1  1B          TCS
0108C2  98          TYA
0108C3  6B          RTL
0108C4  A3 01       LDA $01,S
0108C6  83 06       STA $06,S
0108C8  A3 02       LDA $02,S
0108CA  83 07       STA $07,S
0108CC  3B          TSC
0108CD  AA          TAX
0108CE  C5 46       CMP $46
0108D0  90 04       BCC $0108D6
0108D2  F0 02       BEQ $0108D6
0108D4  80 0A       BRA $0108E0
0108D6  38          SEC
0108D7  E9 06 00    SBC #$0006
0108DA  90 04       BCC $0108E0
0108DC  C5 44       CMP $44
0108DE  B0 07       BCS $0108E7
0108E0  A9 06 00    LDA #$0006
0108E3  5C 00 80 04 JML $048000
0108E7  3B          TSC
0108E8  38          SEC
0108E9  E9 03 00    SBC #$0003
0108EC  1B          TCS
0108ED  E2 20       SEP #$20
0108EF  A9 00       LDA #$00
0108F1  A3 09       LDA $09,S
0108F3  83 01       STA $01,S
0108F5  A3 0A       LDA $0A,S
0108F7  83 02       STA $02,S
0108F9  A3 0B       LDA $0B,S
0108FB  83 03       STA $03,S
0108FD  C2 20       REP #$20
0108FF  22 90 07 01 JSL $010790
010903  A8          TAY
010904  3B          TSC
010905  18          CLC
010906  69 03 00    ADC #$0003
010909  1B          TCS
01090A  98          TYA
01090B  A3 01       LDA $01,S
01090D  83 06       STA $06,S
01090F  A3 02       LDA $02,S
010911  83 07       STA $07,S
010913  A3 07       LDA $07,S
010915  EB          XBA
010916  29 FF 00    AND #$00FF
010919  AA          TAX
01091A  A3 06       LDA $06,S
01091C  A8          TAY
01091D  3B          TSC
01091E  18          CLC
01091F  69 0C 00    ADC #$000C
010922  1B          TCS
010923  98          TYA
010924  6B          RTL
010925  3B          TSC
010926  AA          TAX
010927  C5 46       CMP $46
010929  90 04       BCC $01092F
01092B  F0 02       BEQ $01092F
01092D  80 0A       BRA $010939
01092F  38          SEC
010930  E9 0C 00    SBC #$000C
010933  90 04       BCC $010939
010935  C5 44       CMP $44
010937  B0 07       BCS $010940
010939  A9 0C 00    LDA #$000C
01093C  5C 00 80 04 JML $048000
010940  1B          TCS
010941  A3 10       LDA $10,S
010943  83 06       STA $06,S
010945  A3 11       LDA $11,S
010947  83 07       STA $07,S
010949  A3 06       LDA $06,S
01094B  85 00       STA $00
01094D  A3 07       LDA $07,S
01094F  85 01       STA $01
010951  A0 06 00    LDY #$0006
010954  B7 00       LDA [$00],Y
010956  83 0A       STA $0A,S
010958  E2 20       SEP #$20
01095A  A0 08 00    LDY #$0008
01095D  B7 00       LDA [$00],Y
01095F  83 0C       STA $0C,S
010961  C2 20       REP #$20
010963  A3 0A       LDA $0A,S
010965  83 01       STA $01,S
010967  A3 0B       LDA $0B,S
010969  83 02       STA $02,S
01096B  A3 01       LDA $01,S
01096D  83 0A       STA $0A,S
01096F  A3 02       LDA $02,S
010971  83 0B       STA $0B,S
010973  A3 0A       LDA $0A,S
010975  85 00       STA $00
010977  A3 0B       LDA $0B,S
010979  85 01       STA $01
01097B  A0 03 00    LDY #$0003
01097E  B7 00       LDA [$00],Y
010980  83 06       STA $06,S
010982  E2 20       SEP #$20
010984  A0 05 00    LDY #$0005
010987  B7 00       LDA [$00],Y
010989  83 08       STA $08,S
01098B  C2 20       REP #$20
01098D  A3 06       LDA $06,S
01098F  D0 08       BNE $010999
010991  E2 20       SEP #$20
010993  A3 08       LDA $08,S
010995  C2 20       REP #$20
010997  F0 04       BEQ $01099D
010999  C2 20       REP #$20
01099B  80 11       BRA $0109AE
01099D  C2 20       REP #$20
01099F  A2 00 00    LDX #$0000
0109A2  A9 00 00    LDA #$0000
0109A5  A8          TAY
0109A6  3B          TSC
0109A7  18          CLC
0109A8  69 0C 00    ADC #$000C
0109AB  1B          TCS
0109AC  98          TYA
0109AD  6B          RTL
0109AE  A3 01       LDA $01,S
0109B0  83 06       STA $06,S
0109B2  A3 02       LDA $02,S
0109B4  83 07       STA $07,S
0109B6  3B          TSC
0109B7  AA          TAX
0109B8  C5 46       CMP $46
0109BA  90 04       BCC $0109C0
0109BC  F0 02       BEQ $0109C0
0109BE  80 0A       BRA $0109CA
0109C0  38          SEC
0109C1  E9 06 00    SBC #$0006
0109C4  90 04       BCC $0109CA
0109C6  C5 44       CMP $44
0109C8  B0 07       BCS $0109D1
0109CA  A9 06 00    LDA #$0006
0109CD  5C 00 80 04 JML $048000
0109D1  3B          TSC
0109D2  38          SEC
0109D3  E9 03 00    SBC #$0003
0109D6  1B          TCS
0109D7  E2 20       SEP #$20
0109D9  A9 00       LDA #$00
0109DB  A3 09       LDA $09,S
0109DD  83 01       STA $01,S
0109DF  A3 0A       LDA $0A,S
0109E1  83 02       STA $02,S
0109E3  A3 0B       LDA $0B,S
0109E5  83 03       STA $03,S
0109E7  C2 20       REP #$20
0109E9  22 90 07 01 JSL $010790
0109ED  A8          TAY
0109EE  3B          TSC
0109EF  18          CLC
0109F0  69 03 00    ADC #$0003
0109F3  1B          TCS
0109F4  98          TYA
0109F5  A3 01       LDA $01,S
0109F7  83 06       STA $06,S
0109F9  A3 02       LDA $02,S
0109FB  83 07       STA $07,S
0109FD  A3 07       LDA $07,S
0109FF  EB          XBA
010A00  29 FF 00    AND #$00FF
010A03  AA          TAX
010A04  A3 06       LDA $06,S
010A06  A8          TAY
010A07  3B          TSC
010A08  18          CLC
010A09  69 0C 00    ADC #$000C
010A0C  1B          TCS
010A0D  98          TYA
010A0E  6B          RTL
010A0F  3B          TSC
010A10  AA          TAX
010A11  C5 46       CMP $46
010A13  90 04       BCC $010A19
010A15  F0 02       BEQ $010A19
010A17  80 0A       BRA $010A23
010A19  38          SEC
010A1A  E9 14 00    SBC #$0014
010A1D  90 04       BCC $010A23
010A1F  C5 44       CMP $44
010A21  B0 07       BCS $010A2A
010A23  A9 14 00    LDA #$0014
010A26  5C 00 80 04 JML $048000
010A2A  1B          TCS
010A2B  A3 18       LDA $18,S
010A2D  83 06       STA $06,S
010A2F  A3 19       LDA $19,S
010A31  83 07       STA $07,S
010A33  A3 06       LDA $06,S
010A35  85 00       STA $00
010A37  A3 07       LDA $07,S
010A39  85 01       STA $01
010A3B  A0 00 00    LDY #$0000
010A3E  B7 00       LDA [$00],Y
010A40  83 0A       STA $0A,S
010A42  E2 20       SEP #$20
010A44  A0 02 00    LDY #$0002
010A47  B7 00       LDA [$00],Y
010A49  83 0C       STA $0C,S
010A4B  C2 20       REP #$20
010A4D  A3 0A       LDA $0A,S
010A4F  83 01       STA $01,S
010A51  A3 0B       LDA $0B,S
010A53  83 02       STA $02,S
010A55  A3 01       LDA $01,S
010A57  83 0A       STA $0A,S
010A59  A3 02       LDA $02,S
010A5B  83 0B       STA $0B,S
010A5D  A3 0A       LDA $0A,S
010A5F  85 00       STA $00
010A61  A3 0B       LDA $0B,S
010A63  85 01       STA $01
010A65  A0 00 00    LDY #$0000
010A68  B7 00       LDA [$00],Y
010A6A  83 06       STA $06,S
010A6C  E2 20       SEP #$20
010A6E  A0 02 00    LDY #$0002
010A71  B7 00       LDA [$00],Y
010A73  83 08       STA $08,S
010A75  C2 20       REP #$20
010A77  A3 06       LDA $06,S
010A79  D0 0B       BNE $010A86
010A7B  E2 20       SEP #$20
010A7D  A3 08       LDA $08,S
010A7F  C2 20       REP #$20
010A81  D0 03       BNE $010A86
010A83  82 14 01    BRL $010B9A
010A86  C2 20       REP #$20
010A88  A3 1B       LDA $1B,S
010A8A  83 06       STA $06,S
010A8C  A3 1C       LDA $1C,S
010A8E  83 07       STA $07,S
010A90  A3 06       LDA $06,S
010A92  85 00       STA $00
010A94  A3 07       LDA $07,S
010A96  85 01       STA $01
010A98  E2 20       SEP #$20
010A9A  A0 07 00    LDY #$0007
010A9D  B7 00       LDA [$00],Y
010A9F  83 09       STA $09,S
010AA1  A9 80       LDA #$80
010AA3  85 10       STA $10
010AA5  A3 09       LDA $09,S
010AA7  45 10       EOR $10
010AA9  83 05       STA $05,S
010AAB  C2 20       REP #$20
010AAD  A3 01       LDA $01,S
010AAF  83 06       STA $06,S
010AB1  A3 02       LDA $02,S
010AB3  83 07       STA $07,S
010AB5  A3 06       LDA $06,S
010AB7  85 00       STA $00
010AB9  A3 07       LDA $07,S
010ABB  85 01       STA $01
010ABD  E2 20       SEP #$20
010ABF  A0 07 00    LDY #$0007
010AC2  B7 00       LDA [$00],Y
010AC4  83 09       STA $09,S
010AC6  A9 80       LDA #$80
010AC8  85 10       STA $10
010ACA  A3 09       LDA $09,S
010ACC  45 10       EOR $10
010ACE  83 06       STA $06,S
010AD0  A3 06       LDA $06,S
010AD2  C3 05       CMP $05,S
010AD4  C2 20       REP #$20
010AD6  90 03       BCC $010ADB
010AD8  82 92 00    BRL $010B6D
010ADB  C2 20       REP #$20
010ADD  A3 18       LDA $18,S
010ADF  83 06       STA $06,S
010AE1  A3 19       LDA $19,S
010AE3  83 07       STA $07,S
010AE5  A3 1B       LDA $1B,S
010AE7  83 0A       STA $0A,S
010AE9  A3 1C       LDA $1C,S
010AEB  83 0B       STA $0B,S
010AED  A3 01       LDA $01,S
010AEF  83 0E       STA $0E,S
010AF1  A3 02       LDA $02,S
010AF3  83 0F       STA $0F,S
010AF5  A3 0E       LDA $0E,S
010AF7  85 00       STA $00
010AF9  A3 0F       LDA $0F,S
010AFB  85 01       STA $01
010AFD  A0 03 00    LDY #$0003
010B00  B7 00       LDA [$00],Y
010B02  83 12       STA $12,S
010B04  E2 20       SEP #$20
010B06  A0 05 00    LDY #$0005
010B09  B7 00       LDA [$00],Y
010B0B  83 14       STA $14,S
010B0D  C2 20       REP #$20
010B0F  3B          TSC
010B10  AA          TAX
010B11  C5 46       CMP $46
010B13  90 04       BCC $010B19
010B15  F0 02       BEQ $010B19
010B17  80 0A       BRA $010B23
010B19  38          SEC
010B1A  E9 0C 00    SBC #$000C
010B1D  90 04       BCC $010B23
010B1F  C5 44       CMP $44
010B21  B0 07       BCS $010B2A
010B23  A9 0C 00    LDA #$000C
010B26  5C 00 80 04 JML $048000
010B2A  3B          TSC
010B2B  38          SEC
010B2C  E9 09 00    SBC #$0009
010B2F  1B          TCS
010B30  E2 20       SEP #$20
010B32  A9 00       LDA #$00
010B34  A3 0F       LDA $0F,S
010B36  83 01       STA $01,S
010B38  A3 10       LDA $10,S
010B3A  83 02       STA $02,S
010B3C  A3 11       LDA $11,S
010B3E  83 03       STA $03,S
010B40  A3 13       LDA $13,S
010B42  83 04       STA $04,S
010B44  A3 14       LDA $14,S
010B46  83 05       STA $05,S
010B48  A3 15       LDA $15,S
010B4A  83 06       STA $06,S
010B4C  A3 1B       LDA $1B,S
010B4E  83 07       STA $07,S
010B50  A3 1C       LDA $1C,S
010B52  83 08       STA $08,S
010B54  A3 1D       LDA $1D,S
010B56  83 09       STA $09,S
010B58  C2 20       REP #$20
010B5A  22 08 05 01 JSL $010508
010B5E  A8          TAY
010B5F  3B          TSC
010B60  18          CLC
010B61  69 09 00    ADC #$0009
010B64  1B          TCS
010B65  98          TYA
010B66  3B          TSC
010B67  18          CLC
010B68  69 14 00    ADC #$0014
010B6B  1B          TCS
010B6C  6B          RTL
010B6D  A3 01       LDA $01,S
010B6F  83 06       STA $06,S
010B71  A3 02       LDA $02,S
010B73  83 07       STA $07,S
010B75  A3 06       LDA $06,S
010B77  85 00       STA $00
010B79  A3 07       LDA $07,S
010B7B  85 01       STA $01
010B7D  A0 00 00    LDY #$0000
010B80  B7 00       LDA [$00],Y
010B82  83 0A       STA $0A,S
010B84  E2 20       SEP #$20
010B86  A0 02 00    LDY #$0002
010B89  B7 00       LDA [$00],Y
010B8B  83 0C       STA $0C,S
010B8D  C2 20       REP #$20
010B8F  A3 0A       LDA $0A,S
010B91  83 01       STA $01,S
010B93  A3 0B       LDA $0B,S
010B95  83 02       STA $02,S
010B97  82 BB FE    BRL $010A55
010B9A  A3 18       LDA $18,S
010B9C  83 06       STA $06,S
010B9E  A3 19       LDA $19,S
010BA0  83 07       STA $07,S
010BA2  A3 1B       LDA $1B,S
010BA4  83 0A       STA $0A,S
010BA6  A3 1C       LDA $1C,S
010BA8  83 0B       STA $0B,S
010BAA  3B          TSC
010BAB  AA          TAX
010BAC  C5 46       CMP $46
010BAE  90 04       BCC $010BB4
010BB0  F0 02       BEQ $010BB4
010BB2  80 0A       BRA $010BBE
010BB4  38          SEC
010BB5  E9 0A 00    SBC #$000A
010BB8  90 04       BCC $010BBE
010BBA  C5 44       CMP $44
010BBC  B0 07       BCS $010BC5
010BBE  A9 0A 00    LDA #$000A
010BC1  5C 00 80 04 JML $048000
010BC5  3B          TSC
010BC6  38          SEC
010BC7  E9 07 00    SBC #$0007
010BCA  1B          TCS
010BCB  E2 20       SEP #$20
010BCD  A9 00       LDA #$00
010BCF  83 07       STA $07,S
010BD1  A3 0D       LDA $0D,S
010BD3  83 01       STA $01,S
010BD5  A3 0E       LDA $0E,S
010BD7  83 02       STA $02,S
010BD9  A3 0F       LDA $0F,S
010BDB  83 03       STA $03,S
010BDD  A3 11       LDA $11,S
010BDF  83 04       STA $04,S
010BE1  A3 12       LDA $12,S
010BE3  83 05       STA $05,S
010BE5  A3 13       LDA $13,S
010BE7  83 06       STA $06,S
010BE9  C2 20       REP #$20
010BEB  22 D8 03 01 JSL $0103D8
010BEF  A8          TAY
010BF0  3B          TSC
010BF1  18          CLC
010BF2  69 07 00    ADC #$0007
010BF5  1B          TCS
010BF6  98          TYA
010BF7  3B          TSC
010BF8  18          CLC
010BF9  69 14 00    ADC #$0014
010BFC  1B          TCS
010BFD  6B          RTL
010BFE  3B          TSC
010BFF  AA          TAX
010C00  C5 46       CMP $46
010C02  90 04       BCC $010C08
010C04  F0 02       BEQ $010C08
010C06  80 0A       BRA $010C12
010C08  38          SEC
010C09  E9 16 00    SBC #$0016
010C0C  90 04       BCC $010C12
010C0E  C5 44       CMP $44
010C10  B0 07       BCS $010C19
010C12  A9 16 00    LDA #$0016
010C15  5C 00 80 04 JML $048000
010C19  1B          TCS
010C1A  A3 1A       LDA $1A,S
010C1C  83 0C       STA $0C,S
010C1E  A3 1B       LDA $1B,S
010C20  83 0D       STA $0D,S
010C22  A3 0C       LDA $0C,S
010C24  85 00       STA $00
010C26  A3 0D       LDA $0D,S
010C28  85 01       STA $01
010C2A  A0 00 00    LDY #$0000
010C2D  B7 00       LDA [$00],Y
010C2F  83 10       STA $10,S
010C31  E2 20       SEP #$20
010C33  A0 02 00    LDY #$0002
010C36  B7 00       LDA [$00],Y
010C38  83 12       STA $12,S
010C3A  C2 20       REP #$20
010C3C  A3 10       LDA $10,S
010C3E  83 01       STA $01,S
010C40  A3 11       LDA $11,S
010C42  83 02       STA $02,S
010C44  A3 01       LDA $01,S
010C46  83 10       STA $10,S
010C48  A3 02       LDA $02,S
010C4A  83 11       STA $11,S
010C4C  A3 10       LDA $10,S
010C4E  85 00       STA $00
010C50  A3 11       LDA $11,S
010C52  85 01       STA $01
010C54  A0 00 00    LDY #$0000
010C57  B7 00       LDA [$00],Y
010C59  83 0C       STA $0C,S
010C5B  E2 20       SEP #$20
010C5D  A0 02 00    LDY #$0002
010C60  B7 00       LDA [$00],Y
010C62  83 0E       STA $0E,S
010C64  C2 20       REP #$20
010C66  A3 0C       LDA $0C,S
010C68  D0 0B       BNE $010C75
010C6A  E2 20       SEP #$20
010C6C  A3 0E       LDA $0E,S
010C6E  C2 20       REP #$20
010C70  D0 03       BNE $010C75
010C72  82 AF 01    BRL $010E24
010C75  C2 20       REP #$20
010C77  A3 01       LDA $01,S
010C79  83 0C       STA $0C,S
010C7B  A3 02       LDA $02,S
010C7D  83 0D       STA $0D,S
010C7F  A3 0C       LDA $0C,S
010C81  85 00       STA $00
010C83  A3 0D       LDA $0D,S
010C85  85 01       STA $01
010C87  A0 08 00    LDY #$0008
010C8A  B7 00       LDA [$00],Y
010C8C  83 10       STA $10,S
010C8E  E2 20       SEP #$20
010C90  A0 0A 00    LDY #$000A
010C93  B7 00       LDA [$00],Y
010C95  83 12       STA $12,S
010C97  C2 20       REP #$20
010C99  A3 10       LDA $10,S
010C9B  83 04       STA $04,S
010C9D  A3 11       LDA $11,S
010C9F  83 05       STA $05,S
010CA1  A3 1D       LDA $1D,S
010CA3  83 0C       STA $0C,S
010CA5  A3 1E       LDA $1E,S
010CA7  83 0D       STA $0D,S
010CA9  A3 0C       LDA $0C,S
010CAB  83 07       STA $07,S
010CAD  A3 0D       LDA $0D,S
010CAF  83 08       STA $08,S
010CB1  A3 04       LDA $04,S
010CB3  83 0C       STA $0C,S
010CB5  A3 05       LDA $05,S
010CB7  83 0D       STA $0D,S
010CB9  A3 0C       LDA $0C,S
010CBB  D0 0B       BNE $010CC8
010CBD  E2 20       SEP #$20
010CBF  A3 0E       LDA $0E,S
010CC1  C2 20       REP #$20
010CC3  D0 03       BNE $010CC8
010CC5  82 2F 01    BRL $010DF7
010CC8  C2 20       REP #$20
010CCA  A3 04       LDA $04,S
010CCC  83 0C       STA $0C,S
010CCE  A3 05       LDA $05,S
010CD0  83 0D       STA $0D,S
010CD2  A3 0C       LDA $0C,S
010CD4  85 00       STA $00
010CD6  A3 0D       LDA $0D,S
010CD8  85 01       STA $01
010CDA  E2 20       SEP #$20
010CDC  A0 00 00    LDY #$0000
010CDF  B7 00       LDA [$00],Y
010CE1  83 0B       STA $0B,S
010CE3  C2 20       REP #$20
010CE5  A3 07       LDA $07,S
010CE7  83 0C       STA $0C,S
010CE9  A3 08       LDA $08,S
010CEB  83 0D       STA $0D,S
010CED  A3 0C       LDA $0C,S
010CEF  85 00       STA $00
010CF1  A3 0D       LDA $0D,S
010CF3  85 01       STA $01
010CF5  E2 20       SEP #$20
010CF7  A0 00 00    LDY #$0000
010CFA  B7 00       LDA [$00],Y
010CFC  83 0F       STA $0F,S
010CFE  A3 0B       LDA $0B,S
010D00  C3 0F       CMP $0F,S
010D02  C2 20       REP #$20
010D04  F0 03       BEQ $010D09
010D06  82 EE 00    BRL $010DF7
010D09  C2 20       REP #$20
010D0B  A3 04       LDA $04,S
010D0D  83 0C       STA $0C,S
010D0F  A3 05       LDA $05,S
010D11  83 0D       STA $0D,S
010D13  A3 0C       LDA $0C,S
010D15  85 00       STA $00
010D17  A3 0D       LDA $0D,S
010D19  85 01       STA $01
010D1B  E2 20       SEP #$20
010D1D  A0 00 00    LDY #$0000
010D20  B7 00       LDA [$00],Y
010D22  83 0B       STA $0B,S
010D24  A3 0B       LDA $0B,S
010D26  C9 00       CMP #$00
010D28  C2 20       REP #$20
010D2A  F0 02       BEQ $010D2E
010D2C  80 1C       BRA $010D4A
010D2E  C2 20       REP #$20
010D30  A3 01       LDA $01,S
010D32  83 0C       STA $0C,S
010D34  A3 02       LDA $02,S
010D36  83 0D       STA $0D,S
010D38  A3 0D       LDA $0D,S
010D3A  EB          XBA
010D3B  29 FF 00    AND #$00FF
010D3E  AA          TAX
010D3F  A3 0C       LDA $0C,S
010D41  A8          TAY
010D42  3B          TSC
010D43  18          CLC
010D44  69 16 00    ADC #$0016
010D47  1B          TCS
010D48  98          TYA
010D49  6B          RTL
010D4A  A3 04       LDA $04,S
010D4C  83 10       STA $10,S
010D4E  A3 05       LDA $05,S
010D50  83 11       STA $11,S
010D52  E2 20       SEP #$20
010D54  A3 10       LDA $10,S
010D56  83 0C       STA $0C,S
010D58  A3 11       LDA $11,S
010D5A  83 0D       STA $0D,S
010D5C  A3 12       LDA $12,S
010D5E  83 0E       STA $0E,S
010D60  A9 01       LDA #$01
010D62  83 14       STA $14,S
010D64  A9 00       LDA #$00
010D66  83 15       STA $15,S
010D68  83 16       STA $16,S
010D6A  18          CLC
010D6B  A3 14       LDA $14,S
010D6D  85 10       STA $10
010D6F  A3 0C       LDA $0C,S
010D71  65 10       ADC $10
010D73  83 10       STA $10,S
010D75  A3 15       LDA $15,S
010D77  85 10       STA $10
010D79  A3 0D       LDA $0D,S
010D7B  65 10       ADC $10
010D7D  83 11       STA $11,S
010D7F  A3 16       LDA $16,S
010D81  85 10       STA $10
010D83  A3 0E       LDA $0E,S
010D85  65 10       ADC $10
010D87  83 12       STA $12,S
010D89  A3 10       LDA $10,S
010D8B  83 0C       STA $0C,S
010D8D  A3 11       LDA $11,S
010D8F  83 0D       STA $0D,S
010D91  A3 12       LDA $12,S
010D93  83 0E       STA $0E,S
010D95  C2 20       REP #$20
010D97  A3 0C       LDA $0C,S
010D99  83 04       STA $04,S
010D9B  A3 0D       LDA $0D,S
010D9D  83 05       STA $05,S
010D9F  A3 07       LDA $07,S
010DA1  83 10       STA $10,S
010DA3  A3 08       LDA $08,S
010DA5  83 11       STA $11,S
010DA7  E2 20       SEP #$20
010DA9  A3 10       LDA $10,S
010DAB  83 0C       STA $0C,S
010DAD  A3 11       LDA $11,S
010DAF  83 0D       STA $0D,S
010DB1  A3 12       LDA $12,S
010DB3  83 0E       STA $0E,S
010DB5  A9 01       LDA #$01
010DB7  83 14       STA $14,S
010DB9  A9 00       LDA #$00
010DBB  83 15       STA $15,S
010DBD  83 16       STA $16,S
010DBF  18          CLC
010DC0  A3 14       LDA $14,S
010DC2  85 10       STA $10
010DC4  A3 0C       LDA $0C,S
010DC6  65 10       ADC $10
010DC8  83 10       STA $10,S
010DCA  A3 15       LDA $15,S
010DCC  85 10       STA $10
010DCE  A3 0D       LDA $0D,S
010DD0  65 10       ADC $10
010DD2  83 11       STA $11,S
010DD4  A3 16       LDA $16,S
010DD6  85 10       STA $10
010DD8  A3 0E       LDA $0E,S
010DDA  65 10       ADC $10
010DDC  83 12       STA $12,S
010DDE  A3 10       LDA $10,S
010DE0  83 0C       STA $0C,S
010DE2  A3 11       LDA $11,S
010DE4  83 0D       STA $0D,S
010DE6  A3 12       LDA $12,S
010DE8  83 0E       STA $0E,S
010DEA  C2 20       REP #$20
010DEC  A3 0C       LDA $0C,S
010DEE  83 07       STA $07,S
010DF0  A3 0D       LDA $0D,S
010DF2  83 08       STA $08,S
010DF4  82 D3 FE    BRL $010CCA
010DF7  A3 01       LDA $01,S
010DF9  83 0C       STA $0C,S
010DFB  A3 02       LDA $02,S
010DFD  83 0D       STA $0D,S
010DFF  A3 0C       LDA $0C,S
010E01  85 00       STA $00
010E03  A3 0D       LDA $0D,S
010E05  85 01       STA $01
010E07  A0 00 00    LDY #$0000
010E0A  B7 00       LDA [$00],Y
010E0C  83 10       STA $10,S
010E0E  E2 20       SEP #$20
010E10  A0 02 00    LDY #$0002
010E13  B7 00       LDA [$00],Y
010E15  83 12       STA $12,S
010E17  C2 20       REP #$20
010E19  A3 10       LDA $10,S
010E1B  83 01       STA $01,S
010E1D  A3 11       LDA $11,S
010E1F  83 02       STA $02,S
010E21  82 20 FE    BRL $010C44
010E24  A2 00 00    LDX #$0000
010E27  A9 00 00    LDA #$0000
010E2A  A8          TAY
010E2B  3B          TSC
010E2C  18          CLC
010E2D  69 16 00    ADC #$0016
010E30  1B          TCS
010E31  98          TYA
010E32  6B          RTL
010E33  3B          TSC
010E34  AA          TAX
010E35  C5 46       CMP $46
010E37  90 04       BCC $010E3D
010E39  F0 02       BEQ $010E3D
010E3B  80 0A       BRA $010E47
010E3D  38          SEC
010E3E  E9 00 00    SBC #$0000
010E41  90 04       BCC $010E47
010E43  C5 44       CMP $44
010E45  B0 07       BCS $010E4E
010E47  A9 00 00    LDA #$0000
010E4A  5C 00 80 04 JML $048000
010E4E  1B          TCS
010E4F  6B          RTL
