010000  3B          TSC
010001  AA          TAX
010002  C5 46       CMP $46
010004  90 04       BCC $01000A
010006  F0 02       BEQ $01000A
010008  80 0A       BRA $010014
01000A  38          SEC
01000B  E9 0E 00    SBC #$000E
01000E  90 04       BCC $010014
010010  C5 44       CMP $44
010012  B0 07       BCS $01001B
010014  A9 0E 00    LDA #$000E
010017  5C 00 80 04 JML $048000
01001B  1B          TCS
01001C  A9 00 00    LDA #$0000
01001F  83 06       STA $06,S
010021  A3 12       LDA $12,S
010023  83 02       STA $02,S
010025  A3 06       LDA $06,S
010027  C3 02       CMP $02,S
010029  90 02       BCC $01002D
01002B  80 2B       BRA $010058
01002D  C2 20       REP #$20
01002F  E2 20       SEP #$20
010031  A9 00       LDA #$00
010033  85 00       STA $00
010035  A9 E0       LDA #$E0
010037  85 01       STA $01
010039  A9 12       LDA #$12
01003B  85 02       STA $02
01003D  C2 20       REP #$20
01003F  A3 06       LDA $06,S
010041  A8          TAY
010042  E2 20       SEP #$20
010044  A9 01       LDA #$01
010046  97 00       STA [$00],Y
010048  C2 20       REP #$20
01004A  A3 06       LDA $06,S
01004C  18          CLC
01004D  69 01 00    ADC #$0001
010050  83 02       STA $02,S
010052  A3 02       LDA $02,S
010054  83 06       STA $06,S
010056  80 C9       BRA $010021
010058  A9 00 00    LDA #$0000
01005B  83 06       STA $06,S
01005D  A9 01 00    LDA #$0001
010060  83 08       STA $08,S
010062  A3 12       LDA $12,S
010064  83 02       STA $02,S
010066  A3 06       LDA $06,S
010068  C3 02       CMP $02,S
01006A  90 03       BCC $01006F
01006C  82 8E 00    BRL $0100FD
01006F  C2 20       REP #$20
010071  E2 20       SEP #$20
010073  A9 00       LDA #$00
010075  85 00       STA $00
010077  A9 E0       LDA #$E0
010079  85 01       STA $01
01007B  A9 12       LDA #$12
01007D  85 02       STA $02
01007F  C2 20       REP #$20
010081  A3 06       LDA $06,S
010083  A8          TAY
010084  E2 20       SEP #$20
010086  B7 00       LDA [$00],Y
010088  C2 20       REP #$20
01008A  D0 06       BNE $010092
01008C  A3 08       LDA $08,S
01008E  83 04       STA $04,S
010090  80 58       BRA $0100EA
010092  C2 20       REP #$20
010094  A3 06       LDA $06,S
010096  18          CLC
010097  63 06       ADC $06,S
010099  83 02       STA $02,S
01009B  18          CLC
01009C  69 03 00    ADC #$0003
01009F  83 0A       STA $0A,S
0100A1  A3 06       LDA $06,S
0100A3  18          CLC
0100A4  63 0A       ADC $0A,S
0100A6  83 0C       STA $0C,S
0100A8  A3 0C       LDA $0C,S
0100AA  A3 12       LDA $12,S
0100AC  83 02       STA $02,S
0100AE  A3 0C       LDA $0C,S
0100B0  C3 02       CMP $02,S
0100B2  90 02       BCC $0100B6
0100B4  80 2A       BRA $0100E0
0100B6  C2 20       REP #$20
0100B8  E2 20       SEP #$20
0100BA  A9 00       LDA #$00
0100BC  85 00       STA $00
0100BE  A9 E0       LDA #$E0
0100C0  85 01       STA $01
0100C2  A9 12       LDA #$12
0100C4  85 02       STA $02
0100C6  C2 20       REP #$20
0100C8  A3 0C       LDA $0C,S
0100CA  A8          TAY
0100CB  E2 20       SEP #$20
0100CD  A9 00       LDA #$00
0100CF  97 00       STA [$00],Y
0100D1  C2 20       REP #$20
0100D3  A3 0C       LDA $0C,S
0100D5  18          CLC
0100D6  63 0A       ADC $0A,S
0100D8  83 02       STA $02,S
0100DA  A3 02       LDA $02,S
0100DC  83 0C       STA $0C,S
0100DE  80 CA       BRA $0100AA
0100E0  A3 08       LDA $08,S
0100E2  18          CLC
0100E3  69 01 00    ADC #$0001
0100E6  83 04       STA $04,S
0100E8  A3 04       LDA $04,S
0100EA  A3 06       LDA $06,S
0100EC  18          CLC
0100ED  69 01 00    ADC #$0001
0100F0  83 02       STA $02,S
0100F2  A3 02       LDA $02,S
0100F4  83 06       STA $06,S
0100F6  A3 04       LDA $04,S
0100F8  83 08       STA $08,S
0100FA  82 65 FF    BRL $010062
0100FD  A3 08       LDA $08,S
0100FF  A8          TAY
010100  3B          TSC
010101  18          CLC
010102  69 0E 00    ADC #$000E
010105  1B          TCS
010106  98          TYA
010107  6B          RTL
