
; flags

; sieve
010000  A8          sieve:      tay
010001  3B          tsc
010002  38          sec
010003  E9 0A 00    sbc     ##10
010006  1B          tcs
010007  98          tya
010008  83 05       sta     5,s
01000A  A9 01 00    lda     ##1
01000D  83 01       sta     1,s
01000F  3A          dec     a
010010  83 03       sta     3,s
010012  A3 03       `?L5`:      lda     3,s
010014  C3 05       cmp     5,s
010016  90 7D       bcc     `?L4`
010018  A9 00 00    lda     ##0
01001B  83 09       sta     9,s
01001D  A3 01       lda     1,s
01001F  83 07       `?L25`:     sta     7,s
010021  A3 09       lda     9,s
010023  C3 05       cmp     5,s
010025  90 0B       bcc     `?L8`
010027  A3 07       lda     7,s
010029  A8          tay
01002A  3B          tsc
01002B  18          clc
01002C  69 0A 00    adc     ##10
01002F  1B          tcs
010030  98          tya
010031  6B          rtl
010032  A9 00 E0    lda     ##.word0 flags
010035  A2 12 00    ldx     ##.word2 flags
010038  18          clc
010039  63 09       adc     9,s
01003B  90 01       bcc     `?L19`
01003D  E8          inx
01003E  86 02       stx     dp:.tiny (_Dp+2)
010040  85 00       sta     dp:.tiny _Dp
010042  A7 00       lda     [.tiny _Dp]
010044  29 FF 00    and     ##255
010047  F0 3D       beq     `?L12`
010049  A3 09       lda     9,s
01004B  18          clc
01004C  63 09       adc     9,s
01004E  1A          inc     a
01004F  1A          inc     a
010050  1A          inc     a
010051  83 03       sta     3,s
010053  18          clc
010054  63 09       adc     9,s
010056  83 01       sta     1,s
010058  A3 01       `?L15`:     lda     1,s
01005A  C3 05       cmp     5,s
01005C  B0 21       bcs     `?L16`
01005E  A9 00 E0    lda     ##.word0 flags
010061  A2 12 00    ldx     ##.word2 flags
010064  18          clc
010065  63 01       adc     1,s
010067  90 01       bcc     `?L21`
010069  E8          inx
01006A  86 02       stx     dp:.tiny (_Dp+2)
01006C  85 00       sta     dp:.tiny _Dp
01006E  E2 20       sep     #32
010070  A9 00       lda     #0
010072  87 00       sta     [.tiny _Dp]
010074  C2 20       rep     #32
010076  A3 03       lda     3,s
010078  18          clc
010079  63 01       adc     1,s
01007B  83 01       sta     1,s
01007D  80 D9       bra     `?L15`
01007F  A3 07       `?L16`:     lda     7,s
010081  1A          inc     a
010082  83 01       sta     1,s
010084  80 04       bra     `?L10`
010086  A3 07       `?L12`:     lda     7,s
010088  83 01       sta     1,s
01008A  A3 09       `?L10`:     lda     9,s
01008C  1A          inc     a
01008D  83 03       sta     3,s
01008F  83 09       sta     9,s
010091  A3 01       lda     1,s
010093  80 8A       bra     `?L25`
010095  A9 00 E0    lda     ##.word0 flags
010098  A2 12 00    ldx     ##.word2 flags
01009B  18          clc
01009C  63 03       adc     3,s
01009E  90 01       bcc     `?L23`
0100A0  E8          inx
0100A1  86 02       stx     dp:.tiny (_Dp+2)
0100A3  85 00       sta     dp:.tiny _Dp
0100A5  E2 20       sep     #32
0100A7  A9 01       lda     #1
0100A9  87 00       sta     [.tiny _Dp]
0100AB  C2 20       rep     #32
0100AD  A3 03       lda     3,s
0100AF  1A          inc     a
0100B0  83 03       sta     3,s
0100B2  4C 12 00    jmp     .kbank `?L5`
