010000  3B          TSC
010001  AA          TAX
010002  C5 46       CMP $46
010004  90 04       BCC $01000A
010006  F0 02       BEQ $01000A
010008  80 0A       BRA $010014
01000A  38          SEC
01000B  E9 0A 00    SBC #$000A
01000E  90 04       BCC $010014
010010  C5 44       CMP $44
010012  B0 07       BCS $01001B
010014  A9 0A 00    LDA #$000A
010017  5C 00 80 04 JML $048000
01001B  1B          TCS
01001C  A3 0E       LDA $0E,S
01001E  83 08       STA $08,S
010020  A3 08       LDA $08,S
010022  85 08       STA $08
010024  46 08       LSR $08
010026  46 08       LSR $08
010028  46 08       LSR $08
01002A  A5 08       LDA $08
01002C  83 06       STA $06,S
01002E  E2 20       SEP #$20
010030  A9 F9       LDA #$F9
010032  85 00       STA $00
010034  A9 FF       LDA #$FF
010036  85 01       STA $01
010038  A9 12       LDA #$12
01003A  85 02       STA $02
01003C  C2 20       REP #$20
01003E  A3 06       LDA $06,S
010040  A8          TAY
010041  E2 20       SEP #$20
010043  B7 00       LDA [$00],Y
010045  83 01       STA $01,S
010047  C2 20       REP #$20
010049  A3 0E       LDA $0E,S
01004B  83 08       STA $08,S
01004D  29 07 00    AND #$0007
010050  83 06       STA $06,S
010052  E2 20       SEP #$20
010054  A9 CA       LDA #$CA
010056  85 00       STA $00
010058  A9 07       LDA #$07
01005A  85 01       STA $01
01005C  A9 13       LDA #$13
01005E  85 02       STA $02
010060  C2 20       REP #$20
010062  A3 06       LDA $06,S
010064  A8          TAY
010065  E2 20       SEP #$20
010067  B7 00       LDA [$00],Y
010069  83 05       STA $05,S
01006B  A3 05       LDA $05,S
01006D  85 10       STA $10
01006F  A3 01       LDA $01,S
010071  25 10       AND $10
010073  83 02       STA $02,S
010075  C2 20       REP #$20
010077  E2 20       SEP #$20
010079  A3 02       LDA $02,S
01007B  C2 20       REP #$20
01007D  29 FF 00    AND #$00FF
010080  A8          TAY
010081  3B          TSC
010082  18          CLC
010083  69 0A 00    ADC #$000A
010086  1B          TCS
010087  98          TYA
010088  6B          RTL
010089  3B          TSC
01008A  AA          TAX
01008B  C5 46       CMP $46
01008D  90 04       BCC $010093
01008F  F0 02       BEQ $010093
010091  80 0A       BRA $01009D
010093  38          SEC
010094  E9 10 00    SBC #$0010
010097  90 04       BCC $01009D
010099  C5 44       CMP $44
01009B  B0 07       BCS $0100A4
01009D  A9 10 00    LDA #$0010
0100A0  5C 00 80 04 JML $048000
0100A4  1B          TCS
0100A5  A3 14       LDA $14,S
0100A7  83 06       STA $06,S
0100A9  A3 06       LDA $06,S
0100AB  85 08       STA $08
0100AD  46 08       LSR $08
0100AF  46 08       LSR $08
0100B1  46 08       LSR $08
0100B3  A5 08       LDA $08
0100B5  83 0A       STA $0A,S
0100B7  A3 14       LDA $14,S
0100B9  83 0E       STA $0E,S
0100BB  29 07 00    AND #$0007
0100BE  83 0C       STA $0C,S
0100C0  E2 20       SEP #$20
0100C2  A9 CA       LDA #$CA
0100C4  85 00       STA $00
0100C6  A9 07       LDA #$07
0100C8  85 01       STA $01
0100CA  A9 13       LDA #$13
0100CC  85 02       STA $02
0100CE  C2 20       REP #$20
0100D0  A3 0C       LDA $0C,S
0100D2  A8          TAY
0100D3  E2 20       SEP #$20
0100D5  B7 00       LDA [$00],Y
0100D7  83 01       STA $01,S
0100D9  A9 FF       LDA #$FF
0100DB  85 10       STA $10
0100DD  A3 01       LDA $01,S
0100DF  45 10       EOR $10
0100E1  83 05       STA $05,S
0100E3  A9 F9       LDA #$F9
0100E5  85 00       STA $00
0100E7  A9 FF       LDA #$FF
0100E9  85 01       STA $01
0100EB  A9 12       LDA #$12
0100ED  85 02       STA $02
0100EF  C2 20       REP #$20
0100F1  A3 0A       LDA $0A,S
0100F3  A8          TAY
0100F4  E2 20       SEP #$20
0100F6  B7 00       LDA [$00],Y
0100F8  83 01       STA $01,S
0100FA  A3 05       LDA $05,S
0100FC  85 10       STA $10
0100FE  A3 01       LDA $01,S
010100  25 10       AND $10
010102  83 06       STA $06,S
010104  A9 F9       LDA #$F9
010106  85 00       STA $00
010108  A9 FF       LDA #$FF
01010A  85 01       STA $01
01010C  A9 12       LDA #$12
01010E  85 02       STA $02
010110  C2 20       REP #$20
010112  A3 0A       LDA $0A,S
010114  A8          TAY
010115  E2 20       SEP #$20
010117  A3 06       LDA $06,S
010119  97 00       STA [$00],Y
01011B  C2 20       REP #$20
01011D  3B          TSC
01011E  18          CLC
01011F  69 10 00    ADC #$0010
010122  1B          TCS
010123  6B          RTL
010124  3B          TSC
010125  AA          TAX
010126  C5 46       CMP $46
010128  90 04       BCC $01012E
01012A  F0 02       BEQ $01012E
01012C  80 0A       BRA $010138
01012E  38          SEC
01012F  E9 0C 00    SBC #$000C
010132  90 04       BCC $010138
010134  C5 44       CMP $44
010136  B0 07       BCS $01013F
010138  A9 0C 00    LDA #$000C
01013B  5C 00 80 04 JML $048000
01013F  1B          TCS
010140  A9 00 00    LDA #$0000
010143  83 06       STA $06,S
010145  A3 10       LDA $10,S
010147  83 04       STA $04,S
010149  A3 04       LDA $04,S
01014B  85 08       STA $08
01014D  46 08       LSR $08
01014F  46 08       LSR $08
010151  46 08       LSR $08
010153  A5 08       LDA $08
010155  83 02       STA $02,S
010157  A3 02       LDA $02,S
010159  18          CLC
01015A  69 01 00    ADC #$0001
01015D  83 04       STA $04,S
01015F  A3 06       LDA $06,S
010161  C3 04       CMP $04,S
010163  90 02       BCC $010167
010165  80 2B       BRA $010192
010167  C2 20       REP #$20
010169  E2 20       SEP #$20
01016B  A9 F9       LDA #$F9
01016D  85 00       STA $00
01016F  A9 FF       LDA #$FF
010171  85 01       STA $01
010173  A9 12       LDA #$12
010175  85 02       STA $02
010177  C2 20       REP #$20
010179  A3 06       LDA $06,S
01017B  A8          TAY
01017C  E2 20       SEP #$20
01017E  A9 FF       LDA #$FF
010180  97 00       STA [$00],Y
010182  C2 20       REP #$20
010184  A3 06       LDA $06,S
010186  18          CLC
010187  69 01 00    ADC #$0001
01018A  83 02       STA $02,S
01018C  A3 02       LDA $02,S
01018E  83 06       STA $06,S
010190  80 B3       BRA $010145
010192  A9 00 00    LDA #$0000
010195  83 02       STA $02,S
010197  A9 01 00    LDA #$0001
01019A  83 04       STA $04,S
01019C  A3 10       LDA $10,S
01019E  83 06       STA $06,S
0101A0  A3 02       LDA $02,S
0101A2  C3 06       CMP $06,S
0101A4  90 03       BCC $0101A9
0101A6  82 C6 00    BRL $01026F
0101A9  C2 20       REP #$20
0101AB  3B          TSC
0101AC  AA          TAX
0101AD  C5 46       CMP $46
0101AF  90 04       BCC $0101B5
0101B1  F0 02       BEQ $0101B5
0101B3  80 0A       BRA $0101BF
0101B5  38          SEC
0101B6  E9 06 00    SBC #$0006
0101B9  90 04       BCC $0101BF
0101BB  C5 44       CMP $44
0101BD  B0 07       BCS $0101C6
0101BF  A9 06 00    LDA #$0006
0101C2  5C 00 80 04 JML $048000
0101C6  E2 20       SEP #$20
0101C8  A9 00       LDA #$00
0101CA  48          PHA
0101CB  C2 20       REP #$20
0101CD  A3 03       LDA $03,S
0101CF  48          PHA
0101D0  22 00 00 01 JSL $010000
0101D4  A8          TAY
0101D5  3B          TSC
0101D6  18          CLC
0101D7  69 03 00    ADC #$0003
0101DA  1B          TCS
0101DB  98          TYA
0101DC  E2 20       SEP #$20
0101DE  83 01       STA $01,S
0101E0  C2 20       REP #$20
0101E2  E2 20       SEP #$20
0101E4  A3 01       LDA $01,S
0101E6  C2 20       REP #$20
0101E8  D0 06       BNE $0101F0
0101EA  A3 04       LDA $04,S
0101EC  83 06       STA $06,S
0101EE  80 6C       BRA $01025C
0101F0  C2 20       REP #$20
0101F2  A3 02       LDA $02,S
0101F4  18          CLC
0101F5  63 02       ADC $02,S
0101F7  83 08       STA $08,S
0101F9  18          CLC
0101FA  69 03 00    ADC #$0003
0101FD  83 06       STA $06,S
0101FF  A3 02       LDA $02,S
010201  18          CLC
010202  63 06       ADC $06,S
010204  83 08       STA $08,S
010206  A3 08       LDA $08,S
010208  A3 10       LDA $10,S
01020A  83 0A       STA $0A,S
01020C  A3 08       LDA $08,S
01020E  C3 0A       CMP $0A,S
010210  90 02       BCC $010214
010212  80 3E       BRA $010252
010214  C2 20       REP #$20
010216  3B          TSC
010217  AA          TAX
010218  C5 46       CMP $46
01021A  90 04       BCC $010220
01021C  F0 02       BEQ $010220
01021E  80 0A       BRA $01022A
010220  38          SEC
010221  E9 06 00    SBC #$0006
010224  90 04       BCC $01022A
010226  C5 44       CMP $44
010228  B0 07       BCS $010231
01022A  A9 06 00    LDA #$0006
01022D  5C 00 80 04 JML $048000
010231  E2 20       SEP #$20
010233  A9 00       LDA #$00
010235  48          PHA
010236  C2 20       REP #$20
010238  A3 09       LDA $09,S
01023A  48          PHA
01023B  22 89 00 01 JSL $010089
01023F  3B          TSC
010240  18          CLC
010241  69 03 00    ADC #$0003
010244  1B          TCS
010245  A3 08       LDA $08,S
010247  18          CLC
010248  63 06       ADC $06,S
01024A  83 0A       STA $0A,S
01024C  A3 0A       LDA $0A,S
01024E  83 08       STA $08,S
010250  80 B6       BRA $010208
010252  A3 04       LDA $04,S
010254  18          CLC
010255  69 01 00    ADC #$0001
010258  83 06       STA $06,S
01025A  A3 06       LDA $06,S
01025C  A3 02       LDA $02,S
01025E  18          CLC
01025F  69 01 00    ADC #$0001
010262  83 04       STA $04,S
010264  A3 04       LDA $04,S
010266  83 02       STA $02,S
010268  A3 06       LDA $06,S
01026A  83 04       STA $04,S
01026C  82 2D FF    BRL $01019C
01026F  A3 04       LDA $04,S
010271  A8          TAY
010272  3B          TSC
010273  18          CLC
010274  69 0C 00    ADC #$000C
010277  1B          TCS
010278  98          TYA
010279  6B          RTL
