
; flags

; sieve
010000  A8          sieve:      tay
010001  3B          tsc
010002  38          sec
010003  E9 0A 00    sbc     ##10
010006  1B          tcs
010007  98          tya
010008  83 05       sta     5,s
01000A  A9 01 00    lda     ##1
01000D  83 01       sta     1,s
01000F  3A          dec     a
010010  83 03       sta     3,s
010012  A3 03       `?L5`:      lda     3,s
010014  C3 05       cmp     5,s
010016  90 77       bcc     `?L4`
010018  A9 00 00    lda     ##0
01001B  83 09       sta     9,s
01001D  A3 01       lda     1,s
01001F  83 07       `?L25`:     sta     7,s
010021  A3 09       lda     9,s
010023  C3 05       cmp     5,s
010025  90 0B       bcc     `?L8`
010027  A3 07       lda     7,s
010029  A8          tay
01002A  3B          tsc
01002B  18          clc
01002C  69 0A 00    adc     ##10
01002F  1B          tcs
010030  98          tya
010031  6B          rtl
010032  22 AC 00 01 jsl     long:`?L26`
010036  63 09       adc     9,s
010038  90 01       bcc     `?L19`
01003A  E8          inx
01003B  86 02       stx     dp:.tiny (_Dp+2)
01003D  85 00       sta     dp:.tiny _Dp
01003F  A7 00       lda     [.tiny _Dp]
010041  29 FF 00    and     ##255
010044  F0 3A       beq     `?L12`
010046  A3 09       lda     9,s
010048  18          clc
010049  63 09       adc     9,s
01004B  1A          inc     a
01004C  1A          inc     a
01004D  1A          inc     a
01004E  83 03       sta     3,s
010050  18          clc
010051  63 09       adc     9,s
010053  83 01       sta     1,s
010055  A3 01       `?L15`:     lda     1,s
010057  C3 05       cmp     5,s
010059  B0 1E       bcs     `?L16`
01005B  22 AC 00 01 jsl     long:`?L26`
01005F  63 01       adc     1,s
010061  90 01       bcc     `?L21`
010063  E8          inx
010064  86 02       stx     dp:.tiny (_Dp+2)
010066  85 00       sta     dp:.tiny _Dp
010068  E2 20       sep     #32
01006A  A9 00       lda     #0
01006C  87 00       sta     [.tiny _Dp]
01006E  C2 20       rep     #32
010070  A3 03       lda     3,s
010072  18          clc
010073  63 01       adc     1,s
010075  83 01       sta     1,s
010077  80 DC       bra     `?L15`
010079  A3 07       `?L16`:     lda     7,s
01007B  1A          inc     a
01007C  83 01       sta     1,s
01007E  80 04       bra     `?L10`
010080  A3 07       `?L12`:     lda     7,s
010082  83 01       sta     1,s
010084  A3 09       `?L10`:     lda     9,s
010086  1A          inc     a
010087  83 03       sta     3,s
010089  83 09       sta     9,s
01008B  A3 01       lda     1,s
01008D  80 90       bra     `?L25`
01008F  22 AC 00 01 jsl     long:`?L26`
010093  63 03       adc     3,s
010095  90 01       bcc     `?L23`
010097  E8          inx
010098  86 02       stx     dp:.tiny (_Dp+2)
01009A  85 00       sta     dp:.tiny _Dp
01009C  E2 20       sep     #32
01009E  A9 01       lda     #1
0100A0  87 00       sta     [.tiny _Dp]
0100A2  C2 20       rep     #32
0100A4  A3 03       lda     3,s
0100A6  1A          inc     a
0100A7  83 03       sta     3,s
0100A9  4C 12 00    jmp     .kbank `?L5`

; `?L26`
0100AC  A9 F9 FF    lda     ##.word0 flags
0100AF  A2 12 00    ldx     ##.word2 flags
0100B2  18          clc
0100B3  6B          rtl
