010000  3B          TSC
010001  AA          TAX
010002  C5 46       CMP $46
010004  B0 04       BCS $01000A
010006  5C 14 00 01 JML $010014
01000A  D0 04       BNE $010010
01000C  5C 14 00 01 JML $010014
010010  5C 26 00 01 JML $010026
010014  38          SEC
010015  E9 08 00    SBC #$0008
010018  B0 04       BCS $01001E
01001A  5C 26 00 01 JML $010026
01001E  C5 44       CMP $44
010020  90 04       BCC $010026
010022  5C 2D 00 01 JML $01002D
010026  A9 08 00    LDA #$0008
010029  5C 00 80 04 JML $048000
01002D  1B          TCS
01002E  C2 20       REP #$20
010030  A3 0C       LDA $0C,S
010032  83 02       STA $02,S
010034  A3 0E       LDA $0E,S
010036  83 04       STA $04,S
010038  A3 02       LDA $02,S
01003A  38          SEC
01003B  E3 04       SBC $04,S
01003D  83 06       STA $06,S
01003F  E2 20       SEP #$20
010041  A9 00       LDA #$00
010043  85 08       STA $08
010045  85 09       STA $09
010047  85 0A       STA $0A
010049  85 0B       STA $0B
01004B  A3 06       LDA $06,S
01004D  85 08       STA $08
01004F  A3 07       LDA $07,S
010051  85 09       STA $09
010053  C2 20       REP #$20
010055  A5 08       LDA $08
010057  A6 0A       LDX $0A
010059  A8          TAY
01005A  3B          TSC
01005B  18          CLC
01005C  69 08 00    ADC #$0008
01005F  1B          TCS
010060  98          TYA
010061  6B          RTL
