010000  3B          TSC
010001  AA          TAX
010002  C5 46       CMP $46
010004  B0 04       BCS $01000A
010006  5C 14 00 01 JML $010014
01000A  D0 04       BNE $010010
01000C  5C 14 00 01 JML $010014
010010  5C 26 00 01 JML $010026
010014  38          SEC
010015  E9 06 00    SBC #$0006
010018  B0 04       BCS $01001E
01001A  5C 26 00 01 JML $010026
01001E  C5 44       CMP $44
010020  90 04       BCC $010026
010022  5C 2D 00 01 JML $01002D
010026  A9 06 00    LDA #$0006
010029  5C 00 80 04 JML $048000
01002D  1B          TCS
01002E  C2 20       REP #$20
010030  A3 0A       LDA $0A,S
010032  83 02       STA $02,S
010034  A3 0C       LDA $0C,S
010036  83 04       STA $04,S
010038  A3 04       LDA $04,S
01003A  C3 02       CMP $02,S
01003C  B0 04       BCS $010042
01003E  5C 4A 00 01 JML $01004A
010042  E2 20       SEP #$20
010044  A9 00       LDA #$00
010046  5C 4E 00 01 JML $01004E
01004A  E2 20       SEP #$20
01004C  A9 01       LDA #$01
01004E  E2 20       SEP #$20
010050  83 01       STA $01,S
010052  C2 20       REP #$20
010054  E2 20       SEP #$20
010056  A3 01       LDA $01,S
010058  C2 20       REP #$20
01005A  F0 04       BEQ $010060
01005C  5C 68 00 01 JML $010068
010060  E2 20       SEP #$20
010062  C2 20       REP #$20
010064  5C 81 00 01 JML $010081
010068  E2 20       SEP #$20
01006A  C2 20       REP #$20
01006C  5C 70 00 01 JML $010070
010070  C2 20       REP #$20
010072  A3 0A       LDA $0A,S
010074  83 02       STA $02,S
010076  A3 02       LDA $02,S
010078  A8          TAY
010079  3B          TSC
01007A  18          CLC
01007B  69 06 00    ADC #$0006
01007E  1B          TCS
01007F  98          TYA
010080  6B          RTL
010081  C2 20       REP #$20
010083  A3 0C       LDA $0C,S
010085  83 02       STA $02,S
010087  A3 02       LDA $02,S
010089  A8          TAY
01008A  3B          TSC
01008B  18          CLC
01008C  69 06 00    ADC #$0006
01008F  1B          TCS
010090  98          TYA
010091  6B          RTL
