010000  3B          TSC
010001  AA          TAX
010002  C5 46       CMP $46
010004  B0 04       BCS $01000A
010006  5C 14 00 01 JML $010014
01000A  D0 04       BNE $010010
01000C  5C 14 00 01 JML $010014
010010  5C 26 00 01 JML $010026
010014  38          SEC
010015  E9 0E 00    SBC #$000E
010018  B0 04       BCS $01001E
01001A  5C 26 00 01 JML $010026
01001E  C5 44       CMP $44
010020  90 04       BCC $010026
010022  5C 2D 00 01 JML $01002D
010026  A9 0E 00    LDA #$000E
010029  5C 00 80 04 JML $048000
01002D  1B          TCS
01002E  E2 20       SEP #$20
010030  A3 12       LDA $12,S
010032  83 02       STA $02,S
010034  A3 13       LDA $13,S
010036  83 03       STA $03,S
010038  C2 20       REP #$20
01003A  E2 20       SEP #$20
01003C  A9 00       LDA #$00
01003E  83 08       STA $08,S
010040  A9 00       LDA #$00
010042  83 09       STA $09,S
010044  C2 20       REP #$20
010046  A3 08       LDA $08,S
010048  83 04       STA $04,S
01004A  E2 20       SEP #$20
01004C  C2 20       REP #$20
01004E  5C 52 00 01 JML $010052
010052  C2 20       REP #$20
010054  A3 02       LDA $02,S
010056  83 08       STA $08,S
010058  E2 20       SEP #$20
01005A  A9 00       LDA #$00
01005C  83 0A       STA $0A,S
01005E  A9 00       LDA #$00
010060  83 0B       STA $0B,S
010062  C2 20       REP #$20
010064  A3 08       LDA $08,S
010066  C3 0A       CMP $0A,S
010068  F0 04       BEQ $01006E
01006A  5C 76 00 01 JML $010076
01006E  E2 20       SEP #$20
010070  A9 00       LDA #$00
010072  5C 7A 00 01 JML $01007A
010076  E2 20       SEP #$20
010078  A9 01       LDA #$01
01007A  E2 20       SEP #$20
01007C  83 07       STA $07,S
01007E  C2 20       REP #$20
010080  E2 20       SEP #$20
010082  A3 07       LDA $07,S
010084  C2 20       REP #$20
010086  F0 04       BEQ $01008C
010088  5C 94 00 01 JML $010094
01008C  E2 20       SEP #$20
01008E  C2 20       REP #$20
010090  5C C9 00 01 JML $0100C9
010094  E2 20       SEP #$20
010096  C2 20       REP #$20
010098  5C 9C 00 01 JML $01009C
01009C  C2 20       REP #$20
01009E  A3 02       LDA $02,S
0100A0  83 08       STA $08,S
0100A2  A3 04       LDA $04,S
0100A4  83 0A       STA $0A,S
0100A6  A3 0A       LDA $0A,S
0100A8  18          CLC
0100A9  63 08       ADC $08,S
0100AB  83 0C       STA $0C,S
0100AD  A3 0C       LDA $0C,S
0100AF  83 04       STA $04,S
0100B1  A3 02       LDA $02,S
0100B3  83 08       STA $08,S
0100B5  A3 08       LDA $08,S
0100B7  38          SEC
0100B8  E9 01 00    SBC #$0001
0100BB  83 0A       STA $0A,S
0100BD  A3 0A       LDA $0A,S
0100BF  83 02       STA $02,S
0100C1  E2 20       SEP #$20
0100C3  C2 20       REP #$20
0100C5  5C 52 00 01 JML $010052
0100C9  C2 20       REP #$20
0100CB  A3 04       LDA $04,S
0100CD  83 08       STA $08,S
0100CF  A3 08       LDA $08,S
0100D1  A8          TAY
0100D2  3B          TSC
0100D3  18          CLC
0100D4  69 0E 00    ADC #$000E
0100D7  1B          TCS
0100D8  98          TYA
0100D9  6B          RTL
