010000  85 08       sta	r4
010002  86 0A       stx	r4+2
010004  18          clc
010005  A5 08       lda	r4
010007  69 03 00    adc	#3
01000A  85 00       sta	r0
01000C  A5 0A       lda	r4+2
01000E  69 00 00    adc	#0
010011  85 02       sta	r0+2
010013  A5 00       lda	r0
010015  85 4C       sta	btmp3
010017  A5 02       lda	r0+2
010019  85 4E       sta	btmp3+2
01001B  A7 4C       lda	[btmp3]
01001D  85 00       sta	r0
01001F  A0 02 00    ldy	#2
010022  B7 4C       lda	[btmp3],y
010024  85 02       sta	r0+2
010026  B7 08       lda	[r4],y
010028  AA          tax
010029  A7 08       lda	[r4]
01002B  85 3E       sta	r31
01002D  87 00       sta	[r0]
01002F  8A          txa
010030  97 00       sta	[r0],y
010032  A5 3E       lda	r31
010034  18          clc
010035  69 03 00    adc	#3
010038  85 04       sta	r2
01003A  8A          txa
01003B  69 00 00    adc	#0
01003E  85 06       sta	r2+2
010040  A5 00       lda	r0
010042  87 04       sta	[r2]
010044  E2 20       sep	#32
010046  A5 02       lda	r0+2
010048  97 04       sta	[r2],y
01004A  C2 20       rep	#32
01004C  6B          rtl
