010000  3B          TSC
010001  AA          TAX
010002  C5 46       CMP $46
010004  90 04       BCC $01000A
010006  F0 02       BEQ $01000A
010008  80 0A       BRA $010014
01000A  38          SEC
01000B  E9 0C 00    SBC #$000C
01000E  90 04       BCC $010014
010010  C5 44       CMP $44
010012  B0 07       BCS $01001B
010014  A9 0C 00    LDA #$000C
010017  5C 00 80 04 JML $048000
01001B  1B          TCS
01001C  A3 10       LDA $10,S
01001E  83 02       STA $02,S
010020  A3 11       LDA $11,S
010022  83 03       STA $03,S
010024  A3 10       LDA $10,S
010026  83 0A       STA $0A,S
010028  A3 11       LDA $11,S
01002A  83 0B       STA $0B,S
01002C  E2 20       SEP #$20
01002E  C2 20       REP #$20
010030  A3 0A       LDA $0A,S
010032  85 00       STA $00
010034  A3 0B       LDA $0B,S
010036  85 01       STA $01
010038  E2 20       SEP #$20
01003A  18          CLC
01003B  A5 00       LDA $00
01003D  69 03       ADC #$03
01003F  85 00       STA $00
010041  A5 01       LDA $01
010043  69 00       ADC #$00
010045  85 01       STA $01
010047  A5 02       LDA $02
010049  69 00       ADC #$00
01004B  85 02       STA $02
01004D  A5 00       LDA $00
01004F  83 06       STA $06,S
010051  A5 01       LDA $01
010053  83 07       STA $07,S
010055  A5 02       LDA $02
010057  83 08       STA $08,S
010059  A3 06       LDA $06,S
01005B  83 0A       STA $0A,S
01005D  A3 07       LDA $07,S
01005F  83 0B       STA $0B,S
010061  A3 08       LDA $08,S
010063  83 0C       STA $0C,S
010065  C2 20       REP #$20
010067  A3 02       LDA $02,S
010069  85 00       STA $00
01006B  A3 03       LDA $03,S
01006D  85 01       STA $01
01006F  A3 0A       LDA $0A,S
010071  87 00       STA [$00]
010073  E2 20       SEP #$20
010075  A3 0C       LDA $0C,S
010077  A0 02 00    LDY #$0002
01007A  97 00       STA [$00],Y
01007C  C2 20       REP #$20
01007E  A3 10       LDA $10,S
010080  83 02       STA $02,S
010082  A3 11       LDA $11,S
010084  83 03       STA $03,S
010086  A3 02       LDA $02,S
010088  85 00       STA $00
01008A  A3 03       LDA $03,S
01008C  85 01       STA $01
01008E  E2 20       SEP #$20
010090  A9 00       LDA #$00
010092  A0 03 00    LDY #$0003
010095  97 00       STA [$00],Y
010097  A9 00       LDA #$00
010099  A0 04 00    LDY #$0004
01009C  97 00       STA [$00],Y
01009E  A9 00       LDA #$00
0100A0  A0 05 00    LDY #$0005
0100A3  97 00       STA [$00],Y
0100A5  C2 20       REP #$20
0100A7  A3 10       LDA $10,S
0100A9  83 02       STA $02,S
0100AB  A3 11       LDA $11,S
0100AD  83 03       STA $03,S
0100AF  A3 10       LDA $10,S
0100B1  83 0A       STA $0A,S
0100B3  A3 11       LDA $11,S
0100B5  83 0B       STA $0B,S
0100B7  E2 20       SEP #$20
0100B9  C2 20       REP #$20
0100BB  A3 0A       LDA $0A,S
0100BD  85 00       STA $00
0100BF  A3 0B       LDA $0B,S
0100C1  85 01       STA $01
0100C3  E2 20       SEP #$20
0100C5  A5 00       LDA $00
0100C7  83 06       STA $06,S
0100C9  A5 01       LDA $01
0100CB  83 07       STA $07,S
0100CD  A5 02       LDA $02
0100CF  83 08       STA $08,S
0100D1  A3 06       LDA $06,S
0100D3  83 0A       STA $0A,S
0100D5  A3 07       LDA $07,S
0100D7  83 0B       STA $0B,S
0100D9  A3 08       LDA $08,S
0100DB  83 0C       STA $0C,S
0100DD  C2 20       REP #$20
0100DF  A3 02       LDA $02,S
0100E1  85 00       STA $00
0100E3  A3 03       LDA $03,S
0100E5  85 01       STA $01
0100E7  A3 0A       LDA $0A,S
0100E9  A0 06 00    LDY #$0006
0100EC  97 00       STA [$00],Y
0100EE  E2 20       SEP #$20
0100F0  A3 0C       LDA $0C,S
0100F2  A0 08 00    LDY #$0008
0100F5  97 00       STA [$00],Y
0100F7  C2 20       REP #$20
0100F9  3B          TSC
0100FA  18          CLC
0100FB  69 0C 00    ADC #$000C
0100FE  1B          TCS
0100FF  6B          RTL
010100  3B          TSC
010101  AA          TAX
010102  C5 46       CMP $46
010104  90 04       BCC $01010A
010106  F0 02       BEQ $01010A
010108  80 0A       BRA $010114
01010A  38          SEC
01010B  E9 08 00    SBC #$0008
01010E  90 04       BCC $010114
010110  C5 44       CMP $44
010112  B0 07       BCS $01011B
010114  A9 08 00    LDA #$0008
010117  5C 00 80 04 JML $048000
01011B  1B          TCS
01011C  A3 0C       LDA $0C,S
01011E  83 02       STA $02,S
010120  A3 0D       LDA $0D,S
010122  83 03       STA $03,S
010124  E2 20       SEP #$20
010126  A3 02       LDA $02,S
010128  83 06       STA $06,S
01012A  A3 03       LDA $03,S
01012C  83 07       STA $07,S
01012E  A3 04       LDA $04,S
010130  83 08       STA $08,S
010132  C2 20       REP #$20
010134  3B          TSC
010135  AA          TAX
010136  C5 46       CMP $46
010138  90 04       BCC $01013E
01013A  F0 02       BEQ $01013E
01013C  80 0A       BRA $010148
01013E  38          SEC
01013F  E9 06 00    SBC #$0006
010142  90 04       BCC $010148
010144  C5 44       CMP $44
010146  B0 07       BCS $01014F
010148  A9 06 00    LDA #$0006
01014B  5C 00 80 04 JML $048000
01014F  3B          TSC
010150  38          SEC
010151  E9 03 00    SBC #$0003
010154  1B          TCS
010155  E2 20       SEP #$20
010157  A9 00       LDA #$00
010159  A3 09       LDA $09,S
01015B  83 01       STA $01,S
01015D  A3 0A       LDA $0A,S
01015F  83 02       STA $02,S
010161  A3 0B       LDA $0B,S
010163  83 03       STA $03,S
010165  C2 20       REP #$20
010167  22 00 00 01 JSL $010000
01016B  A8          TAY
01016C  3B          TSC
01016D  18          CLC
01016E  69 03 00    ADC #$0003
010171  1B          TCS
010172  98          TYA
010173  3B          TSC
010174  18          CLC
010175  69 08 00    ADC #$0008
010178  1B          TCS
010179  6B          RTL
01017A  3B          TSC
01017B  AA          TAX
01017C  C5 46       CMP $46
01017E  90 04       BCC $010184
010180  F0 02       BEQ $010184
010182  80 0A       BRA $01018E
010184  38          SEC
010185  E9 0C 00    SBC #$000C
010188  90 04       BCC $01018E
01018A  C5 44       CMP $44
01018C  B0 07       BCS $010195
01018E  A9 0C 00    LDA #$000C
010191  5C 00 80 04 JML $048000
010195  1B          TCS
010196  A3 10       LDA $10,S
010198  83 06       STA $06,S
01019A  A3 11       LDA $11,S
01019C  83 07       STA $07,S
01019E  A3 06       LDA $06,S
0101A0  85 00       STA $00
0101A2  A3 07       LDA $07,S
0101A4  85 01       STA $01
0101A6  A7 00       LDA [$00]
0101A8  83 02       STA $02,S
0101AA  E2 20       SEP #$20
0101AC  A0 02 00    LDY #$0002
0101AF  B7 00       LDA [$00],Y
0101B1  83 04       STA $04,S
0101B3  C2 20       REP #$20
0101B5  A3 10       LDA $10,S
0101B7  83 0A       STA $0A,S
0101B9  A3 11       LDA $11,S
0101BB  83 0B       STA $0B,S
0101BD  E2 20       SEP #$20
0101BF  C2 20       REP #$20
0101C1  A3 0A       LDA $0A,S
0101C3  85 00       STA $00
0101C5  A3 0B       LDA $0B,S
0101C7  85 01       STA $01
0101C9  E2 20       SEP #$20
0101CB  18          CLC
0101CC  A5 00       LDA $00
0101CE  69 03       ADC #$03
0101D0  85 00       STA $00
0101D2  A5 01       LDA $01
0101D4  69 00       ADC #$00
0101D6  85 01       STA $01
0101D8  A5 02       LDA $02
0101DA  69 00       ADC #$00
0101DC  85 02       STA $02
0101DE  A5 00       LDA $00
0101E0  83 06       STA $06,S
0101E2  A5 01       LDA $01
0101E4  83 07       STA $07,S
0101E6  A5 02       LDA $02
0101E8  83 08       STA $08,S
0101EA  A3 06       LDA $06,S
0101EC  83 0A       STA $0A,S
0101EE  A3 07       LDA $07,S
0101F0  83 0B       STA $0B,S
0101F2  A3 08       LDA $08,S
0101F4  83 0C       STA $0C,S
0101F6  C2 20       REP #$20
0101F8  A3 02       LDA $02,S
0101FA  C3 0A       CMP $0A,S
0101FC  D0 0A       BNE $010208
0101FE  E2 20       SEP #$20
010200  A3 04       LDA $04,S
010202  C3 0C       CMP $0C,S
010204  C2 20       REP #$20
010206  F0 06       BEQ $01020E
010208  E2 20       SEP #$20
01020A  A9 00       LDA #$00
01020C  80 04       BRA $010212
01020E  E2 20       SEP #$20
010210  A9 01       LDA #$01
010212  E2 20       SEP #$20
010214  83 01       STA $01,S
010216  C2 20       REP #$20
010218  E2 20       SEP #$20
01021A  A3 01       LDA $01,S
01021C  C2 20       REP #$20
01021E  29 FF 00    AND #$00FF
010221  A8          TAY
010222  3B          TSC
010223  18          CLC
010224  69 0C 00    ADC #$000C
010227  1B          TCS
010228  98          TYA
010229  6B          RTL
01022A  3B          TSC
01022B  AA          TAX
01022C  C5 46       CMP $46
01022E  90 04       BCC $010234
010230  F0 02       BEQ $010234
010232  80 0A       BRA $01023E
010234  38          SEC
010235  E9 08 00    SBC #$0008
010238  90 04       BCC $01023E
01023A  C5 44       CMP $44
01023C  B0 07       BCS $010245
01023E  A9 08 00    LDA #$0008
010241  5C 00 80 04 JML $048000
010245  1B          TCS
010246  A3 0C       LDA $0C,S
010248  83 06       STA $06,S
01024A  A3 0D       LDA $0D,S
01024C  83 07       STA $07,S
01024E  E2 20       SEP #$20
010250  A3 06       LDA $06,S
010252  83 02       STA $02,S
010254  A3 07       LDA $07,S
010256  83 03       STA $03,S
010258  A3 08       LDA $08,S
01025A  83 04       STA $04,S
01025C  C2 20       REP #$20
01025E  3B          TSC
01025F  AA          TAX
010260  C5 46       CMP $46
010262  90 04       BCC $010268
010264  F0 02       BEQ $010268
010266  80 0A       BRA $010272
010268  38          SEC
010269  E9 06 00    SBC #$0006
01026C  90 04       BCC $010272
01026E  C5 44       CMP $44
010270  B0 07       BCS $010279
010272  A9 06 00    LDA #$0006
010275  5C 00 80 04 JML $048000
010279  3B          TSC
01027A  38          SEC
01027B  E9 03 00    SBC #$0003
01027E  1B          TCS
01027F  E2 20       SEP #$20
010281  A9 00       LDA #$00
010283  A3 05       LDA $05,S
010285  83 01       STA $01,S
010287  A3 06       LDA $06,S
010289  83 02       STA $02,S
01028B  A3 07       LDA $07,S
01028D  83 03       STA $03,S
01028F  C2 20       REP #$20
010291  22 7A 01 01 JSL $01017A
010295  A8          TAY
010296  3B          TSC
010297  18          CLC
010298  69 03 00    ADC #$0003
01029B  1B          TCS
01029C  98          TYA
01029D  E2 20       SEP #$20
01029F  83 01       STA $01,S
0102A1  C2 20       REP #$20
0102A3  E2 20       SEP #$20
0102A5  A3 01       LDA $01,S
0102A7  C2 20       REP #$20
0102A9  29 FF 00    AND #$00FF
0102AC  A8          TAY
0102AD  3B          TSC
0102AE  18          CLC
0102AF  69 08 00    ADC #$0008
0102B2  1B          TCS
0102B3  98          TYA
0102B4  6B          RTL
0102B5  3B          TSC
0102B6  AA          TAX
0102B7  C5 46       CMP $46
0102B9  90 04       BCC $0102BF
0102BB  F0 02       BEQ $0102BF
0102BD  80 0A       BRA $0102C9
0102BF  38          SEC
0102C0  E9 10 00    SBC #$0010
0102C3  90 04       BCC $0102C9
0102C5  C5 44       CMP $44
0102C7  B0 07       BCS $0102D0
0102C9  A9 10 00    LDA #$0010
0102CC  5C 00 80 04 JML $048000
0102D0  1B          TCS
0102D1  A3 14       LDA $14,S
0102D3  83 06       STA $06,S
0102D5  A3 15       LDA $15,S
0102D7  83 07       STA $07,S
0102D9  A3 06       LDA $06,S
0102DB  85 00       STA $00
0102DD  A3 07       LDA $07,S
0102DF  85 01       STA $01
0102E1  A7 00       LDA [$00]
0102E3  83 0A       STA $0A,S
0102E5  E2 20       SEP #$20
0102E7  A0 02 00    LDY #$0002
0102EA  B7 00       LDA [$00],Y
0102EC  83 0C       STA $0C,S
0102EE  C2 20       REP #$20
0102F0  A3 0A       LDA $0A,S
0102F2  83 01       STA $01,S
0102F4  A3 0B       LDA $0B,S
0102F6  83 02       STA $02,S
0102F8  A3 17       LDA $17,S
0102FA  83 06       STA $06,S
0102FC  A3 18       LDA $18,S
0102FE  83 07       STA $07,S
010300  A3 14       LDA $14,S
010302  83 0E       STA $0E,S
010304  A3 15       LDA $15,S
010306  83 0F       STA $0F,S
010308  E2 20       SEP #$20
01030A  C2 20       REP #$20
01030C  A3 0E       LDA $0E,S
01030E  85 00       STA $00
010310  A3 0F       LDA $0F,S
010312  85 01       STA $01
010314  E2 20       SEP #$20
010316  A5 00       LDA $00
010318  83 0A       STA $0A,S
01031A  A5 01       LDA $01
01031C  83 0B       STA $0B,S
01031E  A5 02       LDA $02
010320  83 0C       STA $0C,S
010322  A3 0A       LDA $0A,S
010324  83 0E       STA $0E,S
010326  A3 0B       LDA $0B,S
010328  83 0F       STA $0F,S
01032A  A3 0C       LDA $0C,S
01032C  83 10       STA $10,S
01032E  C2 20       REP #$20
010330  A3 06       LDA $06,S
010332  85 00       STA $00
010334  A3 07       LDA $07,S
010336  85 01       STA $01
010338  A3 0E       LDA $0E,S
01033A  A0 03 00    LDY #$0003
01033D  97 00       STA [$00],Y
01033F  E2 20       SEP #$20
010341  A3 10       LDA $10,S
010343  A0 05 00    LDY #$0005
010346  97 00       STA [$00],Y
010348  C2 20       REP #$20
01034A  A3 17       LDA $17,S
01034C  83 06       STA $06,S
01034E  A3 18       LDA $18,S
010350  83 07       STA $07,S
010352  A3 01       LDA $01,S
010354  83 0A       STA $0A,S
010356  A3 02       LDA $02,S
010358  83 0B       STA $0B,S
01035A  A3 06       LDA $06,S
01035C  85 00       STA $00
01035E  A3 07       LDA $07,S
010360  85 01       STA $01
010362  A3 0A       LDA $0A,S
010364  87 00       STA [$00]
010366  E2 20       SEP #$20
010368  A3 0C       LDA $0C,S
01036A  A0 02 00    LDY #$0002
01036D  97 00       STA [$00],Y
01036F  C2 20       REP #$20
010371  A3 01       LDA $01,S
010373  83 06       STA $06,S
010375  A3 02       LDA $02,S
010377  83 07       STA $07,S
010379  A3 17       LDA $17,S
01037B  83 0A       STA $0A,S
01037D  A3 18       LDA $18,S
01037F  83 0B       STA $0B,S
010381  A3 06       LDA $06,S
010383  85 00       STA $00
010385  A3 07       LDA $07,S
010387  85 01       STA $01
010389  A3 0A       LDA $0A,S
01038B  A0 03 00    LDY #$0003
01038E  97 00       STA [$00],Y
010390  E2 20       SEP #$20
010392  A3 0C       LDA $0C,S
010394  A0 05 00    LDY #$0005
010397  97 00       STA [$00],Y
010399  C2 20       REP #$20
01039B  A3 14       LDA $14,S
01039D  83 06       STA $06,S
01039F  A3 15       LDA $15,S
0103A1  83 07       STA $07,S
0103A3  A3 17       LDA $17,S
0103A5  83 0A       STA $0A,S
0103A7  A3 18       LDA $18,S
0103A9  83 0B       STA $0B,S
0103AB  A3 06       LDA $06,S
0103AD  85 00       STA $00
0103AF  A3 07       LDA $07,S
0103B1  85 01       STA $01
0103B3  A3 0A       LDA $0A,S
0103B5  87 00       STA [$00]
0103B7  E2 20       SEP #$20
0103B9  A3 0C       LDA $0C,S
0103BB  A0 02 00    LDY #$0002
0103BE  97 00       STA [$00],Y
0103C0  C2 20       REP #$20
0103C2  3B          TSC
0103C3  18          CLC
0103C4  69 10 00    ADC #$0010
0103C7  1B          TCS
0103C8  6B          RTL
0103C9  3B          TSC
0103CA  AA          TAX
0103CB  C5 46       CMP $46
0103CD  90 04       BCC $0103D3
0103CF  F0 02       BEQ $0103D3
0103D1  80 0A       BRA $0103DD
0103D3  38          SEC
0103D4  E9 10 00    SBC #$0010
0103D7  90 04       BCC $0103DD
0103D9  C5 44       CMP $44
0103DB  B0 07       BCS $0103E4
0103DD  A9 10 00    LDA #$0010
0103E0  5C 00 80 04 JML $048000
0103E4  1B          TCS
0103E5  A3 14       LDA $14,S
0103E7  83 06       STA $06,S
0103E9  A3 15       LDA $15,S
0103EB  83 07       STA $07,S
0103ED  A3 06       LDA $06,S
0103EF  85 00       STA $00
0103F1  A3 07       LDA $07,S
0103F3  85 01       STA $01
0103F5  A0 06 00    LDY #$0006
0103F8  B7 00       LDA [$00],Y
0103FA  83 0A       STA $0A,S
0103FC  E2 20       SEP #$20
0103FE  A0 08 00    LDY #$0008
010401  B7 00       LDA [$00],Y
010403  83 0C       STA $0C,S
010405  C2 20       REP #$20
010407  A3 0A       LDA $0A,S
010409  83 01       STA $01,S
01040B  A3 0B       LDA $0B,S
01040D  83 02       STA $02,S
01040F  A3 17       LDA $17,S
010411  83 06       STA $06,S
010413  A3 18       LDA $18,S
010415  83 07       STA $07,S
010417  A3 14       LDA $14,S
010419  83 0E       STA $0E,S
01041B  A3 15       LDA $15,S
01041D  83 0F       STA $0F,S
01041F  E2 20       SEP #$20
010421  C2 20       REP #$20
010423  A3 0E       LDA $0E,S
010425  85 00       STA $00
010427  A3 0F       LDA $0F,S
010429  85 01       STA $01
01042B  E2 20       SEP #$20
01042D  18          CLC
01042E  A5 00       LDA $00
010430  69 03       ADC #$03
010432  85 00       STA $00
010434  A5 01       LDA $01
010436  69 00       ADC #$00
010438  85 01       STA $01
01043A  A5 02       LDA $02
01043C  69 00       ADC #$00
01043E  85 02       STA $02
010440  A5 00       LDA $00
010442  83 0A       STA $0A,S
010444  A5 01       LDA $01
010446  83 0B       STA $0B,S
010448  A5 02       LDA $02
01044A  83 0C       STA $0C,S
01044C  A3 0A       LDA $0A,S
01044E  83 0E       STA $0E,S
010450  A3 0B       LDA $0B,S
010452  83 0F       STA $0F,S
010454  A3 0C       LDA $0C,S
010456  83 10       STA $10,S
010458  C2 20       REP #$20
01045A  A3 06       LDA $06,S
01045C  85 00       STA $00
01045E  A3 07       LDA $07,S
010460  85 01       STA $01
010462  A3 0E       LDA $0E,S
010464  87 00       STA [$00]
010466  E2 20       SEP #$20
010468  A3 10       LDA $10,S
01046A  A0 02 00    LDY #$0002
01046D  97 00       STA [$00],Y
01046F  C2 20       REP #$20
010471  A3 17       LDA $17,S
010473  83 06       STA $06,S
010475  A3 18       LDA $18,S
010477  83 07       STA $07,S
010479  A3 01       LDA $01,S
01047B  83 0A       STA $0A,S
01047D  A3 02       LDA $02,S
01047F  83 0B       STA $0B,S
010481  A3 06       LDA $06,S
010483  85 00       STA $00
010485  A3 07       LDA $07,S
010487  85 01       STA $01
010489  A3 0A       LDA $0A,S
01048B  A0 03 00    LDY #$0003
01048E  97 00       STA [$00],Y
010490  E2 20       SEP #$20
010492  A3 0C       LDA $0C,S
010494  A0 05 00    LDY #$0005
010497  97 00       STA [$00],Y
010499  C2 20       REP #$20
01049B  A3 01       LDA $01,S
01049D  83 06       STA $06,S
01049F  A3 02       LDA $02,S
0104A1  83 07       STA $07,S
0104A3  A3 17       LDA $17,S
0104A5  83 0A       STA $0A,S
0104A7  A3 18       LDA $18,S
0104A9  83 0B       STA $0B,S
0104AB  A3 06       LDA $06,S
0104AD  85 00       STA $00
0104AF  A3 07       LDA $07,S
0104B1  85 01       STA $01
0104B3  A3 0A       LDA $0A,S
0104B5  87 00       STA [$00]
0104B7  E2 20       SEP #$20
0104B9  A3 0C       LDA $0C,S
0104BB  A0 02 00    LDY #$0002
0104BE  97 00       STA [$00],Y
0104C0  C2 20       REP #$20
0104C2  A3 14       LDA $14,S
0104C4  83 06       STA $06,S
0104C6  A3 15       LDA $15,S
0104C8  83 07       STA $07,S
0104CA  A3 17       LDA $17,S
0104CC  83 0A       STA $0A,S
0104CE  A3 18       LDA $18,S
0104D0  83 0B       STA $0B,S
0104D2  A3 06       LDA $06,S
0104D4  85 00       STA $00
0104D6  A3 07       LDA $07,S
0104D8  85 01       STA $01
0104DA  A3 0A       LDA $0A,S
0104DC  A0 06 00    LDY #$0006
0104DF  97 00       STA [$00],Y
0104E1  E2 20       SEP #$20
0104E3  A3 0C       LDA $0C,S
0104E5  A0 08 00    LDY #$0008
0104E8  97 00       STA [$00],Y
0104EA  C2 20       REP #$20
0104EC  3B          TSC
0104ED  18          CLC
0104EE  69 10 00    ADC #$0010
0104F1  1B          TCS
0104F2  6B          RTL
0104F3  3B          TSC
0104F4  AA          TAX
0104F5  C5 46       CMP $46
0104F7  90 04       BCC $0104FD
0104F9  F0 02       BEQ $0104FD
0104FB  80 0A       BRA $010507
0104FD  38          SEC
0104FE  E9 10 00    SBC #$0010
010501  90 04       BCC $010507
010503  C5 44       CMP $44
010505  B0 07       BCS $01050E
010507  A9 10 00    LDA #$0010
01050A  5C 00 80 04 JML $048000
01050E  1B          TCS
01050F  A3 1A       LDA $1A,S
010511  83 06       STA $06,S
010513  A3 1B       LDA $1B,S
010515  83 07       STA $07,S
010517  A3 06       LDA $06,S
010519  03 07       ORA $07,S
01051B  F0 02       BEQ $01051F
01051D  80 04       BRA $010523
01051F  C2 20       REP #$20
010521  80 4E       BRA $010571
010523  A3 1A       LDA $1A,S
010525  83 06       STA $06,S
010527  A3 1B       LDA $1B,S
010529  83 07       STA $07,S
01052B  A3 14       LDA $14,S
01052D  83 0E       STA $0E,S
01052F  A3 15       LDA $15,S
010531  83 0F       STA $0F,S
010533  E2 20       SEP #$20
010535  C2 20       REP #$20
010537  A3 0E       LDA $0E,S
010539  85 00       STA $00
01053B  A3 0F       LDA $0F,S
01053D  85 01       STA $01
01053F  E2 20       SEP #$20
010541  A5 00       LDA $00
010543  83 0A       STA $0A,S
010545  A5 01       LDA $01
010547  83 0B       STA $0B,S
010549  A5 02       LDA $02
01054B  83 0C       STA $0C,S
01054D  A3 0A       LDA $0A,S
01054F  83 0E       STA $0E,S
010551  A3 0B       LDA $0B,S
010553  83 0F       STA $0F,S
010555  A3 0C       LDA $0C,S
010557  83 10       STA $10,S
010559  C2 20       REP #$20
01055B  A3 06       LDA $06,S
01055D  C3 0E       CMP $0E,S
01055F  D0 0A       BNE $01056B
010561  E2 20       SEP #$20
010563  A3 08       LDA $08,S
010565  C3 10       CMP $10,S
010567  C2 20       REP #$20
010569  F0 04       BEQ $01056F
01056B  C2 20       REP #$20
01056D  80 66       BRA $0105D5
01056F  C2 20       REP #$20
010571  A3 14       LDA $14,S
010573  83 06       STA $06,S
010575  A3 15       LDA $15,S
010577  83 07       STA $07,S
010579  A3 17       LDA $17,S
01057B  83 0A       STA $0A,S
01057D  A3 18       LDA $18,S
01057F  83 0B       STA $0B,S
010581  3B          TSC
010582  AA          TAX
010583  C5 46       CMP $46
010585  90 04       BCC $01058B
010587  F0 02       BEQ $01058B
010589  80 0A       BRA $010595
01058B  38          SEC
01058C  E9 0A 00    SBC #$000A
01058F  90 04       BCC $010595
010591  C5 44       CMP $44
010593  B0 07       BCS $01059C
010595  A9 0A 00    LDA #$000A
010598  5C 00 80 04 JML $048000
01059C  3B          TSC
01059D  38          SEC
01059E  E9 07 00    SBC #$0007
0105A1  1B          TCS
0105A2  E2 20       SEP #$20
0105A4  A9 00       LDA #$00
0105A6  83 07       STA $07,S
0105A8  A3 0D       LDA $0D,S
0105AA  83 01       STA $01,S
0105AC  A3 0E       LDA $0E,S
0105AE  83 02       STA $02,S
0105B0  A3 0F       LDA $0F,S
0105B2  83 03       STA $03,S
0105B4  A3 11       LDA $11,S
0105B6  83 04       STA $04,S
0105B8  A3 12       LDA $12,S
0105BA  83 05       STA $05,S
0105BC  A3 13       LDA $13,S
0105BE  83 06       STA $06,S
0105C0  C2 20       REP #$20
0105C2  22 B5 02 01 JSL $0102B5
0105C6  A8          TAY
0105C7  3B          TSC
0105C8  18          CLC
0105C9  69 07 00    ADC #$0007
0105CC  1B          TCS
0105CD  98          TYA
0105CE  3B          TSC
0105CF  18          CLC
0105D0  69 10 00    ADC #$0010
0105D3  1B          TCS
0105D4  6B          RTL
0105D5  A3 1A       LDA $1A,S
0105D7  83 06       STA $06,S
0105D9  A3 1B       LDA $1B,S
0105DB  83 07       STA $07,S
0105DD  A3 14       LDA $14,S
0105DF  83 0E       STA $0E,S
0105E1  A3 15       LDA $15,S
0105E3  83 0F       STA $0F,S
0105E5  E2 20       SEP #$20
0105E7  C2 20       REP #$20
0105E9  A3 0E       LDA $0E,S
0105EB  85 00       STA $00
0105ED  A3 0F       LDA $0F,S
0105EF  85 01       STA $01
0105F1  E2 20       SEP #$20
0105F3  18          CLC
0105F4  A5 00       LDA $00
0105F6  69 03       ADC #$03
0105F8  85 00       STA $00
0105FA  A5 01       LDA $01
0105FC  69 00       ADC #$00
0105FE  85 01       STA $01
010600  A5 02       LDA $02
010602  69 00       ADC #$00
010604  85 02       STA $02
010606  A5 00       LDA $00
010608  83 0A       STA $0A,S
01060A  A5 01       LDA $01
01060C  83 0B       STA $0B,S
01060E  A5 02       LDA $02
010610  83 0C       STA $0C,S
010612  A3 0A       LDA $0A,S
010614  83 0E       STA $0E,S
010616  A3 0B       LDA $0B,S
010618  83 0F       STA $0F,S
01061A  A3 0C       LDA $0C,S
01061C  83 10       STA $10,S
01061E  C2 20       REP #$20
010620  A3 06       LDA $06,S
010622  C3 0E       CMP $0E,S
010624  D0 0A       BNE $010630
010626  E2 20       SEP #$20
010628  A3 08       LDA $08,S
01062A  C3 10       CMP $10,S
01062C  C2 20       REP #$20
01062E  F0 04       BEQ $010634
010630  C2 20       REP #$20
010632  80 66       BRA $01069A
010634  C2 20       REP #$20
010636  A3 14       LDA $14,S
010638  83 06       STA $06,S
01063A  A3 15       LDA $15,S
01063C  83 07       STA $07,S
01063E  A3 17       LDA $17,S
010640  83 0A       STA $0A,S
010642  A3 18       LDA $18,S
010644  83 0B       STA $0B,S
010646  3B          TSC
010647  AA          TAX
010648  C5 46       CMP $46
01064A  90 04       BCC $010650
01064C  F0 02       BEQ $010650
01064E  80 0A       BRA $01065A
010650  38          SEC
010651  E9 0A 00    SBC #$000A
010654  90 04       BCC $01065A
010656  C5 44       CMP $44
010658  B0 07       BCS $010661
01065A  A9 0A 00    LDA #$000A
01065D  5C 00 80 04 JML $048000
010661  3B          TSC
010662  38          SEC
010663  E9 07 00    SBC #$0007
010666  1B          TCS
010667  E2 20       SEP #$20
010669  A9 00       LDA #$00
01066B  83 07       STA $07,S
01066D  A3 0D       LDA $0D,S
01066F  83 01       STA $01,S
010671  A3 0E       LDA $0E,S
010673  83 02       STA $02,S
010675  A3 0F       LDA $0F,S
010677  83 03       STA $03,S
010679  A3 11       LDA $11,S
01067B  83 04       STA $04,S
01067D  A3 12       LDA $12,S
01067F  83 05       STA $05,S
010681  A3 13       LDA $13,S
010683  83 06       STA $06,S
010685  C2 20       REP #$20
010687  22 C9 03 01 JSL $0103C9
01068B  A8          TAY
01068C  3B          TSC
01068D  18          CLC
01068E  69 07 00    ADC #$0007
010691  1B          TCS
010692  98          TYA
010693  3B          TSC
010694  18          CLC
010695  69 10 00    ADC #$0010
010698  1B          TCS
010699  6B          RTL
01069A  A3 1A       LDA $1A,S
01069C  83 06       STA $06,S
01069E  A3 1B       LDA $1B,S
0106A0  83 07       STA $07,S
0106A2  A3 06       LDA $06,S
0106A4  85 00       STA $00
0106A6  A3 07       LDA $07,S
0106A8  85 01       STA $01
0106AA  A7 00       LDA [$00]
0106AC  83 0A       STA $0A,S
0106AE  E2 20       SEP #$20
0106B0  A0 02 00    LDY #$0002
0106B3  B7 00       LDA [$00],Y
0106B5  83 0C       STA $0C,S
0106B7  C2 20       REP #$20
0106B9  A3 0A       LDA $0A,S
0106BB  83 01       STA $01,S
0106BD  A3 0B       LDA $0B,S
0106BF  83 02       STA $02,S
0106C1  A3 17       LDA $17,S
0106C3  83 06       STA $06,S
0106C5  A3 18       LDA $18,S
0106C7  83 07       STA $07,S
0106C9  A3 1A       LDA $1A,S
0106CB  83 0A       STA $0A,S
0106CD  A3 1B       LDA $1B,S
0106CF  83 0B       STA $0B,S
0106D1  A3 06       LDA $06,S
0106D3  85 00       STA $00
0106D5  A3 07       LDA $07,S
0106D7  85 01       STA $01
0106D9  A3 0A       LDA $0A,S
0106DB  A0 03 00    LDY #$0003
0106DE  97 00       STA [$00],Y
0106E0  E2 20       SEP #$20
0106E2  A3 0C       LDA $0C,S
0106E4  A0 05 00    LDY #$0005
0106E7  97 00       STA [$00],Y
0106E9  C2 20       REP #$20
0106EB  A3 17       LDA $17,S
0106ED  83 06       STA $06,S
0106EF  A3 18       LDA $18,S
0106F1  83 07       STA $07,S
0106F3  A3 01       LDA $01,S
0106F5  83 0A       STA $0A,S
0106F7  A3 02       LDA $02,S
0106F9  83 0B       STA $0B,S
0106FB  A3 06       LDA $06,S
0106FD  85 00       STA $00
0106FF  A3 07       LDA $07,S
010701  85 01       STA $01
010703  A3 0A       LDA $0A,S
010705  87 00       STA [$00]
010707  E2 20       SEP #$20
010709  A3 0C       LDA $0C,S
01070B  A0 02 00    LDY #$0002
01070E  97 00       STA [$00],Y
010710  C2 20       REP #$20
010712  A3 01       LDA $01,S
010714  83 06       STA $06,S
010716  A3 02       LDA $02,S
010718  83 07       STA $07,S
01071A  A3 17       LDA $17,S
01071C  83 0A       STA $0A,S
01071E  A3 18       LDA $18,S
010720  83 0B       STA $0B,S
010722  A3 06       LDA $06,S
010724  85 00       STA $00
010726  A3 07       LDA $07,S
010728  85 01       STA $01
01072A  A3 0A       LDA $0A,S
01072C  A0 03 00    LDY #$0003
01072F  97 00       STA [$00],Y
010731  E2 20       SEP #$20
010733  A3 0C       LDA $0C,S
010735  A0 05 00    LDY #$0005
010738  97 00       STA [$00],Y
01073A  C2 20       REP #$20
01073C  A3 1A       LDA $1A,S
01073E  83 06       STA $06,S
010740  A3 1B       LDA $1B,S
010742  83 07       STA $07,S
010744  A3 17       LDA $17,S
010746  83 0A       STA $0A,S
010748  A3 18       LDA $18,S
01074A  83 0B       STA $0B,S
01074C  A3 06       LDA $06,S
01074E  85 00       STA $00
010750  A3 07       LDA $07,S
010752  85 01       STA $01
010754  A3 0A       LDA $0A,S
010756  87 00       STA [$00]
010758  E2 20       SEP #$20
01075A  A3 0C       LDA $0C,S
01075C  A0 02 00    LDY #$0002
01075F  97 00       STA [$00],Y
010761  C2 20       REP #$20
010763  3B          TSC
010764  18          CLC
010765  69 10 00    ADC #$0010
010768  1B          TCS
010769  6B          RTL
01076A  3B          TSC
01076B  AA          TAX
01076C  C5 46       CMP $46
01076E  90 04       BCC $010774
010770  F0 02       BEQ $010774
010772  80 0A       BRA $01077E
010774  38          SEC
010775  E9 06 00    SBC #$0006
010778  90 04       BCC $01077E
01077A  C5 44       CMP $44
01077C  B0 07       BCS $010785
01077E  A9 06 00    LDA #$0006
010781  5C 00 80 04 JML $048000
010785  1B          TCS
010786  A3 0A       LDA $0A,S
010788  85 00       STA $00
01078A  A3 0B       LDA $0B,S
01078C  85 01       STA $01
01078E  A0 03 00    LDY #$0003
010791  B7 00       LDA [$00],Y
010793  85 03       STA $03
010795  E2 20       SEP #$20
010797  A0 05 00    LDY #$0005
01079A  B7 00       LDA [$00],Y
01079C  85 05       STA $05
01079E  C2 20       REP #$20
0107A0  A5 03       LDA $03
0107A2  83 01       STA $01,S
0107A4  A5 04       LDA $04
0107A6  83 02       STA $02,S
0107A8  A3 0A       LDA $0A,S
0107AA  85 00       STA $00
0107AC  A3 0B       LDA $0B,S
0107AE  85 01       STA $01
0107B0  A7 00       LDA [$00]
0107B2  85 03       STA $03
0107B4  E2 20       SEP #$20
0107B6  A0 02 00    LDY #$0002
0107B9  B7 00       LDA [$00],Y
0107BB  85 05       STA $05
0107BD  C2 20       REP #$20
0107BF  A5 03       LDA $03
0107C1  83 04       STA $04,S
0107C3  A5 04       LDA $04
0107C5  83 05       STA $05,S
0107C7  A3 01       LDA $01,S
0107C9  85 00       STA $00
0107CB  A3 02       LDA $02,S
0107CD  85 01       STA $01
0107CF  A3 04       LDA $04,S
0107D1  85 03       STA $03
0107D3  A3 05       LDA $05,S
0107D5  85 04       STA $04
0107D7  A5 03       LDA $03
0107D9  87 00       STA [$00]
0107DB  E2 20       SEP #$20
0107DD  A5 05       LDA $05
0107DF  A0 02 00    LDY #$0002
0107E2  97 00       STA [$00],Y
0107E4  C2 20       REP #$20
0107E6  A3 04       LDA $04,S
0107E8  85 00       STA $00
0107EA  A3 05       LDA $05,S
0107EC  85 01       STA $01
0107EE  A3 01       LDA $01,S
0107F0  85 03       STA $03
0107F2  A3 02       LDA $02,S
0107F4  85 04       STA $04
0107F6  A5 03       LDA $03
0107F8  A0 03 00    LDY #$0003
0107FB  97 00       STA [$00],Y
0107FD  E2 20       SEP #$20
0107FF  A5 05       LDA $05
010801  A0 05 00    LDY #$0005
010804  97 00       STA [$00],Y
010806  C2 20       REP #$20
010808  3B          TSC
010809  18          CLC
01080A  69 06 00    ADC #$0006
01080D  1B          TCS
01080E  6B          RTL
01080F  3B          TSC
010810  AA          TAX
010811  C5 46       CMP $46
010813  90 04       BCC $010819
010815  F0 02       BEQ $010819
010817  80 0A       BRA $010823
010819  38          SEC
01081A  E9 0C 00    SBC #$000C
01081D  90 04       BCC $010823
01081F  C5 44       CMP $44
010821  B0 07       BCS $01082A
010823  A9 0C 00    LDA #$000C
010826  5C 00 80 04 JML $048000
01082A  1B          TCS
01082B  A3 10       LDA $10,S
01082D  83 06       STA $06,S
01082F  A3 11       LDA $11,S
010831  83 07       STA $07,S
010833  A3 06       LDA $06,S
010835  85 00       STA $00
010837  A3 07       LDA $07,S
010839  85 01       STA $01
01083B  A7 00       LDA [$00]
01083D  83 0A       STA $0A,S
01083F  E2 20       SEP #$20
010841  A0 02 00    LDY #$0002
010844  B7 00       LDA [$00],Y
010846  83 0C       STA $0C,S
010848  C2 20       REP #$20
01084A  A3 0A       LDA $0A,S
01084C  83 01       STA $01,S
01084E  A3 0B       LDA $0B,S
010850  83 02       STA $02,S
010852  A3 01       LDA $01,S
010854  83 0A       STA $0A,S
010856  A3 02       LDA $02,S
010858  83 0B       STA $0B,S
01085A  A3 0A       LDA $0A,S
01085C  85 00       STA $00
01085E  A3 0B       LDA $0B,S
010860  85 01       STA $01
010862  A7 00       LDA [$00]
010864  83 06       STA $06,S
010866  E2 20       SEP #$20
010868  A0 02 00    LDY #$0002
01086B  B7 00       LDA [$00],Y
01086D  83 08       STA $08,S
01086F  C2 20       REP #$20
010871  A3 06       LDA $06,S
010873  03 07       ORA $07,S
010875  F0 02       BEQ $010879
010877  80 11       BRA $01088A
010879  C2 20       REP #$20
01087B  A2 00 00    LDX #$0000
01087E  A9 00 00    LDA #$0000
010881  A8          TAY
010882  3B          TSC
010883  18          CLC
010884  69 0C 00    ADC #$000C
010887  1B          TCS
010888  98          TYA
010889  6B          RTL
01088A  A3 01       LDA $01,S
01088C  83 06       STA $06,S
01088E  A3 02       LDA $02,S
010890  83 07       STA $07,S
010892  3B          TSC
010893  AA          TAX
010894  C5 46       CMP $46
010896  90 04       BCC $01089C
010898  F0 02       BEQ $01089C
01089A  80 0A       BRA $0108A6
01089C  38          SEC
01089D  E9 06 00    SBC #$0006
0108A0  90 04       BCC $0108A6
0108A2  C5 44       CMP $44
0108A4  B0 07       BCS $0108AD
0108A6  A9 06 00    LDA #$0006
0108A9  5C 00 80 04 JML $048000
0108AD  3B          TSC
0108AE  38          SEC
0108AF  E9 03 00    SBC #$0003
0108B2  1B          TCS
0108B3  E2 20       SEP #$20
0108B5  A9 00       LDA #$00
0108B7  A3 09       LDA $09,S
0108B9  83 01       STA $01,S
0108BB  A3 0A       LDA $0A,S
0108BD  83 02       STA $02,S
0108BF  A3 0B       LDA $0B,S
0108C1  83 03       STA $03,S
0108C3  C2 20       REP #$20
0108C5  22 6A 07 01 JSL $01076A
0108C9  A8          TAY
0108CA  3B          TSC
0108CB  18          CLC
0108CC  69 03 00    ADC #$0003
0108CF  1B          TCS
0108D0  98          TYA
0108D1  A3 01       LDA $01,S
0108D3  83 06       STA $06,S
0108D5  A3 02       LDA $02,S
0108D7  83 07       STA $07,S
0108D9  A3 07       LDA $07,S
0108DB  EB          XBA
0108DC  29 FF 00    AND #$00FF
0108DF  AA          TAX
0108E0  A3 06       LDA $06,S
0108E2  A8          TAY
0108E3  3B          TSC
0108E4  18          CLC
0108E5  69 0C 00    ADC #$000C
0108E8  1B          TCS
0108E9  98          TYA
0108EA  6B          RTL
0108EB  3B          TSC
0108EC  AA          TAX
0108ED  C5 46       CMP $46
0108EF  90 04       BCC $0108F5
0108F1  F0 02       BEQ $0108F5
0108F3  80 0A       BRA $0108FF
0108F5  38          SEC
0108F6  E9 0C 00    SBC #$000C
0108F9  90 04       BCC $0108FF
0108FB  C5 44       CMP $44
0108FD  B0 07       BCS $010906
0108FF  A9 0C 00    LDA #$000C
010902  5C 00 80 04 JML $048000
010906  1B          TCS
010907  A3 10       LDA $10,S
010909  83 06       STA $06,S
01090B  A3 11       LDA $11,S
01090D  83 07       STA $07,S
01090F  A3 06       LDA $06,S
010911  85 00       STA $00
010913  A3 07       LDA $07,S
010915  85 01       STA $01
010917  A0 06 00    LDY #$0006
01091A  B7 00       LDA [$00],Y
01091C  83 0A       STA $0A,S
01091E  E2 20       SEP #$20
010920  A0 08 00    LDY #$0008
010923  B7 00       LDA [$00],Y
010925  83 0C       STA $0C,S
010927  C2 20       REP #$20
010929  A3 0A       LDA $0A,S
01092B  83 01       STA $01,S
01092D  A3 0B       LDA $0B,S
01092F  83 02       STA $02,S
010931  A3 01       LDA $01,S
010933  83 0A       STA $0A,S
010935  A3 02       LDA $02,S
010937  83 0B       STA $0B,S
010939  A3 0A       LDA $0A,S
01093B  85 00       STA $00
01093D  A3 0B       LDA $0B,S
01093F  85 01       STA $01
010941  A0 03 00    LDY #$0003
010944  B7 00       LDA [$00],Y
010946  83 06       STA $06,S
010948  E2 20       SEP #$20
01094A  A0 05 00    LDY #$0005
01094D  B7 00       LDA [$00],Y
01094F  83 08       STA $08,S
010951  C2 20       REP #$20
010953  A3 06       LDA $06,S
010955  03 07       ORA $07,S
010957  F0 02       BEQ $01095B
010959  80 11       BRA $01096C
01095B  C2 20       REP #$20
01095D  A2 00 00    LDX #$0000
010960  A9 00 00    LDA #$0000
010963  A8          TAY
010964  3B          TSC
010965  18          CLC
010966  69 0C 00    ADC #$000C
010969  1B          TCS
01096A  98          TYA
01096B  6B          RTL
01096C  A3 01       LDA $01,S
01096E  83 06       STA $06,S
010970  A3 02       LDA $02,S
010972  83 07       STA $07,S
010974  3B          TSC
010975  AA          TAX
010976  C5 46       CMP $46
010978  90 04       BCC $01097E
01097A  F0 02       BEQ $01097E
01097C  80 0A       BRA $010988
01097E  38          SEC
01097F  E9 06 00    SBC #$0006
010982  90 04       BCC $010988
010984  C5 44       CMP $44
010986  B0 07       BCS $01098F
010988  A9 06 00    LDA #$0006
01098B  5C 00 80 04 JML $048000
01098F  3B          TSC
010990  38          SEC
010991  E9 03 00    SBC #$0003
010994  1B          TCS
010995  E2 20       SEP #$20
010997  A9 00       LDA #$00
010999  A3 09       LDA $09,S
01099B  83 01       STA $01,S
01099D  A3 0A       LDA $0A,S
01099F  83 02       STA $02,S
0109A1  A3 0B       LDA $0B,S
0109A3  83 03       STA $03,S
0109A5  C2 20       REP #$20
0109A7  22 6A 07 01 JSL $01076A
0109AB  A8          TAY
0109AC  3B          TSC
0109AD  18          CLC
0109AE  69 03 00    ADC #$0003
0109B1  1B          TCS
0109B2  98          TYA
0109B3  A3 01       LDA $01,S
0109B5  83 06       STA $06,S
0109B7  A3 02       LDA $02,S
0109B9  83 07       STA $07,S
0109BB  A3 07       LDA $07,S
0109BD  EB          XBA
0109BE  29 FF 00    AND #$00FF
0109C1  AA          TAX
0109C2  A3 06       LDA $06,S
0109C4  A8          TAY
0109C5  3B          TSC
0109C6  18          CLC
0109C7  69 0C 00    ADC #$000C
0109CA  1B          TCS
0109CB  98          TYA
0109CC  6B          RTL
0109CD  3B          TSC
0109CE  AA          TAX
0109CF  C5 46       CMP $46
0109D1  90 04       BCC $0109D7
0109D3  F0 02       BEQ $0109D7
0109D5  80 0A       BRA $0109E1
0109D7  38          SEC
0109D8  E9 14 00    SBC #$0014
0109DB  90 04       BCC $0109E1
0109DD  C5 44       CMP $44
0109DF  B0 07       BCS $0109E8
0109E1  A9 14 00    LDA #$0014
0109E4  5C 00 80 04 JML $048000
0109E8  1B          TCS
0109E9  A3 18       LDA $18,S
0109EB  83 06       STA $06,S
0109ED  A3 19       LDA $19,S
0109EF  83 07       STA $07,S
0109F1  A3 06       LDA $06,S
0109F3  85 00       STA $00
0109F5  A3 07       LDA $07,S
0109F7  85 01       STA $01
0109F9  A7 00       LDA [$00]
0109FB  83 0A       STA $0A,S
0109FD  E2 20       SEP #$20
0109FF  A0 02 00    LDY #$0002
010A02  B7 00       LDA [$00],Y
010A04  83 0C       STA $0C,S
010A06  C2 20       REP #$20
010A08  A3 0A       LDA $0A,S
010A0A  83 01       STA $01,S
010A0C  A3 0B       LDA $0B,S
010A0E  83 02       STA $02,S
010A10  A3 01       LDA $01,S
010A12  83 0A       STA $0A,S
010A14  A3 02       LDA $02,S
010A16  83 0B       STA $0B,S
010A18  A3 0A       LDA $0A,S
010A1A  85 00       STA $00
010A1C  A3 0B       LDA $0B,S
010A1E  85 01       STA $01
010A20  A7 00       LDA [$00]
010A22  83 06       STA $06,S
010A24  E2 20       SEP #$20
010A26  A0 02 00    LDY #$0002
010A29  B7 00       LDA [$00],Y
010A2B  83 08       STA $08,S
010A2D  C2 20       REP #$20
010A2F  A3 06       LDA $06,S
010A31  03 07       ORA $07,S
010A33  D0 03       BNE $010A38
010A35  82 11 01    BRL $010B49
010A38  C2 20       REP #$20
010A3A  A3 1B       LDA $1B,S
010A3C  83 06       STA $06,S
010A3E  A3 1C       LDA $1C,S
010A40  83 07       STA $07,S
010A42  A3 06       LDA $06,S
010A44  85 00       STA $00
010A46  A3 07       LDA $07,S
010A48  85 01       STA $01
010A4A  E2 20       SEP #$20
010A4C  A0 07 00    LDY #$0007
010A4F  B7 00       LDA [$00],Y
010A51  83 09       STA $09,S
010A53  A9 80       LDA #$80
010A55  85 10       STA $10
010A57  A3 09       LDA $09,S
010A59  45 10       EOR $10
010A5B  83 05       STA $05,S
010A5D  C2 20       REP #$20
010A5F  A3 01       LDA $01,S
010A61  83 06       STA $06,S
010A63  A3 02       LDA $02,S
010A65  83 07       STA $07,S
010A67  A3 06       LDA $06,S
010A69  85 00       STA $00
010A6B  A3 07       LDA $07,S
010A6D  85 01       STA $01
010A6F  E2 20       SEP #$20
010A71  A0 07 00    LDY #$0007
010A74  B7 00       LDA [$00],Y
010A76  83 09       STA $09,S
010A78  A9 80       LDA #$80
010A7A  85 10       STA $10
010A7C  A3 09       LDA $09,S
010A7E  45 10       EOR $10
010A80  83 06       STA $06,S
010A82  A3 06       LDA $06,S
010A84  C3 05       CMP $05,S
010A86  C2 20       REP #$20
010A88  90 03       BCC $010A8D
010A8A  82 92 00    BRL $010B1F
010A8D  C2 20       REP #$20
010A8F  A3 18       LDA $18,S
010A91  83 06       STA $06,S
010A93  A3 19       LDA $19,S
010A95  83 07       STA $07,S
010A97  A3 1B       LDA $1B,S
010A99  83 0A       STA $0A,S
010A9B  A3 1C       LDA $1C,S
010A9D  83 0B       STA $0B,S
010A9F  A3 01       LDA $01,S
010AA1  83 0E       STA $0E,S
010AA3  A3 02       LDA $02,S
010AA5  83 0F       STA $0F,S
010AA7  A3 0E       LDA $0E,S
010AA9  85 00       STA $00
010AAB  A3 0F       LDA $0F,S
010AAD  85 01       STA $01
010AAF  A0 03 00    LDY #$0003
010AB2  B7 00       LDA [$00],Y
010AB4  83 12       STA $12,S
010AB6  E2 20       SEP #$20
010AB8  A0 05 00    LDY #$0005
010ABB  B7 00       LDA [$00],Y
010ABD  83 14       STA $14,S
010ABF  C2 20       REP #$20
010AC1  3B          TSC
010AC2  AA          TAX
010AC3  C5 46       CMP $46
010AC5  90 04       BCC $010ACB
010AC7  F0 02       BEQ $010ACB
010AC9  80 0A       BRA $010AD5
010ACB  38          SEC
010ACC  E9 0C 00    SBC #$000C
010ACF  90 04       BCC $010AD5
010AD1  C5 44       CMP $44
010AD3  B0 07       BCS $010ADC
010AD5  A9 0C 00    LDA #$000C
010AD8  5C 00 80 04 JML $048000
010ADC  3B          TSC
010ADD  38          SEC
010ADE  E9 09 00    SBC #$0009
010AE1  1B          TCS
010AE2  E2 20       SEP #$20
010AE4  A9 00       LDA #$00
010AE6  A3 0F       LDA $0F,S
010AE8  83 01       STA $01,S
010AEA  A3 10       LDA $10,S
010AEC  83 02       STA $02,S
010AEE  A3 11       LDA $11,S
010AF0  83 03       STA $03,S
010AF2  A3 13       LDA $13,S
010AF4  83 04       STA $04,S
010AF6  A3 14       LDA $14,S
010AF8  83 05       STA $05,S
010AFA  A3 15       LDA $15,S
010AFC  83 06       STA $06,S
010AFE  A3 1B       LDA $1B,S
010B00  83 07       STA $07,S
010B02  A3 1C       LDA $1C,S
010B04  83 08       STA $08,S
010B06  A3 1D       LDA $1D,S
010B08  83 09       STA $09,S
010B0A  C2 20       REP #$20
010B0C  22 F3 04 01 JSL $0104F3
010B10  A8          TAY
010B11  3B          TSC
010B12  18          CLC
010B13  69 09 00    ADC #$0009
010B16  1B          TCS
010B17  98          TYA
010B18  3B          TSC
010B19  18          CLC
010B1A  69 14 00    ADC #$0014
010B1D  1B          TCS
010B1E  6B          RTL
010B1F  A3 01       LDA $01,S
010B21  83 06       STA $06,S
010B23  A3 02       LDA $02,S
010B25  83 07       STA $07,S
010B27  A3 06       LDA $06,S
010B29  85 00       STA $00
010B2B  A3 07       LDA $07,S
010B2D  85 01       STA $01
010B2F  A7 00       LDA [$00]
010B31  83 0A       STA $0A,S
010B33  E2 20       SEP #$20
010B35  A0 02 00    LDY #$0002
010B38  B7 00       LDA [$00],Y
010B3A  83 0C       STA $0C,S
010B3C  C2 20       REP #$20
010B3E  A3 0A       LDA $0A,S
010B40  83 01       STA $01,S
010B42  A3 0B       LDA $0B,S
010B44  83 02       STA $02,S
010B46  82 C7 FE    BRL $010A10
010B49  A3 18       LDA $18,S
010B4B  83 06       STA $06,S
010B4D  A3 19       LDA $19,S
010B4F  83 07       STA $07,S
010B51  A3 1B       LDA $1B,S
010B53  83 0A       STA $0A,S
010B55  A3 1C       LDA $1C,S
010B57  83 0B       STA $0B,S
010B59  3B          TSC
010B5A  AA          TAX
010B5B  C5 46       CMP $46
010B5D  90 04       BCC $010B63
010B5F  F0 02       BEQ $010B63
010B61  80 0A       BRA $010B6D
010B63  38          SEC
010B64  E9 0A 00    SBC #$000A
010B67  90 04       BCC $010B6D
010B69  C5 44       CMP $44
010B6B  B0 07       BCS $010B74
010B6D  A9 0A 00    LDA #$000A
010B70  5C 00 80 04 JML $048000
010B74  3B          TSC
010B75  38          SEC
010B76  E9 07 00    SBC #$0007
010B79  1B          TCS
010B7A  E2 20       SEP #$20
010B7C  A9 00       LDA #$00
010B7E  83 07       STA $07,S
010B80  A3 0D       LDA $0D,S
010B82  83 01       STA $01,S
010B84  A3 0E       LDA $0E,S
010B86  83 02       STA $02,S
010B88  A3 0F       LDA $0F,S
010B8A  83 03       STA $03,S
010B8C  A3 11       LDA $11,S
010B8E  83 04       STA $04,S
010B90  A3 12       LDA $12,S
010B92  83 05       STA $05,S
010B94  A3 13       LDA $13,S
010B96  83 06       STA $06,S
010B98  C2 20       REP #$20
010B9A  22 C9 03 01 JSL $0103C9
010B9E  A8          TAY
010B9F  3B          TSC
010BA0  18          CLC
010BA1  69 07 00    ADC #$0007
010BA4  1B          TCS
010BA5  98          TYA
010BA6  3B          TSC
010BA7  18          CLC
010BA8  69 14 00    ADC #$0014
010BAB  1B          TCS
010BAC  6B          RTL
010BAD  3B          TSC
010BAE  AA          TAX
010BAF  C5 46       CMP $46
010BB1  90 04       BCC $010BB7
010BB3  F0 02       BEQ $010BB7
010BB5  80 0A       BRA $010BC1
010BB7  38          SEC
010BB8  E9 16 00    SBC #$0016
010BBB  90 04       BCC $010BC1
010BBD  C5 44       CMP $44
010BBF  B0 07       BCS $010BC8
010BC1  A9 16 00    LDA #$0016
010BC4  5C 00 80 04 JML $048000
010BC8  1B          TCS
010BC9  A3 1A       LDA $1A,S
010BCB  83 0C       STA $0C,S
010BCD  A3 1B       LDA $1B,S
010BCF  83 0D       STA $0D,S
010BD1  A3 0C       LDA $0C,S
010BD3  85 00       STA $00
010BD5  A3 0D       LDA $0D,S
010BD7  85 01       STA $01
010BD9  A7 00       LDA [$00]
010BDB  83 10       STA $10,S
010BDD  E2 20       SEP #$20
010BDF  A0 02 00    LDY #$0002
010BE2  B7 00       LDA [$00],Y
010BE4  83 12       STA $12,S
010BE6  C2 20       REP #$20
010BE8  A3 10       LDA $10,S
010BEA  83 01       STA $01,S
010BEC  A3 11       LDA $11,S
010BEE  83 02       STA $02,S
010BF0  A3 01       LDA $01,S
010BF2  83 10       STA $10,S
010BF4  A3 02       LDA $02,S
010BF6  83 11       STA $11,S
010BF8  A3 10       LDA $10,S
010BFA  85 00       STA $00
010BFC  A3 11       LDA $11,S
010BFE  85 01       STA $01
010C00  A7 00       LDA [$00]
010C02  83 0C       STA $0C,S
010C04  E2 20       SEP #$20
010C06  A0 02 00    LDY #$0002
010C09  B7 00       LDA [$00],Y
010C0B  83 0E       STA $0E,S
010C0D  C2 20       REP #$20
010C0F  A3 0C       LDA $0C,S
010C11  03 0D       ORA $0D,S
010C13  D0 03       BNE $010C18
010C15  82 9D 01    BRL $010DB5
010C18  C2 20       REP #$20
010C1A  A3 01       LDA $01,S
010C1C  83 0C       STA $0C,S
010C1E  A3 02       LDA $02,S
010C20  83 0D       STA $0D,S
010C22  A3 0C       LDA $0C,S
010C24  85 00       STA $00
010C26  A3 0D       LDA $0D,S
010C28  85 01       STA $01
010C2A  A0 08 00    LDY #$0008
010C2D  B7 00       LDA [$00],Y
010C2F  83 10       STA $10,S
010C31  E2 20       SEP #$20
010C33  A0 0A 00    LDY #$000A
010C36  B7 00       LDA [$00],Y
010C38  83 12       STA $12,S
010C3A  C2 20       REP #$20
010C3C  A3 10       LDA $10,S
010C3E  83 04       STA $04,S
010C40  A3 11       LDA $11,S
010C42  83 05       STA $05,S
010C44  A3 1D       LDA $1D,S
010C46  83 0C       STA $0C,S
010C48  A3 1E       LDA $1E,S
010C4A  83 0D       STA $0D,S
010C4C  A3 0C       LDA $0C,S
010C4E  83 07       STA $07,S
010C50  A3 0D       LDA $0D,S
010C52  83 08       STA $08,S
010C54  A3 04       LDA $04,S
010C56  83 0C       STA $0C,S
010C58  A3 05       LDA $05,S
010C5A  83 0D       STA $0D,S
010C5C  A3 0C       LDA $0C,S
010C5E  03 0D       ORA $0D,S
010C60  D0 03       BNE $010C65
010C62  82 26 01    BRL $010D8B
010C65  C2 20       REP #$20
010C67  A3 04       LDA $04,S
010C69  83 0C       STA $0C,S
010C6B  A3 05       LDA $05,S
010C6D  83 0D       STA $0D,S
010C6F  A3 0C       LDA $0C,S
010C71  85 00       STA $00
010C73  A3 0D       LDA $0D,S
010C75  85 01       STA $01
010C77  E2 20       SEP #$20
010C79  A7 00       LDA [$00]
010C7B  83 0B       STA $0B,S
010C7D  C2 20       REP #$20
010C7F  A3 07       LDA $07,S
010C81  83 0C       STA $0C,S
010C83  A3 08       LDA $08,S
010C85  83 0D       STA $0D,S
010C87  A3 0C       LDA $0C,S
010C89  85 00       STA $00
010C8B  A3 0D       LDA $0D,S
010C8D  85 01       STA $01
010C8F  E2 20       SEP #$20
010C91  A7 00       LDA [$00]
010C93  83 0F       STA $0F,S
010C95  A3 0B       LDA $0B,S
010C97  C3 0F       CMP $0F,S
010C99  C2 20       REP #$20
010C9B  F0 03       BEQ $010CA0
010C9D  82 EB 00    BRL $010D8B
010CA0  C2 20       REP #$20
010CA2  A3 04       LDA $04,S
010CA4  83 0C       STA $0C,S
010CA6  A3 05       LDA $05,S
010CA8  83 0D       STA $0D,S
010CAA  A3 0C       LDA $0C,S
010CAC  85 00       STA $00
010CAE  A3 0D       LDA $0D,S
010CB0  85 01       STA $01
010CB2  E2 20       SEP #$20
010CB4  A7 00       LDA [$00]
010CB6  83 0B       STA $0B,S
010CB8  A3 0B       LDA $0B,S
010CBA  C9 00       CMP #$00
010CBC  C2 20       REP #$20
010CBE  F0 02       BEQ $010CC2
010CC0  80 1C       BRA $010CDE
010CC2  C2 20       REP #$20
010CC4  A3 01       LDA $01,S
010CC6  83 0C       STA $0C,S
010CC8  A3 02       LDA $02,S
010CCA  83 0D       STA $0D,S
010CCC  A3 0D       LDA $0D,S
010CCE  EB          XBA
010CCF  29 FF 00    AND #$00FF
010CD2  AA          TAX
010CD3  A3 0C       LDA $0C,S
010CD5  A8          TAY
010CD6  3B          TSC
010CD7  18          CLC
010CD8  69 16 00    ADC #$0016
010CDB  1B          TCS
010CDC  98          TYA
010CDD  6B          RTL
010CDE  A3 04       LDA $04,S
010CE0  83 10       STA $10,S
010CE2  A3 05       LDA $05,S
010CE4  83 11       STA $11,S
010CE6  E2 20       SEP #$20
010CE8  A3 10       LDA $10,S
010CEA  83 0C       STA $0C,S
010CEC  A3 11       LDA $11,S
010CEE  83 0D       STA $0D,S
010CF0  A3 12       LDA $12,S
010CF2  83 0E       STA $0E,S
010CF4  A9 01       LDA #$01
010CF6  83 14       STA $14,S
010CF8  A9 00       LDA #$00
010CFA  83 15       STA $15,S
010CFC  83 16       STA $16,S
010CFE  18          CLC
010CFF  A3 14       LDA $14,S
010D01  85 10       STA $10
010D03  A3 0C       LDA $0C,S
010D05  65 10       ADC $10
010D07  83 10       STA $10,S
010D09  A3 15       LDA $15,S
010D0B  85 10       STA $10
010D0D  A3 0D       LDA $0D,S
010D0F  65 10       ADC $10
010D11  83 11       STA $11,S
010D13  A3 16       LDA $16,S
010D15  85 10       STA $10
010D17  A3 0E       LDA $0E,S
010D19  65 10       ADC $10
010D1B  83 12       STA $12,S
010D1D  A3 10       LDA $10,S
010D1F  83 0C       STA $0C,S
010D21  A3 11       LDA $11,S
010D23  83 0D       STA $0D,S
010D25  A3 12       LDA $12,S
010D27  83 0E       STA $0E,S
010D29  C2 20       REP #$20
010D2B  A3 0C       LDA $0C,S
010D2D  83 04       STA $04,S
010D2F  A3 0D       LDA $0D,S
010D31  83 05       STA $05,S
010D33  A3 07       LDA $07,S
010D35  83 10       STA $10,S
010D37  A3 08       LDA $08,S
010D39  83 11       STA $11,S
010D3B  E2 20       SEP #$20
010D3D  A3 10       LDA $10,S
010D3F  83 0C       STA $0C,S
010D41  A3 11       LDA $11,S
010D43  83 0D       STA $0D,S
010D45  A3 12       LDA $12,S
010D47  83 0E       STA $0E,S
010D49  A9 01       LDA #$01
010D4B  83 14       STA $14,S
010D4D  A9 00       LDA #$00
010D4F  83 15       STA $15,S
010D51  83 16       STA $16,S
010D53  18          CLC
010D54  A3 14       LDA $14,S
010D56  85 10       STA $10
010D58  A3 0C       LDA $0C,S
010D5A  65 10       ADC $10
010D5C  83 10       STA $10,S
010D5E  A3 15       LDA $15,S
010D60  85 10       STA $10
010D62  A3 0D       LDA $0D,S
010D64  65 10       ADC $10
010D66  83 11       STA $11,S
010D68  A3 16       LDA $16,S
010D6A  85 10       STA $10
010D6C  A3 0E       LDA $0E,S
010D6E  65 10       ADC $10
010D70  83 12       STA $12,S
010D72  A3 10       LDA $10,S
010D74  83 0C       STA $0C,S
010D76  A3 11       LDA $11,S
010D78  83 0D       STA $0D,S
010D7A  A3 12       LDA $12,S
010D7C  83 0E       STA $0E,S
010D7E  C2 20       REP #$20
010D80  A3 0C       LDA $0C,S
010D82  83 07       STA $07,S
010D84  A3 0D       LDA $0D,S
010D86  83 08       STA $08,S
010D88  82 DC FE    BRL $010C67
010D8B  A3 01       LDA $01,S
010D8D  83 0C       STA $0C,S
010D8F  A3 02       LDA $02,S
010D91  83 0D       STA $0D,S
010D93  A3 0C       LDA $0C,S
010D95  85 00       STA $00
010D97  A3 0D       LDA $0D,S
010D99  85 01       STA $01
010D9B  A7 00       LDA [$00]
010D9D  83 10       STA $10,S
010D9F  E2 20       SEP #$20
010DA1  A0 02 00    LDY #$0002
010DA4  B7 00       LDA [$00],Y
010DA6  83 12       STA $12,S
010DA8  C2 20       REP #$20
010DAA  A3 10       LDA $10,S
010DAC  83 01       STA $01,S
010DAE  A3 11       LDA $11,S
010DB0  83 02       STA $02,S
010DB2  82 3B FE    BRL $010BF0
010DB5  A2 00 00    LDX #$0000
010DB8  A9 00 00    LDA #$0000
010DBB  A8          TAY
010DBC  3B          TSC
010DBD  18          CLC
010DBE  69 16 00    ADC #$0016
010DC1  1B          TCS
010DC2  98          TYA
010DC3  6B          RTL
010DC4  3B          TSC
010DC5  AA          TAX
010DC6  C5 46       CMP $46
010DC8  90 04       BCC $010DCE
010DCA  F0 02       BEQ $010DCE
010DCC  80 0A       BRA $010DD8
010DCE  38          SEC
010DCF  E9 00 00    SBC #$0000
010DD2  90 04       BCC $010DD8
010DD4  C5 44       CMP $44
010DD6  B0 07       BCS $010DDF
010DD8  A9 00 00    LDA #$0000
010DDB  5C 00 80 04 JML $048000
010DDF  1B          TCS
010DE0  6B          RTL
