010000  3B          TSC
010001  AA          TAX
010002  C5 46       CMP $46
010004  90 04       BCC $01000A
010006  F0 02       BEQ $01000A
010008  80 0A       BRA $010014
01000A  38          SEC
01000B  E9 0C 00    SBC #$000C
01000E  90 04       BCC $010014
010010  C5 44       CMP $44
010012  B0 07       BCS $01001B
010014  A9 0C 00    LDA #$000C
010017  5C 00 80 04 JML $048000
01001B  1B          TCS
01001C  A3 10       LDA $10,S
01001E  83 02       STA $02,S
010020  A3 11       LDA $11,S
010022  83 03       STA $03,S
010024  E2 20       SEP #$20
010026  C2 20       REP #$20
010028  A3 02       LDA $02,S
01002A  85 00       STA $00
01002C  A3 03       LDA $03,S
01002E  85 01       STA $01
010030  E2 20       SEP #$20
010032  18          CLC
010033  A5 00       LDA $00
010035  69 03       ADC #$03
010037  85 00       STA $00
010039  A5 01       LDA $01
01003B  69 00       ADC #$00
01003D  85 01       STA $01
01003F  A5 02       LDA $02
010041  69 00       ADC #$00
010043  85 02       STA $02
010045  A5 00       LDA $00
010047  83 06       STA $06,S
010049  A5 01       LDA $01
01004B  83 07       STA $07,S
01004D  A5 02       LDA $02
01004F  83 08       STA $08,S
010051  A3 06       LDA $06,S
010053  83 0A       STA $0A,S
010055  A3 07       LDA $07,S
010057  83 0B       STA $0B,S
010059  A3 08       LDA $08,S
01005B  83 0C       STA $0C,S
01005D  C2 20       REP #$20
01005F  A3 02       LDA $02,S
010061  85 00       STA $00
010063  A3 03       LDA $03,S
010065  85 01       STA $01
010067  A3 0A       LDA $0A,S
010069  87 00       STA [$00]
01006B  E2 20       SEP #$20
01006D  A3 0C       LDA $0C,S
01006F  A0 02 00    LDY #$0002
010072  97 00       STA [$00],Y
010074  C2 20       REP #$20
010076  A3 10       LDA $10,S
010078  83 02       STA $02,S
01007A  A3 11       LDA $11,S
01007C  83 03       STA $03,S
01007E  A3 02       LDA $02,S
010080  85 00       STA $00
010082  A3 03       LDA $03,S
010084  85 01       STA $01
010086  E2 20       SEP #$20
010088  A9 00       LDA #$00
01008A  A0 03 00    LDY #$0003
01008D  97 00       STA [$00],Y
01008F  A9 00       LDA #$00
010091  A0 04 00    LDY #$0004
010094  97 00       STA [$00],Y
010096  A9 00       LDA #$00
010098  A0 05 00    LDY #$0005
01009B  97 00       STA [$00],Y
01009D  C2 20       REP #$20
01009F  A3 10       LDA $10,S
0100A1  83 02       STA $02,S
0100A3  A3 11       LDA $11,S
0100A5  83 03       STA $03,S
0100A7  E2 20       SEP #$20
0100A9  C2 20       REP #$20
0100AB  A3 02       LDA $02,S
0100AD  85 00       STA $00
0100AF  A3 03       LDA $03,S
0100B1  85 01       STA $01
0100B3  E2 20       SEP #$20
0100B5  A5 00       LDA $00
0100B7  83 06       STA $06,S
0100B9  A5 01       LDA $01
0100BB  83 07       STA $07,S
0100BD  A5 02       LDA $02
0100BF  83 08       STA $08,S
0100C1  A3 06       LDA $06,S
0100C3  83 0A       STA $0A,S
0100C5  A3 07       LDA $07,S
0100C7  83 0B       STA $0B,S
0100C9  A3 08       LDA $08,S
0100CB  83 0C       STA $0C,S
0100CD  C2 20       REP #$20
0100CF  A3 02       LDA $02,S
0100D1  85 00       STA $00
0100D3  A3 03       LDA $03,S
0100D5  85 01       STA $01
0100D7  A3 0A       LDA $0A,S
0100D9  A0 06 00    LDY #$0006
0100DC  97 00       STA [$00],Y
0100DE  E2 20       SEP #$20
0100E0  A3 0C       LDA $0C,S
0100E2  A0 08 00    LDY #$0008
0100E5  97 00       STA [$00],Y
0100E7  C2 20       REP #$20
0100E9  3B          TSC
0100EA  18          CLC
0100EB  69 0C 00    ADC #$000C
0100EE  1B          TCS
0100EF  6B          RTL
0100F0  3B          TSC
0100F1  AA          TAX
0100F2  C5 46       CMP $46
0100F4  90 04       BCC $0100FA
0100F6  F0 02       BEQ $0100FA
0100F8  80 0A       BRA $010104
0100FA  38          SEC
0100FB  E9 08 00    SBC #$0008
0100FE  90 04       BCC $010104
010100  C5 44       CMP $44
010102  B0 07       BCS $01010B
010104  A9 08 00    LDA #$0008
010107  5C 00 80 04 JML $048000
01010B  1B          TCS
01010C  A3 0C       LDA $0C,S
01010E  83 02       STA $02,S
010110  A3 0D       LDA $0D,S
010112  83 03       STA $03,S
010114  E2 20       SEP #$20
010116  A3 02       LDA $02,S
010118  83 06       STA $06,S
01011A  A3 03       LDA $03,S
01011C  83 07       STA $07,S
01011E  A3 04       LDA $04,S
010120  83 08       STA $08,S
010122  C2 20       REP #$20
010124  3B          TSC
010125  AA          TAX
010126  C5 46       CMP $46
010128  90 04       BCC $01012E
01012A  F0 02       BEQ $01012E
01012C  80 0A       BRA $010138
01012E  38          SEC
01012F  E9 06 00    SBC #$0006
010132  90 04       BCC $010138
010134  C5 44       CMP $44
010136  B0 07       BCS $01013F
010138  A9 06 00    LDA #$0006
01013B  5C 00 80 04 JML $048000
01013F  3B          TSC
010140  38          SEC
010141  E9 03 00    SBC #$0003
010144  1B          TCS
010145  E2 20       SEP #$20
010147  A9 00       LDA #$00
010149  A3 09       LDA $09,S
01014B  83 01       STA $01,S
01014D  A3 0A       LDA $0A,S
01014F  83 02       STA $02,S
010151  A3 0B       LDA $0B,S
010153  83 03       STA $03,S
010155  C2 20       REP #$20
010157  22 00 00 01 JSL $010000
01015B  A8          TAY
01015C  3B          TSC
01015D  18          CLC
01015E  69 03 00    ADC #$0003
010161  1B          TCS
010162  98          TYA
010163  3B          TSC
010164  18          CLC
010165  69 08 00    ADC #$0008
010168  1B          TCS
010169  6B          RTL
01016A  3B          TSC
01016B  AA          TAX
01016C  C5 46       CMP $46
01016E  90 04       BCC $010174
010170  F0 02       BEQ $010174
010172  80 0A       BRA $01017E
010174  38          SEC
010175  E9 0C 00    SBC #$000C
010178  90 04       BCC $01017E
01017A  C5 44       CMP $44
01017C  B0 07       BCS $010185
01017E  A9 0C 00    LDA #$000C
010181  5C 00 80 04 JML $048000
010185  1B          TCS
010186  A3 10       LDA $10,S
010188  83 06       STA $06,S
01018A  A3 11       LDA $11,S
01018C  83 07       STA $07,S
01018E  A3 06       LDA $06,S
010190  85 00       STA $00
010192  A3 07       LDA $07,S
010194  85 01       STA $01
010196  A7 00       LDA [$00]
010198  83 02       STA $02,S
01019A  E2 20       SEP #$20
01019C  A0 02 00    LDY #$0002
01019F  B7 00       LDA [$00],Y
0101A1  83 04       STA $04,S
0101A3  C2 20       REP #$20
0101A5  A3 10       LDA $10,S
0101A7  83 0A       STA $0A,S
0101A9  A3 11       LDA $11,S
0101AB  83 0B       STA $0B,S
0101AD  E2 20       SEP #$20
0101AF  C2 20       REP #$20
0101B1  A3 0A       LDA $0A,S
0101B3  85 00       STA $00
0101B5  A3 0B       LDA $0B,S
0101B7  85 01       STA $01
0101B9  E2 20       SEP #$20
0101BB  18          CLC
0101BC  A5 00       LDA $00
0101BE  69 03       ADC #$03
0101C0  85 00       STA $00
0101C2  A5 01       LDA $01
0101C4  69 00       ADC #$00
0101C6  85 01       STA $01
0101C8  A5 02       LDA $02
0101CA  69 00       ADC #$00
0101CC  85 02       STA $02
0101CE  A5 00       LDA $00
0101D0  83 06       STA $06,S
0101D2  A5 01       LDA $01
0101D4  83 07       STA $07,S
0101D6  A5 02       LDA $02
0101D8  83 08       STA $08,S
0101DA  A3 06       LDA $06,S
0101DC  83 0A       STA $0A,S
0101DE  A3 07       LDA $07,S
0101E0  83 0B       STA $0B,S
0101E2  A3 08       LDA $08,S
0101E4  83 0C       STA $0C,S
0101E6  C2 20       REP #$20
0101E8  A3 02       LDA $02,S
0101EA  C3 0A       CMP $0A,S
0101EC  D0 0A       BNE $0101F8
0101EE  E2 20       SEP #$20
0101F0  A3 04       LDA $04,S
0101F2  C3 0C       CMP $0C,S
0101F4  C2 20       REP #$20
0101F6  F0 06       BEQ $0101FE
0101F8  E2 20       SEP #$20
0101FA  A9 00       LDA #$00
0101FC  80 04       BRA $010202
0101FE  E2 20       SEP #$20
010200  A9 01       LDA #$01
010202  E2 20       SEP #$20
010204  83 01       STA $01,S
010206  C2 20       REP #$20
010208  E2 20       SEP #$20
01020A  A3 01       LDA $01,S
01020C  C2 20       REP #$20
01020E  29 FF 00    AND #$00FF
010211  A8          TAY
010212  3B          TSC
010213  18          CLC
010214  69 0C 00    ADC #$000C
010217  1B          TCS
010218  98          TYA
010219  6B          RTL
01021A  3B          TSC
01021B  AA          TAX
01021C  C5 46       CMP $46
01021E  90 04       BCC $010224
010220  F0 02       BEQ $010224
010222  80 0A       BRA $01022E
010224  38          SEC
010225  E9 08 00    SBC #$0008
010228  90 04       BCC $01022E
01022A  C5 44       CMP $44
01022C  B0 07       BCS $010235
01022E  A9 08 00    LDA #$0008
010231  5C 00 80 04 JML $048000
010235  1B          TCS
010236  A3 0C       LDA $0C,S
010238  83 06       STA $06,S
01023A  A3 0D       LDA $0D,S
01023C  83 07       STA $07,S
01023E  E2 20       SEP #$20
010240  A3 06       LDA $06,S
010242  83 02       STA $02,S
010244  A3 07       LDA $07,S
010246  83 03       STA $03,S
010248  A3 08       LDA $08,S
01024A  83 04       STA $04,S
01024C  C2 20       REP #$20
01024E  3B          TSC
01024F  AA          TAX
010250  C5 46       CMP $46
010252  90 04       BCC $010258
010254  F0 02       BEQ $010258
010256  80 0A       BRA $010262
010258  38          SEC
010259  E9 06 00    SBC #$0006
01025C  90 04       BCC $010262
01025E  C5 44       CMP $44
010260  B0 07       BCS $010269
010262  A9 06 00    LDA #$0006
010265  5C 00 80 04 JML $048000
010269  3B          TSC
01026A  38          SEC
01026B  E9 03 00    SBC #$0003
01026E  1B          TCS
01026F  E2 20       SEP #$20
010271  A9 00       LDA #$00
010273  A3 05       LDA $05,S
010275  83 01       STA $01,S
010277  A3 06       LDA $06,S
010279  83 02       STA $02,S
01027B  A3 07       LDA $07,S
01027D  83 03       STA $03,S
01027F  C2 20       REP #$20
010281  22 6A 01 01 JSL $01016A
010285  A8          TAY
010286  3B          TSC
010287  18          CLC
010288  69 03 00    ADC #$0003
01028B  1B          TCS
01028C  98          TYA
01028D  E2 20       SEP #$20
01028F  83 01       STA $01,S
010291  C2 20       REP #$20
010293  E2 20       SEP #$20
010295  A3 01       LDA $01,S
010297  C2 20       REP #$20
010299  29 FF 00    AND #$00FF
01029C  A8          TAY
01029D  3B          TSC
01029E  18          CLC
01029F  69 08 00    ADC #$0008
0102A2  1B          TCS
0102A3  98          TYA
0102A4  6B          RTL
0102A5  3B          TSC
0102A6  AA          TAX
0102A7  C5 46       CMP $46
0102A9  90 04       BCC $0102AF
0102AB  F0 02       BEQ $0102AF
0102AD  80 0A       BRA $0102B9
0102AF  38          SEC
0102B0  E9 10 00    SBC #$0010
0102B3  90 04       BCC $0102B9
0102B5  C5 44       CMP $44
0102B7  B0 07       BCS $0102C0
0102B9  A9 10 00    LDA #$0010
0102BC  5C 00 80 04 JML $048000
0102C0  1B          TCS
0102C1  A3 14       LDA $14,S
0102C3  83 06       STA $06,S
0102C5  A3 15       LDA $15,S
0102C7  83 07       STA $07,S
0102C9  A3 06       LDA $06,S
0102CB  85 00       STA $00
0102CD  A3 07       LDA $07,S
0102CF  85 01       STA $01
0102D1  A7 00       LDA [$00]
0102D3  83 0A       STA $0A,S
0102D5  E2 20       SEP #$20
0102D7  A0 02 00    LDY #$0002
0102DA  B7 00       LDA [$00],Y
0102DC  83 0C       STA $0C,S
0102DE  C2 20       REP #$20
0102E0  A3 0A       LDA $0A,S
0102E2  83 01       STA $01,S
0102E4  A3 0B       LDA $0B,S
0102E6  83 02       STA $02,S
0102E8  A3 17       LDA $17,S
0102EA  83 06       STA $06,S
0102EC  A3 18       LDA $18,S
0102EE  83 07       STA $07,S
0102F0  A3 14       LDA $14,S
0102F2  83 0E       STA $0E,S
0102F4  A3 15       LDA $15,S
0102F6  83 0F       STA $0F,S
0102F8  E2 20       SEP #$20
0102FA  C2 20       REP #$20
0102FC  A3 0E       LDA $0E,S
0102FE  85 00       STA $00
010300  A3 0F       LDA $0F,S
010302  85 01       STA $01
010304  E2 20       SEP #$20
010306  A5 00       LDA $00
010308  83 0A       STA $0A,S
01030A  A5 01       LDA $01
01030C  83 0B       STA $0B,S
01030E  A5 02       LDA $02
010310  83 0C       STA $0C,S
010312  A3 0A       LDA $0A,S
010314  83 0E       STA $0E,S
010316  A3 0B       LDA $0B,S
010318  83 0F       STA $0F,S
01031A  A3 0C       LDA $0C,S
01031C  83 10       STA $10,S
01031E  C2 20       REP #$20
010320  A3 06       LDA $06,S
010322  85 00       STA $00
010324  A3 07       LDA $07,S
010326  85 01       STA $01
010328  A3 0E       LDA $0E,S
01032A  A0 03 00    LDY #$0003
01032D  97 00       STA [$00],Y
01032F  E2 20       SEP #$20
010331  A3 10       LDA $10,S
010333  A0 05 00    LDY #$0005
010336  97 00       STA [$00],Y
010338  C2 20       REP #$20
01033A  A3 17       LDA $17,S
01033C  83 06       STA $06,S
01033E  A3 18       LDA $18,S
010340  83 07       STA $07,S
010342  A3 01       LDA $01,S
010344  83 0A       STA $0A,S
010346  A3 02       LDA $02,S
010348  83 0B       STA $0B,S
01034A  A3 06       LDA $06,S
01034C  85 00       STA $00
01034E  A3 07       LDA $07,S
010350  85 01       STA $01
010352  A3 0A       LDA $0A,S
010354  87 00       STA [$00]
010356  E2 20       SEP #$20
010358  A3 0C       LDA $0C,S
01035A  A0 02 00    LDY #$0002
01035D  97 00       STA [$00],Y
01035F  C2 20       REP #$20
010361  A3 01       LDA $01,S
010363  83 06       STA $06,S
010365  A3 02       LDA $02,S
010367  83 07       STA $07,S
010369  A3 17       LDA $17,S
01036B  83 0A       STA $0A,S
01036D  A3 18       LDA $18,S
01036F  83 0B       STA $0B,S
010371  A3 06       LDA $06,S
010373  85 00       STA $00
010375  A3 07       LDA $07,S
010377  85 01       STA $01
010379  A3 0A       LDA $0A,S
01037B  A0 03 00    LDY #$0003
01037E  97 00       STA [$00],Y
010380  E2 20       SEP #$20
010382  A3 0C       LDA $0C,S
010384  A0 05 00    LDY #$0005
010387  97 00       STA [$00],Y
010389  C2 20       REP #$20
01038B  A3 14       LDA $14,S
01038D  83 06       STA $06,S
01038F  A3 15       LDA $15,S
010391  83 07       STA $07,S
010393  A3 17       LDA $17,S
010395  83 0A       STA $0A,S
010397  A3 18       LDA $18,S
010399  83 0B       STA $0B,S
01039B  A3 06       LDA $06,S
01039D  85 00       STA $00
01039F  A3 07       LDA $07,S
0103A1  85 01       STA $01
0103A3  A3 0A       LDA $0A,S
0103A5  87 00       STA [$00]
0103A7  E2 20       SEP #$20
0103A9  A3 0C       LDA $0C,S
0103AB  A0 02 00    LDY #$0002
0103AE  97 00       STA [$00],Y
0103B0  C2 20       REP #$20
0103B2  3B          TSC
0103B3  18          CLC
0103B4  69 10 00    ADC #$0010
0103B7  1B          TCS
0103B8  6B          RTL
0103B9  3B          TSC
0103BA  AA          TAX
0103BB  C5 46       CMP $46
0103BD  90 04       BCC $0103C3
0103BF  F0 02       BEQ $0103C3
0103C1  80 0A       BRA $0103CD
0103C3  38          SEC
0103C4  E9 10 00    SBC #$0010
0103C7  90 04       BCC $0103CD
0103C9  C5 44       CMP $44
0103CB  B0 07       BCS $0103D4
0103CD  A9 10 00    LDA #$0010
0103D0  5C 00 80 04 JML $048000
0103D4  1B          TCS
0103D5  A3 14       LDA $14,S
0103D7  83 06       STA $06,S
0103D9  A3 15       LDA $15,S
0103DB  83 07       STA $07,S
0103DD  A3 06       LDA $06,S
0103DF  85 00       STA $00
0103E1  A3 07       LDA $07,S
0103E3  85 01       STA $01
0103E5  A0 06 00    LDY #$0006
0103E8  B7 00       LDA [$00],Y
0103EA  83 0A       STA $0A,S
0103EC  E2 20       SEP #$20
0103EE  A0 08 00    LDY #$0008
0103F1  B7 00       LDA [$00],Y
0103F3  83 0C       STA $0C,S
0103F5  C2 20       REP #$20
0103F7  A3 0A       LDA $0A,S
0103F9  83 01       STA $01,S
0103FB  A3 0B       LDA $0B,S
0103FD  83 02       STA $02,S
0103FF  A3 17       LDA $17,S
010401  83 06       STA $06,S
010403  A3 18       LDA $18,S
010405  83 07       STA $07,S
010407  A3 14       LDA $14,S
010409  83 0E       STA $0E,S
01040B  A3 15       LDA $15,S
01040D  83 0F       STA $0F,S
01040F  E2 20       SEP #$20
010411  C2 20       REP #$20
010413  A3 0E       LDA $0E,S
010415  85 00       STA $00
010417  A3 0F       LDA $0F,S
010419  85 01       STA $01
01041B  E2 20       SEP #$20
01041D  18          CLC
01041E  A5 00       LDA $00
010420  69 03       ADC #$03
010422  85 00       STA $00
010424  A5 01       LDA $01
010426  69 00       ADC #$00
010428  85 01       STA $01
01042A  A5 02       LDA $02
01042C  69 00       ADC #$00
01042E  85 02       STA $02
010430  A5 00       LDA $00
010432  83 0A       STA $0A,S
010434  A5 01       LDA $01
010436  83 0B       STA $0B,S
010438  A5 02       LDA $02
01043A  83 0C       STA $0C,S
01043C  A3 0A       LDA $0A,S
01043E  83 0E       STA $0E,S
010440  A3 0B       LDA $0B,S
010442  83 0F       STA $0F,S
010444  A3 0C       LDA $0C,S
010446  83 10       STA $10,S
010448  C2 20       REP #$20
01044A  A3 06       LDA $06,S
01044C  85 00       STA $00
01044E  A3 07       LDA $07,S
010450  85 01       STA $01
010452  A3 0E       LDA $0E,S
010454  87 00       STA [$00]
010456  E2 20       SEP #$20
010458  A3 10       LDA $10,S
01045A  A0 02 00    LDY #$0002
01045D  97 00       STA [$00],Y
01045F  C2 20       REP #$20
010461  A3 17       LDA $17,S
010463  83 06       STA $06,S
010465  A3 18       LDA $18,S
010467  83 07       STA $07,S
010469  A3 01       LDA $01,S
01046B  83 0A       STA $0A,S
01046D  A3 02       LDA $02,S
01046F  83 0B       STA $0B,S
010471  A3 06       LDA $06,S
010473  85 00       STA $00
010475  A3 07       LDA $07,S
010477  85 01       STA $01
010479  A3 0A       LDA $0A,S
01047B  A0 03 00    LDY #$0003
01047E  97 00       STA [$00],Y
010480  E2 20       SEP #$20
010482  A3 0C       LDA $0C,S
010484  A0 05 00    LDY #$0005
010487  97 00       STA [$00],Y
010489  C2 20       REP #$20
01048B  A3 01       LDA $01,S
01048D  83 06       STA $06,S
01048F  A3 02       LDA $02,S
010491  83 07       STA $07,S
010493  A3 17       LDA $17,S
010495  83 0A       STA $0A,S
010497  A3 18       LDA $18,S
010499  83 0B       STA $0B,S
01049B  A3 06       LDA $06,S
01049D  85 00       STA $00
01049F  A3 07       LDA $07,S
0104A1  85 01       STA $01
0104A3  A3 0A       LDA $0A,S
0104A5  87 00       STA [$00]
0104A7  E2 20       SEP #$20
0104A9  A3 0C       LDA $0C,S
0104AB  A0 02 00    LDY #$0002
0104AE  97 00       STA [$00],Y
0104B0  C2 20       REP #$20
0104B2  A3 14       LDA $14,S
0104B4  83 06       STA $06,S
0104B6  A3 15       LDA $15,S
0104B8  83 07       STA $07,S
0104BA  A3 17       LDA $17,S
0104BC  83 0A       STA $0A,S
0104BE  A3 18       LDA $18,S
0104C0  83 0B       STA $0B,S
0104C2  A3 06       LDA $06,S
0104C4  85 00       STA $00
0104C6  A3 07       LDA $07,S
0104C8  85 01       STA $01
0104CA  A3 0A       LDA $0A,S
0104CC  A0 06 00    LDY #$0006
0104CF  97 00       STA [$00],Y
0104D1  E2 20       SEP #$20
0104D3  A3 0C       LDA $0C,S
0104D5  A0 08 00    LDY #$0008
0104D8  97 00       STA [$00],Y
0104DA  C2 20       REP #$20
0104DC  3B          TSC
0104DD  18          CLC
0104DE  69 10 00    ADC #$0010
0104E1  1B          TCS
0104E2  6B          RTL
0104E3  3B          TSC
0104E4  AA          TAX
0104E5  C5 46       CMP $46
0104E7  90 04       BCC $0104ED
0104E9  F0 02       BEQ $0104ED
0104EB  80 0A       BRA $0104F7
0104ED  38          SEC
0104EE  E9 10 00    SBC #$0010
0104F1  90 04       BCC $0104F7
0104F3  C5 44       CMP $44
0104F5  B0 07       BCS $0104FE
0104F7  A9 10 00    LDA #$0010
0104FA  5C 00 80 04 JML $048000
0104FE  1B          TCS
0104FF  A3 1A       LDA $1A,S
010501  83 06       STA $06,S
010503  A3 1B       LDA $1B,S
010505  83 07       STA $07,S
010507  A3 06       LDA $06,S
010509  03 07       ORA $07,S
01050B  F0 02       BEQ $01050F
01050D  80 04       BRA $010513
01050F  C2 20       REP #$20
010511  80 4E       BRA $010561
010513  A3 1A       LDA $1A,S
010515  83 06       STA $06,S
010517  A3 1B       LDA $1B,S
010519  83 07       STA $07,S
01051B  A3 14       LDA $14,S
01051D  83 0E       STA $0E,S
01051F  A3 15       LDA $15,S
010521  83 0F       STA $0F,S
010523  E2 20       SEP #$20
010525  C2 20       REP #$20
010527  A3 0E       LDA $0E,S
010529  85 00       STA $00
01052B  A3 0F       LDA $0F,S
01052D  85 01       STA $01
01052F  E2 20       SEP #$20
010531  A5 00       LDA $00
010533  83 0A       STA $0A,S
010535  A5 01       LDA $01
010537  83 0B       STA $0B,S
010539  A5 02       LDA $02
01053B  83 0C       STA $0C,S
01053D  A3 0A       LDA $0A,S
01053F  83 0E       STA $0E,S
010541  A3 0B       LDA $0B,S
010543  83 0F       STA $0F,S
010545  A3 0C       LDA $0C,S
010547  83 10       STA $10,S
010549  C2 20       REP #$20
01054B  A3 06       LDA $06,S
01054D  C3 0E       CMP $0E,S
01054F  D0 0A       BNE $01055B
010551  E2 20       SEP #$20
010553  A3 08       LDA $08,S
010555  C3 10       CMP $10,S
010557  C2 20       REP #$20
010559  F0 04       BEQ $01055F
01055B  C2 20       REP #$20
01055D  80 66       BRA $0105C5
01055F  C2 20       REP #$20
010561  A3 14       LDA $14,S
010563  83 06       STA $06,S
010565  A3 15       LDA $15,S
010567  83 07       STA $07,S
010569  A3 17       LDA $17,S
01056B  83 0A       STA $0A,S
01056D  A3 18       LDA $18,S
01056F  83 0B       STA $0B,S
010571  3B          TSC
010572  AA          TAX
010573  C5 46       CMP $46
010575  90 04       BCC $01057B
010577  F0 02       BEQ $01057B
010579  80 0A       BRA $010585
01057B  38          SEC
01057C  E9 0A 00    SBC #$000A
01057F  90 04       BCC $010585
010581  C5 44       CMP $44
010583  B0 07       BCS $01058C
010585  A9 0A 00    LDA #$000A
010588  5C 00 80 04 JML $048000
01058C  3B          TSC
01058D  38          SEC
01058E  E9 07 00    SBC #$0007
010591  1B          TCS
010592  E2 20       SEP #$20
010594  A9 00       LDA #$00
010596  83 07       STA $07,S
010598  A3 0D       LDA $0D,S
01059A  83 01       STA $01,S
01059C  A3 0E       LDA $0E,S
01059E  83 02       STA $02,S
0105A0  A3 0F       LDA $0F,S
0105A2  83 03       STA $03,S
0105A4  A3 11       LDA $11,S
0105A6  83 04       STA $04,S
0105A8  A3 12       LDA $12,S
0105AA  83 05       STA $05,S
0105AC  A3 13       LDA $13,S
0105AE  83 06       STA $06,S
0105B0  C2 20       REP #$20
0105B2  22 A5 02 01 JSL $0102A5
0105B6  A8          TAY
0105B7  3B          TSC
0105B8  18          CLC
0105B9  69 07 00    ADC #$0007
0105BC  1B          TCS
0105BD  98          TYA
0105BE  3B          TSC
0105BF  18          CLC
0105C0  69 10 00    ADC #$0010
0105C3  1B          TCS
0105C4  6B          RTL
0105C5  A3 1A       LDA $1A,S
0105C7  83 06       STA $06,S
0105C9  A3 1B       LDA $1B,S
0105CB  83 07       STA $07,S
0105CD  A3 14       LDA $14,S
0105CF  83 0E       STA $0E,S
0105D1  A3 15       LDA $15,S
0105D3  83 0F       STA $0F,S
0105D5  E2 20       SEP #$20
0105D7  C2 20       REP #$20
0105D9  A3 0E       LDA $0E,S
0105DB  85 00       STA $00
0105DD  A3 0F       LDA $0F,S
0105DF  85 01       STA $01
0105E1  E2 20       SEP #$20
0105E3  18          CLC
0105E4  A5 00       LDA $00
0105E6  69 03       ADC #$03
0105E8  85 00       STA $00
0105EA  A5 01       LDA $01
0105EC  69 00       ADC #$00
0105EE  85 01       STA $01
0105F0  A5 02       LDA $02
0105F2  69 00       ADC #$00
0105F4  85 02       STA $02
0105F6  A5 00       LDA $00
0105F8  83 0A       STA $0A,S
0105FA  A5 01       LDA $01
0105FC  83 0B       STA $0B,S
0105FE  A5 02       LDA $02
010600  83 0C       STA $0C,S
010602  A3 0A       LDA $0A,S
010604  83 0E       STA $0E,S
010606  A3 0B       LDA $0B,S
010608  83 0F       STA $0F,S
01060A  A3 0C       LDA $0C,S
01060C  83 10       STA $10,S
01060E  C2 20       REP #$20
010610  A3 06       LDA $06,S
010612  C3 0E       CMP $0E,S
010614  D0 0A       BNE $010620
010616  E2 20       SEP #$20
010618  A3 08       LDA $08,S
01061A  C3 10       CMP $10,S
01061C  C2 20       REP #$20
01061E  F0 04       BEQ $010624
010620  C2 20       REP #$20
010622  80 66       BRA $01068A
010624  C2 20       REP #$20
010626  A3 14       LDA $14,S
010628  83 06       STA $06,S
01062A  A3 15       LDA $15,S
01062C  83 07       STA $07,S
01062E  A3 17       LDA $17,S
010630  83 0A       STA $0A,S
010632  A3 18       LDA $18,S
010634  83 0B       STA $0B,S
010636  3B          TSC
010637  AA          TAX
010638  C5 46       CMP $46
01063A  90 04       BCC $010640
01063C  F0 02       BEQ $010640
01063E  80 0A       BRA $01064A
010640  38          SEC
010641  E9 0A 00    SBC #$000A
010644  90 04       BCC $01064A
010646  C5 44       CMP $44
010648  B0 07       BCS $010651
01064A  A9 0A 00    LDA #$000A
01064D  5C 00 80 04 JML $048000
010651  3B          TSC
010652  38          SEC
010653  E9 07 00    SBC #$0007
010656  1B          TCS
010657  E2 20       SEP #$20
010659  A9 00       LDA #$00
01065B  83 07       STA $07,S
01065D  A3 0D       LDA $0D,S
01065F  83 01       STA $01,S
010661  A3 0E       LDA $0E,S
010663  83 02       STA $02,S
010665  A3 0F       LDA $0F,S
010667  83 03       STA $03,S
010669  A3 11       LDA $11,S
01066B  83 04       STA $04,S
01066D  A3 12       LDA $12,S
01066F  83 05       STA $05,S
010671  A3 13       LDA $13,S
010673  83 06       STA $06,S
010675  C2 20       REP #$20
010677  22 B9 03 01 JSL $0103B9
01067B  A8          TAY
01067C  3B          TSC
01067D  18          CLC
01067E  69 07 00    ADC #$0007
010681  1B          TCS
010682  98          TYA
010683  3B          TSC
010684  18          CLC
010685  69 10 00    ADC #$0010
010688  1B          TCS
010689  6B          RTL
01068A  A3 1A       LDA $1A,S
01068C  83 06       STA $06,S
01068E  A3 1B       LDA $1B,S
010690  83 07       STA $07,S
010692  A3 06       LDA $06,S
010694  85 00       STA $00
010696  A3 07       LDA $07,S
010698  85 01       STA $01
01069A  A7 00       LDA [$00]
01069C  83 0A       STA $0A,S
01069E  E2 20       SEP #$20
0106A0  A0 02 00    LDY #$0002
0106A3  B7 00       LDA [$00],Y
0106A5  83 0C       STA $0C,S
0106A7  C2 20       REP #$20
0106A9  A3 0A       LDA $0A,S
0106AB  83 01       STA $01,S
0106AD  A3 0B       LDA $0B,S
0106AF  83 02       STA $02,S
0106B1  A3 17       LDA $17,S
0106B3  83 06       STA $06,S
0106B5  A3 18       LDA $18,S
0106B7  83 07       STA $07,S
0106B9  A3 1A       LDA $1A,S
0106BB  83 0A       STA $0A,S
0106BD  A3 1B       LDA $1B,S
0106BF  83 0B       STA $0B,S
0106C1  A3 06       LDA $06,S
0106C3  85 00       STA $00
0106C5  A3 07       LDA $07,S
0106C7  85 01       STA $01
0106C9  A3 0A       LDA $0A,S
0106CB  A0 03 00    LDY #$0003
0106CE  97 00       STA [$00],Y
0106D0  E2 20       SEP #$20
0106D2  A3 0C       LDA $0C,S
0106D4  A0 05 00    LDY #$0005
0106D7  97 00       STA [$00],Y
0106D9  C2 20       REP #$20
0106DB  A3 17       LDA $17,S
0106DD  83 06       STA $06,S
0106DF  A3 18       LDA $18,S
0106E1  83 07       STA $07,S
0106E3  A3 01       LDA $01,S
0106E5  83 0A       STA $0A,S
0106E7  A3 02       LDA $02,S
0106E9  83 0B       STA $0B,S
0106EB  A3 06       LDA $06,S
0106ED  85 00       STA $00
0106EF  A3 07       LDA $07,S
0106F1  85 01       STA $01
0106F3  A3 0A       LDA $0A,S
0106F5  87 00       STA [$00]
0106F7  E2 20       SEP #$20
0106F9  A3 0C       LDA $0C,S
0106FB  A0 02 00    LDY #$0002
0106FE  97 00       STA [$00],Y
010700  C2 20       REP #$20
010702  A3 01       LDA $01,S
010704  83 06       STA $06,S
010706  A3 02       LDA $02,S
010708  83 07       STA $07,S
01070A  A3 17       LDA $17,S
01070C  83 0A       STA $0A,S
01070E  A3 18       LDA $18,S
010710  83 0B       STA $0B,S
010712  A3 06       LDA $06,S
010714  85 00       STA $00
010716  A3 07       LDA $07,S
010718  85 01       STA $01
01071A  A3 0A       LDA $0A,S
01071C  A0 03 00    LDY #$0003
01071F  97 00       STA [$00],Y
010721  E2 20       SEP #$20
010723  A3 0C       LDA $0C,S
010725  A0 05 00    LDY #$0005
010728  97 00       STA [$00],Y
01072A  C2 20       REP #$20
01072C  A3 1A       LDA $1A,S
01072E  83 06       STA $06,S
010730  A3 1B       LDA $1B,S
010732  83 07       STA $07,S
010734  A3 17       LDA $17,S
010736  83 0A       STA $0A,S
010738  A3 18       LDA $18,S
01073A  83 0B       STA $0B,S
01073C  A3 06       LDA $06,S
01073E  85 00       STA $00
010740  A3 07       LDA $07,S
010742  85 01       STA $01
010744  A3 0A       LDA $0A,S
010746  87 00       STA [$00]
010748  E2 20       SEP #$20
01074A  A3 0C       LDA $0C,S
01074C  A0 02 00    LDY #$0002
01074F  97 00       STA [$00],Y
010751  C2 20       REP #$20
010753  3B          TSC
010754  18          CLC
010755  69 10 00    ADC #$0010
010758  1B          TCS
010759  6B          RTL
01075A  3B          TSC
01075B  AA          TAX
01075C  C5 46       CMP $46
01075E  90 04       BCC $010764
010760  F0 02       BEQ $010764
010762  80 0A       BRA $01076E
010764  38          SEC
010765  E9 00 00    SBC #$0000
010768  90 04       BCC $01076E
01076A  C5 44       CMP $44
01076C  B0 07       BCS $010775
01076E  A9 00 00    LDA #$0000
010771  5C 00 80 04 JML $048000
010775  1B          TCS
010776  A3 04       LDA $04,S
010778  85 00       STA $00
01077A  A3 05       LDA $05,S
01077C  85 01       STA $01
01077E  A0 03 00    LDY #$0003
010781  B7 00       LDA [$00],Y
010783  85 03       STA $03
010785  E2 20       SEP #$20
010787  A0 05 00    LDY #$0005
01078A  B7 00       LDA [$00],Y
01078C  85 05       STA $05
01078E  C2 20       REP #$20
010790  A7 00       LDA [$00]
010792  85 06       STA $06
010794  E2 20       SEP #$20
010796  A0 02 00    LDY #$0002
010799  B7 00       LDA [$00],Y
01079B  85 08       STA $08
01079D  C2 20       REP #$20
01079F  A5 06       LDA $06
0107A1  87 03       STA [$03]
0107A3  E2 20       SEP #$20
0107A5  A5 08       LDA $08
0107A7  A0 02 00    LDY #$0002
0107AA  97 03       STA [$03],Y
0107AC  C2 20       REP #$20
0107AE  A5 03       LDA $03
0107B0  A0 03 00    LDY #$0003
0107B3  97 06       STA [$06],Y
0107B5  E2 20       SEP #$20
0107B7  A5 05       LDA $05
0107B9  A0 05 00    LDY #$0005
0107BC  97 06       STA [$06],Y
0107BE  C2 20       REP #$20
0107C0  6B          RTL
0107C1  3B          TSC
0107C2  AA          TAX
0107C3  C5 46       CMP $46
0107C5  90 04       BCC $0107CB
0107C7  F0 02       BEQ $0107CB
0107C9  80 0A       BRA $0107D5
0107CB  38          SEC
0107CC  E9 0C 00    SBC #$000C
0107CF  90 04       BCC $0107D5
0107D1  C5 44       CMP $44
0107D3  B0 07       BCS $0107DC
0107D5  A9 0C 00    LDA #$000C
0107D8  5C 00 80 04 JML $048000
0107DC  1B          TCS
0107DD  A3 10       LDA $10,S
0107DF  83 0A       STA $0A,S
0107E1  A3 11       LDA $11,S
0107E3  83 0B       STA $0B,S
0107E5  A3 0A       LDA $0A,S
0107E7  85 00       STA $00
0107E9  A3 0B       LDA $0B,S
0107EB  85 01       STA $01
0107ED  A7 00       LDA [$00]
0107EF  83 06       STA $06,S
0107F1  E2 20       SEP #$20
0107F3  A0 02 00    LDY #$0002
0107F6  B7 00       LDA [$00],Y
0107F8  83 08       STA $08,S
0107FA  C2 20       REP #$20
0107FC  A3 06       LDA $06,S
0107FE  83 01       STA $01,S
010800  A3 07       LDA $07,S
010802  83 02       STA $02,S
010804  A3 06       LDA $06,S
010806  85 00       STA $00
010808  A3 07       LDA $07,S
01080A  85 01       STA $01
01080C  A7 00       LDA [$00]
01080E  83 0A       STA $0A,S
010810  E2 20       SEP #$20
010812  A0 02 00    LDY #$0002
010815  B7 00       LDA [$00],Y
010817  83 0C       STA $0C,S
010819  C2 20       REP #$20
01081B  A3 0A       LDA $0A,S
01081D  03 0B       ORA $0B,S
01081F  F0 02       BEQ $010823
010821  80 11       BRA $010834
010823  C2 20       REP #$20
010825  A2 00 00    LDX #$0000
010828  A9 00 00    LDA #$0000
01082B  A8          TAY
01082C  3B          TSC
01082D  18          CLC
01082E  69 0C 00    ADC #$000C
010831  1B          TCS
010832  98          TYA
010833  6B          RTL
010834  A3 01       LDA $01,S
010836  83 06       STA $06,S
010838  A3 02       LDA $02,S
01083A  83 07       STA $07,S
01083C  3B          TSC
01083D  AA          TAX
01083E  C5 46       CMP $46
010840  90 04       BCC $010846
010842  F0 02       BEQ $010846
010844  80 0A       BRA $010850
010846  38          SEC
010847  E9 06 00    SBC #$0006
01084A  90 04       BCC $010850
01084C  C5 44       CMP $44
01084E  B0 07       BCS $010857
010850  A9 06 00    LDA #$0006
010853  5C 00 80 04 JML $048000
010857  3B          TSC
010858  38          SEC
010859  E9 03 00    SBC #$0003
01085C  1B          TCS
01085D  E2 20       SEP #$20
01085F  A9 00       LDA #$00
010861  A3 09       LDA $09,S
010863  83 01       STA $01,S
010865  A3 0A       LDA $0A,S
010867  83 02       STA $02,S
010869  A3 0B       LDA $0B,S
01086B  83 03       STA $03,S
01086D  C2 20       REP #$20
01086F  22 5A 07 01 JSL $01075A
010873  A8          TAY
010874  3B          TSC
010875  18          CLC
010876  69 03 00    ADC #$0003
010879  1B          TCS
01087A  98          TYA
01087B  A3 01       LDA $01,S
01087D  83 06       STA $06,S
01087F  A3 02       LDA $02,S
010881  83 07       STA $07,S
010883  A3 07       LDA $07,S
010885  EB          XBA
010886  29 FF 00    AND #$00FF
010889  AA          TAX
01088A  A3 06       LDA $06,S
01088C  A8          TAY
01088D  3B          TSC
01088E  18          CLC
01088F  69 0C 00    ADC #$000C
010892  1B          TCS
010893  98          TYA
010894  6B          RTL
010895  3B          TSC
010896  AA          TAX
010897  C5 46       CMP $46
010899  90 04       BCC $01089F
01089B  F0 02       BEQ $01089F
01089D  80 0A       BRA $0108A9
01089F  38          SEC
0108A0  E9 0C 00    SBC #$000C
0108A3  90 04       BCC $0108A9
0108A5  C5 44       CMP $44
0108A7  B0 07       BCS $0108B0
0108A9  A9 0C 00    LDA #$000C
0108AC  5C 00 80 04 JML $048000
0108B0  1B          TCS
0108B1  A3 10       LDA $10,S
0108B3  83 0A       STA $0A,S
0108B5  A3 11       LDA $11,S
0108B7  83 0B       STA $0B,S
0108B9  A3 0A       LDA $0A,S
0108BB  85 00       STA $00
0108BD  A3 0B       LDA $0B,S
0108BF  85 01       STA $01
0108C1  A0 06 00    LDY #$0006
0108C4  B7 00       LDA [$00],Y
0108C6  83 06       STA $06,S
0108C8  E2 20       SEP #$20
0108CA  A0 08 00    LDY #$0008
0108CD  B7 00       LDA [$00],Y
0108CF  83 08       STA $08,S
0108D1  C2 20       REP #$20
0108D3  A3 06       LDA $06,S
0108D5  83 01       STA $01,S
0108D7  A3 07       LDA $07,S
0108D9  83 02       STA $02,S
0108DB  A3 06       LDA $06,S
0108DD  85 00       STA $00
0108DF  A3 07       LDA $07,S
0108E1  85 01       STA $01
0108E3  A0 03 00    LDY #$0003
0108E6  B7 00       LDA [$00],Y
0108E8  83 0A       STA $0A,S
0108EA  E2 20       SEP #$20
0108EC  A0 05 00    LDY #$0005
0108EF  B7 00       LDA [$00],Y
0108F1  83 0C       STA $0C,S
0108F3  C2 20       REP #$20
0108F5  A3 0A       LDA $0A,S
0108F7  03 0B       ORA $0B,S
0108F9  F0 02       BEQ $0108FD
0108FB  80 11       BRA $01090E
0108FD  C2 20       REP #$20
0108FF  A2 00 00    LDX #$0000
010902  A9 00 00    LDA #$0000
010905  A8          TAY
010906  3B          TSC
010907  18          CLC
010908  69 0C 00    ADC #$000C
01090B  1B          TCS
01090C  98          TYA
01090D  6B          RTL
01090E  A3 01       LDA $01,S
010910  83 06       STA $06,S
010912  A3 02       LDA $02,S
010914  83 07       STA $07,S
010916  3B          TSC
010917  AA          TAX
010918  C5 46       CMP $46
01091A  90 04       BCC $010920
01091C  F0 02       BEQ $010920
01091E  80 0A       BRA $01092A
010920  38          SEC
010921  E9 06 00    SBC #$0006
010924  90 04       BCC $01092A
010926  C5 44       CMP $44
010928  B0 07       BCS $010931
01092A  A9 06 00    LDA #$0006
01092D  5C 00 80 04 JML $048000
010931  3B          TSC
010932  38          SEC
010933  E9 03 00    SBC #$0003
010936  1B          TCS
010937  E2 20       SEP #$20
010939  A9 00       LDA #$00
01093B  A3 09       LDA $09,S
01093D  83 01       STA $01,S
01093F  A3 0A       LDA $0A,S
010941  83 02       STA $02,S
010943  A3 0B       LDA $0B,S
010945  83 03       STA $03,S
010947  C2 20       REP #$20
010949  22 5A 07 01 JSL $01075A
01094D  A8          TAY
01094E  3B          TSC
01094F  18          CLC
010950  69 03 00    ADC #$0003
010953  1B          TCS
010954  98          TYA
010955  A3 01       LDA $01,S
010957  83 06       STA $06,S
010959  A3 02       LDA $02,S
01095B  83 07       STA $07,S
01095D  A3 07       LDA $07,S
01095F  EB          XBA
010960  29 FF 00    AND #$00FF
010963  AA          TAX
010964  A3 06       LDA $06,S
010966  A8          TAY
010967  3B          TSC
010968  18          CLC
010969  69 0C 00    ADC #$000C
01096C  1B          TCS
01096D  98          TYA
01096E  6B          RTL
01096F  3B          TSC
010970  AA          TAX
010971  C5 46       CMP $46
010973  90 04       BCC $010979
010975  F0 02       BEQ $010979
010977  80 0A       BRA $010983
010979  38          SEC
01097A  E9 14 00    SBC #$0014
01097D  90 04       BCC $010983
01097F  C5 44       CMP $44
010981  B0 07       BCS $01098A
010983  A9 14 00    LDA #$0014
010986  5C 00 80 04 JML $048000
01098A  1B          TCS
01098B  A3 18       LDA $18,S
01098D  83 02       STA $02,S
01098F  A3 19       LDA $19,S
010991  83 03       STA $03,S
010993  A3 02       LDA $02,S
010995  85 00       STA $00
010997  A3 03       LDA $03,S
010999  85 01       STA $01
01099B  A7 00       LDA [$00]
01099D  83 06       STA $06,S
01099F  E2 20       SEP #$20
0109A1  A0 02 00    LDY #$0002
0109A4  B7 00       LDA [$00],Y
0109A6  83 08       STA $08,S
0109A8  C2 20       REP #$20
0109AA  E2 20       SEP #$20
0109AC  A3 06       LDA $06,S
0109AE  83 12       STA $12,S
0109B0  A3 07       LDA $07,S
0109B2  83 13       STA $13,S
0109B4  A3 08       LDA $08,S
0109B6  83 14       STA $14,S
0109B8  A3 12       LDA $12,S
0109BA  83 02       STA $02,S
0109BC  A3 13       LDA $13,S
0109BE  83 03       STA $03,S
0109C0  A3 14       LDA $14,S
0109C2  83 04       STA $04,S
0109C4  C2 20       REP #$20
0109C6  A3 02       LDA $02,S
0109C8  85 00       STA $00
0109CA  A3 03       LDA $03,S
0109CC  85 01       STA $01
0109CE  A7 00       LDA [$00]
0109D0  83 06       STA $06,S
0109D2  E2 20       SEP #$20
0109D4  A0 02 00    LDY #$0002
0109D7  B7 00       LDA [$00],Y
0109D9  83 08       STA $08,S
0109DB  C2 20       REP #$20
0109DD  A3 06       LDA $06,S
0109DF  03 07       ORA $07,S
0109E1  D0 03       BNE $0109E6
0109E3  82 0D 01    BRL $010AF3
0109E6  C2 20       REP #$20
0109E8  A3 1B       LDA $1B,S
0109EA  83 06       STA $06,S
0109EC  A3 1C       LDA $1C,S
0109EE  83 07       STA $07,S
0109F0  A3 06       LDA $06,S
0109F2  85 00       STA $00
0109F4  A3 07       LDA $07,S
0109F6  85 01       STA $01
0109F8  E2 20       SEP #$20
0109FA  A0 07 00    LDY #$0007
0109FD  B7 00       LDA [$00],Y
0109FF  83 05       STA $05,S
010A01  A9 80       LDA #$80
010A03  85 10       STA $10
010A05  A3 05       LDA $05,S
010A07  45 10       EOR $10
010A09  83 01       STA $01,S
010A0B  C2 20       REP #$20
010A0D  A3 02       LDA $02,S
010A0F  85 00       STA $00
010A11  A3 03       LDA $03,S
010A13  85 01       STA $01
010A15  E2 20       SEP #$20
010A17  A0 07 00    LDY #$0007
010A1A  B7 00       LDA [$00],Y
010A1C  83 06       STA $06,S
010A1E  A9 80       LDA #$80
010A20  85 10       STA $10
010A22  A3 06       LDA $06,S
010A24  45 10       EOR $10
010A26  83 05       STA $05,S
010A28  A3 05       LDA $05,S
010A2A  C3 01       CMP $01,S
010A2C  C2 20       REP #$20
010A2E  90 03       BCC $010A33
010A30  82 8A 00    BRL $010ABD
010A33  C2 20       REP #$20
010A35  A3 18       LDA $18,S
010A37  83 06       STA $06,S
010A39  A3 19       LDA $19,S
010A3B  83 07       STA $07,S
010A3D  A3 1B       LDA $1B,S
010A3F  83 0A       STA $0A,S
010A41  A3 1C       LDA $1C,S
010A43  83 0B       STA $0B,S
010A45  A3 02       LDA $02,S
010A47  85 00       STA $00
010A49  A3 03       LDA $03,S
010A4B  85 01       STA $01
010A4D  A0 03 00    LDY #$0003
010A50  B7 00       LDA [$00],Y
010A52  83 0E       STA $0E,S
010A54  E2 20       SEP #$20
010A56  A0 05 00    LDY #$0005
010A59  B7 00       LDA [$00],Y
010A5B  83 10       STA $10,S
010A5D  C2 20       REP #$20
010A5F  3B          TSC
010A60  AA          TAX
010A61  C5 46       CMP $46
010A63  90 04       BCC $010A69
010A65  F0 02       BEQ $010A69
010A67  80 0A       BRA $010A73
010A69  38          SEC
010A6A  E9 0C 00    SBC #$000C
010A6D  90 04       BCC $010A73
010A6F  C5 44       CMP $44
010A71  B0 07       BCS $010A7A
010A73  A9 0C 00    LDA #$000C
010A76  5C 00 80 04 JML $048000
010A7A  3B          TSC
010A7B  38          SEC
010A7C  E9 09 00    SBC #$0009
010A7F  1B          TCS
010A80  E2 20       SEP #$20
010A82  A9 00       LDA #$00
010A84  A3 0F       LDA $0F,S
010A86  83 01       STA $01,S
010A88  A3 10       LDA $10,S
010A8A  83 02       STA $02,S
010A8C  A3 11       LDA $11,S
010A8E  83 03       STA $03,S
010A90  A3 13       LDA $13,S
010A92  83 04       STA $04,S
010A94  A3 14       LDA $14,S
010A96  83 05       STA $05,S
010A98  A3 15       LDA $15,S
010A9A  83 06       STA $06,S
010A9C  A3 17       LDA $17,S
010A9E  83 07       STA $07,S
010AA0  A3 18       LDA $18,S
010AA2  83 08       STA $08,S
010AA4  A3 19       LDA $19,S
010AA6  83 09       STA $09,S
010AA8  C2 20       REP #$20
010AAA  22 E3 04 01 JSL $0104E3
010AAE  A8          TAY
010AAF  3B          TSC
010AB0  18          CLC
010AB1  69 09 00    ADC #$0009
010AB4  1B          TCS
010AB5  98          TYA
010AB6  3B          TSC
010AB7  18          CLC
010AB8  69 14 00    ADC #$0014
010ABB  1B          TCS
010ABC  6B          RTL
010ABD  A3 02       LDA $02,S
010ABF  85 00       STA $00
010AC1  A3 03       LDA $03,S
010AC3  85 01       STA $01
010AC5  A7 00       LDA [$00]
010AC7  83 06       STA $06,S
010AC9  E2 20       SEP #$20
010ACB  A0 02 00    LDY #$0002
010ACE  B7 00       LDA [$00],Y
010AD0  83 08       STA $08,S
010AD2  C2 20       REP #$20
010AD4  E2 20       SEP #$20
010AD6  A3 06       LDA $06,S
010AD8  83 12       STA $12,S
010ADA  A3 07       LDA $07,S
010ADC  83 13       STA $13,S
010ADE  A3 08       LDA $08,S
010AE0  83 14       STA $14,S
010AE2  A3 12       LDA $12,S
010AE4  83 02       STA $02,S
010AE6  A3 13       LDA $13,S
010AE8  83 03       STA $03,S
010AEA  A3 14       LDA $14,S
010AEC  83 04       STA $04,S
010AEE  C2 20       REP #$20
010AF0  82 D3 FE    BRL $0109C6
010AF3  A3 18       LDA $18,S
010AF5  83 02       STA $02,S
010AF7  A3 19       LDA $19,S
010AF9  83 03       STA $03,S
010AFB  A3 1B       LDA $1B,S
010AFD  83 06       STA $06,S
010AFF  A3 1C       LDA $1C,S
010B01  83 07       STA $07,S
010B03  3B          TSC
010B04  AA          TAX
010B05  C5 46       CMP $46
010B07  90 04       BCC $010B0D
010B09  F0 02       BEQ $010B0D
010B0B  80 0A       BRA $010B17
010B0D  38          SEC
010B0E  E9 0A 00    SBC #$000A
010B11  90 04       BCC $010B17
010B13  C5 44       CMP $44
010B15  B0 07       BCS $010B1E
010B17  A9 0A 00    LDA #$000A
010B1A  5C 00 80 04 JML $048000
010B1E  3B          TSC
010B1F  38          SEC
010B20  E9 07 00    SBC #$0007
010B23  1B          TCS
010B24  E2 20       SEP #$20
010B26  A9 00       LDA #$00
010B28  83 07       STA $07,S
010B2A  A3 09       LDA $09,S
010B2C  83 01       STA $01,S
010B2E  A3 0A       LDA $0A,S
010B30  83 02       STA $02,S
010B32  A3 0B       LDA $0B,S
010B34  83 03       STA $03,S
010B36  A3 0D       LDA $0D,S
010B38  83 04       STA $04,S
010B3A  A3 0E       LDA $0E,S
010B3C  83 05       STA $05,S
010B3E  A3 0F       LDA $0F,S
010B40  83 06       STA $06,S
010B42  C2 20       REP #$20
010B44  22 B9 03 01 JSL $0103B9
010B48  A8          TAY
010B49  3B          TSC
010B4A  18          CLC
010B4B  69 07 00    ADC #$0007
010B4E  1B          TCS
010B4F  98          TYA
010B50  3B          TSC
010B51  18          CLC
010B52  69 14 00    ADC #$0014
010B55  1B          TCS
010B56  6B          RTL
010B57  3B          TSC
010B58  AA          TAX
010B59  C5 46       CMP $46
010B5B  90 04       BCC $010B61
010B5D  F0 02       BEQ $010B61
010B5F  80 0A       BRA $010B6B
010B61  38          SEC
010B62  E9 1C 00    SBC #$001C
010B65  90 04       BCC $010B6B
010B67  C5 44       CMP $44
010B69  B0 07       BCS $010B72
010B6B  A9 1C 00    LDA #$001C
010B6E  5C 00 80 04 JML $048000
010B72  1B          TCS
010B73  A3 20       LDA $20,S
010B75  83 02       STA $02,S
010B77  A3 21       LDA $21,S
010B79  83 03       STA $03,S
010B7B  A3 02       LDA $02,S
010B7D  85 00       STA $00
010B7F  A3 03       LDA $03,S
010B81  85 01       STA $01
010B83  A7 00       LDA [$00]
010B85  83 06       STA $06,S
010B87  E2 20       SEP #$20
010B89  A0 02 00    LDY #$0002
010B8C  B7 00       LDA [$00],Y
010B8E  83 08       STA $08,S
010B90  C2 20       REP #$20
010B92  E2 20       SEP #$20
010B94  A3 06       LDA $06,S
010B96  83 16       STA $16,S
010B98  A3 07       LDA $07,S
010B9A  83 17       STA $17,S
010B9C  A3 08       LDA $08,S
010B9E  83 18       STA $18,S
010BA0  A3 16       LDA $16,S
010BA2  83 02       STA $02,S
010BA4  A3 17       LDA $17,S
010BA6  83 03       STA $03,S
010BA8  A3 18       LDA $18,S
010BAA  83 04       STA $04,S
010BAC  C2 20       REP #$20
010BAE  A3 02       LDA $02,S
010BB0  85 00       STA $00
010BB2  A3 03       LDA $03,S
010BB4  85 01       STA $01
010BB6  A7 00       LDA [$00]
010BB8  83 06       STA $06,S
010BBA  E2 20       SEP #$20
010BBC  A0 02 00    LDY #$0002
010BBF  B7 00       LDA [$00],Y
010BC1  83 08       STA $08,S
010BC3  C2 20       REP #$20
010BC5  A3 06       LDA $06,S
010BC7  03 07       ORA $07,S
010BC9  D0 03       BNE $010BCE
010BCB  82 99 01    BRL $010D67
010BCE  C2 20       REP #$20
010BD0  A3 02       LDA $02,S
010BD2  85 00       STA $00
010BD4  A3 03       LDA $03,S
010BD6  85 01       STA $01
010BD8  A0 08 00    LDY #$0008
010BDB  B7 00       LDA [$00],Y
010BDD  83 06       STA $06,S
010BDF  E2 20       SEP #$20
010BE1  A0 0A 00    LDY #$000A
010BE4  B7 00       LDA [$00],Y
010BE6  83 08       STA $08,S
010BE8  C2 20       REP #$20
010BEA  A3 23       LDA $23,S
010BEC  83 0A       STA $0A,S
010BEE  A3 24       LDA $24,S
010BF0  83 0B       STA $0B,S
010BF2  A3 06       LDA $06,S
010BF4  03 07       ORA $07,S
010BF6  D0 03       BNE $010BFB
010BF8  82 36 01    BRL $010D31
010BFB  C2 20       REP #$20
010BFD  E2 20       SEP #$20
010BFF  A3 06       LDA $06,S
010C01  83 16       STA $16,S
010C03  A3 07       LDA $07,S
010C05  83 17       STA $17,S
010C07  A3 08       LDA $08,S
010C09  83 18       STA $18,S
010C0B  A3 0A       LDA $0A,S
010C0D  83 1A       STA $1A,S
010C0F  A3 0B       LDA $0B,S
010C11  83 1B       STA $1B,S
010C13  A3 0C       LDA $0C,S
010C15  83 1C       STA $1C,S
010C17  A3 16       LDA $16,S
010C19  83 0A       STA $0A,S
010C1B  A3 17       LDA $17,S
010C1D  83 0B       STA $0B,S
010C1F  A3 18       LDA $18,S
010C21  83 0C       STA $0C,S
010C23  A3 1A       LDA $1A,S
010C25  83 06       STA $06,S
010C27  A3 1B       LDA $1B,S
010C29  83 07       STA $07,S
010C2B  A3 1C       LDA $1C,S
010C2D  83 08       STA $08,S
010C2F  C2 20       REP #$20
010C31  A3 0A       LDA $0A,S
010C33  85 00       STA $00
010C35  A3 0B       LDA $0B,S
010C37  85 01       STA $01
010C39  E2 20       SEP #$20
010C3B  A7 00       LDA [$00]
010C3D  83 01       STA $01,S
010C3F  C2 20       REP #$20
010C41  A3 06       LDA $06,S
010C43  85 00       STA $00
010C45  A3 07       LDA $07,S
010C47  85 01       STA $01
010C49  E2 20       SEP #$20
010C4B  A7 00       LDA [$00]
010C4D  83 05       STA $05,S
010C4F  A3 01       LDA $01,S
010C51  C3 05       CMP $05,S
010C53  C2 20       REP #$20
010C55  F0 03       BEQ $010C5A
010C57  82 D7 00    BRL $010D31
010C5A  C2 20       REP #$20
010C5C  A3 0A       LDA $0A,S
010C5E  85 00       STA $00
010C60  A3 0B       LDA $0B,S
010C62  85 01       STA $01
010C64  E2 20       SEP #$20
010C66  A7 00       LDA [$00]
010C68  83 01       STA $01,S
010C6A  A3 01       LDA $01,S
010C6C  C9 00       CMP #$00
010C6E  C2 20       REP #$20
010C70  F0 02       BEQ $010C74
010C72  80 14       BRA $010C88
010C74  C2 20       REP #$20
010C76  A3 03       LDA $03,S
010C78  EB          XBA
010C79  29 FF 00    AND #$00FF
010C7C  AA          TAX
010C7D  A3 02       LDA $02,S
010C7F  A8          TAY
010C80  3B          TSC
010C81  18          CLC
010C82  69 1C 00    ADC #$001C
010C85  1B          TCS
010C86  98          TYA
010C87  6B          RTL
010C88  E2 20       SEP #$20
010C8A  A3 0A       LDA $0A,S
010C8C  83 0E       STA $0E,S
010C8E  A3 0B       LDA $0B,S
010C90  83 0F       STA $0F,S
010C92  A3 0C       LDA $0C,S
010C94  83 10       STA $10,S
010C96  18          CLC
010C97  A9 01       LDA #$01
010C99  85 10       STA $10
010C9B  A3 0E       LDA $0E,S
010C9D  65 10       ADC $10
010C9F  83 12       STA $12,S
010CA1  A9 00       LDA #$00
010CA3  85 10       STA $10
010CA5  A3 0F       LDA $0F,S
010CA7  65 10       ADC $10
010CA9  83 13       STA $13,S
010CAB  A9 00       LDA #$00
010CAD  85 10       STA $10
010CAF  A3 10       LDA $10,S
010CB1  65 10       ADC $10
010CB3  83 14       STA $14,S
010CB5  A3 12       LDA $12,S
010CB7  83 0A       STA $0A,S
010CB9  A3 13       LDA $13,S
010CBB  83 0B       STA $0B,S
010CBD  A3 14       LDA $14,S
010CBF  83 0C       STA $0C,S
010CC1  A3 06       LDA $06,S
010CC3  83 0E       STA $0E,S
010CC5  A3 07       LDA $07,S
010CC7  83 0F       STA $0F,S
010CC9  A3 08       LDA $08,S
010CCB  83 10       STA $10,S
010CCD  18          CLC
010CCE  A9 01       LDA #$01
010CD0  85 10       STA $10
010CD2  A3 0E       LDA $0E,S
010CD4  65 10       ADC $10
010CD6  83 06       STA $06,S
010CD8  A9 00       LDA #$00
010CDA  85 10       STA $10
010CDC  A3 0F       LDA $0F,S
010CDE  65 10       ADC $10
010CE0  83 07       STA $07,S
010CE2  A9 00       LDA #$00
010CE4  85 10       STA $10
010CE6  A3 10       LDA $10,S
010CE8  65 10       ADC $10
010CEA  83 08       STA $08,S
010CEC  A3 06       LDA $06,S
010CEE  83 0E       STA $0E,S
010CF0  A3 07       LDA $07,S
010CF2  83 0F       STA $0F,S
010CF4  A3 08       LDA $08,S
010CF6  83 10       STA $10,S
010CF8  C2 20       REP #$20
010CFA  E2 20       SEP #$20
010CFC  A3 0A       LDA $0A,S
010CFE  83 16       STA $16,S
010D00  A3 0B       LDA $0B,S
010D02  83 17       STA $17,S
010D04  A3 0C       LDA $0C,S
010D06  83 18       STA $18,S
010D08  A3 0E       LDA $0E,S
010D0A  83 1A       STA $1A,S
010D0C  A3 0F       LDA $0F,S
010D0E  83 1B       STA $1B,S
010D10  A3 10       LDA $10,S
010D12  83 1C       STA $1C,S
010D14  A3 16       LDA $16,S
010D16  83 0A       STA $0A,S
010D18  A3 17       LDA $17,S
010D1A  83 0B       STA $0B,S
010D1C  A3 18       LDA $18,S
010D1E  83 0C       STA $0C,S
010D20  A3 1A       LDA $1A,S
010D22  83 06       STA $06,S
010D24  A3 1B       LDA $1B,S
010D26  83 07       STA $07,S
010D28  A3 1C       LDA $1C,S
010D2A  83 08       STA $08,S
010D2C  C2 20       REP #$20
010D2E  82 00 FF    BRL $010C31
010D31  A3 02       LDA $02,S
010D33  85 00       STA $00
010D35  A3 03       LDA $03,S
010D37  85 01       STA $01
010D39  A7 00       LDA [$00]
010D3B  83 06       STA $06,S
010D3D  E2 20       SEP #$20
010D3F  A0 02 00    LDY #$0002
010D42  B7 00       LDA [$00],Y
010D44  83 08       STA $08,S
010D46  C2 20       REP #$20
010D48  E2 20       SEP #$20
010D4A  A3 06       LDA $06,S
010D4C  83 16       STA $16,S
010D4E  A3 07       LDA $07,S
010D50  83 17       STA $17,S
010D52  A3 08       LDA $08,S
010D54  83 18       STA $18,S
010D56  A3 16       LDA $16,S
010D58  83 02       STA $02,S
010D5A  A3 17       LDA $17,S
010D5C  83 03       STA $03,S
010D5E  A3 18       LDA $18,S
010D60  83 04       STA $04,S
010D62  C2 20       REP #$20
010D64  82 47 FE    BRL $010BAE
010D67  A2 00 00    LDX #$0000
010D6A  A9 00 00    LDA #$0000
010D6D  A8          TAY
010D6E  3B          TSC
010D6F  18          CLC
010D70  69 1C 00    ADC #$001C
010D73  1B          TCS
010D74  98          TYA
010D75  6B          RTL
010D76  3B          TSC
010D77  AA          TAX
010D78  C5 46       CMP $46
010D7A  90 04       BCC $010D80
010D7C  F0 02       BEQ $010D80
010D7E  80 0A       BRA $010D8A
010D80  38          SEC
010D81  E9 00 00    SBC #$0000
010D84  90 04       BCC $010D8A
010D86  C5 44       CMP $44
010D88  B0 07       BCS $010D91
010D8A  A9 00 00    LDA #$0000
010D8D  5C 00 80 04 JML $048000
010D91  1B          TCS
010D92  6B          RTL
