010000  3B          TSC
010001  AA          TAX
010002  C5 46       CMP $46
010004  B0 04       BCS $01000A
010006  5C 14 00 01 JML $010014
01000A  D0 04       BNE $010010
01000C  5C 14 00 01 JML $010014
010010  5C 26 00 01 JML $010026
010014  38          SEC
010015  E9 10 00    SBC #$0010
010018  B0 04       BCS $01001E
01001A  5C 26 00 01 JML $010026
01001E  C5 44       CMP $44
010020  90 04       BCC $010026
010022  5C 2D 00 01 JML $01002D
010026  A9 10 00    LDA #$0010
010029  5C 00 80 04 JML $048000
01002D  1B          TCS
01002E  E2 20       SEP #$20
010030  A3 14       LDA $14,S
010032  83 01       STA $01,S
010034  A3 15       LDA $15,S
010036  83 02       STA $02,S
010038  A3 16       LDA $16,S
01003A  83 03       STA $03,S
01003C  C2 20       REP #$20
01003E  E2 20       SEP #$20
010040  A3 18       LDA $18,S
010042  83 04       STA $04,S
010044  A3 19       LDA $19,S
010046  83 05       STA $05,S
010048  C2 20       REP #$20
01004A  E2 20       SEP #$20
01004C  A9 00       LDA #$00
01004E  83 0A       STA $0A,S
010050  A9 00       LDA #$00
010052  83 0B       STA $0B,S
010054  C2 20       REP #$20
010056  A3 0A       LDA $0A,S
010058  83 06       STA $06,S
01005A  A3 04       LDA $04,S
01005C  83 0A       STA $0A,S
01005E  E2 20       SEP #$20
010060  A9 00       LDA #$00
010062  83 0C       STA $0C,S
010064  A9 00       LDA #$00
010066  83 0D       STA $0D,S
010068  C2 20       REP #$20
01006A  A3 0A       LDA $0A,S
01006C  C3 0C       CMP $0C,S
01006E  D0 04       BNE $010074
010070  5C E7 00 01 JML $0100E7
010074  C2 20       REP #$20
010076  A3 01       LDA $01,S
010078  83 0A       STA $0A,S
01007A  A3 02       LDA $02,S
01007C  83 0B       STA $0B,S
01007E  A3 0A       LDA $0A,S
010080  85 00       STA $00
010082  A3 0B       LDA $0B,S
010084  85 01       STA $01
010086  E2 20       SEP #$20
010088  A0 00 00    LDY #$0000
01008B  B7 00       LDA [$00],Y
01008D  83 09       STA $09,S
01008F  A3 09       LDA $09,S
010091  83 0A       STA $0A,S
010093  A9 00       LDA #$00
010095  83 0B       STA $0B,S
010097  C2 20       REP #$20
010099  A3 06       LDA $06,S
01009B  83 0C       STA $0C,S
01009D  18          CLC
01009E  63 0A       ADC $0A,S
0100A0  83 0E       STA $0E,S
0100A2  83 06       STA $06,S
0100A4  A3 01       LDA $01,S
0100A6  83 0A       STA $0A,S
0100A8  A3 02       LDA $02,S
0100AA  83 0B       STA $0B,S
0100AC  E2 20       SEP #$20
0100AE  18          CLC
0100AF  A9 01       LDA #$01
0100B1  85 10       STA $10
0100B3  A3 0A       LDA $0A,S
0100B5  65 10       ADC $10
0100B7  83 0E       STA $0E,S
0100B9  A9 00       LDA #$00
0100BB  85 10       STA $10
0100BD  A3 0B       LDA $0B,S
0100BF  65 10       ADC $10
0100C1  83 0F       STA $0F,S
0100C3  A9 00       LDA #$00
0100C5  85 10       STA $10
0100C7  A3 0C       LDA $0C,S
0100C9  65 10       ADC $10
0100CB  83 10       STA $10,S
0100CD  C2 20       REP #$20
0100CF  A3 0E       LDA $0E,S
0100D1  83 01       STA $01,S
0100D3  A3 0F       LDA $0F,S
0100D5  83 02       STA $02,S
0100D7  A3 04       LDA $04,S
0100D9  83 0A       STA $0A,S
0100DB  38          SEC
0100DC  E9 01 00    SBC #$0001
0100DF  83 0C       STA $0C,S
0100E1  83 04       STA $04,S
0100E3  5C 5A 00 01 JML $01005A
0100E7  A3 06       LDA $06,S
0100E9  83 0A       STA $0A,S
0100EB  A8          TAY
0100EC  3B          TSC
0100ED  18          CLC
0100EE  69 10 00    ADC #$0010
0100F1  1B          TCS
0100F2  98          TYA
0100F3  6B          RTL
