010000  3B          TSC
010001  AA          TAX
010002  C5 46       CMP $46
010004  B0 04       BCS $01000A
010006  5C 14 00 01 JML $010014
01000A  D0 04       BNE $010010
01000C  5C 14 00 01 JML $010014
010010  5C 26 00 01 JML $010026
010014  38          SEC
010015  E9 10 00    SBC #$0010
010018  B0 04       BCS $01001E
01001A  5C 26 00 01 JML $010026
01001E  C5 44       CMP $44
010020  90 04       BCC $010026
010022  5C 2D 00 01 JML $01002D
010026  A9 10 00    LDA #$0010
010029  5C 00 80 04 JML $048000
01002D  1B          TCS
01002E  A3 14       LDA $14,S
010030  83 06       STA $06,S
010032  18          CLC
010033  69 01 00    ADC #$0001
010036  83 08       STA $08,S
010038  A3 06       LDA $06,S
01003A  83 0A       STA $0A,S
01003C  A3 08       LDA $08,S
01003E  83 06       STA $06,S
010040  A9 00 00    LDA #$0000
010043  83 08       STA $08,S
010045  A9 07 00    LDA #$0007
010048  C3 08       CMP $08,S
01004A  B0 04       BCS $010050
01004C  5C 7C 00 01 JML $01007C
010050  C2 20       REP #$20
010052  A3 0A       LDA $0A,S
010054  83 02       STA $02,S
010056  A3 02       LDA $02,S
010058  83 0C       STA $0C,S
01005A  18          CLC
01005B  69 01 00    ADC #$0001
01005E  83 0A       STA $0A,S
010060  A3 08       LDA $08,S
010062  18          CLC
010063  69 01 00    ADC #$0001
010066  83 0C       STA $0C,S
010068  A3 0A       LDA $0A,S
01006A  83 0E       STA $0E,S
01006C  A3 06       LDA $06,S
01006E  83 0A       STA $0A,S
010070  A3 0E       LDA $0E,S
010072  83 06       STA $06,S
010074  A3 0C       LDA $0C,S
010076  83 08       STA $08,S
010078  5C 45 00 01 JML $010045
01007C  A3 0A       LDA $0A,S
01007E  18          CLC
01007F  63 06       ADC $06,S
010081  83 08       STA $08,S
010083  A8          TAY
010084  3B          TSC
010085  18          CLC
010086  69 10 00    ADC #$0010
010089  1B          TCS
01008A  98          TYA
01008B  6B          RTL
