010000  3B          TSC
010001  AA          TAX
010002  C5 46       CMP $46
010004  90 04       BCC $01000A
010006  F0 02       BEQ $01000A
010008  80 0A       BRA $010014
01000A  38          SEC
01000B  E9 0C 00    SBC #$000C
01000E  90 04       BCC $010014
010010  C5 44       CMP $44
010012  B0 07       BCS $01001B
010014  A9 0C 00    LDA #$000C
010017  5C 00 80 04 JML $048000
01001B  1B          TCS
01001C  A3 10       LDA $10,S
01001E  83 02       STA $02,S
010020  A3 11       LDA $11,S
010022  83 03       STA $03,S
010024  A3 10       LDA $10,S
010026  83 0A       STA $0A,S
010028  A3 11       LDA $11,S
01002A  83 0B       STA $0B,S
01002C  E2 20       SEP #$20
01002E  C2 20       REP #$20
010030  A3 0A       LDA $0A,S
010032  85 00       STA $00
010034  A3 0B       LDA $0B,S
010036  85 01       STA $01
010038  E2 20       SEP #$20
01003A  18          CLC
01003B  A5 00       LDA $00
01003D  69 03       ADC #$03
01003F  85 00       STA $00
010041  A5 01       LDA $01
010043  69 00       ADC #$00
010045  85 01       STA $01
010047  A5 02       LDA $02
010049  69 00       ADC #$00
01004B  85 02       STA $02
01004D  A5 00       LDA $00
01004F  83 06       STA $06,S
010051  A5 01       LDA $01
010053  83 07       STA $07,S
010055  A5 02       LDA $02
010057  83 08       STA $08,S
010059  A3 06       LDA $06,S
01005B  83 0A       STA $0A,S
01005D  A3 07       LDA $07,S
01005F  83 0B       STA $0B,S
010061  A3 08       LDA $08,S
010063  83 0C       STA $0C,S
010065  C2 20       REP #$20
010067  A3 02       LDA $02,S
010069  85 00       STA $00
01006B  A3 03       LDA $03,S
01006D  85 01       STA $01
01006F  A3 0A       LDA $0A,S
010071  87 00       STA [$00]
010073  E2 20       SEP #$20
010075  A3 0C       LDA $0C,S
010077  A0 02 00    LDY #$0002
01007A  97 00       STA [$00],Y
01007C  C2 20       REP #$20
01007E  A3 10       LDA $10,S
010080  83 02       STA $02,S
010082  A3 11       LDA $11,S
010084  83 03       STA $03,S
010086  A3 02       LDA $02,S
010088  85 00       STA $00
01008A  A3 03       LDA $03,S
01008C  85 01       STA $01
01008E  E2 20       SEP #$20
010090  A9 00       LDA #$00
010092  A0 03 00    LDY #$0003
010095  97 00       STA [$00],Y
010097  A9 00       LDA #$00
010099  A0 04 00    LDY #$0004
01009C  97 00       STA [$00],Y
01009E  A9 00       LDA #$00
0100A0  A0 05 00    LDY #$0005
0100A3  97 00       STA [$00],Y
0100A5  C2 20       REP #$20
0100A7  A3 10       LDA $10,S
0100A9  83 02       STA $02,S
0100AB  A3 11       LDA $11,S
0100AD  83 03       STA $03,S
0100AF  A3 10       LDA $10,S
0100B1  83 0A       STA $0A,S
0100B3  A3 11       LDA $11,S
0100B5  83 0B       STA $0B,S
0100B7  E2 20       SEP #$20
0100B9  C2 20       REP #$20
0100BB  A3 0A       LDA $0A,S
0100BD  85 00       STA $00
0100BF  A3 0B       LDA $0B,S
0100C1  85 01       STA $01
0100C3  E2 20       SEP #$20
0100C5  A5 00       LDA $00
0100C7  83 06       STA $06,S
0100C9  A5 01       LDA $01
0100CB  83 07       STA $07,S
0100CD  A5 02       LDA $02
0100CF  83 08       STA $08,S
0100D1  A3 06       LDA $06,S
0100D3  83 0A       STA $0A,S
0100D5  A3 07       LDA $07,S
0100D7  83 0B       STA $0B,S
0100D9  A3 08       LDA $08,S
0100DB  83 0C       STA $0C,S
0100DD  C2 20       REP #$20
0100DF  A3 02       LDA $02,S
0100E1  85 00       STA $00
0100E3  A3 03       LDA $03,S
0100E5  85 01       STA $01
0100E7  A3 0A       LDA $0A,S
0100E9  A0 06 00    LDY #$0006
0100EC  97 00       STA [$00],Y
0100EE  E2 20       SEP #$20
0100F0  A3 0C       LDA $0C,S
0100F2  A0 08 00    LDY #$0008
0100F5  97 00       STA [$00],Y
0100F7  C2 20       REP #$20
0100F9  3B          TSC
0100FA  18          CLC
0100FB  69 0C 00    ADC #$000C
0100FE  1B          TCS
0100FF  6B          RTL
010100  3B          TSC
010101  AA          TAX
010102  C5 46       CMP $46
010104  90 04       BCC $01010A
010106  F0 02       BEQ $01010A
010108  80 0A       BRA $010114
01010A  38          SEC
01010B  E9 08 00    SBC #$0008
01010E  90 04       BCC $010114
010110  C5 44       CMP $44
010112  B0 07       BCS $01011B
010114  A9 08 00    LDA #$0008
010117  5C 00 80 04 JML $048000
01011B  1B          TCS
01011C  A3 0C       LDA $0C,S
01011E  83 02       STA $02,S
010120  A3 0D       LDA $0D,S
010122  83 03       STA $03,S
010124  E2 20       SEP #$20
010126  A3 02       LDA $02,S
010128  83 06       STA $06,S
01012A  A3 03       LDA $03,S
01012C  83 07       STA $07,S
01012E  A3 04       LDA $04,S
010130  83 08       STA $08,S
010132  C2 20       REP #$20
010134  3B          TSC
010135  AA          TAX
010136  C5 46       CMP $46
010138  90 04       BCC $01013E
01013A  F0 02       BEQ $01013E
01013C  80 0A       BRA $010148
01013E  38          SEC
01013F  E9 06 00    SBC #$0006
010142  90 04       BCC $010148
010144  C5 44       CMP $44
010146  B0 07       BCS $01014F
010148  A9 06 00    LDA #$0006
01014B  5C 00 80 04 JML $048000
01014F  3B          TSC
010150  38          SEC
010151  E9 03 00    SBC #$0003
010154  1B          TCS
010155  E2 20       SEP #$20
010157  A9 00       LDA #$00
010159  A3 09       LDA $09,S
01015B  83 01       STA $01,S
01015D  A3 0A       LDA $0A,S
01015F  83 02       STA $02,S
010161  A3 0B       LDA $0B,S
010163  83 03       STA $03,S
010165  C2 20       REP #$20
010167  22 00 00 01 JSL $010000
01016B  A8          TAY
01016C  3B          TSC
01016D  18          CLC
01016E  69 03 00    ADC #$0003
010171  1B          TCS
010172  98          TYA
010173  3B          TSC
010174  18          CLC
010175  69 08 00    ADC #$0008
010178  1B          TCS
010179  6B          RTL
01017A  3B          TSC
01017B  AA          TAX
01017C  C5 46       CMP $46
01017E  90 04       BCC $010184
010180  F0 02       BEQ $010184
010182  80 0A       BRA $01018E
010184  38          SEC
010185  E9 0C 00    SBC #$000C
010188  90 04       BCC $01018E
01018A  C5 44       CMP $44
01018C  B0 07       BCS $010195
01018E  A9 0C 00    LDA #$000C
010191  5C 00 80 04 JML $048000
010195  1B          TCS
010196  A3 10       LDA $10,S
010198  83 06       STA $06,S
01019A  A3 11       LDA $11,S
01019C  83 07       STA $07,S
01019E  A3 06       LDA $06,S
0101A0  85 00       STA $00
0101A2  A3 07       LDA $07,S
0101A4  85 01       STA $01
0101A6  A7 00       LDA [$00]
0101A8  83 02       STA $02,S
0101AA  E2 20       SEP #$20
0101AC  A0 02 00    LDY #$0002
0101AF  B7 00       LDA [$00],Y
0101B1  83 04       STA $04,S
0101B3  C2 20       REP #$20
0101B5  A3 10       LDA $10,S
0101B7  83 0A       STA $0A,S
0101B9  A3 11       LDA $11,S
0101BB  83 0B       STA $0B,S
0101BD  E2 20       SEP #$20
0101BF  C2 20       REP #$20
0101C1  A3 0A       LDA $0A,S
0101C3  85 00       STA $00
0101C5  A3 0B       LDA $0B,S
0101C7  85 01       STA $01
0101C9  E2 20       SEP #$20
0101CB  18          CLC
0101CC  A5 00       LDA $00
0101CE  69 03       ADC #$03
0101D0  85 00       STA $00
0101D2  A5 01       LDA $01
0101D4  69 00       ADC #$00
0101D6  85 01       STA $01
0101D8  A5 02       LDA $02
0101DA  69 00       ADC #$00
0101DC  85 02       STA $02
0101DE  A5 00       LDA $00
0101E0  83 06       STA $06,S
0101E2  A5 01       LDA $01
0101E4  83 07       STA $07,S
0101E6  A5 02       LDA $02
0101E8  83 08       STA $08,S
0101EA  A3 06       LDA $06,S
0101EC  83 0A       STA $0A,S
0101EE  A3 07       LDA $07,S
0101F0  83 0B       STA $0B,S
0101F2  A3 08       LDA $08,S
0101F4  83 0C       STA $0C,S
0101F6  C2 20       REP #$20
0101F8  A3 02       LDA $02,S
0101FA  C3 0A       CMP $0A,S
0101FC  D0 0A       BNE $010208
0101FE  E2 20       SEP #$20
010200  A3 04       LDA $04,S
010202  C3 0C       CMP $0C,S
010204  C2 20       REP #$20
010206  F0 06       BEQ $01020E
010208  E2 20       SEP #$20
01020A  A9 00       LDA #$00
01020C  80 04       BRA $010212
01020E  E2 20       SEP #$20
010210  A9 01       LDA #$01
010212  E2 20       SEP #$20
010214  83 01       STA $01,S
010216  C2 20       REP #$20
010218  E2 20       SEP #$20
01021A  A3 01       LDA $01,S
01021C  C2 20       REP #$20
01021E  29 FF 00    AND #$00FF
010221  A8          TAY
010222  3B          TSC
010223  18          CLC
010224  69 0C 00    ADC #$000C
010227  1B          TCS
010228  98          TYA
010229  6B          RTL
01022A  3B          TSC
01022B  AA          TAX
01022C  C5 46       CMP $46
01022E  90 04       BCC $010234
010230  F0 02       BEQ $010234
010232  80 0A       BRA $01023E
010234  38          SEC
010235  E9 08 00    SBC #$0008
010238  90 04       BCC $01023E
01023A  C5 44       CMP $44
01023C  B0 07       BCS $010245
01023E  A9 08 00    LDA #$0008
010241  5C 00 80 04 JML $048000
010245  1B          TCS
010246  A3 0C       LDA $0C,S
010248  83 06       STA $06,S
01024A  A3 0D       LDA $0D,S
01024C  83 07       STA $07,S
01024E  E2 20       SEP #$20
010250  A3 06       LDA $06,S
010252  83 02       STA $02,S
010254  A3 07       LDA $07,S
010256  83 03       STA $03,S
010258  A3 08       LDA $08,S
01025A  83 04       STA $04,S
01025C  C2 20       REP #$20
01025E  3B          TSC
01025F  AA          TAX
010260  C5 46       CMP $46
010262  90 04       BCC $010268
010264  F0 02       BEQ $010268
010266  80 0A       BRA $010272
010268  38          SEC
010269  E9 06 00    SBC #$0006
01026C  90 04       BCC $010272
01026E  C5 44       CMP $44
010270  B0 07       BCS $010279
010272  A9 06 00    LDA #$0006
010275  5C 00 80 04 JML $048000
010279  3B          TSC
01027A  38          SEC
01027B  E9 03 00    SBC #$0003
01027E  1B          TCS
01027F  E2 20       SEP #$20
010281  A9 00       LDA #$00
010283  A3 05       LDA $05,S
010285  83 01       STA $01,S
010287  A3 06       LDA $06,S
010289  83 02       STA $02,S
01028B  A3 07       LDA $07,S
01028D  83 03       STA $03,S
01028F  C2 20       REP #$20
010291  22 7A 01 01 JSL $01017A
010295  A8          TAY
010296  3B          TSC
010297  18          CLC
010298  69 03 00    ADC #$0003
01029B  1B          TCS
01029C  98          TYA
01029D  E2 20       SEP #$20
01029F  83 01       STA $01,S
0102A1  C2 20       REP #$20
0102A3  E2 20       SEP #$20
0102A5  A3 01       LDA $01,S
0102A7  C2 20       REP #$20
0102A9  29 FF 00    AND #$00FF
0102AC  A8          TAY
0102AD  3B          TSC
0102AE  18          CLC
0102AF  69 08 00    ADC #$0008
0102B2  1B          TCS
0102B3  98          TYA
0102B4  6B          RTL
0102B5  3B          TSC
0102B6  AA          TAX
0102B7  C5 46       CMP $46
0102B9  90 04       BCC $0102BF
0102BB  F0 02       BEQ $0102BF
0102BD  80 0A       BRA $0102C9
0102BF  38          SEC
0102C0  E9 10 00    SBC #$0010
0102C3  90 04       BCC $0102C9
0102C5  C5 44       CMP $44
0102C7  B0 07       BCS $0102D0
0102C9  A9 10 00    LDA #$0010
0102CC  5C 00 80 04 JML $048000
0102D0  1B          TCS
0102D1  A3 14       LDA $14,S
0102D3  83 06       STA $06,S
0102D5  A3 15       LDA $15,S
0102D7  83 07       STA $07,S
0102D9  A3 06       LDA $06,S
0102DB  85 00       STA $00
0102DD  A3 07       LDA $07,S
0102DF  85 01       STA $01
0102E1  A7 00       LDA [$00]
0102E3  83 0A       STA $0A,S
0102E5  E2 20       SEP #$20
0102E7  A0 02 00    LDY #$0002
0102EA  B7 00       LDA [$00],Y
0102EC  83 0C       STA $0C,S
0102EE  C2 20       REP #$20
0102F0  A3 0A       LDA $0A,S
0102F2  83 01       STA $01,S
0102F4  A3 0B       LDA $0B,S
0102F6  83 02       STA $02,S
0102F8  A3 17       LDA $17,S
0102FA  83 06       STA $06,S
0102FC  A3 18       LDA $18,S
0102FE  83 07       STA $07,S
010300  A3 14       LDA $14,S
010302  83 0E       STA $0E,S
010304  A3 15       LDA $15,S
010306  83 0F       STA $0F,S
010308  E2 20       SEP #$20
01030A  C2 20       REP #$20
01030C  A3 0E       LDA $0E,S
01030E  85 00       STA $00
010310  A3 0F       LDA $0F,S
010312  85 01       STA $01
010314  E2 20       SEP #$20
010316  A5 00       LDA $00
010318  83 0A       STA $0A,S
01031A  A5 01       LDA $01
01031C  83 0B       STA $0B,S
01031E  A5 02       LDA $02
010320  83 0C       STA $0C,S
010322  A3 0A       LDA $0A,S
010324  83 0E       STA $0E,S
010326  A3 0B       LDA $0B,S
010328  83 0F       STA $0F,S
01032A  A3 0C       LDA $0C,S
01032C  83 10       STA $10,S
01032E  C2 20       REP #$20
010330  A3 06       LDA $06,S
010332  85 00       STA $00
010334  A3 07       LDA $07,S
010336  85 01       STA $01
010338  A3 0E       LDA $0E,S
01033A  A0 03 00    LDY #$0003
01033D  97 00       STA [$00],Y
01033F  E2 20       SEP #$20
010341  A3 10       LDA $10,S
010343  A0 05 00    LDY #$0005
010346  97 00       STA [$00],Y
010348  C2 20       REP #$20
01034A  A3 17       LDA $17,S
01034C  83 06       STA $06,S
01034E  A3 18       LDA $18,S
010350  83 07       STA $07,S
010352  A3 01       LDA $01,S
010354  83 0A       STA $0A,S
010356  A3 02       LDA $02,S
010358  83 0B       STA $0B,S
01035A  A3 06       LDA $06,S
01035C  85 00       STA $00
01035E  A3 07       LDA $07,S
010360  85 01       STA $01
010362  A3 0A       LDA $0A,S
010364  87 00       STA [$00]
010366  E2 20       SEP #$20
010368  A3 0C       LDA $0C,S
01036A  A0 02 00    LDY #$0002
01036D  97 00       STA [$00],Y
01036F  C2 20       REP #$20
010371  A3 01       LDA $01,S
010373  83 06       STA $06,S
010375  A3 02       LDA $02,S
010377  83 07       STA $07,S
010379  A3 17       LDA $17,S
01037B  83 0A       STA $0A,S
01037D  A3 18       LDA $18,S
01037F  83 0B       STA $0B,S
010381  A3 06       LDA $06,S
010383  85 00       STA $00
010385  A3 07       LDA $07,S
010387  85 01       STA $01
010389  A3 0A       LDA $0A,S
01038B  A0 03 00    LDY #$0003
01038E  97 00       STA [$00],Y
010390  E2 20       SEP #$20
010392  A3 0C       LDA $0C,S
010394  A0 05 00    LDY #$0005
010397  97 00       STA [$00],Y
010399  C2 20       REP #$20
01039B  A3 14       LDA $14,S
01039D  83 06       STA $06,S
01039F  A3 15       LDA $15,S
0103A1  83 07       STA $07,S
0103A3  A3 17       LDA $17,S
0103A5  83 0A       STA $0A,S
0103A7  A3 18       LDA $18,S
0103A9  83 0B       STA $0B,S
0103AB  A3 06       LDA $06,S
0103AD  85 00       STA $00
0103AF  A3 07       LDA $07,S
0103B1  85 01       STA $01
0103B3  A3 0A       LDA $0A,S
0103B5  87 00       STA [$00]
0103B7  E2 20       SEP #$20
0103B9  A3 0C       LDA $0C,S
0103BB  A0 02 00    LDY #$0002
0103BE  97 00       STA [$00],Y
0103C0  C2 20       REP #$20
0103C2  3B          TSC
0103C3  18          CLC
0103C4  69 10 00    ADC #$0010
0103C7  1B          TCS
0103C8  6B          RTL
0103C9  3B          TSC
0103CA  AA          TAX
0103CB  C5 46       CMP $46
0103CD  90 04       BCC $0103D3
0103CF  F0 02       BEQ $0103D3
0103D1  80 0A       BRA $0103DD
0103D3  38          SEC
0103D4  E9 10 00    SBC #$0010
0103D7  90 04       BCC $0103DD
0103D9  C5 44       CMP $44
0103DB  B0 07       BCS $0103E4
0103DD  A9 10 00    LDA #$0010
0103E0  5C 00 80 04 JML $048000
0103E4  1B          TCS
0103E5  A3 14       LDA $14,S
0103E7  83 06       STA $06,S
0103E9  A3 15       LDA $15,S
0103EB  83 07       STA $07,S
0103ED  A3 06       LDA $06,S
0103EF  85 00       STA $00
0103F1  A3 07       LDA $07,S
0103F3  85 01       STA $01
0103F5  A0 06 00    LDY #$0006
0103F8  B7 00       LDA [$00],Y
0103FA  83 0A       STA $0A,S
0103FC  E2 20       SEP #$20
0103FE  A0 08 00    LDY #$0008
010401  B7 00       LDA [$00],Y
010403  83 0C       STA $0C,S
010405  C2 20       REP #$20
010407  A3 0A       LDA $0A,S
010409  83 01       STA $01,S
01040B  A3 0B       LDA $0B,S
01040D  83 02       STA $02,S
01040F  A3 17       LDA $17,S
010411  83 06       STA $06,S
010413  A3 18       LDA $18,S
010415  83 07       STA $07,S
010417  A3 14       LDA $14,S
010419  83 0E       STA $0E,S
01041B  A3 15       LDA $15,S
01041D  83 0F       STA $0F,S
01041F  E2 20       SEP #$20
010421  C2 20       REP #$20
010423  A3 0E       LDA $0E,S
010425  85 00       STA $00
010427  A3 0F       LDA $0F,S
010429  85 01       STA $01
01042B  E2 20       SEP #$20
01042D  18          CLC
01042E  A5 00       LDA $00
010430  69 03       ADC #$03
010432  85 00       STA $00
010434  A5 01       LDA $01
010436  69 00       ADC #$00
010438  85 01       STA $01
01043A  A5 02       LDA $02
01043C  69 00       ADC #$00
01043E  85 02       STA $02
010440  A5 00       LDA $00
010442  83 0A       STA $0A,S
010444  A5 01       LDA $01
010446  83 0B       STA $0B,S
010448  A5 02       LDA $02
01044A  83 0C       STA $0C,S
01044C  A3 0A       LDA $0A,S
01044E  83 0E       STA $0E,S
010450  A3 0B       LDA $0B,S
010452  83 0F       STA $0F,S
010454  A3 0C       LDA $0C,S
010456  83 10       STA $10,S
010458  C2 20       REP #$20
01045A  A3 06       LDA $06,S
01045C  85 00       STA $00
01045E  A3 07       LDA $07,S
010460  85 01       STA $01
010462  A3 0E       LDA $0E,S
010464  87 00       STA [$00]
010466  E2 20       SEP #$20
010468  A3 10       LDA $10,S
01046A  A0 02 00    LDY #$0002
01046D  97 00       STA [$00],Y
01046F  C2 20       REP #$20
010471  A3 17       LDA $17,S
010473  83 06       STA $06,S
010475  A3 18       LDA $18,S
010477  83 07       STA $07,S
010479  A3 01       LDA $01,S
01047B  83 0A       STA $0A,S
01047D  A3 02       LDA $02,S
01047F  83 0B       STA $0B,S
010481  A3 06       LDA $06,S
010483  85 00       STA $00
010485  A3 07       LDA $07,S
010487  85 01       STA $01
010489  A3 0A       LDA $0A,S
01048B  A0 03 00    LDY #$0003
01048E  97 00       STA [$00],Y
010490  E2 20       SEP #$20
010492  A3 0C       LDA $0C,S
010494  A0 05 00    LDY #$0005
010497  97 00       STA [$00],Y
010499  C2 20       REP #$20
01049B  A3 01       LDA $01,S
01049D  83 06       STA $06,S
01049F  A3 02       LDA $02,S
0104A1  83 07       STA $07,S
0104A3  A3 17       LDA $17,S
0104A5  83 0A       STA $0A,S
0104A7  A3 18       LDA $18,S
0104A9  83 0B       STA $0B,S
0104AB  A3 06       LDA $06,S
0104AD  85 00       STA $00
0104AF  A3 07       LDA $07,S
0104B1  85 01       STA $01
0104B3  A3 0A       LDA $0A,S
0104B5  87 00       STA [$00]
0104B7  E2 20       SEP #$20
0104B9  A3 0C       LDA $0C,S
0104BB  A0 02 00    LDY #$0002
0104BE  97 00       STA [$00],Y
0104C0  C2 20       REP #$20
0104C2  A3 14       LDA $14,S
0104C4  83 06       STA $06,S
0104C6  A3 15       LDA $15,S
0104C8  83 07       STA $07,S
0104CA  A3 17       LDA $17,S
0104CC  83 0A       STA $0A,S
0104CE  A3 18       LDA $18,S
0104D0  83 0B       STA $0B,S
0104D2  A3 06       LDA $06,S
0104D4  85 00       STA $00
0104D6  A3 07       LDA $07,S
0104D8  85 01       STA $01
0104DA  A3 0A       LDA $0A,S
0104DC  A0 06 00    LDY #$0006
0104DF  97 00       STA [$00],Y
0104E1  E2 20       SEP #$20
0104E3  A3 0C       LDA $0C,S
0104E5  A0 08 00    LDY #$0008
0104E8  97 00       STA [$00],Y
0104EA  C2 20       REP #$20
0104EC  3B          TSC
0104ED  18          CLC
0104EE  69 10 00    ADC #$0010
0104F1  1B          TCS
0104F2  6B          RTL
0104F3  3B          TSC
0104F4  AA          TAX
0104F5  C5 46       CMP $46
0104F7  90 04       BCC $0104FD
0104F9  F0 02       BEQ $0104FD
0104FB  80 0A       BRA $010507
0104FD  38          SEC
0104FE  E9 10 00    SBC #$0010
010501  90 04       BCC $010507
010503  C5 44       CMP $44
010505  B0 07       BCS $01050E
010507  A9 10 00    LDA #$0010
01050A  5C 00 80 04 JML $048000
01050E  1B          TCS
01050F  A3 1A       LDA $1A,S
010511  83 06       STA $06,S
010513  A3 1B       LDA $1B,S
010515  83 07       STA $07,S
010517  A3 06       LDA $06,S
010519  D0 08       BNE $010523
01051B  E2 20       SEP #$20
01051D  A3 08       LDA $08,S
01051F  C2 20       REP #$20
010521  F0 04       BEQ $010527
010523  C2 20       REP #$20
010525  80 04       BRA $01052B
010527  C2 20       REP #$20
010529  80 4E       BRA $010579
01052B  A3 1A       LDA $1A,S
01052D  83 06       STA $06,S
01052F  A3 1B       LDA $1B,S
010531  83 07       STA $07,S
010533  A3 14       LDA $14,S
010535  83 0E       STA $0E,S
010537  A3 15       LDA $15,S
010539  83 0F       STA $0F,S
01053B  E2 20       SEP #$20
01053D  C2 20       REP #$20
01053F  A3 0E       LDA $0E,S
010541  85 00       STA $00
010543  A3 0F       LDA $0F,S
010545  85 01       STA $01
010547  E2 20       SEP #$20
010549  A5 00       LDA $00
01054B  83 0A       STA $0A,S
01054D  A5 01       LDA $01
01054F  83 0B       STA $0B,S
010551  A5 02       LDA $02
010553  83 0C       STA $0C,S
010555  A3 0A       LDA $0A,S
010557  83 0E       STA $0E,S
010559  A3 0B       LDA $0B,S
01055B  83 0F       STA $0F,S
01055D  A3 0C       LDA $0C,S
01055F  83 10       STA $10,S
010561  C2 20       REP #$20
010563  A3 06       LDA $06,S
010565  C3 0E       CMP $0E,S
010567  D0 0A       BNE $010573
010569  E2 20       SEP #$20
01056B  A3 08       LDA $08,S
01056D  C3 10       CMP $10,S
01056F  C2 20       REP #$20
010571  F0 04       BEQ $010577
010573  C2 20       REP #$20
010575  80 66       BRA $0105DD
010577  C2 20       REP #$20
010579  A3 14       LDA $14,S
01057B  83 06       STA $06,S
01057D  A3 15       LDA $15,S
01057F  83 07       STA $07,S
010581  A3 17       LDA $17,S
010583  83 0A       STA $0A,S
010585  A3 18       LDA $18,S
010587  83 0B       STA $0B,S
010589  3B          TSC
01058A  AA          TAX
01058B  C5 46       CMP $46
01058D  90 04       BCC $010593
01058F  F0 02       BEQ $010593
010591  80 0A       BRA $01059D
010593  38          SEC
010594  E9 0A 00    SBC #$000A
010597  90 04       BCC $01059D
010599  C5 44       CMP $44
01059B  B0 07       BCS $0105A4
01059D  A9 0A 00    LDA #$000A
0105A0  5C 00 80 04 JML $048000
0105A4  3B          TSC
0105A5  38          SEC
0105A6  E9 07 00    SBC #$0007
0105A9  1B          TCS
0105AA  E2 20       SEP #$20
0105AC  A9 00       LDA #$00
0105AE  83 07       STA $07,S
0105B0  A3 0D       LDA $0D,S
0105B2  83 01       STA $01,S
0105B4  A3 0E       LDA $0E,S
0105B6  83 02       STA $02,S
0105B8  A3 0F       LDA $0F,S
0105BA  83 03       STA $03,S
0105BC  A3 11       LDA $11,S
0105BE  83 04       STA $04,S
0105C0  A3 12       LDA $12,S
0105C2  83 05       STA $05,S
0105C4  A3 13       LDA $13,S
0105C6  83 06       STA $06,S
0105C8  C2 20       REP #$20
0105CA  22 B5 02 01 JSL $0102B5
0105CE  A8          TAY
0105CF  3B          TSC
0105D0  18          CLC
0105D1  69 07 00    ADC #$0007
0105D4  1B          TCS
0105D5  98          TYA
0105D6  3B          TSC
0105D7  18          CLC
0105D8  69 10 00    ADC #$0010
0105DB  1B          TCS
0105DC  6B          RTL
0105DD  A3 1A       LDA $1A,S
0105DF  83 06       STA $06,S
0105E1  A3 1B       LDA $1B,S
0105E3  83 07       STA $07,S
0105E5  A3 14       LDA $14,S
0105E7  83 0E       STA $0E,S
0105E9  A3 15       LDA $15,S
0105EB  83 0F       STA $0F,S
0105ED  E2 20       SEP #$20
0105EF  C2 20       REP #$20
0105F1  A3 0E       LDA $0E,S
0105F3  85 00       STA $00
0105F5  A3 0F       LDA $0F,S
0105F7  85 01       STA $01
0105F9  E2 20       SEP #$20
0105FB  18          CLC
0105FC  A5 00       LDA $00
0105FE  69 03       ADC #$03
010600  85 00       STA $00
010602  A5 01       LDA $01
010604  69 00       ADC #$00
010606  85 01       STA $01
010608  A5 02       LDA $02
01060A  69 00       ADC #$00
01060C  85 02       STA $02
01060E  A5 00       LDA $00
010610  83 0A       STA $0A,S
010612  A5 01       LDA $01
010614  83 0B       STA $0B,S
010616  A5 02       LDA $02
010618  83 0C       STA $0C,S
01061A  A3 0A       LDA $0A,S
01061C  83 0E       STA $0E,S
01061E  A3 0B       LDA $0B,S
010620  83 0F       STA $0F,S
010622  A3 0C       LDA $0C,S
010624  83 10       STA $10,S
010626  C2 20       REP #$20
010628  A3 06       LDA $06,S
01062A  C3 0E       CMP $0E,S
01062C  D0 0A       BNE $010638
01062E  E2 20       SEP #$20
010630  A3 08       LDA $08,S
010632  C3 10       CMP $10,S
010634  C2 20       REP #$20
010636  F0 04       BEQ $01063C
010638  C2 20       REP #$20
01063A  80 66       BRA $0106A2
01063C  C2 20       REP #$20
01063E  A3 14       LDA $14,S
010640  83 06       STA $06,S
010642  A3 15       LDA $15,S
010644  83 07       STA $07,S
010646  A3 17       LDA $17,S
010648  83 0A       STA $0A,S
01064A  A3 18       LDA $18,S
01064C  83 0B       STA $0B,S
01064E  3B          TSC
01064F  AA          TAX
010650  C5 46       CMP $46
010652  90 04       BCC $010658
010654  F0 02       BEQ $010658
010656  80 0A       BRA $010662
010658  38          SEC
010659  E9 0A 00    SBC #$000A
01065C  90 04       BCC $010662
01065E  C5 44       CMP $44
010660  B0 07       BCS $010669
010662  A9 0A 00    LDA #$000A
010665  5C 00 80 04 JML $048000
010669  3B          TSC
01066A  38          SEC
01066B  E9 07 00    SBC #$0007
01066E  1B          TCS
01066F  E2 20       SEP #$20
010671  A9 00       LDA #$00
010673  83 07       STA $07,S
010675  A3 0D       LDA $0D,S
010677  83 01       STA $01,S
010679  A3 0E       LDA $0E,S
01067B  83 02       STA $02,S
01067D  A3 0F       LDA $0F,S
01067F  83 03       STA $03,S
010681  A3 11       LDA $11,S
010683  83 04       STA $04,S
010685  A3 12       LDA $12,S
010687  83 05       STA $05,S
010689  A3 13       LDA $13,S
01068B  83 06       STA $06,S
01068D  C2 20       REP #$20
01068F  22 C9 03 01 JSL $0103C9
010693  A8          TAY
010694  3B          TSC
010695  18          CLC
010696  69 07 00    ADC #$0007
010699  1B          TCS
01069A  98          TYA
01069B  3B          TSC
01069C  18          CLC
01069D  69 10 00    ADC #$0010
0106A0  1B          TCS
0106A1  6B          RTL
0106A2  A3 1A       LDA $1A,S
0106A4  83 06       STA $06,S
0106A6  A3 1B       LDA $1B,S
0106A8  83 07       STA $07,S
0106AA  A3 06       LDA $06,S
0106AC  85 00       STA $00
0106AE  A3 07       LDA $07,S
0106B0  85 01       STA $01
0106B2  A7 00       LDA [$00]
0106B4  83 0A       STA $0A,S
0106B6  E2 20       SEP #$20
0106B8  A0 02 00    LDY #$0002
0106BB  B7 00       LDA [$00],Y
0106BD  83 0C       STA $0C,S
0106BF  C2 20       REP #$20
0106C1  A3 0A       LDA $0A,S
0106C3  83 01       STA $01,S
0106C5  A3 0B       LDA $0B,S
0106C7  83 02       STA $02,S
0106C9  A3 17       LDA $17,S
0106CB  83 06       STA $06,S
0106CD  A3 18       LDA $18,S
0106CF  83 07       STA $07,S
0106D1  A3 1A       LDA $1A,S
0106D3  83 0A       STA $0A,S
0106D5  A3 1B       LDA $1B,S
0106D7  83 0B       STA $0B,S
0106D9  A3 06       LDA $06,S
0106DB  85 00       STA $00
0106DD  A3 07       LDA $07,S
0106DF  85 01       STA $01
0106E1  A3 0A       LDA $0A,S
0106E3  A0 03 00    LDY #$0003
0106E6  97 00       STA [$00],Y
0106E8  E2 20       SEP #$20
0106EA  A3 0C       LDA $0C,S
0106EC  A0 05 00    LDY #$0005
0106EF  97 00       STA [$00],Y
0106F1  C2 20       REP #$20
0106F3  A3 17       LDA $17,S
0106F5  83 06       STA $06,S
0106F7  A3 18       LDA $18,S
0106F9  83 07       STA $07,S
0106FB  A3 01       LDA $01,S
0106FD  83 0A       STA $0A,S
0106FF  A3 02       LDA $02,S
010701  83 0B       STA $0B,S
010703  A3 06       LDA $06,S
010705  85 00       STA $00
010707  A3 07       LDA $07,S
010709  85 01       STA $01
01070B  A3 0A       LDA $0A,S
01070D  87 00       STA [$00]
01070F  E2 20       SEP #$20
010711  A3 0C       LDA $0C,S
010713  A0 02 00    LDY #$0002
010716  97 00       STA [$00],Y
010718  C2 20       REP #$20
01071A  A3 01       LDA $01,S
01071C  83 06       STA $06,S
01071E  A3 02       LDA $02,S
010720  83 07       STA $07,S
010722  A3 17       LDA $17,S
010724  83 0A       STA $0A,S
010726  A3 18       LDA $18,S
010728  83 0B       STA $0B,S
01072A  A3 06       LDA $06,S
01072C  85 00       STA $00
01072E  A3 07       LDA $07,S
010730  85 01       STA $01
010732  A3 0A       LDA $0A,S
010734  A0 03 00    LDY #$0003
010737  97 00       STA [$00],Y
010739  E2 20       SEP #$20
01073B  A3 0C       LDA $0C,S
01073D  A0 05 00    LDY #$0005
010740  97 00       STA [$00],Y
010742  C2 20       REP #$20
010744  A3 1A       LDA $1A,S
010746  83 06       STA $06,S
010748  A3 1B       LDA $1B,S
01074A  83 07       STA $07,S
01074C  A3 17       LDA $17,S
01074E  83 0A       STA $0A,S
010750  A3 18       LDA $18,S
010752  83 0B       STA $0B,S
010754  A3 06       LDA $06,S
010756  85 00       STA $00
010758  A3 07       LDA $07,S
01075A  85 01       STA $01
01075C  A3 0A       LDA $0A,S
01075E  87 00       STA [$00]
010760  E2 20       SEP #$20
010762  A3 0C       LDA $0C,S
010764  A0 02 00    LDY #$0002
010767  97 00       STA [$00],Y
010769  C2 20       REP #$20
01076B  3B          TSC
01076C  18          CLC
01076D  69 10 00    ADC #$0010
010770  1B          TCS
010771  6B          RTL
010772  3B          TSC
010773  AA          TAX
010774  C5 46       CMP $46
010776  90 04       BCC $01077C
010778  F0 02       BEQ $01077C
01077A  80 0A       BRA $010786
01077C  38          SEC
01077D  E9 06 00    SBC #$0006
010780  90 04       BCC $010786
010782  C5 44       CMP $44
010784  B0 07       BCS $01078D
010786  A9 06 00    LDA #$0006
010789  5C 00 80 04 JML $048000
01078D  1B          TCS
01078E  A3 0A       LDA $0A,S
010790  85 00       STA $00
010792  A3 0B       LDA $0B,S
010794  85 01       STA $01
010796  A0 03 00    LDY #$0003
010799  B7 00       LDA [$00],Y
01079B  85 03       STA $03
01079D  E2 20       SEP #$20
01079F  A0 05 00    LDY #$0005
0107A2  B7 00       LDA [$00],Y
0107A4  85 05       STA $05
0107A6  C2 20       REP #$20
0107A8  A5 03       LDA $03
0107AA  83 01       STA $01,S
0107AC  A5 04       LDA $04
0107AE  83 02       STA $02,S
0107B0  A3 0A       LDA $0A,S
0107B2  85 00       STA $00
0107B4  A3 0B       LDA $0B,S
0107B6  85 01       STA $01
0107B8  A7 00       LDA [$00]
0107BA  85 03       STA $03
0107BC  E2 20       SEP #$20
0107BE  A0 02 00    LDY #$0002
0107C1  B7 00       LDA [$00],Y
0107C3  85 05       STA $05
0107C5  C2 20       REP #$20
0107C7  A5 03       LDA $03
0107C9  83 04       STA $04,S
0107CB  A5 04       LDA $04
0107CD  83 05       STA $05,S
0107CF  A3 01       LDA $01,S
0107D1  85 00       STA $00
0107D3  A3 02       LDA $02,S
0107D5  85 01       STA $01
0107D7  A3 04       LDA $04,S
0107D9  85 03       STA $03
0107DB  A3 05       LDA $05,S
0107DD  85 04       STA $04
0107DF  A5 03       LDA $03
0107E1  87 00       STA [$00]
0107E3  E2 20       SEP #$20
0107E5  A5 05       LDA $05
0107E7  A0 02 00    LDY #$0002
0107EA  97 00       STA [$00],Y
0107EC  C2 20       REP #$20
0107EE  A3 04       LDA $04,S
0107F0  85 00       STA $00
0107F2  A3 05       LDA $05,S
0107F4  85 01       STA $01
0107F6  A3 01       LDA $01,S
0107F8  85 03       STA $03
0107FA  A3 02       LDA $02,S
0107FC  85 04       STA $04
0107FE  A5 03       LDA $03
010800  A0 03 00    LDY #$0003
010803  97 00       STA [$00],Y
010805  E2 20       SEP #$20
010807  A5 05       LDA $05
010809  A0 05 00    LDY #$0005
01080C  97 00       STA [$00],Y
01080E  C2 20       REP #$20
010810  3B          TSC
010811  18          CLC
010812  69 06 00    ADC #$0006
010815  1B          TCS
010816  6B          RTL
010817  3B          TSC
010818  AA          TAX
010819  C5 46       CMP $46
01081B  90 04       BCC $010821
01081D  F0 02       BEQ $010821
01081F  80 0A       BRA $01082B
010821  38          SEC
010822  E9 0C 00    SBC #$000C
010825  90 04       BCC $01082B
010827  C5 44       CMP $44
010829  B0 07       BCS $010832
01082B  A9 0C 00    LDA #$000C
01082E  5C 00 80 04 JML $048000
010832  1B          TCS
010833  A3 10       LDA $10,S
010835  83 06       STA $06,S
010837  A3 11       LDA $11,S
010839  83 07       STA $07,S
01083B  A3 06       LDA $06,S
01083D  85 00       STA $00
01083F  A3 07       LDA $07,S
010841  85 01       STA $01
010843  A7 00       LDA [$00]
010845  83 0A       STA $0A,S
010847  E2 20       SEP #$20
010849  A0 02 00    LDY #$0002
01084C  B7 00       LDA [$00],Y
01084E  83 0C       STA $0C,S
010850  C2 20       REP #$20
010852  A3 0A       LDA $0A,S
010854  83 01       STA $01,S
010856  A3 0B       LDA $0B,S
010858  83 02       STA $02,S
01085A  A3 01       LDA $01,S
01085C  83 0A       STA $0A,S
01085E  A3 02       LDA $02,S
010860  83 0B       STA $0B,S
010862  A3 0A       LDA $0A,S
010864  85 00       STA $00
010866  A3 0B       LDA $0B,S
010868  85 01       STA $01
01086A  A7 00       LDA [$00]
01086C  83 06       STA $06,S
01086E  E2 20       SEP #$20
010870  A0 02 00    LDY #$0002
010873  B7 00       LDA [$00],Y
010875  83 08       STA $08,S
010877  C2 20       REP #$20
010879  A3 06       LDA $06,S
01087B  D0 08       BNE $010885
01087D  E2 20       SEP #$20
01087F  A3 08       LDA $08,S
010881  C2 20       REP #$20
010883  F0 04       BEQ $010889
010885  C2 20       REP #$20
010887  80 11       BRA $01089A
010889  C2 20       REP #$20
01088B  A2 00 00    LDX #$0000
01088E  A9 00 00    LDA #$0000
010891  A8          TAY
010892  3B          TSC
010893  18          CLC
010894  69 0C 00    ADC #$000C
010897  1B          TCS
010898  98          TYA
010899  6B          RTL
01089A  A3 01       LDA $01,S
01089C  83 06       STA $06,S
01089E  A3 02       LDA $02,S
0108A0  83 07       STA $07,S
0108A2  3B          TSC
0108A3  AA          TAX
0108A4  C5 46       CMP $46
0108A6  90 04       BCC $0108AC
0108A8  F0 02       BEQ $0108AC
0108AA  80 0A       BRA $0108B6
0108AC  38          SEC
0108AD  E9 06 00    SBC #$0006
0108B0  90 04       BCC $0108B6
0108B2  C5 44       CMP $44
0108B4  B0 07       BCS $0108BD
0108B6  A9 06 00    LDA #$0006
0108B9  5C 00 80 04 JML $048000
0108BD  3B          TSC
0108BE  38          SEC
0108BF  E9 03 00    SBC #$0003
0108C2  1B          TCS
0108C3  E2 20       SEP #$20
0108C5  A9 00       LDA #$00
0108C7  A3 09       LDA $09,S
0108C9  83 01       STA $01,S
0108CB  A3 0A       LDA $0A,S
0108CD  83 02       STA $02,S
0108CF  A3 0B       LDA $0B,S
0108D1  83 03       STA $03,S
0108D3  C2 20       REP #$20
0108D5  22 72 07 01 JSL $010772
0108D9  A8          TAY
0108DA  3B          TSC
0108DB  18          CLC
0108DC  69 03 00    ADC #$0003
0108DF  1B          TCS
0108E0  98          TYA
0108E1  A3 01       LDA $01,S
0108E3  83 06       STA $06,S
0108E5  A3 02       LDA $02,S
0108E7  83 07       STA $07,S
0108E9  A3 07       LDA $07,S
0108EB  EB          XBA
0108EC  29 FF 00    AND #$00FF
0108EF  AA          TAX
0108F0  A3 06       LDA $06,S
0108F2  A8          TAY
0108F3  3B          TSC
0108F4  18          CLC
0108F5  69 0C 00    ADC #$000C
0108F8  1B          TCS
0108F9  98          TYA
0108FA  6B          RTL
0108FB  3B          TSC
0108FC  AA          TAX
0108FD  C5 46       CMP $46
0108FF  90 04       BCC $010905
010901  F0 02       BEQ $010905
010903  80 0A       BRA $01090F
010905  38          SEC
010906  E9 0C 00    SBC #$000C
010909  90 04       BCC $01090F
01090B  C5 44       CMP $44
01090D  B0 07       BCS $010916
01090F  A9 0C 00    LDA #$000C
010912  5C 00 80 04 JML $048000
010916  1B          TCS
010917  A3 10       LDA $10,S
010919  83 06       STA $06,S
01091B  A3 11       LDA $11,S
01091D  83 07       STA $07,S
01091F  A3 06       LDA $06,S
010921  85 00       STA $00
010923  A3 07       LDA $07,S
010925  85 01       STA $01
010927  A0 06 00    LDY #$0006
01092A  B7 00       LDA [$00],Y
01092C  83 0A       STA $0A,S
01092E  E2 20       SEP #$20
010930  A0 08 00    LDY #$0008
010933  B7 00       LDA [$00],Y
010935  83 0C       STA $0C,S
010937  C2 20       REP #$20
010939  A3 0A       LDA $0A,S
01093B  83 01       STA $01,S
01093D  A3 0B       LDA $0B,S
01093F  83 02       STA $02,S
010941  A3 01       LDA $01,S
010943  83 0A       STA $0A,S
010945  A3 02       LDA $02,S
010947  83 0B       STA $0B,S
010949  A3 0A       LDA $0A,S
01094B  85 00       STA $00
01094D  A3 0B       LDA $0B,S
01094F  85 01       STA $01
010951  A0 03 00    LDY #$0003
010954  B7 00       LDA [$00],Y
010956  83 06       STA $06,S
010958  E2 20       SEP #$20
01095A  A0 05 00    LDY #$0005
01095D  B7 00       LDA [$00],Y
01095F  83 08       STA $08,S
010961  C2 20       REP #$20
010963  A3 06       LDA $06,S
010965  D0 08       BNE $01096F
010967  E2 20       SEP #$20
010969  A3 08       LDA $08,S
01096B  C2 20       REP #$20
01096D  F0 04       BEQ $010973
01096F  C2 20       REP #$20
010971  80 11       BRA $010984
010973  C2 20       REP #$20
010975  A2 00 00    LDX #$0000
010978  A9 00 00    LDA #$0000
01097B  A8          TAY
01097C  3B          TSC
01097D  18          CLC
01097E  69 0C 00    ADC #$000C
010981  1B          TCS
010982  98          TYA
010983  6B          RTL
010984  A3 01       LDA $01,S
010986  83 06       STA $06,S
010988  A3 02       LDA $02,S
01098A  83 07       STA $07,S
01098C  3B          TSC
01098D  AA          TAX
01098E  C5 46       CMP $46
010990  90 04       BCC $010996
010992  F0 02       BEQ $010996
010994  80 0A       BRA $0109A0
010996  38          SEC
010997  E9 06 00    SBC #$0006
01099A  90 04       BCC $0109A0
01099C  C5 44       CMP $44
01099E  B0 07       BCS $0109A7
0109A0  A9 06 00    LDA #$0006
0109A3  5C 00 80 04 JML $048000
0109A7  3B          TSC
0109A8  38          SEC
0109A9  E9 03 00    SBC #$0003
0109AC  1B          TCS
0109AD  E2 20       SEP #$20
0109AF  A9 00       LDA #$00
0109B1  A3 09       LDA $09,S
0109B3  83 01       STA $01,S
0109B5  A3 0A       LDA $0A,S
0109B7  83 02       STA $02,S
0109B9  A3 0B       LDA $0B,S
0109BB  83 03       STA $03,S
0109BD  C2 20       REP #$20
0109BF  22 72 07 01 JSL $010772
0109C3  A8          TAY
0109C4  3B          TSC
0109C5  18          CLC
0109C6  69 03 00    ADC #$0003
0109C9  1B          TCS
0109CA  98          TYA
0109CB  A3 01       LDA $01,S
0109CD  83 06       STA $06,S
0109CF  A3 02       LDA $02,S
0109D1  83 07       STA $07,S
0109D3  A3 07       LDA $07,S
0109D5  EB          XBA
0109D6  29 FF 00    AND #$00FF
0109D9  AA          TAX
0109DA  A3 06       LDA $06,S
0109DC  A8          TAY
0109DD  3B          TSC
0109DE  18          CLC
0109DF  69 0C 00    ADC #$000C
0109E2  1B          TCS
0109E3  98          TYA
0109E4  6B          RTL
0109E5  3B          TSC
0109E6  AA          TAX
0109E7  C5 46       CMP $46
0109E9  90 04       BCC $0109EF
0109EB  F0 02       BEQ $0109EF
0109ED  80 0A       BRA $0109F9
0109EF  38          SEC
0109F0  E9 14 00    SBC #$0014
0109F3  90 04       BCC $0109F9
0109F5  C5 44       CMP $44
0109F7  B0 07       BCS $010A00
0109F9  A9 14 00    LDA #$0014
0109FC  5C 00 80 04 JML $048000
010A00  1B          TCS
010A01  A3 18       LDA $18,S
010A03  83 06       STA $06,S
010A05  A3 19       LDA $19,S
010A07  83 07       STA $07,S
010A09  A3 06       LDA $06,S
010A0B  85 00       STA $00
010A0D  A3 07       LDA $07,S
010A0F  85 01       STA $01
010A11  A7 00       LDA [$00]
010A13  83 0A       STA $0A,S
010A15  E2 20       SEP #$20
010A17  A0 02 00    LDY #$0002
010A1A  B7 00       LDA [$00],Y
010A1C  83 0C       STA $0C,S
010A1E  C2 20       REP #$20
010A20  A3 0A       LDA $0A,S
010A22  83 01       STA $01,S
010A24  A3 0B       LDA $0B,S
010A26  83 02       STA $02,S
010A28  A3 01       LDA $01,S
010A2A  83 0A       STA $0A,S
010A2C  A3 02       LDA $02,S
010A2E  83 0B       STA $0B,S
010A30  A3 0A       LDA $0A,S
010A32  85 00       STA $00
010A34  A3 0B       LDA $0B,S
010A36  85 01       STA $01
010A38  A7 00       LDA [$00]
010A3A  83 06       STA $06,S
010A3C  E2 20       SEP #$20
010A3E  A0 02 00    LDY #$0002
010A41  B7 00       LDA [$00],Y
010A43  83 08       STA $08,S
010A45  C2 20       REP #$20
010A47  A3 06       LDA $06,S
010A49  D0 0B       BNE $010A56
010A4B  E2 20       SEP #$20
010A4D  A3 08       LDA $08,S
010A4F  C2 20       REP #$20
010A51  D0 03       BNE $010A56
010A53  82 11 01    BRL $010B67
010A56  C2 20       REP #$20
010A58  A3 1B       LDA $1B,S
010A5A  83 06       STA $06,S
010A5C  A3 1C       LDA $1C,S
010A5E  83 07       STA $07,S
010A60  A3 06       LDA $06,S
010A62  85 00       STA $00
010A64  A3 07       LDA $07,S
010A66  85 01       STA $01
010A68  E2 20       SEP #$20
010A6A  A0 07 00    LDY #$0007
010A6D  B7 00       LDA [$00],Y
010A6F  83 09       STA $09,S
010A71  A9 80       LDA #$80
010A73  85 10       STA $10
010A75  A3 09       LDA $09,S
010A77  45 10       EOR $10
010A79  83 05       STA $05,S
010A7B  C2 20       REP #$20
010A7D  A3 01       LDA $01,S
010A7F  83 06       STA $06,S
010A81  A3 02       LDA $02,S
010A83  83 07       STA $07,S
010A85  A3 06       LDA $06,S
010A87  85 00       STA $00
010A89  A3 07       LDA $07,S
010A8B  85 01       STA $01
010A8D  E2 20       SEP #$20
010A8F  A0 07 00    LDY #$0007
010A92  B7 00       LDA [$00],Y
010A94  83 09       STA $09,S
010A96  A9 80       LDA #$80
010A98  85 10       STA $10
010A9A  A3 09       LDA $09,S
010A9C  45 10       EOR $10
010A9E  83 06       STA $06,S
010AA0  A3 06       LDA $06,S
010AA2  C3 05       CMP $05,S
010AA4  C2 20       REP #$20
010AA6  90 03       BCC $010AAB
010AA8  82 92 00    BRL $010B3D
010AAB  C2 20       REP #$20
010AAD  A3 18       LDA $18,S
010AAF  83 06       STA $06,S
010AB1  A3 19       LDA $19,S
010AB3  83 07       STA $07,S
010AB5  A3 1B       LDA $1B,S
010AB7  83 0A       STA $0A,S
010AB9  A3 1C       LDA $1C,S
010ABB  83 0B       STA $0B,S
010ABD  A3 01       LDA $01,S
010ABF  83 0E       STA $0E,S
010AC1  A3 02       LDA $02,S
010AC3  83 0F       STA $0F,S
010AC5  A3 0E       LDA $0E,S
010AC7  85 00       STA $00
010AC9  A3 0F       LDA $0F,S
010ACB  85 01       STA $01
010ACD  A0 03 00    LDY #$0003
010AD0  B7 00       LDA [$00],Y
010AD2  83 12       STA $12,S
010AD4  E2 20       SEP #$20
010AD6  A0 05 00    LDY #$0005
010AD9  B7 00       LDA [$00],Y
010ADB  83 14       STA $14,S
010ADD  C2 20       REP #$20
010ADF  3B          TSC
010AE0  AA          TAX
010AE1  C5 46       CMP $46
010AE3  90 04       BCC $010AE9
010AE5  F0 02       BEQ $010AE9
010AE7  80 0A       BRA $010AF3
010AE9  38          SEC
010AEA  E9 0C 00    SBC #$000C
010AED  90 04       BCC $010AF3
010AEF  C5 44       CMP $44
010AF1  B0 07       BCS $010AFA
010AF3  A9 0C 00    LDA #$000C
010AF6  5C 00 80 04 JML $048000
010AFA  3B          TSC
010AFB  38          SEC
010AFC  E9 09 00    SBC #$0009
010AFF  1B          TCS
010B00  E2 20       SEP #$20
010B02  A9 00       LDA #$00
010B04  A3 0F       LDA $0F,S
010B06  83 01       STA $01,S
010B08  A3 10       LDA $10,S
010B0A  83 02       STA $02,S
010B0C  A3 11       LDA $11,S
010B0E  83 03       STA $03,S
010B10  A3 13       LDA $13,S
010B12  83 04       STA $04,S
010B14  A3 14       LDA $14,S
010B16  83 05       STA $05,S
010B18  A3 15       LDA $15,S
010B1A  83 06       STA $06,S
010B1C  A3 1B       LDA $1B,S
010B1E  83 07       STA $07,S
010B20  A3 1C       LDA $1C,S
010B22  83 08       STA $08,S
010B24  A3 1D       LDA $1D,S
010B26  83 09       STA $09,S
010B28  C2 20       REP #$20
010B2A  22 F3 04 01 JSL $0104F3
010B2E  A8          TAY
010B2F  3B          TSC
010B30  18          CLC
010B31  69 09 00    ADC #$0009
010B34  1B          TCS
010B35  98          TYA
010B36  3B          TSC
010B37  18          CLC
010B38  69 14 00    ADC #$0014
010B3B  1B          TCS
010B3C  6B          RTL
010B3D  A3 01       LDA $01,S
010B3F  83 06       STA $06,S
010B41  A3 02       LDA $02,S
010B43  83 07       STA $07,S
010B45  A3 06       LDA $06,S
010B47  85 00       STA $00
010B49  A3 07       LDA $07,S
010B4B  85 01       STA $01
010B4D  A7 00       LDA [$00]
010B4F  83 0A       STA $0A,S
010B51  E2 20       SEP #$20
010B53  A0 02 00    LDY #$0002
010B56  B7 00       LDA [$00],Y
010B58  83 0C       STA $0C,S
010B5A  C2 20       REP #$20
010B5C  A3 0A       LDA $0A,S
010B5E  83 01       STA $01,S
010B60  A3 0B       LDA $0B,S
010B62  83 02       STA $02,S
010B64  82 C1 FE    BRL $010A28
010B67  A3 18       LDA $18,S
010B69  83 06       STA $06,S
010B6B  A3 19       LDA $19,S
010B6D  83 07       STA $07,S
010B6F  A3 1B       LDA $1B,S
010B71  83 0A       STA $0A,S
010B73  A3 1C       LDA $1C,S
010B75  83 0B       STA $0B,S
010B77  3B          TSC
010B78  AA          TAX
010B79  C5 46       CMP $46
010B7B  90 04       BCC $010B81
010B7D  F0 02       BEQ $010B81
010B7F  80 0A       BRA $010B8B
010B81  38          SEC
010B82  E9 0A 00    SBC #$000A
010B85  90 04       BCC $010B8B
010B87  C5 44       CMP $44
010B89  B0 07       BCS $010B92
010B8B  A9 0A 00    LDA #$000A
010B8E  5C 00 80 04 JML $048000
010B92  3B          TSC
010B93  38          SEC
010B94  E9 07 00    SBC #$0007
010B97  1B          TCS
010B98  E2 20       SEP #$20
010B9A  A9 00       LDA #$00
010B9C  83 07       STA $07,S
010B9E  A3 0D       LDA $0D,S
010BA0  83 01       STA $01,S
010BA2  A3 0E       LDA $0E,S
010BA4  83 02       STA $02,S
010BA6  A3 0F       LDA $0F,S
010BA8  83 03       STA $03,S
010BAA  A3 11       LDA $11,S
010BAC  83 04       STA $04,S
010BAE  A3 12       LDA $12,S
010BB0  83 05       STA $05,S
010BB2  A3 13       LDA $13,S
010BB4  83 06       STA $06,S
010BB6  C2 20       REP #$20
010BB8  22 C9 03 01 JSL $0103C9
010BBC  A8          TAY
010BBD  3B          TSC
010BBE  18          CLC
010BBF  69 07 00    ADC #$0007
010BC2  1B          TCS
010BC3  98          TYA
010BC4  3B          TSC
010BC5  18          CLC
010BC6  69 14 00    ADC #$0014
010BC9  1B          TCS
010BCA  6B          RTL
010BCB  3B          TSC
010BCC  AA          TAX
010BCD  C5 46       CMP $46
010BCF  90 04       BCC $010BD5
010BD1  F0 02       BEQ $010BD5
010BD3  80 0A       BRA $010BDF
010BD5  38          SEC
010BD6  E9 16 00    SBC #$0016
010BD9  90 04       BCC $010BDF
010BDB  C5 44       CMP $44
010BDD  B0 07       BCS $010BE6
010BDF  A9 16 00    LDA #$0016
010BE2  5C 00 80 04 JML $048000
010BE6  1B          TCS
010BE7  A3 1A       LDA $1A,S
010BE9  83 0C       STA $0C,S
010BEB  A3 1B       LDA $1B,S
010BED  83 0D       STA $0D,S
010BEF  A3 0C       LDA $0C,S
010BF1  85 00       STA $00
010BF3  A3 0D       LDA $0D,S
010BF5  85 01       STA $01
010BF7  A7 00       LDA [$00]
010BF9  83 10       STA $10,S
010BFB  E2 20       SEP #$20
010BFD  A0 02 00    LDY #$0002
010C00  B7 00       LDA [$00],Y
010C02  83 12       STA $12,S
010C04  C2 20       REP #$20
010C06  A3 10       LDA $10,S
010C08  83 01       STA $01,S
010C0A  A3 11       LDA $11,S
010C0C  83 02       STA $02,S
010C0E  A3 01       LDA $01,S
010C10  83 10       STA $10,S
010C12  A3 02       LDA $02,S
010C14  83 11       STA $11,S
010C16  A3 10       LDA $10,S
010C18  85 00       STA $00
010C1A  A3 11       LDA $11,S
010C1C  85 01       STA $01
010C1E  A7 00       LDA [$00]
010C20  83 0C       STA $0C,S
010C22  E2 20       SEP #$20
010C24  A0 02 00    LDY #$0002
010C27  B7 00       LDA [$00],Y
010C29  83 0E       STA $0E,S
010C2B  C2 20       REP #$20
010C2D  A3 0C       LDA $0C,S
010C2F  D0 0B       BNE $010C3C
010C31  E2 20       SEP #$20
010C33  A3 0E       LDA $0E,S
010C35  C2 20       REP #$20
010C37  D0 03       BNE $010C3C
010C39  82 A3 01    BRL $010DDF
010C3C  C2 20       REP #$20
010C3E  A3 01       LDA $01,S
010C40  83 0C       STA $0C,S
010C42  A3 02       LDA $02,S
010C44  83 0D       STA $0D,S
010C46  A3 0C       LDA $0C,S
010C48  85 00       STA $00
010C4A  A3 0D       LDA $0D,S
010C4C  85 01       STA $01
010C4E  A0 08 00    LDY #$0008
010C51  B7 00       LDA [$00],Y
010C53  83 10       STA $10,S
010C55  E2 20       SEP #$20
010C57  A0 0A 00    LDY #$000A
010C5A  B7 00       LDA [$00],Y
010C5C  83 12       STA $12,S
010C5E  C2 20       REP #$20
010C60  A3 10       LDA $10,S
010C62  83 04       STA $04,S
010C64  A3 11       LDA $11,S
010C66  83 05       STA $05,S
010C68  A3 1D       LDA $1D,S
010C6A  83 0C       STA $0C,S
010C6C  A3 1E       LDA $1E,S
010C6E  83 0D       STA $0D,S
010C70  A3 0C       LDA $0C,S
010C72  83 07       STA $07,S
010C74  A3 0D       LDA $0D,S
010C76  83 08       STA $08,S
010C78  A3 04       LDA $04,S
010C7A  83 0C       STA $0C,S
010C7C  A3 05       LDA $05,S
010C7E  83 0D       STA $0D,S
010C80  A3 0C       LDA $0C,S
010C82  D0 0B       BNE $010C8F
010C84  E2 20       SEP #$20
010C86  A3 0E       LDA $0E,S
010C88  C2 20       REP #$20
010C8A  D0 03       BNE $010C8F
010C8C  82 26 01    BRL $010DB5
010C8F  C2 20       REP #$20
010C91  A3 04       LDA $04,S
010C93  83 0C       STA $0C,S
010C95  A3 05       LDA $05,S
010C97  83 0D       STA $0D,S
010C99  A3 0C       LDA $0C,S
010C9B  85 00       STA $00
010C9D  A3 0D       LDA $0D,S
010C9F  85 01       STA $01
010CA1  E2 20       SEP #$20
010CA3  A7 00       LDA [$00]
010CA5  83 0B       STA $0B,S
010CA7  C2 20       REP #$20
010CA9  A3 07       LDA $07,S
010CAB  83 0C       STA $0C,S
010CAD  A3 08       LDA $08,S
010CAF  83 0D       STA $0D,S
010CB1  A3 0C       LDA $0C,S
010CB3  85 00       STA $00
010CB5  A3 0D       LDA $0D,S
010CB7  85 01       STA $01
010CB9  E2 20       SEP #$20
010CBB  A7 00       LDA [$00]
010CBD  83 0F       STA $0F,S
010CBF  A3 0B       LDA $0B,S
010CC1  C3 0F       CMP $0F,S
010CC3  C2 20       REP #$20
010CC5  F0 03       BEQ $010CCA
010CC7  82 EB 00    BRL $010DB5
010CCA  C2 20       REP #$20
010CCC  A3 04       LDA $04,S
010CCE  83 0C       STA $0C,S
010CD0  A3 05       LDA $05,S
010CD2  83 0D       STA $0D,S
010CD4  A3 0C       LDA $0C,S
010CD6  85 00       STA $00
010CD8  A3 0D       LDA $0D,S
010CDA  85 01       STA $01
010CDC  E2 20       SEP #$20
010CDE  A7 00       LDA [$00]
010CE0  83 0B       STA $0B,S
010CE2  A3 0B       LDA $0B,S
010CE4  C9 00       CMP #$00
010CE6  C2 20       REP #$20
010CE8  F0 02       BEQ $010CEC
010CEA  80 1C       BRA $010D08
010CEC  C2 20       REP #$20
010CEE  A3 01       LDA $01,S
010CF0  83 0C       STA $0C,S
010CF2  A3 02       LDA $02,S
010CF4  83 0D       STA $0D,S
010CF6  A3 0D       LDA $0D,S
010CF8  EB          XBA
010CF9  29 FF 00    AND #$00FF
010CFC  AA          TAX
010CFD  A3 0C       LDA $0C,S
010CFF  A8          TAY
010D00  3B          TSC
010D01  18          CLC
010D02  69 16 00    ADC #$0016
010D05  1B          TCS
010D06  98          TYA
010D07  6B          RTL
010D08  A3 04       LDA $04,S
010D0A  83 10       STA $10,S
010D0C  A3 05       LDA $05,S
010D0E  83 11       STA $11,S
010D10  E2 20       SEP #$20
010D12  A3 10       LDA $10,S
010D14  83 0C       STA $0C,S
010D16  A3 11       LDA $11,S
010D18  83 0D       STA $0D,S
010D1A  A3 12       LDA $12,S
010D1C  83 0E       STA $0E,S
010D1E  A9 01       LDA #$01
010D20  83 14       STA $14,S
010D22  A9 00       LDA #$00
010D24  83 15       STA $15,S
010D26  83 16       STA $16,S
010D28  18          CLC
010D29  A3 14       LDA $14,S
010D2B  85 10       STA $10
010D2D  A3 0C       LDA $0C,S
010D2F  65 10       ADC $10
010D31  83 10       STA $10,S
010D33  A3 15       LDA $15,S
010D35  85 10       STA $10
010D37  A3 0D       LDA $0D,S
010D39  65 10       ADC $10
010D3B  83 11       STA $11,S
010D3D  A3 16       LDA $16,S
010D3F  85 10       STA $10
010D41  A3 0E       LDA $0E,S
010D43  65 10       ADC $10
010D45  83 12       STA $12,S
010D47  A3 10       LDA $10,S
010D49  83 0C       STA $0C,S
010D4B  A3 11       LDA $11,S
010D4D  83 0D       STA $0D,S
010D4F  A3 12       LDA $12,S
010D51  83 0E       STA $0E,S
010D53  C2 20       REP #$20
010D55  A3 0C       LDA $0C,S
010D57  83 04       STA $04,S
010D59  A3 0D       LDA $0D,S
010D5B  83 05       STA $05,S
010D5D  A3 07       LDA $07,S
010D5F  83 10       STA $10,S
010D61  A3 08       LDA $08,S
010D63  83 11       STA $11,S
010D65  E2 20       SEP #$20
010D67  A3 10       LDA $10,S
010D69  83 0C       STA $0C,S
010D6B  A3 11       LDA $11,S
010D6D  83 0D       STA $0D,S
010D6F  A3 12       LDA $12,S
010D71  83 0E       STA $0E,S
010D73  A9 01       LDA #$01
010D75  83 14       STA $14,S
010D77  A9 00       LDA #$00
010D79  83 15       STA $15,S
010D7B  83 16       STA $16,S
010D7D  18          CLC
010D7E  A3 14       LDA $14,S
010D80  85 10       STA $10
010D82  A3 0C       LDA $0C,S
010D84  65 10       ADC $10
010D86  83 10       STA $10,S
010D88  A3 15       LDA $15,S
010D8A  85 10       STA $10
010D8C  A3 0D       LDA $0D,S
010D8E  65 10       ADC $10
010D90  83 11       STA $11,S
010D92  A3 16       LDA $16,S
010D94  85 10       STA $10
010D96  A3 0E       LDA $0E,S
010D98  65 10       ADC $10
010D9A  83 12       STA $12,S
010D9C  A3 10       LDA $10,S
010D9E  83 0C       STA $0C,S
010DA0  A3 11       LDA $11,S
010DA2  83 0D       STA $0D,S
010DA4  A3 12       LDA $12,S
010DA6  83 0E       STA $0E,S
010DA8  C2 20       REP #$20
010DAA  A3 0C       LDA $0C,S
010DAC  83 07       STA $07,S
010DAE  A3 0D       LDA $0D,S
010DB0  83 08       STA $08,S
010DB2  82 DC FE    BRL $010C91
010DB5  A3 01       LDA $01,S
010DB7  83 0C       STA $0C,S
010DB9  A3 02       LDA $02,S
010DBB  83 0D       STA $0D,S
010DBD  A3 0C       LDA $0C,S
010DBF  85 00       STA $00
010DC1  A3 0D       LDA $0D,S
010DC3  85 01       STA $01
010DC5  A7 00       LDA [$00]
010DC7  83 10       STA $10,S
010DC9  E2 20       SEP #$20
010DCB  A0 02 00    LDY #$0002
010DCE  B7 00       LDA [$00],Y
010DD0  83 12       STA $12,S
010DD2  C2 20       REP #$20
010DD4  A3 10       LDA $10,S
010DD6  83 01       STA $01,S
010DD8  A3 11       LDA $11,S
010DDA  83 02       STA $02,S
010DDC  82 2F FE    BRL $010C0E
010DDF  A2 00 00    LDX #$0000
010DE2  A9 00 00    LDA #$0000
010DE5  A8          TAY
010DE6  3B          TSC
010DE7  18          CLC
010DE8  69 16 00    ADC #$0016
010DEB  1B          TCS
010DEC  98          TYA
010DED  6B          RTL
010DEE  3B          TSC
010DEF  AA          TAX
010DF0  C5 46       CMP $46
010DF2  90 04       BCC $010DF8
010DF4  F0 02       BEQ $010DF8
010DF6  80 0A       BRA $010E02
010DF8  38          SEC
010DF9  E9 00 00    SBC #$0000
010DFC  90 04       BCC $010E02
010DFE  C5 44       CMP $44
010E00  B0 07       BCS $010E09
010E02  A9 00 00    LDA #$0000
010E05  5C 00 80 04 JML $048000
010E09  1B          TCS
010E0A  6B          RTL
