010000  3B          TSC
010001  AA          TAX
010002  C5 46       CMP $46
010004  90 04       BCC $01000A
010006  F0 02       BEQ $01000A
010008  80 0A       BRA $010014
01000A  38          SEC
01000B  E9 0C 00    SBC #$000C
01000E  90 04       BCC $010014
010010  C5 44       CMP $44
010012  B0 07       BCS $01001B
010014  A9 0C 00    LDA #$000C
010017  5C 00 80 04 JML $048000
01001B  1B          TCS
01001C  A3 10       LDA $10,S
01001E  83 02       STA $02,S
010020  A3 11       LDA $11,S
010022  83 03       STA $03,S
010024  E2 20       SEP #$20
010026  C2 20       REP #$20
010028  A3 02       LDA $02,S
01002A  85 00       STA $00
01002C  A3 03       LDA $03,S
01002E  85 01       STA $01
010030  E2 20       SEP #$20
010032  18          CLC
010033  A5 00       LDA $00
010035  69 03       ADC #$03
010037  85 00       STA $00
010039  A5 01       LDA $01
01003B  69 00       ADC #$00
01003D  85 01       STA $01
01003F  A5 02       LDA $02
010041  69 00       ADC #$00
010043  85 02       STA $02
010045  A5 00       LDA $00
010047  83 06       STA $06,S
010049  A5 01       LDA $01
01004B  83 07       STA $07,S
01004D  A5 02       LDA $02
01004F  83 08       STA $08,S
010051  A3 06       LDA $06,S
010053  83 0A       STA $0A,S
010055  A3 07       LDA $07,S
010057  83 0B       STA $0B,S
010059  A3 08       LDA $08,S
01005B  83 0C       STA $0C,S
01005D  C2 20       REP #$20
01005F  A3 02       LDA $02,S
010061  85 00       STA $00
010063  A3 03       LDA $03,S
010065  85 01       STA $01
010067  A3 0A       LDA $0A,S
010069  87 00       STA [$00]
01006B  E2 20       SEP #$20
01006D  A3 0C       LDA $0C,S
01006F  A0 02 00    LDY #$0002
010072  97 00       STA [$00],Y
010074  C2 20       REP #$20
010076  A3 10       LDA $10,S
010078  83 02       STA $02,S
01007A  A3 11       LDA $11,S
01007C  83 03       STA $03,S
01007E  A3 02       LDA $02,S
010080  85 00       STA $00
010082  A3 03       LDA $03,S
010084  85 01       STA $01
010086  E2 20       SEP #$20
010088  A9 00       LDA #$00
01008A  A0 03 00    LDY #$0003
01008D  97 00       STA [$00],Y
01008F  A9 00       LDA #$00
010091  A0 04 00    LDY #$0004
010094  97 00       STA [$00],Y
010096  A9 00       LDA #$00
010098  A0 05 00    LDY #$0005
01009B  97 00       STA [$00],Y
01009D  C2 20       REP #$20
01009F  A3 10       LDA $10,S
0100A1  83 02       STA $02,S
0100A3  A3 11       LDA $11,S
0100A5  83 03       STA $03,S
0100A7  E2 20       SEP #$20
0100A9  C2 20       REP #$20
0100AB  A3 02       LDA $02,S
0100AD  85 00       STA $00
0100AF  A3 03       LDA $03,S
0100B1  85 01       STA $01
0100B3  E2 20       SEP #$20
0100B5  A5 00       LDA $00
0100B7  83 06       STA $06,S
0100B9  A5 01       LDA $01
0100BB  83 07       STA $07,S
0100BD  A5 02       LDA $02
0100BF  83 08       STA $08,S
0100C1  A3 06       LDA $06,S
0100C3  83 0A       STA $0A,S
0100C5  A3 07       LDA $07,S
0100C7  83 0B       STA $0B,S
0100C9  A3 08       LDA $08,S
0100CB  83 0C       STA $0C,S
0100CD  C2 20       REP #$20
0100CF  A3 02       LDA $02,S
0100D1  85 00       STA $00
0100D3  A3 03       LDA $03,S
0100D5  85 01       STA $01
0100D7  A3 0A       LDA $0A,S
0100D9  A0 06 00    LDY #$0006
0100DC  97 00       STA [$00],Y
0100DE  E2 20       SEP #$20
0100E0  A3 0C       LDA $0C,S
0100E2  A0 08 00    LDY #$0008
0100E5  97 00       STA [$00],Y
0100E7  C2 20       REP #$20
0100E9  3B          TSC
0100EA  18          CLC
0100EB  69 0C 00    ADC #$000C
0100EE  1B          TCS
0100EF  6B          RTL
0100F0  3B          TSC
0100F1  AA          TAX
0100F2  C5 46       CMP $46
0100F4  90 04       BCC $0100FA
0100F6  F0 02       BEQ $0100FA
0100F8  80 0A       BRA $010104
0100FA  38          SEC
0100FB  E9 08 00    SBC #$0008
0100FE  90 04       BCC $010104
010100  C5 44       CMP $44
010102  B0 07       BCS $01010B
010104  A9 08 00    LDA #$0008
010107  5C 00 80 04 JML $048000
01010B  1B          TCS
01010C  A3 0C       LDA $0C,S
01010E  83 02       STA $02,S
010110  A3 0D       LDA $0D,S
010112  83 03       STA $03,S
010114  E2 20       SEP #$20
010116  A3 02       LDA $02,S
010118  83 06       STA $06,S
01011A  A3 03       LDA $03,S
01011C  83 07       STA $07,S
01011E  A3 04       LDA $04,S
010120  83 08       STA $08,S
010122  C2 20       REP #$20
010124  3B          TSC
010125  AA          TAX
010126  C5 46       CMP $46
010128  90 04       BCC $01012E
01012A  F0 02       BEQ $01012E
01012C  80 0A       BRA $010138
01012E  38          SEC
01012F  E9 06 00    SBC #$0006
010132  90 04       BCC $010138
010134  C5 44       CMP $44
010136  B0 07       BCS $01013F
010138  A9 06 00    LDA #$0006
01013B  5C 00 80 04 JML $048000
01013F  3B          TSC
010140  38          SEC
010141  E9 03 00    SBC #$0003
010144  1B          TCS
010145  E2 20       SEP #$20
010147  A9 00       LDA #$00
010149  A3 09       LDA $09,S
01014B  83 01       STA $01,S
01014D  A3 0A       LDA $0A,S
01014F  83 02       STA $02,S
010151  A3 0B       LDA $0B,S
010153  83 03       STA $03,S
010155  C2 20       REP #$20
010157  22 00 00 01 JSL $010000
01015B  A8          TAY
01015C  3B          TSC
01015D  18          CLC
01015E  69 03 00    ADC #$0003
010161  1B          TCS
010162  98          TYA
010163  3B          TSC
010164  18          CLC
010165  69 08 00    ADC #$0008
010168  1B          TCS
010169  6B          RTL
01016A  3B          TSC
01016B  AA          TAX
01016C  C5 46       CMP $46
01016E  90 04       BCC $010174
010170  F0 02       BEQ $010174
010172  80 0A       BRA $01017E
010174  38          SEC
010175  E9 0C 00    SBC #$000C
010178  90 04       BCC $01017E
01017A  C5 44       CMP $44
01017C  B0 07       BCS $010185
01017E  A9 0C 00    LDA #$000C
010181  5C 00 80 04 JML $048000
010185  1B          TCS
010186  A3 10       LDA $10,S
010188  83 06       STA $06,S
01018A  A3 11       LDA $11,S
01018C  83 07       STA $07,S
01018E  A3 06       LDA $06,S
010190  85 00       STA $00
010192  A3 07       LDA $07,S
010194  85 01       STA $01
010196  A7 00       LDA [$00]
010198  83 02       STA $02,S
01019A  E2 20       SEP #$20
01019C  A0 02 00    LDY #$0002
01019F  B7 00       LDA [$00],Y
0101A1  83 04       STA $04,S
0101A3  C2 20       REP #$20
0101A5  A3 10       LDA $10,S
0101A7  83 0A       STA $0A,S
0101A9  A3 11       LDA $11,S
0101AB  83 0B       STA $0B,S
0101AD  E2 20       SEP #$20
0101AF  C2 20       REP #$20
0101B1  A3 0A       LDA $0A,S
0101B3  85 00       STA $00
0101B5  A3 0B       LDA $0B,S
0101B7  85 01       STA $01
0101B9  E2 20       SEP #$20
0101BB  18          CLC
0101BC  A5 00       LDA $00
0101BE  69 03       ADC #$03
0101C0  85 00       STA $00
0101C2  A5 01       LDA $01
0101C4  69 00       ADC #$00
0101C6  85 01       STA $01
0101C8  A5 02       LDA $02
0101CA  69 00       ADC #$00
0101CC  85 02       STA $02
0101CE  A5 00       LDA $00
0101D0  83 06       STA $06,S
0101D2  A5 01       LDA $01
0101D4  83 07       STA $07,S
0101D6  A5 02       LDA $02
0101D8  83 08       STA $08,S
0101DA  A3 06       LDA $06,S
0101DC  83 0A       STA $0A,S
0101DE  A3 07       LDA $07,S
0101E0  83 0B       STA $0B,S
0101E2  A3 08       LDA $08,S
0101E4  83 0C       STA $0C,S
0101E6  C2 20       REP #$20
0101E8  A3 02       LDA $02,S
0101EA  C3 0A       CMP $0A,S
0101EC  D0 0A       BNE $0101F8
0101EE  E2 20       SEP #$20
0101F0  A3 04       LDA $04,S
0101F2  C3 0C       CMP $0C,S
0101F4  C2 20       REP #$20
0101F6  F0 06       BEQ $0101FE
0101F8  E2 20       SEP #$20
0101FA  A9 00       LDA #$00
0101FC  80 04       BRA $010202
0101FE  E2 20       SEP #$20
010200  A9 01       LDA #$01
010202  E2 20       SEP #$20
010204  83 01       STA $01,S
010206  C2 20       REP #$20
010208  E2 20       SEP #$20
01020A  A3 01       LDA $01,S
01020C  C2 20       REP #$20
01020E  29 FF 00    AND #$00FF
010211  A8          TAY
010212  3B          TSC
010213  18          CLC
010214  69 0C 00    ADC #$000C
010217  1B          TCS
010218  98          TYA
010219  6B          RTL
01021A  3B          TSC
01021B  AA          TAX
01021C  C5 46       CMP $46
01021E  90 04       BCC $010224
010220  F0 02       BEQ $010224
010222  80 0A       BRA $01022E
010224  38          SEC
010225  E9 08 00    SBC #$0008
010228  90 04       BCC $01022E
01022A  C5 44       CMP $44
01022C  B0 07       BCS $010235
01022E  A9 08 00    LDA #$0008
010231  5C 00 80 04 JML $048000
010235  1B          TCS
010236  A3 0C       LDA $0C,S
010238  83 06       STA $06,S
01023A  A3 0D       LDA $0D,S
01023C  83 07       STA $07,S
01023E  E2 20       SEP #$20
010240  A3 06       LDA $06,S
010242  83 02       STA $02,S
010244  A3 07       LDA $07,S
010246  83 03       STA $03,S
010248  A3 08       LDA $08,S
01024A  83 04       STA $04,S
01024C  C2 20       REP #$20
01024E  3B          TSC
01024F  AA          TAX
010250  C5 46       CMP $46
010252  90 04       BCC $010258
010254  F0 02       BEQ $010258
010256  80 0A       BRA $010262
010258  38          SEC
010259  E9 06 00    SBC #$0006
01025C  90 04       BCC $010262
01025E  C5 44       CMP $44
010260  B0 07       BCS $010269
010262  A9 06 00    LDA #$0006
010265  5C 00 80 04 JML $048000
010269  3B          TSC
01026A  38          SEC
01026B  E9 03 00    SBC #$0003
01026E  1B          TCS
01026F  E2 20       SEP #$20
010271  A9 00       LDA #$00
010273  A3 05       LDA $05,S
010275  83 01       STA $01,S
010277  A3 06       LDA $06,S
010279  83 02       STA $02,S
01027B  A3 07       LDA $07,S
01027D  83 03       STA $03,S
01027F  C2 20       REP #$20
010281  22 6A 01 01 JSL $01016A
010285  A8          TAY
010286  3B          TSC
010287  18          CLC
010288  69 03 00    ADC #$0003
01028B  1B          TCS
01028C  98          TYA
01028D  E2 20       SEP #$20
01028F  83 01       STA $01,S
010291  C2 20       REP #$20
010293  E2 20       SEP #$20
010295  A3 01       LDA $01,S
010297  C2 20       REP #$20
010299  29 FF 00    AND #$00FF
01029C  A8          TAY
01029D  3B          TSC
01029E  18          CLC
01029F  69 08 00    ADC #$0008
0102A2  1B          TCS
0102A3  98          TYA
0102A4  6B          RTL
0102A5  3B          TSC
0102A6  AA          TAX
0102A7  C5 46       CMP $46
0102A9  90 04       BCC $0102AF
0102AB  F0 02       BEQ $0102AF
0102AD  80 0A       BRA $0102B9
0102AF  38          SEC
0102B0  E9 10 00    SBC #$0010
0102B3  90 04       BCC $0102B9
0102B5  C5 44       CMP $44
0102B7  B0 07       BCS $0102C0
0102B9  A9 10 00    LDA #$0010
0102BC  5C 00 80 04 JML $048000
0102C0  1B          TCS
0102C1  A3 14       LDA $14,S
0102C3  83 06       STA $06,S
0102C5  A3 15       LDA $15,S
0102C7  83 07       STA $07,S
0102C9  A3 06       LDA $06,S
0102CB  85 00       STA $00
0102CD  A3 07       LDA $07,S
0102CF  85 01       STA $01
0102D1  A7 00       LDA [$00]
0102D3  83 0A       STA $0A,S
0102D5  E2 20       SEP #$20
0102D7  A0 02 00    LDY #$0002
0102DA  B7 00       LDA [$00],Y
0102DC  83 0C       STA $0C,S
0102DE  C2 20       REP #$20
0102E0  A3 0A       LDA $0A,S
0102E2  83 01       STA $01,S
0102E4  A3 0B       LDA $0B,S
0102E6  83 02       STA $02,S
0102E8  A3 17       LDA $17,S
0102EA  83 06       STA $06,S
0102EC  A3 18       LDA $18,S
0102EE  83 07       STA $07,S
0102F0  A3 14       LDA $14,S
0102F2  83 0E       STA $0E,S
0102F4  A3 15       LDA $15,S
0102F6  83 0F       STA $0F,S
0102F8  E2 20       SEP #$20
0102FA  C2 20       REP #$20
0102FC  A3 0E       LDA $0E,S
0102FE  85 00       STA $00
010300  A3 0F       LDA $0F,S
010302  85 01       STA $01
010304  E2 20       SEP #$20
010306  A5 00       LDA $00
010308  83 0A       STA $0A,S
01030A  A5 01       LDA $01
01030C  83 0B       STA $0B,S
01030E  A5 02       LDA $02
010310  83 0C       STA $0C,S
010312  A3 0A       LDA $0A,S
010314  83 0E       STA $0E,S
010316  A3 0B       LDA $0B,S
010318  83 0F       STA $0F,S
01031A  A3 0C       LDA $0C,S
01031C  83 10       STA $10,S
01031E  C2 20       REP #$20
010320  A3 06       LDA $06,S
010322  85 00       STA $00
010324  A3 07       LDA $07,S
010326  85 01       STA $01
010328  A3 0E       LDA $0E,S
01032A  A0 03 00    LDY #$0003
01032D  97 00       STA [$00],Y
01032F  E2 20       SEP #$20
010331  A3 10       LDA $10,S
010333  A0 05 00    LDY #$0005
010336  97 00       STA [$00],Y
010338  C2 20       REP #$20
01033A  A3 17       LDA $17,S
01033C  83 06       STA $06,S
01033E  A3 18       LDA $18,S
010340  83 07       STA $07,S
010342  A3 01       LDA $01,S
010344  83 0A       STA $0A,S
010346  A3 02       LDA $02,S
010348  83 0B       STA $0B,S
01034A  A3 06       LDA $06,S
01034C  85 00       STA $00
01034E  A3 07       LDA $07,S
010350  85 01       STA $01
010352  A3 0A       LDA $0A,S
010354  87 00       STA [$00]
010356  E2 20       SEP #$20
010358  A3 0C       LDA $0C,S
01035A  A0 02 00    LDY #$0002
01035D  97 00       STA [$00],Y
01035F  C2 20       REP #$20
010361  A3 01       LDA $01,S
010363  83 06       STA $06,S
010365  A3 02       LDA $02,S
010367  83 07       STA $07,S
010369  A3 17       LDA $17,S
01036B  83 0A       STA $0A,S
01036D  A3 18       LDA $18,S
01036F  83 0B       STA $0B,S
010371  A3 06       LDA $06,S
010373  85 00       STA $00
010375  A3 07       LDA $07,S
010377  85 01       STA $01
010379  A3 0A       LDA $0A,S
01037B  A0 03 00    LDY #$0003
01037E  97 00       STA [$00],Y
010380  E2 20       SEP #$20
010382  A3 0C       LDA $0C,S
010384  A0 05 00    LDY #$0005
010387  97 00       STA [$00],Y
010389  C2 20       REP #$20
01038B  A3 14       LDA $14,S
01038D  83 06       STA $06,S
01038F  A3 15       LDA $15,S
010391  83 07       STA $07,S
010393  A3 17       LDA $17,S
010395  83 0A       STA $0A,S
010397  A3 18       LDA $18,S
010399  83 0B       STA $0B,S
01039B  A3 06       LDA $06,S
01039D  85 00       STA $00
01039F  A3 07       LDA $07,S
0103A1  85 01       STA $01
0103A3  A3 0A       LDA $0A,S
0103A5  87 00       STA [$00]
0103A7  E2 20       SEP #$20
0103A9  A3 0C       LDA $0C,S
0103AB  A0 02 00    LDY #$0002
0103AE  97 00       STA [$00],Y
0103B0  C2 20       REP #$20
0103B2  3B          TSC
0103B3  18          CLC
0103B4  69 10 00    ADC #$0010
0103B7  1B          TCS
0103B8  6B          RTL
0103B9  3B          TSC
0103BA  AA          TAX
0103BB  C5 46       CMP $46
0103BD  90 04       BCC $0103C3
0103BF  F0 02       BEQ $0103C3
0103C1  80 0A       BRA $0103CD
0103C3  38          SEC
0103C4  E9 10 00    SBC #$0010
0103C7  90 04       BCC $0103CD
0103C9  C5 44       CMP $44
0103CB  B0 07       BCS $0103D4
0103CD  A9 10 00    LDA #$0010
0103D0  5C 00 80 04 JML $048000
0103D4  1B          TCS
0103D5  A3 14       LDA $14,S
0103D7  83 06       STA $06,S
0103D9  A3 15       LDA $15,S
0103DB  83 07       STA $07,S
0103DD  A3 06       LDA $06,S
0103DF  85 00       STA $00
0103E1  A3 07       LDA $07,S
0103E3  85 01       STA $01
0103E5  A0 06 00    LDY #$0006
0103E8  B7 00       LDA [$00],Y
0103EA  83 0A       STA $0A,S
0103EC  E2 20       SEP #$20
0103EE  A0 08 00    LDY #$0008
0103F1  B7 00       LDA [$00],Y
0103F3  83 0C       STA $0C,S
0103F5  C2 20       REP #$20
0103F7  A3 0A       LDA $0A,S
0103F9  83 01       STA $01,S
0103FB  A3 0B       LDA $0B,S
0103FD  83 02       STA $02,S
0103FF  A3 17       LDA $17,S
010401  83 06       STA $06,S
010403  A3 18       LDA $18,S
010405  83 07       STA $07,S
010407  A3 14       LDA $14,S
010409  83 0E       STA $0E,S
01040B  A3 15       LDA $15,S
01040D  83 0F       STA $0F,S
01040F  E2 20       SEP #$20
010411  C2 20       REP #$20
010413  A3 0E       LDA $0E,S
010415  85 00       STA $00
010417  A3 0F       LDA $0F,S
010419  85 01       STA $01
01041B  E2 20       SEP #$20
01041D  18          CLC
01041E  A5 00       LDA $00
010420  69 03       ADC #$03
010422  85 00       STA $00
010424  A5 01       LDA $01
010426  69 00       ADC #$00
010428  85 01       STA $01
01042A  A5 02       LDA $02
01042C  69 00       ADC #$00
01042E  85 02       STA $02
010430  A5 00       LDA $00
010432  83 0A       STA $0A,S
010434  A5 01       LDA $01
010436  83 0B       STA $0B,S
010438  A5 02       LDA $02
01043A  83 0C       STA $0C,S
01043C  A3 0A       LDA $0A,S
01043E  83 0E       STA $0E,S
010440  A3 0B       LDA $0B,S
010442  83 0F       STA $0F,S
010444  A3 0C       LDA $0C,S
010446  83 10       STA $10,S
010448  C2 20       REP #$20
01044A  A3 06       LDA $06,S
01044C  85 00       STA $00
01044E  A3 07       LDA $07,S
010450  85 01       STA $01
010452  A3 0E       LDA $0E,S
010454  87 00       STA [$00]
010456  E2 20       SEP #$20
010458  A3 10       LDA $10,S
01045A  A0 02 00    LDY #$0002
01045D  97 00       STA [$00],Y
01045F  C2 20       REP #$20
010461  A3 17       LDA $17,S
010463  83 06       STA $06,S
010465  A3 18       LDA $18,S
010467  83 07       STA $07,S
010469  A3 01       LDA $01,S
01046B  83 0A       STA $0A,S
01046D  A3 02       LDA $02,S
01046F  83 0B       STA $0B,S
010471  A3 06       LDA $06,S
010473  85 00       STA $00
010475  A3 07       LDA $07,S
010477  85 01       STA $01
010479  A3 0A       LDA $0A,S
01047B  A0 03 00    LDY #$0003
01047E  97 00       STA [$00],Y
010480  E2 20       SEP #$20
010482  A3 0C       LDA $0C,S
010484  A0 05 00    LDY #$0005
010487  97 00       STA [$00],Y
010489  C2 20       REP #$20
01048B  A3 01       LDA $01,S
01048D  83 06       STA $06,S
01048F  A3 02       LDA $02,S
010491  83 07       STA $07,S
010493  A3 17       LDA $17,S
010495  83 0A       STA $0A,S
010497  A3 18       LDA $18,S
010499  83 0B       STA $0B,S
01049B  A3 06       LDA $06,S
01049D  85 00       STA $00
01049F  A3 07       LDA $07,S
0104A1  85 01       STA $01
0104A3  A3 0A       LDA $0A,S
0104A5  87 00       STA [$00]
0104A7  E2 20       SEP #$20
0104A9  A3 0C       LDA $0C,S
0104AB  A0 02 00    LDY #$0002
0104AE  97 00       STA [$00],Y
0104B0  C2 20       REP #$20
0104B2  A3 14       LDA $14,S
0104B4  83 06       STA $06,S
0104B6  A3 15       LDA $15,S
0104B8  83 07       STA $07,S
0104BA  A3 17       LDA $17,S
0104BC  83 0A       STA $0A,S
0104BE  A3 18       LDA $18,S
0104C0  83 0B       STA $0B,S
0104C2  A3 06       LDA $06,S
0104C4  85 00       STA $00
0104C6  A3 07       LDA $07,S
0104C8  85 01       STA $01
0104CA  A3 0A       LDA $0A,S
0104CC  A0 06 00    LDY #$0006
0104CF  97 00       STA [$00],Y
0104D1  E2 20       SEP #$20
0104D3  A3 0C       LDA $0C,S
0104D5  A0 08 00    LDY #$0008
0104D8  97 00       STA [$00],Y
0104DA  C2 20       REP #$20
0104DC  3B          TSC
0104DD  18          CLC
0104DE  69 10 00    ADC #$0010
0104E1  1B          TCS
0104E2  6B          RTL
0104E3  3B          TSC
0104E4  AA          TAX
0104E5  C5 46       CMP $46
0104E7  90 04       BCC $0104ED
0104E9  F0 02       BEQ $0104ED
0104EB  80 0A       BRA $0104F7
0104ED  38          SEC
0104EE  E9 10 00    SBC #$0010
0104F1  90 04       BCC $0104F7
0104F3  C5 44       CMP $44
0104F5  B0 07       BCS $0104FE
0104F7  A9 10 00    LDA #$0010
0104FA  5C 00 80 04 JML $048000
0104FE  1B          TCS
0104FF  A3 1A       LDA $1A,S
010501  83 06       STA $06,S
010503  A3 1B       LDA $1B,S
010505  83 07       STA $07,S
010507  A3 06       LDA $06,S
010509  D0 08       BNE $010513
01050B  E2 20       SEP #$20
01050D  A3 08       LDA $08,S
01050F  C2 20       REP #$20
010511  F0 04       BEQ $010517
010513  C2 20       REP #$20
010515  80 04       BRA $01051B
010517  C2 20       REP #$20
010519  80 4E       BRA $010569
01051B  A3 1A       LDA $1A,S
01051D  83 06       STA $06,S
01051F  A3 1B       LDA $1B,S
010521  83 07       STA $07,S
010523  A3 14       LDA $14,S
010525  83 0E       STA $0E,S
010527  A3 15       LDA $15,S
010529  83 0F       STA $0F,S
01052B  E2 20       SEP #$20
01052D  C2 20       REP #$20
01052F  A3 0E       LDA $0E,S
010531  85 00       STA $00
010533  A3 0F       LDA $0F,S
010535  85 01       STA $01
010537  E2 20       SEP #$20
010539  A5 00       LDA $00
01053B  83 0A       STA $0A,S
01053D  A5 01       LDA $01
01053F  83 0B       STA $0B,S
010541  A5 02       LDA $02
010543  83 0C       STA $0C,S
010545  A3 0A       LDA $0A,S
010547  83 0E       STA $0E,S
010549  A3 0B       LDA $0B,S
01054B  83 0F       STA $0F,S
01054D  A3 0C       LDA $0C,S
01054F  83 10       STA $10,S
010551  C2 20       REP #$20
010553  A3 06       LDA $06,S
010555  C3 0E       CMP $0E,S
010557  D0 0A       BNE $010563
010559  E2 20       SEP #$20
01055B  A3 08       LDA $08,S
01055D  C3 10       CMP $10,S
01055F  C2 20       REP #$20
010561  F0 04       BEQ $010567
010563  C2 20       REP #$20
010565  80 66       BRA $0105CD
010567  C2 20       REP #$20
010569  A3 14       LDA $14,S
01056B  83 06       STA $06,S
01056D  A3 15       LDA $15,S
01056F  83 07       STA $07,S
010571  A3 17       LDA $17,S
010573  83 0A       STA $0A,S
010575  A3 18       LDA $18,S
010577  83 0B       STA $0B,S
010579  3B          TSC
01057A  AA          TAX
01057B  C5 46       CMP $46
01057D  90 04       BCC $010583
01057F  F0 02       BEQ $010583
010581  80 0A       BRA $01058D
010583  38          SEC
010584  E9 0A 00    SBC #$000A
010587  90 04       BCC $01058D
010589  C5 44       CMP $44
01058B  B0 07       BCS $010594
01058D  A9 0A 00    LDA #$000A
010590  5C 00 80 04 JML $048000
010594  3B          TSC
010595  38          SEC
010596  E9 07 00    SBC #$0007
010599  1B          TCS
01059A  E2 20       SEP #$20
01059C  A9 00       LDA #$00
01059E  83 07       STA $07,S
0105A0  A3 0D       LDA $0D,S
0105A2  83 01       STA $01,S
0105A4  A3 0E       LDA $0E,S
0105A6  83 02       STA $02,S
0105A8  A3 0F       LDA $0F,S
0105AA  83 03       STA $03,S
0105AC  A3 11       LDA $11,S
0105AE  83 04       STA $04,S
0105B0  A3 12       LDA $12,S
0105B2  83 05       STA $05,S
0105B4  A3 13       LDA $13,S
0105B6  83 06       STA $06,S
0105B8  C2 20       REP #$20
0105BA  22 A5 02 01 JSL $0102A5
0105BE  A8          TAY
0105BF  3B          TSC
0105C0  18          CLC
0105C1  69 07 00    ADC #$0007
0105C4  1B          TCS
0105C5  98          TYA
0105C6  3B          TSC
0105C7  18          CLC
0105C8  69 10 00    ADC #$0010
0105CB  1B          TCS
0105CC  6B          RTL
0105CD  A3 1A       LDA $1A,S
0105CF  83 06       STA $06,S
0105D1  A3 1B       LDA $1B,S
0105D3  83 07       STA $07,S
0105D5  A3 14       LDA $14,S
0105D7  83 0E       STA $0E,S
0105D9  A3 15       LDA $15,S
0105DB  83 0F       STA $0F,S
0105DD  E2 20       SEP #$20
0105DF  C2 20       REP #$20
0105E1  A3 0E       LDA $0E,S
0105E3  85 00       STA $00
0105E5  A3 0F       LDA $0F,S
0105E7  85 01       STA $01
0105E9  E2 20       SEP #$20
0105EB  18          CLC
0105EC  A5 00       LDA $00
0105EE  69 03       ADC #$03
0105F0  85 00       STA $00
0105F2  A5 01       LDA $01
0105F4  69 00       ADC #$00
0105F6  85 01       STA $01
0105F8  A5 02       LDA $02
0105FA  69 00       ADC #$00
0105FC  85 02       STA $02
0105FE  A5 00       LDA $00
010600  83 0A       STA $0A,S
010602  A5 01       LDA $01
010604  83 0B       STA $0B,S
010606  A5 02       LDA $02
010608  83 0C       STA $0C,S
01060A  A3 0A       LDA $0A,S
01060C  83 0E       STA $0E,S
01060E  A3 0B       LDA $0B,S
010610  83 0F       STA $0F,S
010612  A3 0C       LDA $0C,S
010614  83 10       STA $10,S
010616  C2 20       REP #$20
010618  A3 06       LDA $06,S
01061A  C3 0E       CMP $0E,S
01061C  D0 0A       BNE $010628
01061E  E2 20       SEP #$20
010620  A3 08       LDA $08,S
010622  C3 10       CMP $10,S
010624  C2 20       REP #$20
010626  F0 04       BEQ $01062C
010628  C2 20       REP #$20
01062A  80 66       BRA $010692
01062C  C2 20       REP #$20
01062E  A3 14       LDA $14,S
010630  83 06       STA $06,S
010632  A3 15       LDA $15,S
010634  83 07       STA $07,S
010636  A3 17       LDA $17,S
010638  83 0A       STA $0A,S
01063A  A3 18       LDA $18,S
01063C  83 0B       STA $0B,S
01063E  3B          TSC
01063F  AA          TAX
010640  C5 46       CMP $46
010642  90 04       BCC $010648
010644  F0 02       BEQ $010648
010646  80 0A       BRA $010652
010648  38          SEC
010649  E9 0A 00    SBC #$000A
01064C  90 04       BCC $010652
01064E  C5 44       CMP $44
010650  B0 07       BCS $010659
010652  A9 0A 00    LDA #$000A
010655  5C 00 80 04 JML $048000
010659  3B          TSC
01065A  38          SEC
01065B  E9 07 00    SBC #$0007
01065E  1B          TCS
01065F  E2 20       SEP #$20
010661  A9 00       LDA #$00
010663  83 07       STA $07,S
010665  A3 0D       LDA $0D,S
010667  83 01       STA $01,S
010669  A3 0E       LDA $0E,S
01066B  83 02       STA $02,S
01066D  A3 0F       LDA $0F,S
01066F  83 03       STA $03,S
010671  A3 11       LDA $11,S
010673  83 04       STA $04,S
010675  A3 12       LDA $12,S
010677  83 05       STA $05,S
010679  A3 13       LDA $13,S
01067B  83 06       STA $06,S
01067D  C2 20       REP #$20
01067F  22 B9 03 01 JSL $0103B9
010683  A8          TAY
010684  3B          TSC
010685  18          CLC
010686  69 07 00    ADC #$0007
010689  1B          TCS
01068A  98          TYA
01068B  3B          TSC
01068C  18          CLC
01068D  69 10 00    ADC #$0010
010690  1B          TCS
010691  6B          RTL
010692  A3 1A       LDA $1A,S
010694  83 06       STA $06,S
010696  A3 1B       LDA $1B,S
010698  83 07       STA $07,S
01069A  A3 06       LDA $06,S
01069C  85 00       STA $00
01069E  A3 07       LDA $07,S
0106A0  85 01       STA $01
0106A2  A7 00       LDA [$00]
0106A4  83 0A       STA $0A,S
0106A6  E2 20       SEP #$20
0106A8  A0 02 00    LDY #$0002
0106AB  B7 00       LDA [$00],Y
0106AD  83 0C       STA $0C,S
0106AF  C2 20       REP #$20
0106B1  A3 0A       LDA $0A,S
0106B3  83 01       STA $01,S
0106B5  A3 0B       LDA $0B,S
0106B7  83 02       STA $02,S
0106B9  A3 17       LDA $17,S
0106BB  83 06       STA $06,S
0106BD  A3 18       LDA $18,S
0106BF  83 07       STA $07,S
0106C1  A3 1A       LDA $1A,S
0106C3  83 0A       STA $0A,S
0106C5  A3 1B       LDA $1B,S
0106C7  83 0B       STA $0B,S
0106C9  A3 06       LDA $06,S
0106CB  85 00       STA $00
0106CD  A3 07       LDA $07,S
0106CF  85 01       STA $01
0106D1  A3 0A       LDA $0A,S
0106D3  A0 03 00    LDY #$0003
0106D6  97 00       STA [$00],Y
0106D8  E2 20       SEP #$20
0106DA  A3 0C       LDA $0C,S
0106DC  A0 05 00    LDY #$0005
0106DF  97 00       STA [$00],Y
0106E1  C2 20       REP #$20
0106E3  A3 17       LDA $17,S
0106E5  83 06       STA $06,S
0106E7  A3 18       LDA $18,S
0106E9  83 07       STA $07,S
0106EB  A3 01       LDA $01,S
0106ED  83 0A       STA $0A,S
0106EF  A3 02       LDA $02,S
0106F1  83 0B       STA $0B,S
0106F3  A3 06       LDA $06,S
0106F5  85 00       STA $00
0106F7  A3 07       LDA $07,S
0106F9  85 01       STA $01
0106FB  A3 0A       LDA $0A,S
0106FD  87 00       STA [$00]
0106FF  E2 20       SEP #$20
010701  A3 0C       LDA $0C,S
010703  A0 02 00    LDY #$0002
010706  97 00       STA [$00],Y
010708  C2 20       REP #$20
01070A  A3 01       LDA $01,S
01070C  83 06       STA $06,S
01070E  A3 02       LDA $02,S
010710  83 07       STA $07,S
010712  A3 17       LDA $17,S
010714  83 0A       STA $0A,S
010716  A3 18       LDA $18,S
010718  83 0B       STA $0B,S
01071A  A3 06       LDA $06,S
01071C  85 00       STA $00
01071E  A3 07       LDA $07,S
010720  85 01       STA $01
010722  A3 0A       LDA $0A,S
010724  A0 03 00    LDY #$0003
010727  97 00       STA [$00],Y
010729  E2 20       SEP #$20
01072B  A3 0C       LDA $0C,S
01072D  A0 05 00    LDY #$0005
010730  97 00       STA [$00],Y
010732  C2 20       REP #$20
010734  A3 1A       LDA $1A,S
010736  83 06       STA $06,S
010738  A3 1B       LDA $1B,S
01073A  83 07       STA $07,S
01073C  A3 17       LDA $17,S
01073E  83 0A       STA $0A,S
010740  A3 18       LDA $18,S
010742  83 0B       STA $0B,S
010744  A3 06       LDA $06,S
010746  85 00       STA $00
010748  A3 07       LDA $07,S
01074A  85 01       STA $01
01074C  A3 0A       LDA $0A,S
01074E  87 00       STA [$00]
010750  E2 20       SEP #$20
010752  A3 0C       LDA $0C,S
010754  A0 02 00    LDY #$0002
010757  97 00       STA [$00],Y
010759  C2 20       REP #$20
01075B  3B          TSC
01075C  18          CLC
01075D  69 10 00    ADC #$0010
010760  1B          TCS
010761  6B          RTL
010762  3B          TSC
010763  AA          TAX
010764  C5 46       CMP $46
010766  90 04       BCC $01076C
010768  F0 02       BEQ $01076C
01076A  80 0A       BRA $010776
01076C  38          SEC
01076D  E9 00 00    SBC #$0000
010770  90 04       BCC $010776
010772  C5 44       CMP $44
010774  B0 07       BCS $01077D
010776  A9 00 00    LDA #$0000
010779  5C 00 80 04 JML $048000
01077D  1B          TCS
01077E  A3 04       LDA $04,S
010780  85 00       STA $00
010782  A3 05       LDA $05,S
010784  85 01       STA $01
010786  A0 03 00    LDY #$0003
010789  B7 00       LDA [$00],Y
01078B  85 03       STA $03
01078D  E2 20       SEP #$20
01078F  A0 05 00    LDY #$0005
010792  B7 00       LDA [$00],Y
010794  85 05       STA $05
010796  C2 20       REP #$20
010798  A7 00       LDA [$00]
01079A  85 06       STA $06
01079C  E2 20       SEP #$20
01079E  A0 02 00    LDY #$0002
0107A1  B7 00       LDA [$00],Y
0107A3  85 08       STA $08
0107A5  C2 20       REP #$20
0107A7  A5 06       LDA $06
0107A9  87 03       STA [$03]
0107AB  E2 20       SEP #$20
0107AD  A5 08       LDA $08
0107AF  A0 02 00    LDY #$0002
0107B2  97 03       STA [$03],Y
0107B4  C2 20       REP #$20
0107B6  A5 03       LDA $03
0107B8  A0 03 00    LDY #$0003
0107BB  97 06       STA [$06],Y
0107BD  E2 20       SEP #$20
0107BF  A5 05       LDA $05
0107C1  A0 05 00    LDY #$0005
0107C4  97 06       STA [$06],Y
0107C6  C2 20       REP #$20
0107C8  6B          RTL
0107C9  3B          TSC
0107CA  AA          TAX
0107CB  C5 46       CMP $46
0107CD  90 04       BCC $0107D3
0107CF  F0 02       BEQ $0107D3
0107D1  80 0A       BRA $0107DD
0107D3  38          SEC
0107D4  E9 0C 00    SBC #$000C
0107D7  90 04       BCC $0107DD
0107D9  C5 44       CMP $44
0107DB  B0 07       BCS $0107E4
0107DD  A9 0C 00    LDA #$000C
0107E0  5C 00 80 04 JML $048000
0107E4  1B          TCS
0107E5  A3 10       LDA $10,S
0107E7  83 0A       STA $0A,S
0107E9  A3 11       LDA $11,S
0107EB  83 0B       STA $0B,S
0107ED  A3 0A       LDA $0A,S
0107EF  85 00       STA $00
0107F1  A3 0B       LDA $0B,S
0107F3  85 01       STA $01
0107F5  A7 00       LDA [$00]
0107F7  83 06       STA $06,S
0107F9  E2 20       SEP #$20
0107FB  A0 02 00    LDY #$0002
0107FE  B7 00       LDA [$00],Y
010800  83 08       STA $08,S
010802  C2 20       REP #$20
010804  A3 06       LDA $06,S
010806  83 01       STA $01,S
010808  A3 07       LDA $07,S
01080A  83 02       STA $02,S
01080C  A3 06       LDA $06,S
01080E  85 00       STA $00
010810  A3 07       LDA $07,S
010812  85 01       STA $01
010814  A7 00       LDA [$00]
010816  83 0A       STA $0A,S
010818  E2 20       SEP #$20
01081A  A0 02 00    LDY #$0002
01081D  B7 00       LDA [$00],Y
01081F  83 0C       STA $0C,S
010821  C2 20       REP #$20
010823  A3 0A       LDA $0A,S
010825  D0 08       BNE $01082F
010827  E2 20       SEP #$20
010829  A3 0C       LDA $0C,S
01082B  C2 20       REP #$20
01082D  F0 04       BEQ $010833
01082F  C2 20       REP #$20
010831  80 11       BRA $010844
010833  C2 20       REP #$20
010835  A2 00 00    LDX #$0000
010838  A9 00 00    LDA #$0000
01083B  A8          TAY
01083C  3B          TSC
01083D  18          CLC
01083E  69 0C 00    ADC #$000C
010841  1B          TCS
010842  98          TYA
010843  6B          RTL
010844  A3 01       LDA $01,S
010846  83 06       STA $06,S
010848  A3 02       LDA $02,S
01084A  83 07       STA $07,S
01084C  3B          TSC
01084D  AA          TAX
01084E  C5 46       CMP $46
010850  90 04       BCC $010856
010852  F0 02       BEQ $010856
010854  80 0A       BRA $010860
010856  38          SEC
010857  E9 06 00    SBC #$0006
01085A  90 04       BCC $010860
01085C  C5 44       CMP $44
01085E  B0 07       BCS $010867
010860  A9 06 00    LDA #$0006
010863  5C 00 80 04 JML $048000
010867  3B          TSC
010868  38          SEC
010869  E9 03 00    SBC #$0003
01086C  1B          TCS
01086D  E2 20       SEP #$20
01086F  A9 00       LDA #$00
010871  A3 09       LDA $09,S
010873  83 01       STA $01,S
010875  A3 0A       LDA $0A,S
010877  83 02       STA $02,S
010879  A3 0B       LDA $0B,S
01087B  83 03       STA $03,S
01087D  C2 20       REP #$20
01087F  22 62 07 01 JSL $010762
010883  A8          TAY
010884  3B          TSC
010885  18          CLC
010886  69 03 00    ADC #$0003
010889  1B          TCS
01088A  98          TYA
01088B  A3 01       LDA $01,S
01088D  83 06       STA $06,S
01088F  A3 02       LDA $02,S
010891  83 07       STA $07,S
010893  A3 07       LDA $07,S
010895  EB          XBA
010896  29 FF 00    AND #$00FF
010899  AA          TAX
01089A  A3 06       LDA $06,S
01089C  A8          TAY
01089D  3B          TSC
01089E  18          CLC
01089F  69 0C 00    ADC #$000C
0108A2  1B          TCS
0108A3  98          TYA
0108A4  6B          RTL
0108A5  3B          TSC
0108A6  AA          TAX
0108A7  C5 46       CMP $46
0108A9  90 04       BCC $0108AF
0108AB  F0 02       BEQ $0108AF
0108AD  80 0A       BRA $0108B9
0108AF  38          SEC
0108B0  E9 0C 00    SBC #$000C
0108B3  90 04       BCC $0108B9
0108B5  C5 44       CMP $44
0108B7  B0 07       BCS $0108C0
0108B9  A9 0C 00    LDA #$000C
0108BC  5C 00 80 04 JML $048000
0108C0  1B          TCS
0108C1  A3 10       LDA $10,S
0108C3  83 0A       STA $0A,S
0108C5  A3 11       LDA $11,S
0108C7  83 0B       STA $0B,S
0108C9  A3 0A       LDA $0A,S
0108CB  85 00       STA $00
0108CD  A3 0B       LDA $0B,S
0108CF  85 01       STA $01
0108D1  A0 06 00    LDY #$0006
0108D4  B7 00       LDA [$00],Y
0108D6  83 06       STA $06,S
0108D8  E2 20       SEP #$20
0108DA  A0 08 00    LDY #$0008
0108DD  B7 00       LDA [$00],Y
0108DF  83 08       STA $08,S
0108E1  C2 20       REP #$20
0108E3  A3 06       LDA $06,S
0108E5  83 01       STA $01,S
0108E7  A3 07       LDA $07,S
0108E9  83 02       STA $02,S
0108EB  A3 06       LDA $06,S
0108ED  85 00       STA $00
0108EF  A3 07       LDA $07,S
0108F1  85 01       STA $01
0108F3  A0 03 00    LDY #$0003
0108F6  B7 00       LDA [$00],Y
0108F8  83 0A       STA $0A,S
0108FA  E2 20       SEP #$20
0108FC  A0 05 00    LDY #$0005
0108FF  B7 00       LDA [$00],Y
010901  83 0C       STA $0C,S
010903  C2 20       REP #$20
010905  A3 0A       LDA $0A,S
010907  D0 08       BNE $010911
010909  E2 20       SEP #$20
01090B  A3 0C       LDA $0C,S
01090D  C2 20       REP #$20
01090F  F0 04       BEQ $010915
010911  C2 20       REP #$20
010913  80 11       BRA $010926
010915  C2 20       REP #$20
010917  A2 00 00    LDX #$0000
01091A  A9 00 00    LDA #$0000
01091D  A8          TAY
01091E  3B          TSC
01091F  18          CLC
010920  69 0C 00    ADC #$000C
010923  1B          TCS
010924  98          TYA
010925  6B          RTL
010926  A3 01       LDA $01,S
010928  83 06       STA $06,S
01092A  A3 02       LDA $02,S
01092C  83 07       STA $07,S
01092E  3B          TSC
01092F  AA          TAX
010930  C5 46       CMP $46
010932  90 04       BCC $010938
010934  F0 02       BEQ $010938
010936  80 0A       BRA $010942
010938  38          SEC
010939  E9 06 00    SBC #$0006
01093C  90 04       BCC $010942
01093E  C5 44       CMP $44
010940  B0 07       BCS $010949
010942  A9 06 00    LDA #$0006
010945  5C 00 80 04 JML $048000
010949  3B          TSC
01094A  38          SEC
01094B  E9 03 00    SBC #$0003
01094E  1B          TCS
01094F  E2 20       SEP #$20
010951  A9 00       LDA #$00
010953  A3 09       LDA $09,S
010955  83 01       STA $01,S
010957  A3 0A       LDA $0A,S
010959  83 02       STA $02,S
01095B  A3 0B       LDA $0B,S
01095D  83 03       STA $03,S
01095F  C2 20       REP #$20
010961  22 62 07 01 JSL $010762
010965  A8          TAY
010966  3B          TSC
010967  18          CLC
010968  69 03 00    ADC #$0003
01096B  1B          TCS
01096C  98          TYA
01096D  A3 01       LDA $01,S
01096F  83 06       STA $06,S
010971  A3 02       LDA $02,S
010973  83 07       STA $07,S
010975  A3 07       LDA $07,S
010977  EB          XBA
010978  29 FF 00    AND #$00FF
01097B  AA          TAX
01097C  A3 06       LDA $06,S
01097E  A8          TAY
01097F  3B          TSC
010980  18          CLC
010981  69 0C 00    ADC #$000C
010984  1B          TCS
010985  98          TYA
010986  6B          RTL
010987  3B          TSC
010988  AA          TAX
010989  C5 46       CMP $46
01098B  90 04       BCC $010991
01098D  F0 02       BEQ $010991
01098F  80 0A       BRA $01099B
010991  38          SEC
010992  E9 14 00    SBC #$0014
010995  90 04       BCC $01099B
010997  C5 44       CMP $44
010999  B0 07       BCS $0109A2
01099B  A9 14 00    LDA #$0014
01099E  5C 00 80 04 JML $048000
0109A2  1B          TCS
0109A3  A3 18       LDA $18,S
0109A5  83 02       STA $02,S
0109A7  A3 19       LDA $19,S
0109A9  83 03       STA $03,S
0109AB  A3 02       LDA $02,S
0109AD  85 00       STA $00
0109AF  A3 03       LDA $03,S
0109B1  85 01       STA $01
0109B3  A7 00       LDA [$00]
0109B5  83 06       STA $06,S
0109B7  E2 20       SEP #$20
0109B9  A0 02 00    LDY #$0002
0109BC  B7 00       LDA [$00],Y
0109BE  83 08       STA $08,S
0109C0  C2 20       REP #$20
0109C2  E2 20       SEP #$20
0109C4  A3 06       LDA $06,S
0109C6  83 12       STA $12,S
0109C8  A3 07       LDA $07,S
0109CA  83 13       STA $13,S
0109CC  A3 08       LDA $08,S
0109CE  83 14       STA $14,S
0109D0  A3 12       LDA $12,S
0109D2  83 02       STA $02,S
0109D4  A3 13       LDA $13,S
0109D6  83 03       STA $03,S
0109D8  A3 14       LDA $14,S
0109DA  83 04       STA $04,S
0109DC  C2 20       REP #$20
0109DE  A3 02       LDA $02,S
0109E0  85 00       STA $00
0109E2  A3 03       LDA $03,S
0109E4  85 01       STA $01
0109E6  A7 00       LDA [$00]
0109E8  83 06       STA $06,S
0109EA  E2 20       SEP #$20
0109EC  A0 02 00    LDY #$0002
0109EF  B7 00       LDA [$00],Y
0109F1  83 08       STA $08,S
0109F3  C2 20       REP #$20
0109F5  A3 06       LDA $06,S
0109F7  D0 0B       BNE $010A04
0109F9  E2 20       SEP #$20
0109FB  A3 08       LDA $08,S
0109FD  C2 20       REP #$20
0109FF  D0 03       BNE $010A04
010A01  82 0D 01    BRL $010B11
010A04  C2 20       REP #$20
010A06  A3 1B       LDA $1B,S
010A08  83 06       STA $06,S
010A0A  A3 1C       LDA $1C,S
010A0C  83 07       STA $07,S
010A0E  A3 06       LDA $06,S
010A10  85 00       STA $00
010A12  A3 07       LDA $07,S
010A14  85 01       STA $01
010A16  E2 20       SEP #$20
010A18  A0 07 00    LDY #$0007
010A1B  B7 00       LDA [$00],Y
010A1D  83 05       STA $05,S
010A1F  A9 80       LDA #$80
010A21  85 10       STA $10
010A23  A3 05       LDA $05,S
010A25  45 10       EOR $10
010A27  83 01       STA $01,S
010A29  C2 20       REP #$20
010A2B  A3 02       LDA $02,S
010A2D  85 00       STA $00
010A2F  A3 03       LDA $03,S
010A31  85 01       STA $01
010A33  E2 20       SEP #$20
010A35  A0 07 00    LDY #$0007
010A38  B7 00       LDA [$00],Y
010A3A  83 06       STA $06,S
010A3C  A9 80       LDA #$80
010A3E  85 10       STA $10
010A40  A3 06       LDA $06,S
010A42  45 10       EOR $10
010A44  83 05       STA $05,S
010A46  A3 05       LDA $05,S
010A48  C3 01       CMP $01,S
010A4A  C2 20       REP #$20
010A4C  90 03       BCC $010A51
010A4E  82 8A 00    BRL $010ADB
010A51  C2 20       REP #$20
010A53  A3 18       LDA $18,S
010A55  83 06       STA $06,S
010A57  A3 19       LDA $19,S
010A59  83 07       STA $07,S
010A5B  A3 1B       LDA $1B,S
010A5D  83 0A       STA $0A,S
010A5F  A3 1C       LDA $1C,S
010A61  83 0B       STA $0B,S
010A63  A3 02       LDA $02,S
010A65  85 00       STA $00
010A67  A3 03       LDA $03,S
010A69  85 01       STA $01
010A6B  A0 03 00    LDY #$0003
010A6E  B7 00       LDA [$00],Y
010A70  83 0E       STA $0E,S
010A72  E2 20       SEP #$20
010A74  A0 05 00    LDY #$0005
010A77  B7 00       LDA [$00],Y
010A79  83 10       STA $10,S
010A7B  C2 20       REP #$20
010A7D  3B          TSC
010A7E  AA          TAX
010A7F  C5 46       CMP $46
010A81  90 04       BCC $010A87
010A83  F0 02       BEQ $010A87
010A85  80 0A       BRA $010A91
010A87  38          SEC
010A88  E9 0C 00    SBC #$000C
010A8B  90 04       BCC $010A91
010A8D  C5 44       CMP $44
010A8F  B0 07       BCS $010A98
010A91  A9 0C 00    LDA #$000C
010A94  5C 00 80 04 JML $048000
010A98  3B          TSC
010A99  38          SEC
010A9A  E9 09 00    SBC #$0009
010A9D  1B          TCS
010A9E  E2 20       SEP #$20
010AA0  A9 00       LDA #$00
010AA2  A3 0F       LDA $0F,S
010AA4  83 01       STA $01,S
010AA6  A3 10       LDA $10,S
010AA8  83 02       STA $02,S
010AAA  A3 11       LDA $11,S
010AAC  83 03       STA $03,S
010AAE  A3 13       LDA $13,S
010AB0  83 04       STA $04,S
010AB2  A3 14       LDA $14,S
010AB4  83 05       STA $05,S
010AB6  A3 15       LDA $15,S
010AB8  83 06       STA $06,S
010ABA  A3 17       LDA $17,S
010ABC  83 07       STA $07,S
010ABE  A3 18       LDA $18,S
010AC0  83 08       STA $08,S
010AC2  A3 19       LDA $19,S
010AC4  83 09       STA $09,S
010AC6  C2 20       REP #$20
010AC8  22 E3 04 01 JSL $0104E3
010ACC  A8          TAY
010ACD  3B          TSC
010ACE  18          CLC
010ACF  69 09 00    ADC #$0009
010AD2  1B          TCS
010AD3  98          TYA
010AD4  3B          TSC
010AD5  18          CLC
010AD6  69 14 00    ADC #$0014
010AD9  1B          TCS
010ADA  6B          RTL
010ADB  A3 02       LDA $02,S
010ADD  85 00       STA $00
010ADF  A3 03       LDA $03,S
010AE1  85 01       STA $01
010AE3  A7 00       LDA [$00]
010AE5  83 06       STA $06,S
010AE7  E2 20       SEP #$20
010AE9  A0 02 00    LDY #$0002
010AEC  B7 00       LDA [$00],Y
010AEE  83 08       STA $08,S
010AF0  C2 20       REP #$20
010AF2  E2 20       SEP #$20
010AF4  A3 06       LDA $06,S
010AF6  83 12       STA $12,S
010AF8  A3 07       LDA $07,S
010AFA  83 13       STA $13,S
010AFC  A3 08       LDA $08,S
010AFE  83 14       STA $14,S
010B00  A3 12       LDA $12,S
010B02  83 02       STA $02,S
010B04  A3 13       LDA $13,S
010B06  83 03       STA $03,S
010B08  A3 14       LDA $14,S
010B0A  83 04       STA $04,S
010B0C  C2 20       REP #$20
010B0E  82 CD FE    BRL $0109DE
010B11  A3 18       LDA $18,S
010B13  83 02       STA $02,S
010B15  A3 19       LDA $19,S
010B17  83 03       STA $03,S
010B19  A3 1B       LDA $1B,S
010B1B  83 06       STA $06,S
010B1D  A3 1C       LDA $1C,S
010B1F  83 07       STA $07,S
010B21  3B          TSC
010B22  AA          TAX
010B23  C5 46       CMP $46
010B25  90 04       BCC $010B2B
010B27  F0 02       BEQ $010B2B
010B29  80 0A       BRA $010B35
010B2B  38          SEC
010B2C  E9 0A 00    SBC #$000A
010B2F  90 04       BCC $010B35
010B31  C5 44       CMP $44
010B33  B0 07       BCS $010B3C
010B35  A9 0A 00    LDA #$000A
010B38  5C 00 80 04 JML $048000
010B3C  3B          TSC
010B3D  38          SEC
010B3E  E9 07 00    SBC #$0007
010B41  1B          TCS
010B42  E2 20       SEP #$20
010B44  A9 00       LDA #$00
010B46  83 07       STA $07,S
010B48  A3 09       LDA $09,S
010B4A  83 01       STA $01,S
010B4C  A3 0A       LDA $0A,S
010B4E  83 02       STA $02,S
010B50  A3 0B       LDA $0B,S
010B52  83 03       STA $03,S
010B54  A3 0D       LDA $0D,S
010B56  83 04       STA $04,S
010B58  A3 0E       LDA $0E,S
010B5A  83 05       STA $05,S
010B5C  A3 0F       LDA $0F,S
010B5E  83 06       STA $06,S
010B60  C2 20       REP #$20
010B62  22 B9 03 01 JSL $0103B9
010B66  A8          TAY
010B67  3B          TSC
010B68  18          CLC
010B69  69 07 00    ADC #$0007
010B6C  1B          TCS
010B6D  98          TYA
010B6E  3B          TSC
010B6F  18          CLC
010B70  69 14 00    ADC #$0014
010B73  1B          TCS
010B74  6B          RTL
010B75  3B          TSC
010B76  AA          TAX
010B77  C5 46       CMP $46
010B79  90 04       BCC $010B7F
010B7B  F0 02       BEQ $010B7F
010B7D  80 0A       BRA $010B89
010B7F  38          SEC
010B80  E9 1C 00    SBC #$001C
010B83  90 04       BCC $010B89
010B85  C5 44       CMP $44
010B87  B0 07       BCS $010B90
010B89  A9 1C 00    LDA #$001C
010B8C  5C 00 80 04 JML $048000
010B90  1B          TCS
010B91  A3 20       LDA $20,S
010B93  83 02       STA $02,S
010B95  A3 21       LDA $21,S
010B97  83 03       STA $03,S
010B99  A3 02       LDA $02,S
010B9B  85 00       STA $00
010B9D  A3 03       LDA $03,S
010B9F  85 01       STA $01
010BA1  A7 00       LDA [$00]
010BA3  83 06       STA $06,S
010BA5  E2 20       SEP #$20
010BA7  A0 02 00    LDY #$0002
010BAA  B7 00       LDA [$00],Y
010BAC  83 08       STA $08,S
010BAE  C2 20       REP #$20
010BB0  E2 20       SEP #$20
010BB2  A3 06       LDA $06,S
010BB4  83 16       STA $16,S
010BB6  A3 07       LDA $07,S
010BB8  83 17       STA $17,S
010BBA  A3 08       LDA $08,S
010BBC  83 18       STA $18,S
010BBE  A3 16       LDA $16,S
010BC0  83 02       STA $02,S
010BC2  A3 17       LDA $17,S
010BC4  83 03       STA $03,S
010BC6  A3 18       LDA $18,S
010BC8  83 04       STA $04,S
010BCA  C2 20       REP #$20
010BCC  A3 02       LDA $02,S
010BCE  85 00       STA $00
010BD0  A3 03       LDA $03,S
010BD2  85 01       STA $01
010BD4  A7 00       LDA [$00]
010BD6  83 06       STA $06,S
010BD8  E2 20       SEP #$20
010BDA  A0 02 00    LDY #$0002
010BDD  B7 00       LDA [$00],Y
010BDF  83 08       STA $08,S
010BE1  C2 20       REP #$20
010BE3  A3 06       LDA $06,S
010BE5  D0 0B       BNE $010BF2
010BE7  E2 20       SEP #$20
010BE9  A3 08       LDA $08,S
010BEB  C2 20       REP #$20
010BED  D0 03       BNE $010BF2
010BEF  82 9F 01    BRL $010D91
010BF2  C2 20       REP #$20
010BF4  A3 02       LDA $02,S
010BF6  85 00       STA $00
010BF8  A3 03       LDA $03,S
010BFA  85 01       STA $01
010BFC  A0 08 00    LDY #$0008
010BFF  B7 00       LDA [$00],Y
010C01  83 06       STA $06,S
010C03  E2 20       SEP #$20
010C05  A0 0A 00    LDY #$000A
010C08  B7 00       LDA [$00],Y
010C0A  83 08       STA $08,S
010C0C  C2 20       REP #$20
010C0E  A3 23       LDA $23,S
010C10  83 0A       STA $0A,S
010C12  A3 24       LDA $24,S
010C14  83 0B       STA $0B,S
010C16  A3 06       LDA $06,S
010C18  D0 0B       BNE $010C25
010C1A  E2 20       SEP #$20
010C1C  A3 08       LDA $08,S
010C1E  C2 20       REP #$20
010C20  D0 03       BNE $010C25
010C22  82 36 01    BRL $010D5B
010C25  C2 20       REP #$20
010C27  E2 20       SEP #$20
010C29  A3 06       LDA $06,S
010C2B  83 16       STA $16,S
010C2D  A3 07       LDA $07,S
010C2F  83 17       STA $17,S
010C31  A3 08       LDA $08,S
010C33  83 18       STA $18,S
010C35  A3 0A       LDA $0A,S
010C37  83 1A       STA $1A,S
010C39  A3 0B       LDA $0B,S
010C3B  83 1B       STA $1B,S
010C3D  A3 0C       LDA $0C,S
010C3F  83 1C       STA $1C,S
010C41  A3 16       LDA $16,S
010C43  83 0A       STA $0A,S
010C45  A3 17       LDA $17,S
010C47  83 0B       STA $0B,S
010C49  A3 18       LDA $18,S
010C4B  83 0C       STA $0C,S
010C4D  A3 1A       LDA $1A,S
010C4F  83 06       STA $06,S
010C51  A3 1B       LDA $1B,S
010C53  83 07       STA $07,S
010C55  A3 1C       LDA $1C,S
010C57  83 08       STA $08,S
010C59  C2 20       REP #$20
010C5B  A3 0A       LDA $0A,S
010C5D  85 00       STA $00
010C5F  A3 0B       LDA $0B,S
010C61  85 01       STA $01
010C63  E2 20       SEP #$20
010C65  A7 00       LDA [$00]
010C67  83 01       STA $01,S
010C69  C2 20       REP #$20
010C6B  A3 06       LDA $06,S
010C6D  85 00       STA $00
010C6F  A3 07       LDA $07,S
010C71  85 01       STA $01
010C73  E2 20       SEP #$20
010C75  A7 00       LDA [$00]
010C77  83 05       STA $05,S
010C79  A3 01       LDA $01,S
010C7B  C3 05       CMP $05,S
010C7D  C2 20       REP #$20
010C7F  F0 03       BEQ $010C84
010C81  82 D7 00    BRL $010D5B
010C84  C2 20       REP #$20
010C86  A3 0A       LDA $0A,S
010C88  85 00       STA $00
010C8A  A3 0B       LDA $0B,S
010C8C  85 01       STA $01
010C8E  E2 20       SEP #$20
010C90  A7 00       LDA [$00]
010C92  83 01       STA $01,S
010C94  A3 01       LDA $01,S
010C96  C9 00       CMP #$00
010C98  C2 20       REP #$20
010C9A  F0 02       BEQ $010C9E
010C9C  80 14       BRA $010CB2
010C9E  C2 20       REP #$20
010CA0  A3 03       LDA $03,S
010CA2  EB          XBA
010CA3  29 FF 00    AND #$00FF
010CA6  AA          TAX
010CA7  A3 02       LDA $02,S
010CA9  A8          TAY
010CAA  3B          TSC
010CAB  18          CLC
010CAC  69 1C 00    ADC #$001C
010CAF  1B          TCS
010CB0  98          TYA
010CB1  6B          RTL
010CB2  E2 20       SEP #$20
010CB4  A3 0A       LDA $0A,S
010CB6  83 0E       STA $0E,S
010CB8  A3 0B       LDA $0B,S
010CBA  83 0F       STA $0F,S
010CBC  A3 0C       LDA $0C,S
010CBE  83 10       STA $10,S
010CC0  18          CLC
010CC1  A9 01       LDA #$01
010CC3  85 10       STA $10
010CC5  A3 0E       LDA $0E,S
010CC7  65 10       ADC $10
010CC9  83 12       STA $12,S
010CCB  A9 00       LDA #$00
010CCD  85 10       STA $10
010CCF  A3 0F       LDA $0F,S
010CD1  65 10       ADC $10
010CD3  83 13       STA $13,S
010CD5  A9 00       LDA #$00
010CD7  85 10       STA $10
010CD9  A3 10       LDA $10,S
010CDB  65 10       ADC $10
010CDD  83 14       STA $14,S
010CDF  A3 12       LDA $12,S
010CE1  83 0A       STA $0A,S
010CE3  A3 13       LDA $13,S
010CE5  83 0B       STA $0B,S
010CE7  A3 14       LDA $14,S
010CE9  83 0C       STA $0C,S
010CEB  A3 06       LDA $06,S
010CED  83 0E       STA $0E,S
010CEF  A3 07       LDA $07,S
010CF1  83 0F       STA $0F,S
010CF3  A3 08       LDA $08,S
010CF5  83 10       STA $10,S
010CF7  18          CLC
010CF8  A9 01       LDA #$01
010CFA  85 10       STA $10
010CFC  A3 0E       LDA $0E,S
010CFE  65 10       ADC $10
010D00  83 06       STA $06,S
010D02  A9 00       LDA #$00
010D04  85 10       STA $10
010D06  A3 0F       LDA $0F,S
010D08  65 10       ADC $10
010D0A  83 07       STA $07,S
010D0C  A9 00       LDA #$00
010D0E  85 10       STA $10
010D10  A3 10       LDA $10,S
010D12  65 10       ADC $10
010D14  83 08       STA $08,S
010D16  A3 06       LDA $06,S
010D18  83 0E       STA $0E,S
010D1A  A3 07       LDA $07,S
010D1C  83 0F       STA $0F,S
010D1E  A3 08       LDA $08,S
010D20  83 10       STA $10,S
010D22  C2 20       REP #$20
010D24  E2 20       SEP #$20
010D26  A3 0A       LDA $0A,S
010D28  83 16       STA $16,S
010D2A  A3 0B       LDA $0B,S
010D2C  83 17       STA $17,S
010D2E  A3 0C       LDA $0C,S
010D30  83 18       STA $18,S
010D32  A3 0E       LDA $0E,S
010D34  83 1A       STA $1A,S
010D36  A3 0F       LDA $0F,S
010D38  83 1B       STA $1B,S
010D3A  A3 10       LDA $10,S
010D3C  83 1C       STA $1C,S
010D3E  A3 16       LDA $16,S
010D40  83 0A       STA $0A,S
010D42  A3 17       LDA $17,S
010D44  83 0B       STA $0B,S
010D46  A3 18       LDA $18,S
010D48  83 0C       STA $0C,S
010D4A  A3 1A       LDA $1A,S
010D4C  83 06       STA $06,S
010D4E  A3 1B       LDA $1B,S
010D50  83 07       STA $07,S
010D52  A3 1C       LDA $1C,S
010D54  83 08       STA $08,S
010D56  C2 20       REP #$20
010D58  82 00 FF    BRL $010C5B
010D5B  A3 02       LDA $02,S
010D5D  85 00       STA $00
010D5F  A3 03       LDA $03,S
010D61  85 01       STA $01
010D63  A7 00       LDA [$00]
010D65  83 06       STA $06,S
010D67  E2 20       SEP #$20
010D69  A0 02 00    LDY #$0002
010D6C  B7 00       LDA [$00],Y
010D6E  83 08       STA $08,S
010D70  C2 20       REP #$20
010D72  E2 20       SEP #$20
010D74  A3 06       LDA $06,S
010D76  83 16       STA $16,S
010D78  A3 07       LDA $07,S
010D7A  83 17       STA $17,S
010D7C  A3 08       LDA $08,S
010D7E  83 18       STA $18,S
010D80  A3 16       LDA $16,S
010D82  83 02       STA $02,S
010D84  A3 17       LDA $17,S
010D86  83 03       STA $03,S
010D88  A3 18       LDA $18,S
010D8A  83 04       STA $04,S
010D8C  C2 20       REP #$20
010D8E  82 3B FE    BRL $010BCC
010D91  A2 00 00    LDX #$0000
010D94  A9 00 00    LDA #$0000
010D97  A8          TAY
010D98  3B          TSC
010D99  18          CLC
010D9A  69 1C 00    ADC #$001C
010D9D  1B          TCS
010D9E  98          TYA
010D9F  6B          RTL
010DA0  3B          TSC
010DA1  AA          TAX
010DA2  C5 46       CMP $46
010DA4  90 04       BCC $010DAA
010DA6  F0 02       BEQ $010DAA
010DA8  80 0A       BRA $010DB4
010DAA  38          SEC
010DAB  E9 00 00    SBC #$0000
010DAE  90 04       BCC $010DB4
010DB0  C5 44       CMP $44
010DB2  B0 07       BCS $010DBB
010DB4  A9 00 00    LDA #$0000
010DB7  5C 00 80 04 JML $048000
010DBB  1B          TCS
010DBC  6B          RTL
