010000  3B          TSC
010001  AA          TAX
010002  C5 46       CMP $46
010004  B0 04       BCS $01000A
010006  5C 14 00 01 JML $010014
01000A  D0 04       BNE $010010
01000C  5C 14 00 01 JML $010014
010010  5C 26 00 01 JML $010026
010014  38          SEC
010015  E9 10 00    SBC #$0010
010018  B0 04       BCS $01001E
01001A  5C 26 00 01 JML $010026
01001E  C5 44       CMP $44
010020  90 04       BCC $010026
010022  5C 2D 00 01 JML $01002D
010026  A9 10 00    LDA #$0010
010029  5C 00 80 04 JML $048000
01002D  1B          TCS
01002E  E2 20       SEP #$20
010030  A3 14       LDA $14,S
010032  83 02       STA $02,S
010034  A3 15       LDA $15,S
010036  83 03       STA $03,S
010038  C2 20       REP #$20
01003A  C2 20       REP #$20
01003C  E2 20       SEP #$20
01003E  A9 00       LDA #$00
010040  83 0C       STA $0C,S
010042  A9 00       LDA #$00
010044  83 0D       STA $0D,S
010046  A3 0C       LDA $0C,S
010048  83 08       STA $08,S
01004A  A3 0D       LDA $0D,S
01004C  83 09       STA $09,S
01004E  C2 20       REP #$20
010050  5C 54 00 01 JML $010054
010054  C2 20       REP #$20
010056  A3 02       LDA $02,S
010058  83 06       STA $06,S
01005A  E2 20       SEP #$20
01005C  A9 00       LDA #$00
01005E  85 10       STA $10
010060  A3 07       LDA $07,S
010062  C5 10       CMP $10
010064  B0 04       BCS $01006A
010066  5C 88 00 01 JML $010088
01006A  F0 04       BEQ $010070
01006C  5C 8E 00 01 JML $01008E
010070  A9 00       LDA #$00
010072  85 10       STA $10
010074  A3 06       LDA $06,S
010076  C5 10       CMP $10
010078  B0 04       BCS $01007E
01007A  5C 88 00 01 JML $010088
01007E  F0 04       BEQ $010084
010080  5C 8E 00 01 JML $01008E
010084  5C 94 00 01 JML $010094
010088  A9 01       LDA #$01
01008A  5C 9A 00 01 JML $01009A
01008E  A9 01       LDA #$01
010090  5C 9A 00 01 JML $01009A
010094  A9 00       LDA #$00
010096  5C 9A 00 01 JML $01009A
01009A  83 05       STA $05,S
01009C  C2 20       REP #$20
01009E  E2 20       SEP #$20
0100A0  A3 05       LDA $05,S
0100A2  C2 20       REP #$20
0100A4  F0 04       BEQ $0100AA
0100A6  5C B2 00 01 JML $0100B2
0100AA  E2 20       SEP #$20
0100AC  C2 20       REP #$20
0100AE  5C 12 01 01 JML $010112
0100B2  E2 20       SEP #$20
0100B4  C2 20       REP #$20
0100B6  5C BA 00 01 JML $0100BA
0100BA  C2 20       REP #$20
0100BC  A3 02       LDA $02,S
0100BE  83 0A       STA $0A,S
0100C0  E2 20       SEP #$20
0100C2  18          CLC
0100C3  A3 0A       LDA $0A,S
0100C5  85 10       STA $10
0100C7  A3 08       LDA $08,S
0100C9  65 10       ADC $10
0100CB  83 06       STA $06,S
0100CD  A3 0B       LDA $0B,S
0100CF  85 10       STA $10
0100D1  A3 09       LDA $09,S
0100D3  65 10       ADC $10
0100D5  83 07       STA $07,S
0100D7  C2 20       REP #$20
0100D9  A3 02       LDA $02,S
0100DB  83 08       STA $08,S
0100DD  E2 20       SEP #$20
0100DF  38          SEC
0100E0  A9 01       LDA #$01
0100E2  85 10       STA $10
0100E4  A3 08       LDA $08,S
0100E6  E5 10       SBC $10
0100E8  83 0A       STA $0A,S
0100EA  A9 00       LDA #$00
0100EC  85 10       STA $10
0100EE  A3 09       LDA $09,S
0100F0  E5 10       SBC $10
0100F2  83 0B       STA $0B,S
0100F4  C2 20       REP #$20
0100F6  A3 0A       LDA $0A,S
0100F8  83 02       STA $02,S
0100FA  E2 20       SEP #$20
0100FC  A3 06       LDA $06,S
0100FE  83 0C       STA $0C,S
010100  A3 07       LDA $07,S
010102  83 0D       STA $0D,S
010104  A3 0C       LDA $0C,S
010106  83 08       STA $08,S
010108  A3 0D       LDA $0D,S
01010A  83 09       STA $09,S
01010C  C2 20       REP #$20
01010E  5C 54 00 01 JML $010054
010112  C2 20       REP #$20
010114  E2 20       SEP #$20
010116  A9 00       LDA #$00
010118  85 08       STA $08
01011A  85 09       STA $09
01011C  85 0A       STA $0A
01011E  85 0B       STA $0B
010120  A3 08       LDA $08,S
010122  85 08       STA $08
010124  A3 09       LDA $09,S
010126  85 09       STA $09
010128  C2 20       REP #$20
01012A  A5 08       LDA $08
01012C  A6 0A       LDX $0A
01012E  A8          TAY
01012F  3B          TSC
010130  18          CLC
010131  69 10 00    ADC #$0010
010134  1B          TCS
010135  98          TYA
010136  6B          RTL
