010000  85 38       sta	r28
010002  3B          tsc
010003  18          clc
010004  69 F6 FF    adc	#-10
010007  1B          tcs
010008  A5 38       lda	r28
01000A  85 3E       sta	r31
01000C  83 01       sta	1,s
01000E  8A          txa
01000F  83 03       sta	3,s
010011  18          clc
010012  A3 01       lda	1,s
010014  69 03 00    adc	#3
010017  85 00       sta	r0
010019  A3 03       lda	3,s
01001B  69 00 00    adc	#0
01001E  85 02       sta	r0+2
010020  A7 00       lda	[r0]
010022  83 04       sta	4,s
010024  E2 20       sep	#32
010026  A0 02 00    ldy	#2
010029  B7 00       lda	[r0],y
01002B  83 06       sta	6,s
01002D  C2 20       rep	#32
01002F  A3 01       lda	1,s
010031  85 4C       sta	btmp3
010033  A3 03       lda	3,s
010035  85 4E       sta	btmp3+2
010037  A7 4C       lda	[btmp3]
010039  83 07       sta	7,s
01003B  E2 20       sep	#32
01003D  B7 4C       lda	[btmp3],y
01003F  83 09       sta	9,s
010041  C2 20       rep	#32
010043  A3 04       lda	4,s
010045  85 4C       sta	btmp3
010047  A3 06       lda	6,s
010049  85 4E       sta	btmp3+2
01004B  A3 07       lda	7,s
01004D  87 4C       sta	[btmp3]
01004F  E2 20       sep	#32
010051  A3 09       lda	9,s
010053  97 4C       sta	[btmp3],y
010055  18          clc
010056  C2 20       rep	#32
010058  A3 07       lda	7,s
01005A  69 03 00    adc	#3
01005D  85 00       sta	r0
01005F  A3 09       lda	9,s
010061  69 00 00    adc	#0
010064  85 02       sta	r0+2
010066  A3 04       lda	4,s
010068  87 00       sta	[r0]
01006A  E2 20       sep	#32
01006C  A3 06       lda	6,s
01006E  97 00       sta	[r0],y
010070  C2 20       rep	#32
010072  3B          tsc
010073  18          clc
010074  69 0A 00    adc	#10
010077  1B          tcs
010078  6B          rtl
