010000  3B          TSC
010001  AA          TAX
010002  C5 46       CMP $46
010004  B0 04       BCS $01000A
010006  5C 14 00 01 JML $010014
01000A  D0 04       BNE $010010
01000C  5C 14 00 01 JML $010014
010010  5C 26 00 01 JML $010026
010014  38          SEC
010015  E9 04 00    SBC #$0004
010018  B0 04       BCS $01001E
01001A  5C 26 00 01 JML $010026
01001E  C5 44       CMP $44
010020  90 04       BCC $010026
010022  5C 2D 00 01 JML $01002D
010026  A9 04 00    LDA #$0004
010029  5C 00 80 04 JML $048000
01002D  1B          TCS
01002E  A3 08       LDA $08,S
010030  83 02       STA $02,S
010032  A8          TAY
010033  3B          TSC
010034  18          CLC
010035  69 04 00    ADC #$0004
010038  1B          TCS
010039  98          TYA
01003A  6B          RTL
