010000  3B          TSC
010001  AA          TAX
010002  C5 46       CMP $46
010004  B0 04       BCS $01000A
010006  5C 14 00 01 JML $010014
01000A  D0 04       BNE $010010
01000C  5C 14 00 01 JML $010014
010010  5C 26 00 01 JML $010026
010014  38          SEC
010015  E9 16 00    SBC #$0016
010018  B0 04       BCS $01001E
01001A  5C 26 00 01 JML $010026
01001E  C5 44       CMP $44
010020  90 04       BCC $010026
010022  5C 2D 00 01 JML $01002D
010026  A9 16 00    LDA #$0016
010029  5C 00 80 04 JML $048000
01002D  1B          TCS
01002E  E2 20       SEP #$20
010030  A3 1A       LDA $1A,S
010032  83 01       STA $01,S
010034  A3 1B       LDA $1B,S
010036  83 02       STA $02,S
010038  A3 1C       LDA $1C,S
01003A  83 03       STA $03,S
01003C  C2 20       REP #$20
01003E  E2 20       SEP #$20
010040  A3 1E       LDA $1E,S
010042  83 04       STA $04,S
010044  A3 1F       LDA $1F,S
010046  83 05       STA $05,S
010048  C2 20       REP #$20
01004A  A9 00 00    LDA #$0000
01004D  83 0C       STA $0C,S
01004F  5C 53 00 01 JML $010053
010053  A3 04       LDA $04,S
010055  83 08       STA $08,S
010057  C9 00 00    CMP #$0000
01005A  F0 04       BEQ $010060
01005C  5C 64 00 01 JML $010064
010060  5C DB 00 01 JML $0100DB
010064  C2 20       REP #$20
010066  5C 6A 00 01 JML $01006A
01006A  A3 01       LDA $01,S
01006C  83 08       STA $08,S
01006E  A3 02       LDA $02,S
010070  83 09       STA $09,S
010072  A3 08       LDA $08,S
010074  85 00       STA $00
010076  A3 09       LDA $09,S
010078  85 01       STA $01
01007A  E2 20       SEP #$20
01007C  A0 00 00    LDY #$0000
01007F  B7 00       LDA [$00],Y
010081  83 07       STA $07,S
010083  A3 07       LDA $07,S
010085  83 08       STA $08,S
010087  A9 00       LDA #$00
010089  83 09       STA $09,S
01008B  C2 20       REP #$20
01008D  A3 0C       LDA $0C,S
01008F  18          CLC
010090  63 08       ADC $08,S
010092  83 10       STA $10,S
010094  A3 01       LDA $01,S
010096  83 08       STA $08,S
010098  A3 02       LDA $02,S
01009A  83 09       STA $09,S
01009C  E2 20       SEP #$20
01009E  18          CLC
01009F  A9 01       LDA #$01
0100A1  85 10       STA $10
0100A3  A3 08       LDA $08,S
0100A5  65 10       ADC $10
0100A7  83 0C       STA $0C,S
0100A9  A9 00       LDA #$00
0100AB  85 10       STA $10
0100AD  A3 09       LDA $09,S
0100AF  65 10       ADC $10
0100B1  83 0D       STA $0D,S
0100B3  A9 00       LDA #$00
0100B5  85 10       STA $10
0100B7  A3 0A       LDA $0A,S
0100B9  65 10       ADC $10
0100BB  83 0E       STA $0E,S
0100BD  C2 20       REP #$20
0100BF  A3 0C       LDA $0C,S
0100C1  83 01       STA $01,S
0100C3  A3 0D       LDA $0D,S
0100C5  83 02       STA $02,S
0100C7  A3 04       LDA $04,S
0100C9  83 08       STA $08,S
0100CB  38          SEC
0100CC  E9 01 00    SBC #$0001
0100CF  83 0A       STA $0A,S
0100D1  83 04       STA $04,S
0100D3  A3 10       LDA $10,S
0100D5  83 0C       STA $0C,S
0100D7  5C 53 00 01 JML $010053
0100DB  A3 0C       LDA $0C,S
0100DD  A8          TAY
0100DE  3B          TSC
0100DF  18          CLC
0100E0  69 16 00    ADC #$0016
0100E3  1B          TCS
0100E4  98          TYA
0100E5  6B          RTL
