010000  3B          TSC
010001  AA          TAX
010002  C5 46       CMP $46
010004  B0 04       BCS $01000A
010006  5C 14 00 01 JML $010014
01000A  D0 04       BNE $010010
01000C  5C 14 00 01 JML $010014
010010  5C 26 00 01 JML $010026
010014  38          SEC
010015  E9 1A 00    SBC #$001A
010018  B0 04       BCS $01001E
01001A  5C 26 00 01 JML $010026
01001E  C5 44       CMP $44
010020  90 04       BCC $010026
010022  5C 2D 00 01 JML $01002D
010026  A9 1A 00    LDA #$001A
010029  5C 00 80 04 JML $048000
01002D  1B          TCS
01002E  A3 1E       LDA $1E,S
010030  83 06       STA $06,S
010032  18          CLC
010033  69 01 00    ADC #$0001
010036  83 08       STA $08,S
010038  A3 06       LDA $06,S
01003A  83 0E       STA $0E,S
01003C  A3 08       LDA $08,S
01003E  83 12       STA $12,S
010040  A9 00 00    LDA #$0000
010043  83 16       STA $16,S
010045  A3 0E       LDA $0E,S
010047  83 0A       STA $0A,S
010049  A3 12       LDA $12,S
01004B  83 06       STA $06,S
01004D  A3 16       LDA $16,S
01004F  83 08       STA $08,S
010051  5C 55 00 01 JML $010055
010055  A9 07 00    LDA #$0007
010058  C3 08       CMP $08,S
01005A  90 04       BCC $010060
01005C  5C 64 00 01 JML $010064
010060  5C 9C 00 01 JML $01009C
010064  C2 20       REP #$20
010066  5C 6A 00 01 JML $01006A
01006A  A3 0A       LDA $0A,S
01006C  83 02       STA $02,S
01006E  A3 02       LDA $02,S
010070  83 0C       STA $0C,S
010072  18          CLC
010073  69 01 00    ADC #$0001
010076  83 0A       STA $0A,S
010078  A3 08       LDA $08,S
01007A  18          CLC
01007B  69 01 00    ADC #$0001
01007E  83 0C       STA $0C,S
010080  A3 06       LDA $06,S
010082  83 0E       STA $0E,S
010084  A3 0A       LDA $0A,S
010086  83 12       STA $12,S
010088  A3 0C       LDA $0C,S
01008A  83 16       STA $16,S
01008C  A3 0E       LDA $0E,S
01008E  83 0A       STA $0A,S
010090  A3 12       LDA $12,S
010092  83 06       STA $06,S
010094  A3 16       LDA $16,S
010096  83 08       STA $08,S
010098  5C 55 00 01 JML $010055
01009C  A3 0A       LDA $0A,S
01009E  18          CLC
01009F  63 06       ADC $06,S
0100A1  83 08       STA $08,S
0100A3  A8          TAY
0100A4  3B          TSC
0100A5  18          CLC
0100A6  69 1A 00    ADC #$001A
0100A9  1B          TCS
0100AA  98          TYA
0100AB  6B          RTL
