010000  85 38       sta	r28
010002  3B          tsc
010003  18          clc
010004  69 F6 FF    adc	#-10
010007  1B          tcs
010008  A5 38       lda	r28
01000A  83 01       sta	1,s
01000C  83 03       sta	3,s
01000E  A3 01       lda	1,s
010010  1A          ina
010011  83 05       sta	5,s
010013  A9 00 00    lda	#0
010016  83 09       sta	9,s
010018  80 12       bra	l4
01001A  A3 03       lda	3,s
01001C  83 07       sta	7,s
01001E  A3 05       lda	5,s
010020  83 03       sta	3,s
010022  A3 07       lda	7,s
010024  1A          ina
010025  83 05       sta	5,s
010027  A3 09       lda	9,s
010029  1A          ina
01002A  83 09       sta	9,s
01002C  A3 09       lda	9,s
01002E  C9 08 00    cmp	#8
010031  90 E7       bcc	l3
010033  A3 03       lda	3,s
010035  18          clc
010036  63 05       adc	5,s
010038  A8          tay
010039  3B          tsc
01003A  18          clc
01003B  69 0A 00    adc	#10
01003E  1B          tcs
01003F  98          tya
010040  6B          rtl
