010000  3B          TSC
010001  AA          TAX
010002  C5 46       CMP $46
010004  B0 04       BCS $01000A
010006  5C 14 00 01 JML $010014
01000A  D0 04       BNE $010010
01000C  5C 14 00 01 JML $010014
010010  5C 26 00 01 JML $010026
010014  38          SEC
010015  E9 06 00    SBC #$0006
010018  B0 04       BCS $01001E
01001A  5C 26 00 01 JML $010026
01001E  C5 44       CMP $44
010020  90 04       BCC $010026
010022  5C 2D 00 01 JML $01002D
010026  A9 06 00    LDA #$0006
010029  5C 00 80 04 JML $048000
01002D  1B          TCS
01002E  A3 0A       LDA $0A,S
010030  83 02       STA $02,S
010032  A3 0C       LDA $0C,S
010034  83 04       STA $04,S
010036  C3 02       CMP $02,S
010038  B0 04       BCS $01003E
01003A  5C 42 00 01 JML $010042
01003E  5C 55 00 01 JML $010055
010042  C2 20       REP #$20
010044  5C 48 00 01 JML $010048
010048  A3 0A       LDA $0A,S
01004A  83 02       STA $02,S
01004C  A8          TAY
01004D  3B          TSC
01004E  18          CLC
01004F  69 06 00    ADC #$0006
010052  1B          TCS
010053  98          TYA
010054  6B          RTL
010055  A3 0C       LDA $0C,S
010057  83 02       STA $02,S
010059  A8          TAY
01005A  3B          TSC
01005B  18          CLC
01005C  69 06 00    ADC #$0006
01005F  1B          TCS
010060  98          TYA
010061  6B          RTL
