010000  3B          TSC
010001  AA          TAX
010002  C5 46       CMP $46
010004  B0 04       BCS $01000A
010006  5C 14 00 01 JML $010014
01000A  D0 04       BNE $010010
01000C  5C 14 00 01 JML $010014
010010  5C 26 00 01 JML $010026
010014  38          SEC
010015  E9 0E 00    SBC #$000E
010018  B0 04       BCS $01001E
01001A  5C 26 00 01 JML $010026
01001E  C5 44       CMP $44
010020  90 04       BCC $010026
010022  5C 2D 00 01 JML $01002D
010026  A9 0E 00    LDA #$000E
010029  5C 00 80 04 JML $048000
01002D  1B          TCS
01002E  E2 20       SEP #$20
010030  A3 12       LDA $12,S
010032  83 02       STA $02,S
010034  A3 13       LDA $13,S
010036  83 03       STA $03,S
010038  C2 20       REP #$20
01003A  E2 20       SEP #$20
01003C  A9 00       LDA #$00
01003E  83 08       STA $08,S
010040  A9 00       LDA #$00
010042  83 09       STA $09,S
010044  C2 20       REP #$20
010046  A3 08       LDA $08,S
010048  83 04       STA $04,S
01004A  5C 4E 00 01 JML $01004E
01004E  A3 02       LDA $02,S
010050  83 08       STA $08,S
010052  E2 20       SEP #$20
010054  A9 00       LDA #$00
010056  83 0A       STA $0A,S
010058  A9 00       LDA #$00
01005A  83 0B       STA $0B,S
01005C  C2 20       REP #$20
01005E  A3 08       LDA $08,S
010060  C3 0A       CMP $0A,S
010062  F0 04       BEQ $010068
010064  5C 6C 00 01 JML $01006C
010068  5C 91 00 01 JML $010091
01006C  C2 20       REP #$20
01006E  5C 72 00 01 JML $010072
010072  A3 02       LDA $02,S
010074  83 08       STA $08,S
010076  A3 04       LDA $04,S
010078  83 0A       STA $0A,S
01007A  18          CLC
01007B  63 08       ADC $08,S
01007D  83 0C       STA $0C,S
01007F  83 04       STA $04,S
010081  A3 02       LDA $02,S
010083  83 08       STA $08,S
010085  38          SEC
010086  E9 01 00    SBC #$0001
010089  83 0A       STA $0A,S
01008B  83 02       STA $02,S
01008D  5C 4E 00 01 JML $01004E
010091  A3 04       LDA $04,S
010093  83 08       STA $08,S
010095  A8          TAY
010096  3B          TSC
010097  18          CLC
010098  69 0E 00    ADC #$000E
01009B  1B          TCS
01009C  98          TYA
01009D  6B          RTL
