010000  3B          TSC
010001  AA          TAX
010002  C5 46       CMP $46
010004  B0 04       BCS $01000A
010006  5C 14 00 01 JML $010014
01000A  D0 04       BNE $010010
01000C  5C 14 00 01 JML $010014
010010  5C 26 00 01 JML $010026
010014  38          SEC
010015  E9 00 00    SBC #$0000
010018  B0 04       BCS $01001E
01001A  5C 26 00 01 JML $010026
01001E  C5 44       CMP $44
010020  90 04       BCC $010026
010022  5C 2D 00 01 JML $01002D
010026  A9 00 00    LDA #$0000
010029  5C 00 80 04 JML $048000
01002D  1B          TCS
01002E  A3 04       LDA $04,S
010030  85 00       STA $00
010032  A3 05       LDA $05,S
010034  85 01       STA $01
010036  A0 03 00    LDY #$0003
010039  B7 00       LDA [$00],Y
01003B  85 03       STA $03
01003D  E2 20       SEP #$20
01003F  A0 05 00    LDY #$0005
010042  B7 00       LDA [$00],Y
010044  85 05       STA $05
010046  C2 20       REP #$20
010048  A0 00 00    LDY #$0000
01004B  B7 00       LDA [$00],Y
01004D  85 06       STA $06
01004F  E2 20       SEP #$20
010051  A0 02 00    LDY #$0002
010054  B7 00       LDA [$00],Y
010056  85 08       STA $08
010058  C2 20       REP #$20
01005A  A5 06       LDA $06
01005C  A0 00 00    LDY #$0000
01005F  97 03       STA [$03],Y
010061  E2 20       SEP #$20
010063  A5 08       LDA $08
010065  A0 02 00    LDY #$0002
010068  97 03       STA [$03],Y
01006A  C2 20       REP #$20
01006C  A5 03       LDA $03
01006E  A0 03 00    LDY #$0003
010071  97 06       STA [$06],Y
010073  E2 20       SEP #$20
010075  A5 05       LDA $05
010077  A0 05 00    LDY #$0005
01007A  97 06       STA [$06],Y
01007C  C2 20       REP #$20
01007E  6B          RTL
