010000  3B          TSC
010001  AA          TAX
010002  C5 46       CMP $46
010004  B0 04       BCS $01000A
010006  5C 14 00 01 JML $010014
01000A  D0 04       BNE $010010
01000C  5C 14 00 01 JML $010014
010010  5C 26 00 01 JML $010026
010014  38          SEC
010015  E9 06 00    SBC #$0006
010018  B0 04       BCS $01001E
01001A  5C 26 00 01 JML $010026
01001E  C5 44       CMP $44
010020  90 04       BCC $010026
010022  5C 2D 00 01 JML $01002D
010026  A9 06 00    LDA #$0006
010029  5C 00 80 04 JML $048000
01002D  1B          TCS
01002E  A3 0A       LDA $0A,S
010030  85 00       STA $00
010032  A3 0B       LDA $0B,S
010034  85 01       STA $01
010036  A0 03 00    LDY #$0003
010039  B7 00       LDA [$00],Y
01003B  85 03       STA $03
01003D  E2 20       SEP #$20
01003F  A0 05 00    LDY #$0005
010042  B7 00       LDA [$00],Y
010044  85 05       STA $05
010046  C2 20       REP #$20
010048  A5 03       LDA $03
01004A  83 01       STA $01,S
01004C  A5 04       LDA $04
01004E  83 02       STA $02,S
010050  A3 0A       LDA $0A,S
010052  85 00       STA $00
010054  A3 0B       LDA $0B,S
010056  85 01       STA $01
010058  A0 00 00    LDY #$0000
01005B  B7 00       LDA [$00],Y
01005D  85 03       STA $03
01005F  E2 20       SEP #$20
010061  A0 02 00    LDY #$0002
010064  B7 00       LDA [$00],Y
010066  85 05       STA $05
010068  C2 20       REP #$20
01006A  A5 03       LDA $03
01006C  83 04       STA $04,S
01006E  A5 04       LDA $04
010070  83 05       STA $05,S
010072  A3 01       LDA $01,S
010074  85 00       STA $00
010076  A3 02       LDA $02,S
010078  85 01       STA $01
01007A  A3 04       LDA $04,S
01007C  85 03       STA $03
01007E  A3 05       LDA $05,S
010080  85 04       STA $04
010082  A5 03       LDA $03
010084  A0 00 00    LDY #$0000
010087  97 00       STA [$00],Y
010089  E2 20       SEP #$20
01008B  A5 05       LDA $05
01008D  A0 02 00    LDY #$0002
010090  97 00       STA [$00],Y
010092  C2 20       REP #$20
010094  A3 04       LDA $04,S
010096  85 00       STA $00
010098  A3 05       LDA $05,S
01009A  85 01       STA $01
01009C  A3 01       LDA $01,S
01009E  85 03       STA $03
0100A0  A3 02       LDA $02,S
0100A2  85 04       STA $04
0100A4  A5 03       LDA $03
0100A6  A0 03 00    LDY #$0003
0100A9  97 00       STA [$00],Y
0100AB  E2 20       SEP #$20
0100AD  A5 05       LDA $05
0100AF  A0 05 00    LDY #$0005
0100B2  97 00       STA [$00],Y
0100B4  C2 20       REP #$20
0100B6  3B          TSC
0100B7  18          CLC
0100B8  69 06 00    ADC #$0006
0100BB  1B          TCS
0100BC  6B          RTL
