010000  3B          TSC
010001  AA          TAX
010002  C5 46       CMP $46
010004  90 04       BCC $01000A
010006  F0 02       BEQ $01000A
010008  80 0A       BRA $010014
01000A  38          SEC
01000B  E9 0C 00    SBC #$000C
01000E  90 04       BCC $010014
010010  C5 44       CMP $44
010012  B0 07       BCS $01001B
010014  A9 0C 00    LDA #$000C
010017  5C 00 80 04 JML $048000
01001B  1B          TCS
01001C  A3 10       LDA $10,S
01001E  83 02       STA $02,S
010020  A3 11       LDA $11,S
010022  83 03       STA $03,S
010024  E2 20       SEP #$20
010026  C2 20       REP #$20
010028  A3 02       LDA $02,S
01002A  85 00       STA $00
01002C  A3 03       LDA $03,S
01002E  85 01       STA $01
010030  E2 20       SEP #$20
010032  18          CLC
010033  A5 00       LDA $00
010035  69 03       ADC #$03
010037  85 00       STA $00
010039  A5 01       LDA $01
01003B  69 00       ADC #$00
01003D  85 01       STA $01
01003F  A5 02       LDA $02
010041  69 00       ADC #$00
010043  85 02       STA $02
010045  A5 00       LDA $00
010047  83 06       STA $06,S
010049  A5 01       LDA $01
01004B  83 07       STA $07,S
01004D  A5 02       LDA $02
01004F  83 08       STA $08,S
010051  C2 20       REP #$20
010053  A3 06       LDA $06,S
010055  83 0A       STA $0A,S
010057  A3 07       LDA $07,S
010059  83 0B       STA $0B,S
01005B  A3 02       LDA $02,S
01005D  85 00       STA $00
01005F  A3 03       LDA $03,S
010061  85 01       STA $01
010063  A3 0A       LDA $0A,S
010065  87 00       STA [$00]
010067  E2 20       SEP #$20
010069  A3 0C       LDA $0C,S
01006B  A0 02 00    LDY #$0002
01006E  97 00       STA [$00],Y
010070  C2 20       REP #$20
010072  A3 10       LDA $10,S
010074  83 02       STA $02,S
010076  A3 11       LDA $11,S
010078  83 03       STA $03,S
01007A  A3 02       LDA $02,S
01007C  85 00       STA $00
01007E  A3 03       LDA $03,S
010080  85 01       STA $01
010082  E2 20       SEP #$20
010084  A9 00       LDA #$00
010086  A0 03 00    LDY #$0003
010089  97 00       STA [$00],Y
01008B  A9 00       LDA #$00
01008D  A0 04 00    LDY #$0004
010090  97 00       STA [$00],Y
010092  A9 00       LDA #$00
010094  A0 05 00    LDY #$0005
010097  97 00       STA [$00],Y
010099  C2 20       REP #$20
01009B  A3 10       LDA $10,S
01009D  83 02       STA $02,S
01009F  A3 11       LDA $11,S
0100A1  83 03       STA $03,S
0100A3  A3 02       LDA $02,S
0100A5  83 06       STA $06,S
0100A7  A3 03       LDA $03,S
0100A9  83 07       STA $07,S
0100AB  A3 06       LDA $06,S
0100AD  83 0A       STA $0A,S
0100AF  A3 07       LDA $07,S
0100B1  83 0B       STA $0B,S
0100B3  A3 02       LDA $02,S
0100B5  85 00       STA $00
0100B7  A3 03       LDA $03,S
0100B9  85 01       STA $01
0100BB  A3 0A       LDA $0A,S
0100BD  A0 06 00    LDY #$0006
0100C0  97 00       STA [$00],Y
0100C2  E2 20       SEP #$20
0100C4  A3 0C       LDA $0C,S
0100C6  A0 08 00    LDY #$0008
0100C9  97 00       STA [$00],Y
0100CB  C2 20       REP #$20
0100CD  3B          TSC
0100CE  18          CLC
0100CF  69 0C 00    ADC #$000C
0100D2  1B          TCS
0100D3  6B          RTL
0100D4  3B          TSC
0100D5  AA          TAX
0100D6  C5 46       CMP $46
0100D8  90 04       BCC $0100DE
0100DA  F0 02       BEQ $0100DE
0100DC  80 0A       BRA $0100E8
0100DE  38          SEC
0100DF  E9 08 00    SBC #$0008
0100E2  90 04       BCC $0100E8
0100E4  C5 44       CMP $44
0100E6  B0 07       BCS $0100EF
0100E8  A9 08 00    LDA #$0008
0100EB  5C 00 80 04 JML $048000
0100EF  1B          TCS
0100F0  A3 0C       LDA $0C,S
0100F2  83 02       STA $02,S
0100F4  A3 0D       LDA $0D,S
0100F6  83 03       STA $03,S
0100F8  A3 02       LDA $02,S
0100FA  83 06       STA $06,S
0100FC  A3 03       LDA $03,S
0100FE  83 07       STA $07,S
010100  3B          TSC
010101  AA          TAX
010102  C5 46       CMP $46
010104  90 04       BCC $01010A
010106  F0 02       BEQ $01010A
010108  80 0A       BRA $010114
01010A  38          SEC
01010B  E9 06 00    SBC #$0006
01010E  90 04       BCC $010114
010110  C5 44       CMP $44
010112  B0 07       BCS $01011B
010114  A9 06 00    LDA #$0006
010117  5C 00 80 04 JML $048000
01011B  3B          TSC
01011C  38          SEC
01011D  E9 03 00    SBC #$0003
010120  1B          TCS
010121  E2 20       SEP #$20
010123  A9 00       LDA #$00
010125  A3 09       LDA $09,S
010127  83 01       STA $01,S
010129  A3 0A       LDA $0A,S
01012B  83 02       STA $02,S
01012D  A3 0B       LDA $0B,S
01012F  83 03       STA $03,S
010131  C2 20       REP #$20
010133  22 00 00 01 JSL $010000
010137  A8          TAY
010138  3B          TSC
010139  18          CLC
01013A  69 03 00    ADC #$0003
01013D  1B          TCS
01013E  98          TYA
01013F  3B          TSC
010140  18          CLC
010141  69 08 00    ADC #$0008
010144  1B          TCS
010145  6B          RTL
010146  3B          TSC
010147  AA          TAX
010148  C5 46       CMP $46
01014A  90 04       BCC $010150
01014C  F0 02       BEQ $010150
01014E  80 0A       BRA $01015A
010150  38          SEC
010151  E9 0C 00    SBC #$000C
010154  90 04       BCC $01015A
010156  C5 44       CMP $44
010158  B0 07       BCS $010161
01015A  A9 0C 00    LDA #$000C
01015D  5C 00 80 04 JML $048000
010161  1B          TCS
010162  A3 10       LDA $10,S
010164  83 06       STA $06,S
010166  A3 11       LDA $11,S
010168  83 07       STA $07,S
01016A  A3 06       LDA $06,S
01016C  85 00       STA $00
01016E  A3 07       LDA $07,S
010170  85 01       STA $01
010172  A7 00       LDA [$00]
010174  83 02       STA $02,S
010176  E2 20       SEP #$20
010178  A0 02 00    LDY #$0002
01017B  B7 00       LDA [$00],Y
01017D  83 04       STA $04,S
01017F  C2 20       REP #$20
010181  A3 10       LDA $10,S
010183  83 0A       STA $0A,S
010185  A3 11       LDA $11,S
010187  83 0B       STA $0B,S
010189  E2 20       SEP #$20
01018B  C2 20       REP #$20
01018D  A3 0A       LDA $0A,S
01018F  85 00       STA $00
010191  A3 0B       LDA $0B,S
010193  85 01       STA $01
010195  E2 20       SEP #$20
010197  18          CLC
010198  A5 00       LDA $00
01019A  69 03       ADC #$03
01019C  85 00       STA $00
01019E  A5 01       LDA $01
0101A0  69 00       ADC #$00
0101A2  85 01       STA $01
0101A4  A5 02       LDA $02
0101A6  69 00       ADC #$00
0101A8  85 02       STA $02
0101AA  A5 00       LDA $00
0101AC  83 06       STA $06,S
0101AE  A5 01       LDA $01
0101B0  83 07       STA $07,S
0101B2  A5 02       LDA $02
0101B4  83 08       STA $08,S
0101B6  C2 20       REP #$20
0101B8  A3 06       LDA $06,S
0101BA  83 0A       STA $0A,S
0101BC  A3 07       LDA $07,S
0101BE  83 0B       STA $0B,S
0101C0  A3 02       LDA $02,S
0101C2  C3 0A       CMP $0A,S
0101C4  D0 0A       BNE $0101D0
0101C6  E2 20       SEP #$20
0101C8  A3 04       LDA $04,S
0101CA  C3 0C       CMP $0C,S
0101CC  C2 20       REP #$20
0101CE  F0 06       BEQ $0101D6
0101D0  E2 20       SEP #$20
0101D2  A9 00       LDA #$00
0101D4  80 04       BRA $0101DA
0101D6  E2 20       SEP #$20
0101D8  A9 01       LDA #$01
0101DA  E2 20       SEP #$20
0101DC  83 01       STA $01,S
0101DE  C2 20       REP #$20
0101E0  E2 20       SEP #$20
0101E2  A3 01       LDA $01,S
0101E4  C2 20       REP #$20
0101E6  29 FF 00    AND #$00FF
0101E9  A8          TAY
0101EA  3B          TSC
0101EB  18          CLC
0101EC  69 0C 00    ADC #$000C
0101EF  1B          TCS
0101F0  98          TYA
0101F1  6B          RTL
0101F2  3B          TSC
0101F3  AA          TAX
0101F4  C5 46       CMP $46
0101F6  90 04       BCC $0101FC
0101F8  F0 02       BEQ $0101FC
0101FA  80 0A       BRA $010206
0101FC  38          SEC
0101FD  E9 08 00    SBC #$0008
010200  90 04       BCC $010206
010202  C5 44       CMP $44
010204  B0 07       BCS $01020D
010206  A9 08 00    LDA #$0008
010209  5C 00 80 04 JML $048000
01020D  1B          TCS
01020E  A3 0C       LDA $0C,S
010210  83 06       STA $06,S
010212  A3 0D       LDA $0D,S
010214  83 07       STA $07,S
010216  A3 06       LDA $06,S
010218  83 02       STA $02,S
01021A  A3 07       LDA $07,S
01021C  83 03       STA $03,S
01021E  3B          TSC
01021F  AA          TAX
010220  C5 46       CMP $46
010222  90 04       BCC $010228
010224  F0 02       BEQ $010228
010226  80 0A       BRA $010232
010228  38          SEC
010229  E9 06 00    SBC #$0006
01022C  90 04       BCC $010232
01022E  C5 44       CMP $44
010230  B0 07       BCS $010239
010232  A9 06 00    LDA #$0006
010235  5C 00 80 04 JML $048000
010239  3B          TSC
01023A  38          SEC
01023B  E9 03 00    SBC #$0003
01023E  1B          TCS
01023F  E2 20       SEP #$20
010241  A9 00       LDA #$00
010243  A3 05       LDA $05,S
010245  83 01       STA $01,S
010247  A3 06       LDA $06,S
010249  83 02       STA $02,S
01024B  A3 07       LDA $07,S
01024D  83 03       STA $03,S
01024F  C2 20       REP #$20
010251  22 46 01 01 JSL $010146
010255  A8          TAY
010256  3B          TSC
010257  18          CLC
010258  69 03 00    ADC #$0003
01025B  1B          TCS
01025C  98          TYA
01025D  E2 20       SEP #$20
01025F  83 01       STA $01,S
010261  C2 20       REP #$20
010263  E2 20       SEP #$20
010265  A3 01       LDA $01,S
010267  C2 20       REP #$20
010269  29 FF 00    AND #$00FF
01026C  A8          TAY
01026D  3B          TSC
01026E  18          CLC
01026F  69 08 00    ADC #$0008
010272  1B          TCS
010273  98          TYA
010274  6B          RTL
010275  3B          TSC
010276  AA          TAX
010277  C5 46       CMP $46
010279  90 04       BCC $01027F
01027B  F0 02       BEQ $01027F
01027D  80 0A       BRA $010289
01027F  38          SEC
010280  E9 10 00    SBC #$0010
010283  90 04       BCC $010289
010285  C5 44       CMP $44
010287  B0 07       BCS $010290
010289  A9 10 00    LDA #$0010
01028C  5C 00 80 04 JML $048000
010290  1B          TCS
010291  A3 14       LDA $14,S
010293  83 06       STA $06,S
010295  A3 15       LDA $15,S
010297  83 07       STA $07,S
010299  A3 06       LDA $06,S
01029B  85 00       STA $00
01029D  A3 07       LDA $07,S
01029F  85 01       STA $01
0102A1  A7 00       LDA [$00]
0102A3  83 0A       STA $0A,S
0102A5  E2 20       SEP #$20
0102A7  A0 02 00    LDY #$0002
0102AA  B7 00       LDA [$00],Y
0102AC  83 0C       STA $0C,S
0102AE  C2 20       REP #$20
0102B0  A3 0A       LDA $0A,S
0102B2  83 01       STA $01,S
0102B4  A3 0B       LDA $0B,S
0102B6  83 02       STA $02,S
0102B8  A3 17       LDA $17,S
0102BA  83 06       STA $06,S
0102BC  A3 18       LDA $18,S
0102BE  83 07       STA $07,S
0102C0  A3 14       LDA $14,S
0102C2  83 0E       STA $0E,S
0102C4  A3 15       LDA $15,S
0102C6  83 0F       STA $0F,S
0102C8  A3 0E       LDA $0E,S
0102CA  83 0A       STA $0A,S
0102CC  A3 0F       LDA $0F,S
0102CE  83 0B       STA $0B,S
0102D0  A3 0A       LDA $0A,S
0102D2  83 0E       STA $0E,S
0102D4  A3 0B       LDA $0B,S
0102D6  83 0F       STA $0F,S
0102D8  A3 06       LDA $06,S
0102DA  85 00       STA $00
0102DC  A3 07       LDA $07,S
0102DE  85 01       STA $01
0102E0  A3 0E       LDA $0E,S
0102E2  A0 03 00    LDY #$0003
0102E5  97 00       STA [$00],Y
0102E7  E2 20       SEP #$20
0102E9  A3 10       LDA $10,S
0102EB  A0 05 00    LDY #$0005
0102EE  97 00       STA [$00],Y
0102F0  C2 20       REP #$20
0102F2  A3 17       LDA $17,S
0102F4  83 06       STA $06,S
0102F6  A3 18       LDA $18,S
0102F8  83 07       STA $07,S
0102FA  A3 01       LDA $01,S
0102FC  83 0A       STA $0A,S
0102FE  A3 02       LDA $02,S
010300  83 0B       STA $0B,S
010302  A3 06       LDA $06,S
010304  85 00       STA $00
010306  A3 07       LDA $07,S
010308  85 01       STA $01
01030A  A3 0A       LDA $0A,S
01030C  87 00       STA [$00]
01030E  E2 20       SEP #$20
010310  A3 0C       LDA $0C,S
010312  A0 02 00    LDY #$0002
010315  97 00       STA [$00],Y
010317  C2 20       REP #$20
010319  A3 01       LDA $01,S
01031B  83 06       STA $06,S
01031D  A3 02       LDA $02,S
01031F  83 07       STA $07,S
010321  A3 17       LDA $17,S
010323  83 0A       STA $0A,S
010325  A3 18       LDA $18,S
010327  83 0B       STA $0B,S
010329  A3 06       LDA $06,S
01032B  85 00       STA $00
01032D  A3 07       LDA $07,S
01032F  85 01       STA $01
010331  A3 0A       LDA $0A,S
010333  A0 03 00    LDY #$0003
010336  97 00       STA [$00],Y
010338  E2 20       SEP #$20
01033A  A3 0C       LDA $0C,S
01033C  A0 05 00    LDY #$0005
01033F  97 00       STA [$00],Y
010341  C2 20       REP #$20
010343  A3 14       LDA $14,S
010345  83 06       STA $06,S
010347  A3 15       LDA $15,S
010349  83 07       STA $07,S
01034B  A3 17       LDA $17,S
01034D  83 0A       STA $0A,S
01034F  A3 18       LDA $18,S
010351  83 0B       STA $0B,S
010353  A3 06       LDA $06,S
010355  85 00       STA $00
010357  A3 07       LDA $07,S
010359  85 01       STA $01
01035B  A3 0A       LDA $0A,S
01035D  87 00       STA [$00]
01035F  E2 20       SEP #$20
010361  A3 0C       LDA $0C,S
010363  A0 02 00    LDY #$0002
010366  97 00       STA [$00],Y
010368  C2 20       REP #$20
01036A  3B          TSC
01036B  18          CLC
01036C  69 10 00    ADC #$0010
01036F  1B          TCS
010370  6B          RTL
010371  3B          TSC
010372  AA          TAX
010373  C5 46       CMP $46
010375  90 04       BCC $01037B
010377  F0 02       BEQ $01037B
010379  80 0A       BRA $010385
01037B  38          SEC
01037C  E9 10 00    SBC #$0010
01037F  90 04       BCC $010385
010381  C5 44       CMP $44
010383  B0 07       BCS $01038C
010385  A9 10 00    LDA #$0010
010388  5C 00 80 04 JML $048000
01038C  1B          TCS
01038D  A3 14       LDA $14,S
01038F  83 06       STA $06,S
010391  A3 15       LDA $15,S
010393  83 07       STA $07,S
010395  A3 06       LDA $06,S
010397  85 00       STA $00
010399  A3 07       LDA $07,S
01039B  85 01       STA $01
01039D  A0 06 00    LDY #$0006
0103A0  B7 00       LDA [$00],Y
0103A2  83 0A       STA $0A,S
0103A4  E2 20       SEP #$20
0103A6  A0 08 00    LDY #$0008
0103A9  B7 00       LDA [$00],Y
0103AB  83 0C       STA $0C,S
0103AD  C2 20       REP #$20
0103AF  A3 0A       LDA $0A,S
0103B1  83 01       STA $01,S
0103B3  A3 0B       LDA $0B,S
0103B5  83 02       STA $02,S
0103B7  A3 17       LDA $17,S
0103B9  83 06       STA $06,S
0103BB  A3 18       LDA $18,S
0103BD  83 07       STA $07,S
0103BF  A3 14       LDA $14,S
0103C1  83 0E       STA $0E,S
0103C3  A3 15       LDA $15,S
0103C5  83 0F       STA $0F,S
0103C7  E2 20       SEP #$20
0103C9  C2 20       REP #$20
0103CB  A3 0E       LDA $0E,S
0103CD  85 00       STA $00
0103CF  A3 0F       LDA $0F,S
0103D1  85 01       STA $01
0103D3  E2 20       SEP #$20
0103D5  18          CLC
0103D6  A5 00       LDA $00
0103D8  69 03       ADC #$03
0103DA  85 00       STA $00
0103DC  A5 01       LDA $01
0103DE  69 00       ADC #$00
0103E0  85 01       STA $01
0103E2  A5 02       LDA $02
0103E4  69 00       ADC #$00
0103E6  85 02       STA $02
0103E8  A5 00       LDA $00
0103EA  83 0A       STA $0A,S
0103EC  A5 01       LDA $01
0103EE  83 0B       STA $0B,S
0103F0  A5 02       LDA $02
0103F2  83 0C       STA $0C,S
0103F4  C2 20       REP #$20
0103F6  A3 0A       LDA $0A,S
0103F8  83 0E       STA $0E,S
0103FA  A3 0B       LDA $0B,S
0103FC  83 0F       STA $0F,S
0103FE  A3 06       LDA $06,S
010400  85 00       STA $00
010402  A3 07       LDA $07,S
010404  85 01       STA $01
010406  A3 0E       LDA $0E,S
010408  87 00       STA [$00]
01040A  E2 20       SEP #$20
01040C  A3 10       LDA $10,S
01040E  A0 02 00    LDY #$0002
010411  97 00       STA [$00],Y
010413  C2 20       REP #$20
010415  A3 17       LDA $17,S
010417  83 06       STA $06,S
010419  A3 18       LDA $18,S
01041B  83 07       STA $07,S
01041D  A3 01       LDA $01,S
01041F  83 0A       STA $0A,S
010421  A3 02       LDA $02,S
010423  83 0B       STA $0B,S
010425  A3 06       LDA $06,S
010427  85 00       STA $00
010429  A3 07       LDA $07,S
01042B  85 01       STA $01
01042D  A3 0A       LDA $0A,S
01042F  A0 03 00    LDY #$0003
010432  97 00       STA [$00],Y
010434  E2 20       SEP #$20
010436  A3 0C       LDA $0C,S
010438  A0 05 00    LDY #$0005
01043B  97 00       STA [$00],Y
01043D  C2 20       REP #$20
01043F  A3 01       LDA $01,S
010441  83 06       STA $06,S
010443  A3 02       LDA $02,S
010445  83 07       STA $07,S
010447  A3 17       LDA $17,S
010449  83 0A       STA $0A,S
01044B  A3 18       LDA $18,S
01044D  83 0B       STA $0B,S
01044F  A3 06       LDA $06,S
010451  85 00       STA $00
010453  A3 07       LDA $07,S
010455  85 01       STA $01
010457  A3 0A       LDA $0A,S
010459  87 00       STA [$00]
01045B  E2 20       SEP #$20
01045D  A3 0C       LDA $0C,S
01045F  A0 02 00    LDY #$0002
010462  97 00       STA [$00],Y
010464  C2 20       REP #$20
010466  A3 14       LDA $14,S
010468  83 06       STA $06,S
01046A  A3 15       LDA $15,S
01046C  83 07       STA $07,S
01046E  A3 17       LDA $17,S
010470  83 0A       STA $0A,S
010472  A3 18       LDA $18,S
010474  83 0B       STA $0B,S
010476  A3 06       LDA $06,S
010478  85 00       STA $00
01047A  A3 07       LDA $07,S
01047C  85 01       STA $01
01047E  A3 0A       LDA $0A,S
010480  A0 06 00    LDY #$0006
010483  97 00       STA [$00],Y
010485  E2 20       SEP #$20
010487  A3 0C       LDA $0C,S
010489  A0 08 00    LDY #$0008
01048C  97 00       STA [$00],Y
01048E  C2 20       REP #$20
010490  3B          TSC
010491  18          CLC
010492  69 10 00    ADC #$0010
010495  1B          TCS
010496  6B          RTL
010497  3B          TSC
010498  AA          TAX
010499  C5 46       CMP $46
01049B  90 04       BCC $0104A1
01049D  F0 02       BEQ $0104A1
01049F  80 0A       BRA $0104AB
0104A1  38          SEC
0104A2  E9 10 00    SBC #$0010
0104A5  90 04       BCC $0104AB
0104A7  C5 44       CMP $44
0104A9  B0 07       BCS $0104B2
0104AB  A9 10 00    LDA #$0010
0104AE  5C 00 80 04 JML $048000
0104B2  1B          TCS
0104B3  A3 1A       LDA $1A,S
0104B5  83 06       STA $06,S
0104B7  A3 1B       LDA $1B,S
0104B9  83 07       STA $07,S
0104BB  A3 06       LDA $06,S
0104BD  03 07       ORA $07,S
0104BF  F0 02       BEQ $0104C3
0104C1  80 04       BRA $0104C7
0104C3  C2 20       REP #$20
0104C5  80 36       BRA $0104FD
0104C7  A3 1A       LDA $1A,S
0104C9  83 06       STA $06,S
0104CB  A3 1B       LDA $1B,S
0104CD  83 07       STA $07,S
0104CF  A3 14       LDA $14,S
0104D1  83 0E       STA $0E,S
0104D3  A3 15       LDA $15,S
0104D5  83 0F       STA $0F,S
0104D7  A3 0E       LDA $0E,S
0104D9  83 0A       STA $0A,S
0104DB  A3 0F       LDA $0F,S
0104DD  83 0B       STA $0B,S
0104DF  A3 0A       LDA $0A,S
0104E1  83 0E       STA $0E,S
0104E3  A3 0B       LDA $0B,S
0104E5  83 0F       STA $0F,S
0104E7  A3 06       LDA $06,S
0104E9  C3 0E       CMP $0E,S
0104EB  D0 0A       BNE $0104F7
0104ED  E2 20       SEP #$20
0104EF  A3 08       LDA $08,S
0104F1  C3 10       CMP $10,S
0104F3  C2 20       REP #$20
0104F5  F0 04       BEQ $0104FB
0104F7  C2 20       REP #$20
0104F9  80 66       BRA $010561
0104FB  C2 20       REP #$20
0104FD  A3 14       LDA $14,S
0104FF  83 06       STA $06,S
010501  A3 15       LDA $15,S
010503  83 07       STA $07,S
010505  A3 17       LDA $17,S
010507  83 0A       STA $0A,S
010509  A3 18       LDA $18,S
01050B  83 0B       STA $0B,S
01050D  3B          TSC
01050E  AA          TAX
01050F  C5 46       CMP $46
010511  90 04       BCC $010517
010513  F0 02       BEQ $010517
010515  80 0A       BRA $010521
010517  38          SEC
010518  E9 0A 00    SBC #$000A
01051B  90 04       BCC $010521
01051D  C5 44       CMP $44
01051F  B0 07       BCS $010528
010521  A9 0A 00    LDA #$000A
010524  5C 00 80 04 JML $048000
010528  3B          TSC
010529  38          SEC
01052A  E9 07 00    SBC #$0007
01052D  1B          TCS
01052E  E2 20       SEP #$20
010530  A9 00       LDA #$00
010532  83 07       STA $07,S
010534  A3 0D       LDA $0D,S
010536  83 01       STA $01,S
010538  A3 0E       LDA $0E,S
01053A  83 02       STA $02,S
01053C  A3 0F       LDA $0F,S
01053E  83 03       STA $03,S
010540  A3 11       LDA $11,S
010542  83 04       STA $04,S
010544  A3 12       LDA $12,S
010546  83 05       STA $05,S
010548  A3 13       LDA $13,S
01054A  83 06       STA $06,S
01054C  C2 20       REP #$20
01054E  22 75 02 01 JSL $010275
010552  A8          TAY
010553  3B          TSC
010554  18          CLC
010555  69 07 00    ADC #$0007
010558  1B          TCS
010559  98          TYA
01055A  3B          TSC
01055B  18          CLC
01055C  69 10 00    ADC #$0010
01055F  1B          TCS
010560  6B          RTL
010561  A3 1A       LDA $1A,S
010563  83 06       STA $06,S
010565  A3 1B       LDA $1B,S
010567  83 07       STA $07,S
010569  A3 14       LDA $14,S
01056B  83 0E       STA $0E,S
01056D  A3 15       LDA $15,S
01056F  83 0F       STA $0F,S
010571  E2 20       SEP #$20
010573  C2 20       REP #$20
010575  A3 0E       LDA $0E,S
010577  85 00       STA $00
010579  A3 0F       LDA $0F,S
01057B  85 01       STA $01
01057D  E2 20       SEP #$20
01057F  18          CLC
010580  A5 00       LDA $00
010582  69 03       ADC #$03
010584  85 00       STA $00
010586  A5 01       LDA $01
010588  69 00       ADC #$00
01058A  85 01       STA $01
01058C  A5 02       LDA $02
01058E  69 00       ADC #$00
010590  85 02       STA $02
010592  A5 00       LDA $00
010594  83 0A       STA $0A,S
010596  A5 01       LDA $01
010598  83 0B       STA $0B,S
01059A  A5 02       LDA $02
01059C  83 0C       STA $0C,S
01059E  C2 20       REP #$20
0105A0  A3 0A       LDA $0A,S
0105A2  83 0E       STA $0E,S
0105A4  A3 0B       LDA $0B,S
0105A6  83 0F       STA $0F,S
0105A8  A3 06       LDA $06,S
0105AA  C3 0E       CMP $0E,S
0105AC  D0 0A       BNE $0105B8
0105AE  E2 20       SEP #$20
0105B0  A3 08       LDA $08,S
0105B2  C3 10       CMP $10,S
0105B4  C2 20       REP #$20
0105B6  F0 04       BEQ $0105BC
0105B8  C2 20       REP #$20
0105BA  80 66       BRA $010622
0105BC  C2 20       REP #$20
0105BE  A3 14       LDA $14,S
0105C0  83 06       STA $06,S
0105C2  A3 15       LDA $15,S
0105C4  83 07       STA $07,S
0105C6  A3 17       LDA $17,S
0105C8  83 0A       STA $0A,S
0105CA  A3 18       LDA $18,S
0105CC  83 0B       STA $0B,S
0105CE  3B          TSC
0105CF  AA          TAX
0105D0  C5 46       CMP $46
0105D2  90 04       BCC $0105D8
0105D4  F0 02       BEQ $0105D8
0105D6  80 0A       BRA $0105E2
0105D8  38          SEC
0105D9  E9 0A 00    SBC #$000A
0105DC  90 04       BCC $0105E2
0105DE  C5 44       CMP $44
0105E0  B0 07       BCS $0105E9
0105E2  A9 0A 00    LDA #$000A
0105E5  5C 00 80 04 JML $048000
0105E9  3B          TSC
0105EA  38          SEC
0105EB  E9 07 00    SBC #$0007
0105EE  1B          TCS
0105EF  E2 20       SEP #$20
0105F1  A9 00       LDA #$00
0105F3  83 07       STA $07,S
0105F5  A3 0D       LDA $0D,S
0105F7  83 01       STA $01,S
0105F9  A3 0E       LDA $0E,S
0105FB  83 02       STA $02,S
0105FD  A3 0F       LDA $0F,S
0105FF  83 03       STA $03,S
010601  A3 11       LDA $11,S
010603  83 04       STA $04,S
010605  A3 12       LDA $12,S
010607  83 05       STA $05,S
010609  A3 13       LDA $13,S
01060B  83 06       STA $06,S
01060D  C2 20       REP #$20
01060F  22 71 03 01 JSL $010371
010613  A8          TAY
010614  3B          TSC
010615  18          CLC
010616  69 07 00    ADC #$0007
010619  1B          TCS
01061A  98          TYA
01061B  3B          TSC
01061C  18          CLC
01061D  69 10 00    ADC #$0010
010620  1B          TCS
010621  6B          RTL
010622  A3 1A       LDA $1A,S
010624  83 06       STA $06,S
010626  A3 1B       LDA $1B,S
010628  83 07       STA $07,S
01062A  A3 06       LDA $06,S
01062C  85 00       STA $00
01062E  A3 07       LDA $07,S
010630  85 01       STA $01
010632  A7 00       LDA [$00]
010634  83 0A       STA $0A,S
010636  E2 20       SEP #$20
010638  A0 02 00    LDY #$0002
01063B  B7 00       LDA [$00],Y
01063D  83 0C       STA $0C,S
01063F  C2 20       REP #$20
010641  A3 0A       LDA $0A,S
010643  83 01       STA $01,S
010645  A3 0B       LDA $0B,S
010647  83 02       STA $02,S
010649  A3 17       LDA $17,S
01064B  83 06       STA $06,S
01064D  A3 18       LDA $18,S
01064F  83 07       STA $07,S
010651  A3 1A       LDA $1A,S
010653  83 0A       STA $0A,S
010655  A3 1B       LDA $1B,S
010657  83 0B       STA $0B,S
010659  A3 06       LDA $06,S
01065B  85 00       STA $00
01065D  A3 07       LDA $07,S
01065F  85 01       STA $01
010661  A3 0A       LDA $0A,S
010663  A0 03 00    LDY #$0003
010666  97 00       STA [$00],Y
010668  E2 20       SEP #$20
01066A  A3 0C       LDA $0C,S
01066C  A0 05 00    LDY #$0005
01066F  97 00       STA [$00],Y
010671  C2 20       REP #$20
010673  A3 17       LDA $17,S
010675  83 06       STA $06,S
010677  A3 18       LDA $18,S
010679  83 07       STA $07,S
01067B  A3 01       LDA $01,S
01067D  83 0A       STA $0A,S
01067F  A3 02       LDA $02,S
010681  83 0B       STA $0B,S
010683  A3 06       LDA $06,S
010685  85 00       STA $00
010687  A3 07       LDA $07,S
010689  85 01       STA $01
01068B  A3 0A       LDA $0A,S
01068D  87 00       STA [$00]
01068F  E2 20       SEP #$20
010691  A3 0C       LDA $0C,S
010693  A0 02 00    LDY #$0002
010696  97 00       STA [$00],Y
010698  C2 20       REP #$20
01069A  A3 01       LDA $01,S
01069C  83 06       STA $06,S
01069E  A3 02       LDA $02,S
0106A0  83 07       STA $07,S
0106A2  A3 17       LDA $17,S
0106A4  83 0A       STA $0A,S
0106A6  A3 18       LDA $18,S
0106A8  83 0B       STA $0B,S
0106AA  A3 06       LDA $06,S
0106AC  85 00       STA $00
0106AE  A3 07       LDA $07,S
0106B0  85 01       STA $01
0106B2  A3 0A       LDA $0A,S
0106B4  A0 03 00    LDY #$0003
0106B7  97 00       STA [$00],Y
0106B9  E2 20       SEP #$20
0106BB  A3 0C       LDA $0C,S
0106BD  A0 05 00    LDY #$0005
0106C0  97 00       STA [$00],Y
0106C2  C2 20       REP #$20
0106C4  A3 1A       LDA $1A,S
0106C6  83 06       STA $06,S
0106C8  A3 1B       LDA $1B,S
0106CA  83 07       STA $07,S
0106CC  A3 17       LDA $17,S
0106CE  83 0A       STA $0A,S
0106D0  A3 18       LDA $18,S
0106D2  83 0B       STA $0B,S
0106D4  A3 06       LDA $06,S
0106D6  85 00       STA $00
0106D8  A3 07       LDA $07,S
0106DA  85 01       STA $01
0106DC  A3 0A       LDA $0A,S
0106DE  87 00       STA [$00]
0106E0  E2 20       SEP #$20
0106E2  A3 0C       LDA $0C,S
0106E4  A0 02 00    LDY #$0002
0106E7  97 00       STA [$00],Y
0106E9  C2 20       REP #$20
0106EB  3B          TSC
0106EC  18          CLC
0106ED  69 10 00    ADC #$0010
0106F0  1B          TCS
0106F1  6B          RTL
0106F2  3B          TSC
0106F3  AA          TAX
0106F4  C5 46       CMP $46
0106F6  90 04       BCC $0106FC
0106F8  F0 02       BEQ $0106FC
0106FA  80 0A       BRA $010706
0106FC  38          SEC
0106FD  E9 00 00    SBC #$0000
010700  90 04       BCC $010706
010702  C5 44       CMP $44
010704  B0 07       BCS $01070D
010706  A9 00 00    LDA #$0000
010709  5C 00 80 04 JML $048000
01070D  1B          TCS
01070E  A3 04       LDA $04,S
010710  85 00       STA $00
010712  A3 05       LDA $05,S
010714  85 01       STA $01
010716  A0 03 00    LDY #$0003
010719  B7 00       LDA [$00],Y
01071B  85 03       STA $03
01071D  E2 20       SEP #$20
01071F  A0 05 00    LDY #$0005
010722  B7 00       LDA [$00],Y
010724  85 05       STA $05
010726  C2 20       REP #$20
010728  A7 00       LDA [$00]
01072A  85 06       STA $06
01072C  E2 20       SEP #$20
01072E  A0 02 00    LDY #$0002
010731  B7 00       LDA [$00],Y
010733  85 08       STA $08
010735  C2 20       REP #$20
010737  A5 06       LDA $06
010739  87 03       STA [$03]
01073B  E2 20       SEP #$20
01073D  A5 08       LDA $08
01073F  A0 02 00    LDY #$0002
010742  97 03       STA [$03],Y
010744  C2 20       REP #$20
010746  A5 03       LDA $03
010748  A0 03 00    LDY #$0003
01074B  97 06       STA [$06],Y
01074D  E2 20       SEP #$20
01074F  A5 05       LDA $05
010751  A0 05 00    LDY #$0005
010754  97 06       STA [$06],Y
010756  C2 20       REP #$20
010758  6B          RTL
010759  3B          TSC
01075A  AA          TAX
01075B  C5 46       CMP $46
01075D  90 04       BCC $010763
01075F  F0 02       BEQ $010763
010761  80 0A       BRA $01076D
010763  38          SEC
010764  E9 0C 00    SBC #$000C
010767  90 04       BCC $01076D
010769  C5 44       CMP $44
01076B  B0 07       BCS $010774
01076D  A9 0C 00    LDA #$000C
010770  5C 00 80 04 JML $048000
010774  1B          TCS
010775  A3 10       LDA $10,S
010777  83 0A       STA $0A,S
010779  A3 11       LDA $11,S
01077B  83 0B       STA $0B,S
01077D  A3 0A       LDA $0A,S
01077F  85 00       STA $00
010781  A3 0B       LDA $0B,S
010783  85 01       STA $01
010785  A7 00       LDA [$00]
010787  83 06       STA $06,S
010789  E2 20       SEP #$20
01078B  A0 02 00    LDY #$0002
01078E  B7 00       LDA [$00],Y
010790  83 08       STA $08,S
010792  C2 20       REP #$20
010794  A3 06       LDA $06,S
010796  83 01       STA $01,S
010798  A3 07       LDA $07,S
01079A  83 02       STA $02,S
01079C  A3 06       LDA $06,S
01079E  85 00       STA $00
0107A0  A3 07       LDA $07,S
0107A2  85 01       STA $01
0107A4  A7 00       LDA [$00]
0107A6  83 0A       STA $0A,S
0107A8  E2 20       SEP #$20
0107AA  A0 02 00    LDY #$0002
0107AD  B7 00       LDA [$00],Y
0107AF  83 0C       STA $0C,S
0107B1  C2 20       REP #$20
0107B3  A3 0A       LDA $0A,S
0107B5  03 0B       ORA $0B,S
0107B7  F0 02       BEQ $0107BB
0107B9  80 11       BRA $0107CC
0107BB  C2 20       REP #$20
0107BD  A2 00 00    LDX #$0000
0107C0  A9 00 00    LDA #$0000
0107C3  A8          TAY
0107C4  3B          TSC
0107C5  18          CLC
0107C6  69 0C 00    ADC #$000C
0107C9  1B          TCS
0107CA  98          TYA
0107CB  6B          RTL
0107CC  A3 01       LDA $01,S
0107CE  83 06       STA $06,S
0107D0  A3 02       LDA $02,S
0107D2  83 07       STA $07,S
0107D4  3B          TSC
0107D5  AA          TAX
0107D6  C5 46       CMP $46
0107D8  90 04       BCC $0107DE
0107DA  F0 02       BEQ $0107DE
0107DC  80 0A       BRA $0107E8
0107DE  38          SEC
0107DF  E9 06 00    SBC #$0006
0107E2  90 04       BCC $0107E8
0107E4  C5 44       CMP $44
0107E6  B0 07       BCS $0107EF
0107E8  A9 06 00    LDA #$0006
0107EB  5C 00 80 04 JML $048000
0107EF  3B          TSC
0107F0  38          SEC
0107F1  E9 03 00    SBC #$0003
0107F4  1B          TCS
0107F5  E2 20       SEP #$20
0107F7  A9 00       LDA #$00
0107F9  A3 09       LDA $09,S
0107FB  83 01       STA $01,S
0107FD  A3 0A       LDA $0A,S
0107FF  83 02       STA $02,S
010801  A3 0B       LDA $0B,S
010803  83 03       STA $03,S
010805  C2 20       REP #$20
010807  22 F2 06 01 JSL $0106F2
01080B  A8          TAY
01080C  3B          TSC
01080D  18          CLC
01080E  69 03 00    ADC #$0003
010811  1B          TCS
010812  98          TYA
010813  A3 01       LDA $01,S
010815  83 06       STA $06,S
010817  A3 02       LDA $02,S
010819  83 07       STA $07,S
01081B  A3 07       LDA $07,S
01081D  EB          XBA
01081E  29 FF 00    AND #$00FF
010821  AA          TAX
010822  A3 06       LDA $06,S
010824  A8          TAY
010825  3B          TSC
010826  18          CLC
010827  69 0C 00    ADC #$000C
01082A  1B          TCS
01082B  98          TYA
01082C  6B          RTL
01082D  3B          TSC
01082E  AA          TAX
01082F  C5 46       CMP $46
010831  90 04       BCC $010837
010833  F0 02       BEQ $010837
010835  80 0A       BRA $010841
010837  38          SEC
010838  E9 0C 00    SBC #$000C
01083B  90 04       BCC $010841
01083D  C5 44       CMP $44
01083F  B0 07       BCS $010848
010841  A9 0C 00    LDA #$000C
010844  5C 00 80 04 JML $048000
010848  1B          TCS
010849  A3 10       LDA $10,S
01084B  83 0A       STA $0A,S
01084D  A3 11       LDA $11,S
01084F  83 0B       STA $0B,S
010851  A3 0A       LDA $0A,S
010853  85 00       STA $00
010855  A3 0B       LDA $0B,S
010857  85 01       STA $01
010859  A0 06 00    LDY #$0006
01085C  B7 00       LDA [$00],Y
01085E  83 06       STA $06,S
010860  E2 20       SEP #$20
010862  A0 08 00    LDY #$0008
010865  B7 00       LDA [$00],Y
010867  83 08       STA $08,S
010869  C2 20       REP #$20
01086B  A3 06       LDA $06,S
01086D  83 01       STA $01,S
01086F  A3 07       LDA $07,S
010871  83 02       STA $02,S
010873  A3 06       LDA $06,S
010875  85 00       STA $00
010877  A3 07       LDA $07,S
010879  85 01       STA $01
01087B  A0 03 00    LDY #$0003
01087E  B7 00       LDA [$00],Y
010880  83 0A       STA $0A,S
010882  E2 20       SEP #$20
010884  A0 05 00    LDY #$0005
010887  B7 00       LDA [$00],Y
010889  83 0C       STA $0C,S
01088B  C2 20       REP #$20
01088D  A3 0A       LDA $0A,S
01088F  03 0B       ORA $0B,S
010891  F0 02       BEQ $010895
010893  80 11       BRA $0108A6
010895  C2 20       REP #$20
010897  A2 00 00    LDX #$0000
01089A  A9 00 00    LDA #$0000
01089D  A8          TAY
01089E  3B          TSC
01089F  18          CLC
0108A0  69 0C 00    ADC #$000C
0108A3  1B          TCS
0108A4  98          TYA
0108A5  6B          RTL
0108A6  A3 01       LDA $01,S
0108A8  83 06       STA $06,S
0108AA  A3 02       LDA $02,S
0108AC  83 07       STA $07,S
0108AE  3B          TSC
0108AF  AA          TAX
0108B0  C5 46       CMP $46
0108B2  90 04       BCC $0108B8
0108B4  F0 02       BEQ $0108B8
0108B6  80 0A       BRA $0108C2
0108B8  38          SEC
0108B9  E9 06 00    SBC #$0006
0108BC  90 04       BCC $0108C2
0108BE  C5 44       CMP $44
0108C0  B0 07       BCS $0108C9
0108C2  A9 06 00    LDA #$0006
0108C5  5C 00 80 04 JML $048000
0108C9  3B          TSC
0108CA  38          SEC
0108CB  E9 03 00    SBC #$0003
0108CE  1B          TCS
0108CF  E2 20       SEP #$20
0108D1  A9 00       LDA #$00
0108D3  A3 09       LDA $09,S
0108D5  83 01       STA $01,S
0108D7  A3 0A       LDA $0A,S
0108D9  83 02       STA $02,S
0108DB  A3 0B       LDA $0B,S
0108DD  83 03       STA $03,S
0108DF  C2 20       REP #$20
0108E1  22 F2 06 01 JSL $0106F2
0108E5  A8          TAY
0108E6  3B          TSC
0108E7  18          CLC
0108E8  69 03 00    ADC #$0003
0108EB  1B          TCS
0108EC  98          TYA
0108ED  A3 01       LDA $01,S
0108EF  83 06       STA $06,S
0108F1  A3 02       LDA $02,S
0108F3  83 07       STA $07,S
0108F5  A3 07       LDA $07,S
0108F7  EB          XBA
0108F8  29 FF 00    AND #$00FF
0108FB  AA          TAX
0108FC  A3 06       LDA $06,S
0108FE  A8          TAY
0108FF  3B          TSC
010900  18          CLC
010901  69 0C 00    ADC #$000C
010904  1B          TCS
010905  98          TYA
010906  6B          RTL
010907  3B          TSC
010908  AA          TAX
010909  C5 46       CMP $46
01090B  90 04       BCC $010911
01090D  F0 02       BEQ $010911
01090F  80 0A       BRA $01091B
010911  38          SEC
010912  E9 14 00    SBC #$0014
010915  90 04       BCC $01091B
010917  C5 44       CMP $44
010919  B0 07       BCS $010922
01091B  A9 14 00    LDA #$0014
01091E  5C 00 80 04 JML $048000
010922  1B          TCS
010923  A3 18       LDA $18,S
010925  83 02       STA $02,S
010927  A3 19       LDA $19,S
010929  83 03       STA $03,S
01092B  A3 02       LDA $02,S
01092D  85 00       STA $00
01092F  A3 03       LDA $03,S
010931  85 01       STA $01
010933  A7 00       LDA [$00]
010935  83 06       STA $06,S
010937  E2 20       SEP #$20
010939  A0 02 00    LDY #$0002
01093C  B7 00       LDA [$00],Y
01093E  83 08       STA $08,S
010940  C2 20       REP #$20
010942  E2 20       SEP #$20
010944  A3 06       LDA $06,S
010946  83 12       STA $12,S
010948  A3 07       LDA $07,S
01094A  83 13       STA $13,S
01094C  A3 08       LDA $08,S
01094E  83 14       STA $14,S
010950  A3 12       LDA $12,S
010952  83 02       STA $02,S
010954  A3 13       LDA $13,S
010956  83 03       STA $03,S
010958  A3 14       LDA $14,S
01095A  83 04       STA $04,S
01095C  C2 20       REP #$20
01095E  A3 02       LDA $02,S
010960  85 00       STA $00
010962  A3 03       LDA $03,S
010964  85 01       STA $01
010966  A7 00       LDA [$00]
010968  83 06       STA $06,S
01096A  E2 20       SEP #$20
01096C  A0 02 00    LDY #$0002
01096F  B7 00       LDA [$00],Y
010971  83 08       STA $08,S
010973  C2 20       REP #$20
010975  A3 06       LDA $06,S
010977  03 07       ORA $07,S
010979  D0 03       BNE $01097E
01097B  82 0D 01    BRL $010A8B
01097E  C2 20       REP #$20
010980  A3 1B       LDA $1B,S
010982  83 06       STA $06,S
010984  A3 1C       LDA $1C,S
010986  83 07       STA $07,S
010988  A3 06       LDA $06,S
01098A  85 00       STA $00
01098C  A3 07       LDA $07,S
01098E  85 01       STA $01
010990  E2 20       SEP #$20
010992  A0 07 00    LDY #$0007
010995  B7 00       LDA [$00],Y
010997  83 05       STA $05,S
010999  A9 80       LDA #$80
01099B  85 10       STA $10
01099D  A3 05       LDA $05,S
01099F  45 10       EOR $10
0109A1  83 01       STA $01,S
0109A3  C2 20       REP #$20
0109A5  A3 02       LDA $02,S
0109A7  85 00       STA $00
0109A9  A3 03       LDA $03,S
0109AB  85 01       STA $01
0109AD  E2 20       SEP #$20
0109AF  A0 07 00    LDY #$0007
0109B2  B7 00       LDA [$00],Y
0109B4  83 06       STA $06,S
0109B6  A9 80       LDA #$80
0109B8  85 10       STA $10
0109BA  A3 06       LDA $06,S
0109BC  45 10       EOR $10
0109BE  83 05       STA $05,S
0109C0  A3 05       LDA $05,S
0109C2  C3 01       CMP $01,S
0109C4  C2 20       REP #$20
0109C6  90 03       BCC $0109CB
0109C8  82 8A 00    BRL $010A55
0109CB  C2 20       REP #$20
0109CD  A3 18       LDA $18,S
0109CF  83 06       STA $06,S
0109D1  A3 19       LDA $19,S
0109D3  83 07       STA $07,S
0109D5  A3 1B       LDA $1B,S
0109D7  83 0A       STA $0A,S
0109D9  A3 1C       LDA $1C,S
0109DB  83 0B       STA $0B,S
0109DD  A3 02       LDA $02,S
0109DF  85 00       STA $00
0109E1  A3 03       LDA $03,S
0109E3  85 01       STA $01
0109E5  A0 03 00    LDY #$0003
0109E8  B7 00       LDA [$00],Y
0109EA  83 0E       STA $0E,S
0109EC  E2 20       SEP #$20
0109EE  A0 05 00    LDY #$0005
0109F1  B7 00       LDA [$00],Y
0109F3  83 10       STA $10,S
0109F5  C2 20       REP #$20
0109F7  3B          TSC
0109F8  AA          TAX
0109F9  C5 46       CMP $46
0109FB  90 04       BCC $010A01
0109FD  F0 02       BEQ $010A01
0109FF  80 0A       BRA $010A0B
010A01  38          SEC
010A02  E9 0C 00    SBC #$000C
010A05  90 04       BCC $010A0B
010A07  C5 44       CMP $44
010A09  B0 07       BCS $010A12
010A0B  A9 0C 00    LDA #$000C
010A0E  5C 00 80 04 JML $048000
010A12  3B          TSC
010A13  38          SEC
010A14  E9 09 00    SBC #$0009
010A17  1B          TCS
010A18  E2 20       SEP #$20
010A1A  A9 00       LDA #$00
010A1C  A3 0F       LDA $0F,S
010A1E  83 01       STA $01,S
010A20  A3 10       LDA $10,S
010A22  83 02       STA $02,S
010A24  A3 11       LDA $11,S
010A26  83 03       STA $03,S
010A28  A3 13       LDA $13,S
010A2A  83 04       STA $04,S
010A2C  A3 14       LDA $14,S
010A2E  83 05       STA $05,S
010A30  A3 15       LDA $15,S
010A32  83 06       STA $06,S
010A34  A3 17       LDA $17,S
010A36  83 07       STA $07,S
010A38  A3 18       LDA $18,S
010A3A  83 08       STA $08,S
010A3C  A3 19       LDA $19,S
010A3E  83 09       STA $09,S
010A40  C2 20       REP #$20
010A42  22 97 04 01 JSL $010497
010A46  A8          TAY
010A47  3B          TSC
010A48  18          CLC
010A49  69 09 00    ADC #$0009
010A4C  1B          TCS
010A4D  98          TYA
010A4E  3B          TSC
010A4F  18          CLC
010A50  69 14 00    ADC #$0014
010A53  1B          TCS
010A54  6B          RTL
010A55  A3 02       LDA $02,S
010A57  85 00       STA $00
010A59  A3 03       LDA $03,S
010A5B  85 01       STA $01
010A5D  A7 00       LDA [$00]
010A5F  83 06       STA $06,S
010A61  E2 20       SEP #$20
010A63  A0 02 00    LDY #$0002
010A66  B7 00       LDA [$00],Y
010A68  83 08       STA $08,S
010A6A  C2 20       REP #$20
010A6C  E2 20       SEP #$20
010A6E  A3 06       LDA $06,S
010A70  83 12       STA $12,S
010A72  A3 07       LDA $07,S
010A74  83 13       STA $13,S
010A76  A3 08       LDA $08,S
010A78  83 14       STA $14,S
010A7A  A3 12       LDA $12,S
010A7C  83 02       STA $02,S
010A7E  A3 13       LDA $13,S
010A80  83 03       STA $03,S
010A82  A3 14       LDA $14,S
010A84  83 04       STA $04,S
010A86  C2 20       REP #$20
010A88  82 D3 FE    BRL $01095E
010A8B  A3 18       LDA $18,S
010A8D  83 02       STA $02,S
010A8F  A3 19       LDA $19,S
010A91  83 03       STA $03,S
010A93  A3 1B       LDA $1B,S
010A95  83 06       STA $06,S
010A97  A3 1C       LDA $1C,S
010A99  83 07       STA $07,S
010A9B  3B          TSC
010A9C  AA          TAX
010A9D  C5 46       CMP $46
010A9F  90 04       BCC $010AA5
010AA1  F0 02       BEQ $010AA5
010AA3  80 0A       BRA $010AAF
010AA5  38          SEC
010AA6  E9 0A 00    SBC #$000A
010AA9  90 04       BCC $010AAF
010AAB  C5 44       CMP $44
010AAD  B0 07       BCS $010AB6
010AAF  A9 0A 00    LDA #$000A
010AB2  5C 00 80 04 JML $048000
010AB6  3B          TSC
010AB7  38          SEC
010AB8  E9 07 00    SBC #$0007
010ABB  1B          TCS
010ABC  E2 20       SEP #$20
010ABE  A9 00       LDA #$00
010AC0  83 07       STA $07,S
010AC2  A3 09       LDA $09,S
010AC4  83 01       STA $01,S
010AC6  A3 0A       LDA $0A,S
010AC8  83 02       STA $02,S
010ACA  A3 0B       LDA $0B,S
010ACC  83 03       STA $03,S
010ACE  A3 0D       LDA $0D,S
010AD0  83 04       STA $04,S
010AD2  A3 0E       LDA $0E,S
010AD4  83 05       STA $05,S
010AD6  A3 0F       LDA $0F,S
010AD8  83 06       STA $06,S
010ADA  C2 20       REP #$20
010ADC  22 71 03 01 JSL $010371
010AE0  A8          TAY
010AE1  3B          TSC
010AE2  18          CLC
010AE3  69 07 00    ADC #$0007
010AE6  1B          TCS
010AE7  98          TYA
010AE8  3B          TSC
010AE9  18          CLC
010AEA  69 14 00    ADC #$0014
010AED  1B          TCS
010AEE  6B          RTL
010AEF  3B          TSC
010AF0  AA          TAX
010AF1  C5 46       CMP $46
010AF3  90 04       BCC $010AF9
010AF5  F0 02       BEQ $010AF9
010AF7  80 0A       BRA $010B03
010AF9  38          SEC
010AFA  E9 1C 00    SBC #$001C
010AFD  90 04       BCC $010B03
010AFF  C5 44       CMP $44
010B01  B0 07       BCS $010B0A
010B03  A9 1C 00    LDA #$001C
010B06  5C 00 80 04 JML $048000
010B0A  1B          TCS
010B0B  A3 20       LDA $20,S
010B0D  83 02       STA $02,S
010B0F  A3 21       LDA $21,S
010B11  83 03       STA $03,S
010B13  A3 02       LDA $02,S
010B15  85 00       STA $00
010B17  A3 03       LDA $03,S
010B19  85 01       STA $01
010B1B  A7 00       LDA [$00]
010B1D  83 06       STA $06,S
010B1F  E2 20       SEP #$20
010B21  A0 02 00    LDY #$0002
010B24  B7 00       LDA [$00],Y
010B26  83 08       STA $08,S
010B28  C2 20       REP #$20
010B2A  E2 20       SEP #$20
010B2C  A3 06       LDA $06,S
010B2E  83 16       STA $16,S
010B30  A3 07       LDA $07,S
010B32  83 17       STA $17,S
010B34  A3 08       LDA $08,S
010B36  83 18       STA $18,S
010B38  A3 16       LDA $16,S
010B3A  83 02       STA $02,S
010B3C  A3 17       LDA $17,S
010B3E  83 03       STA $03,S
010B40  A3 18       LDA $18,S
010B42  83 04       STA $04,S
010B44  C2 20       REP #$20
010B46  A3 02       LDA $02,S
010B48  85 00       STA $00
010B4A  A3 03       LDA $03,S
010B4C  85 01       STA $01
010B4E  A7 00       LDA [$00]
010B50  83 06       STA $06,S
010B52  E2 20       SEP #$20
010B54  A0 02 00    LDY #$0002
010B57  B7 00       LDA [$00],Y
010B59  83 08       STA $08,S
010B5B  C2 20       REP #$20
010B5D  A3 06       LDA $06,S
010B5F  03 07       ORA $07,S
010B61  D0 03       BNE $010B66
010B63  82 8D 01    BRL $010CF3
010B66  C2 20       REP #$20
010B68  A3 02       LDA $02,S
010B6A  85 00       STA $00
010B6C  A3 03       LDA $03,S
010B6E  85 01       STA $01
010B70  A0 08 00    LDY #$0008
010B73  B7 00       LDA [$00],Y
010B75  83 06       STA $06,S
010B77  E2 20       SEP #$20
010B79  A0 0A 00    LDY #$000A
010B7C  B7 00       LDA [$00],Y
010B7E  83 08       STA $08,S
010B80  C2 20       REP #$20
010B82  A3 23       LDA $23,S
010B84  83 0A       STA $0A,S
010B86  A3 24       LDA $24,S
010B88  83 0B       STA $0B,S
010B8A  A3 06       LDA $06,S
010B8C  03 07       ORA $07,S
010B8E  D0 03       BNE $010B93
010B90  82 2A 01    BRL $010CBD
010B93  C2 20       REP #$20
010B95  E2 20       SEP #$20
010B97  A3 06       LDA $06,S
010B99  83 16       STA $16,S
010B9B  A3 07       LDA $07,S
010B9D  83 17       STA $17,S
010B9F  A3 08       LDA $08,S
010BA1  83 18       STA $18,S
010BA3  A3 0A       LDA $0A,S
010BA5  83 1A       STA $1A,S
010BA7  A3 0B       LDA $0B,S
010BA9  83 1B       STA $1B,S
010BAB  A3 0C       LDA $0C,S
010BAD  83 1C       STA $1C,S
010BAF  A3 16       LDA $16,S
010BB1  83 0A       STA $0A,S
010BB3  A3 17       LDA $17,S
010BB5  83 0B       STA $0B,S
010BB7  A3 18       LDA $18,S
010BB9  83 0C       STA $0C,S
010BBB  A3 1A       LDA $1A,S
010BBD  83 06       STA $06,S
010BBF  A3 1B       LDA $1B,S
010BC1  83 07       STA $07,S
010BC3  A3 1C       LDA $1C,S
010BC5  83 08       STA $08,S
010BC7  C2 20       REP #$20
010BC9  A3 0A       LDA $0A,S
010BCB  85 00       STA $00
010BCD  A3 0B       LDA $0B,S
010BCF  85 01       STA $01
010BD1  E2 20       SEP #$20
010BD3  A7 00       LDA [$00]
010BD5  83 01       STA $01,S
010BD7  C2 20       REP #$20
010BD9  A3 06       LDA $06,S
010BDB  85 00       STA $00
010BDD  A3 07       LDA $07,S
010BDF  85 01       STA $01
010BE1  E2 20       SEP #$20
010BE3  A7 00       LDA [$00]
010BE5  83 05       STA $05,S
010BE7  A3 01       LDA $01,S
010BE9  C3 05       CMP $05,S
010BEB  C2 20       REP #$20
010BED  F0 03       BEQ $010BF2
010BEF  82 CB 00    BRL $010CBD
010BF2  C2 20       REP #$20
010BF4  A3 0A       LDA $0A,S
010BF6  85 00       STA $00
010BF8  A3 0B       LDA $0B,S
010BFA  85 01       STA $01
010BFC  E2 20       SEP #$20
010BFE  A7 00       LDA [$00]
010C00  83 01       STA $01,S
010C02  A3 01       LDA $01,S
010C04  C9 00       CMP #$00
010C06  C2 20       REP #$20
010C08  F0 02       BEQ $010C0C
010C0A  80 14       BRA $010C20
010C0C  C2 20       REP #$20
010C0E  A3 03       LDA $03,S
010C10  EB          XBA
010C11  29 FF 00    AND #$00FF
010C14  AA          TAX
010C15  A3 02       LDA $02,S
010C17  A8          TAY
010C18  3B          TSC
010C19  18          CLC
010C1A  69 1C 00    ADC #$001C
010C1D  1B          TCS
010C1E  98          TYA
010C1F  6B          RTL
010C20  A3 0A       LDA $0A,S
010C22  83 0E       STA $0E,S
010C24  A3 0B       LDA $0B,S
010C26  83 0F       STA $0F,S
010C28  E2 20       SEP #$20
010C2A  18          CLC
010C2B  A9 01       LDA #$01
010C2D  85 10       STA $10
010C2F  A3 0E       LDA $0E,S
010C31  65 10       ADC $10
010C33  83 12       STA $12,S
010C35  A9 00       LDA #$00
010C37  85 10       STA $10
010C39  A3 0F       LDA $0F,S
010C3B  65 10       ADC $10
010C3D  83 13       STA $13,S
010C3F  A9 00       LDA #$00
010C41  85 10       STA $10
010C43  A3 10       LDA $10,S
010C45  65 10       ADC $10
010C47  83 14       STA $14,S
010C49  C2 20       REP #$20
010C4B  A3 12       LDA $12,S
010C4D  83 0A       STA $0A,S
010C4F  A3 13       LDA $13,S
010C51  83 0B       STA $0B,S
010C53  A3 06       LDA $06,S
010C55  83 0E       STA $0E,S
010C57  A3 07       LDA $07,S
010C59  83 0F       STA $0F,S
010C5B  E2 20       SEP #$20
010C5D  18          CLC
010C5E  A9 01       LDA #$01
010C60  85 10       STA $10
010C62  A3 0E       LDA $0E,S
010C64  65 10       ADC $10
010C66  83 06       STA $06,S
010C68  A9 00       LDA #$00
010C6A  85 10       STA $10
010C6C  A3 0F       LDA $0F,S
010C6E  65 10       ADC $10
010C70  83 07       STA $07,S
010C72  A9 00       LDA #$00
010C74  85 10       STA $10
010C76  A3 10       LDA $10,S
010C78  65 10       ADC $10
010C7A  83 08       STA $08,S
010C7C  C2 20       REP #$20
010C7E  A3 06       LDA $06,S
010C80  83 0E       STA $0E,S
010C82  A3 07       LDA $07,S
010C84  83 0F       STA $0F,S
010C86  E2 20       SEP #$20
010C88  A3 0A       LDA $0A,S
010C8A  83 16       STA $16,S
010C8C  A3 0B       LDA $0B,S
010C8E  83 17       STA $17,S
010C90  A3 0C       LDA $0C,S
010C92  83 18       STA $18,S
010C94  A3 0E       LDA $0E,S
010C96  83 1A       STA $1A,S
010C98  A3 0F       LDA $0F,S
010C9A  83 1B       STA $1B,S
010C9C  A3 10       LDA $10,S
010C9E  83 1C       STA $1C,S
010CA0  A3 16       LDA $16,S
010CA2  83 0A       STA $0A,S
010CA4  A3 17       LDA $17,S
010CA6  83 0B       STA $0B,S
010CA8  A3 18       LDA $18,S
010CAA  83 0C       STA $0C,S
010CAC  A3 1A       LDA $1A,S
010CAE  83 06       STA $06,S
010CB0  A3 1B       LDA $1B,S
010CB2  83 07       STA $07,S
010CB4  A3 1C       LDA $1C,S
010CB6  83 08       STA $08,S
010CB8  C2 20       REP #$20
010CBA  82 0C FF    BRL $010BC9
010CBD  A3 02       LDA $02,S
010CBF  85 00       STA $00
010CC1  A3 03       LDA $03,S
010CC3  85 01       STA $01
010CC5  A7 00       LDA [$00]
010CC7  83 06       STA $06,S
010CC9  E2 20       SEP #$20
010CCB  A0 02 00    LDY #$0002
010CCE  B7 00       LDA [$00],Y
010CD0  83 08       STA $08,S
010CD2  C2 20       REP #$20
010CD4  E2 20       SEP #$20
010CD6  A3 06       LDA $06,S
010CD8  83 16       STA $16,S
010CDA  A3 07       LDA $07,S
010CDC  83 17       STA $17,S
010CDE  A3 08       LDA $08,S
010CE0  83 18       STA $18,S
010CE2  A3 16       LDA $16,S
010CE4  83 02       STA $02,S
010CE6  A3 17       LDA $17,S
010CE8  83 03       STA $03,S
010CEA  A3 18       LDA $18,S
010CEC  83 04       STA $04,S
010CEE  C2 20       REP #$20
010CF0  82 53 FE    BRL $010B46
010CF3  A2 00 00    LDX #$0000
010CF6  A9 00 00    LDA #$0000
010CF9  A8          TAY
010CFA  3B          TSC
010CFB  18          CLC
010CFC  69 1C 00    ADC #$001C
010CFF  1B          TCS
010D00  98          TYA
010D01  6B          RTL
010D02  3B          TSC
010D03  AA          TAX
010D04  C5 46       CMP $46
010D06  90 04       BCC $010D0C
010D08  F0 02       BEQ $010D0C
010D0A  80 0A       BRA $010D16
010D0C  38          SEC
010D0D  E9 00 00    SBC #$0000
010D10  90 04       BCC $010D16
010D12  C5 44       CMP $44
010D14  B0 07       BCS $010D1D
010D16  A9 00 00    LDA #$0000
010D19  5C 00 80 04 JML $048000
010D1D  1B          TCS
010D1E  6B          RTL
