010000  3B          TSC
010001  AA          TAX
010002  C5 46       CMP $46
010004  90 04       BCC $01000A
010006  F0 02       BEQ $01000A
010008  80 0A       BRA $010014
01000A  38          SEC
01000B  E9 0C 00    SBC #$000C
01000E  90 04       BCC $010014
010010  C5 44       CMP $44
010012  B0 07       BCS $01001B
010014  A9 0C 00    LDA #$000C
010017  5C 00 80 04 JML $048000
01001B  1B          TCS
01001C  A3 10       LDA $10,S
01001E  83 02       STA $02,S
010020  A3 11       LDA $11,S
010022  83 03       STA $03,S
010024  A3 10       LDA $10,S
010026  83 0A       STA $0A,S
010028  A3 11       LDA $11,S
01002A  83 0B       STA $0B,S
01002C  E2 20       SEP #$20
01002E  C2 20       REP #$20
010030  A3 0A       LDA $0A,S
010032  85 00       STA $00
010034  A3 0B       LDA $0B,S
010036  85 01       STA $01
010038  E2 20       SEP #$20
01003A  18          CLC
01003B  A5 00       LDA $00
01003D  69 03       ADC #$03
01003F  85 00       STA $00
010041  A5 01       LDA $01
010043  69 00       ADC #$00
010045  85 01       STA $01
010047  A5 02       LDA $02
010049  69 00       ADC #$00
01004B  85 02       STA $02
01004D  A5 00       LDA $00
01004F  83 06       STA $06,S
010051  A5 01       LDA $01
010053  83 07       STA $07,S
010055  A5 02       LDA $02
010057  83 08       STA $08,S
010059  C2 20       REP #$20
01005B  A3 06       LDA $06,S
01005D  83 0A       STA $0A,S
01005F  A3 07       LDA $07,S
010061  83 0B       STA $0B,S
010063  A3 02       LDA $02,S
010065  85 00       STA $00
010067  A3 03       LDA $03,S
010069  85 01       STA $01
01006B  A3 0A       LDA $0A,S
01006D  87 00       STA [$00]
01006F  E2 20       SEP #$20
010071  A3 0C       LDA $0C,S
010073  A0 02 00    LDY #$0002
010076  97 00       STA [$00],Y
010078  C2 20       REP #$20
01007A  A3 10       LDA $10,S
01007C  83 02       STA $02,S
01007E  A3 11       LDA $11,S
010080  83 03       STA $03,S
010082  A3 02       LDA $02,S
010084  85 00       STA $00
010086  A3 03       LDA $03,S
010088  85 01       STA $01
01008A  E2 20       SEP #$20
01008C  A9 00       LDA #$00
01008E  A0 03 00    LDY #$0003
010091  97 00       STA [$00],Y
010093  A9 00       LDA #$00
010095  A0 04 00    LDY #$0004
010098  97 00       STA [$00],Y
01009A  A9 00       LDA #$00
01009C  A0 05 00    LDY #$0005
01009F  97 00       STA [$00],Y
0100A1  C2 20       REP #$20
0100A3  A3 10       LDA $10,S
0100A5  83 02       STA $02,S
0100A7  A3 11       LDA $11,S
0100A9  83 03       STA $03,S
0100AB  A3 10       LDA $10,S
0100AD  83 0A       STA $0A,S
0100AF  A3 11       LDA $11,S
0100B1  83 0B       STA $0B,S
0100B3  A3 0A       LDA $0A,S
0100B5  83 06       STA $06,S
0100B7  A3 0B       LDA $0B,S
0100B9  83 07       STA $07,S
0100BB  A3 06       LDA $06,S
0100BD  83 0A       STA $0A,S
0100BF  A3 07       LDA $07,S
0100C1  83 0B       STA $0B,S
0100C3  A3 02       LDA $02,S
0100C5  85 00       STA $00
0100C7  A3 03       LDA $03,S
0100C9  85 01       STA $01
0100CB  A3 0A       LDA $0A,S
0100CD  A0 06 00    LDY #$0006
0100D0  97 00       STA [$00],Y
0100D2  E2 20       SEP #$20
0100D4  A3 0C       LDA $0C,S
0100D6  A0 08 00    LDY #$0008
0100D9  97 00       STA [$00],Y
0100DB  C2 20       REP #$20
0100DD  3B          TSC
0100DE  18          CLC
0100DF  69 0C 00    ADC #$000C
0100E2  1B          TCS
0100E3  6B          RTL
0100E4  3B          TSC
0100E5  AA          TAX
0100E6  C5 46       CMP $46
0100E8  90 04       BCC $0100EE
0100EA  F0 02       BEQ $0100EE
0100EC  80 0A       BRA $0100F8
0100EE  38          SEC
0100EF  E9 08 00    SBC #$0008
0100F2  90 04       BCC $0100F8
0100F4  C5 44       CMP $44
0100F6  B0 07       BCS $0100FF
0100F8  A9 08 00    LDA #$0008
0100FB  5C 00 80 04 JML $048000
0100FF  1B          TCS
010100  A3 0C       LDA $0C,S
010102  83 02       STA $02,S
010104  A3 0D       LDA $0D,S
010106  83 03       STA $03,S
010108  A3 02       LDA $02,S
01010A  83 06       STA $06,S
01010C  A3 03       LDA $03,S
01010E  83 07       STA $07,S
010110  3B          TSC
010111  AA          TAX
010112  C5 46       CMP $46
010114  90 04       BCC $01011A
010116  F0 02       BEQ $01011A
010118  80 0A       BRA $010124
01011A  38          SEC
01011B  E9 06 00    SBC #$0006
01011E  90 04       BCC $010124
010120  C5 44       CMP $44
010122  B0 07       BCS $01012B
010124  A9 06 00    LDA #$0006
010127  5C 00 80 04 JML $048000
01012B  3B          TSC
01012C  38          SEC
01012D  E9 03 00    SBC #$0003
010130  1B          TCS
010131  E2 20       SEP #$20
010133  A9 00       LDA #$00
010135  A3 09       LDA $09,S
010137  83 01       STA $01,S
010139  A3 0A       LDA $0A,S
01013B  83 02       STA $02,S
01013D  A3 0B       LDA $0B,S
01013F  83 03       STA $03,S
010141  C2 20       REP #$20
010143  22 00 00 01 JSL $010000
010147  A8          TAY
010148  3B          TSC
010149  18          CLC
01014A  69 03 00    ADC #$0003
01014D  1B          TCS
01014E  98          TYA
01014F  3B          TSC
010150  18          CLC
010151  69 08 00    ADC #$0008
010154  1B          TCS
010155  6B          RTL
010156  3B          TSC
010157  AA          TAX
010158  C5 46       CMP $46
01015A  90 04       BCC $010160
01015C  F0 02       BEQ $010160
01015E  80 0A       BRA $01016A
010160  38          SEC
010161  E9 0C 00    SBC #$000C
010164  90 04       BCC $01016A
010166  C5 44       CMP $44
010168  B0 07       BCS $010171
01016A  A9 0C 00    LDA #$000C
01016D  5C 00 80 04 JML $048000
010171  1B          TCS
010172  A3 10       LDA $10,S
010174  83 06       STA $06,S
010176  A3 11       LDA $11,S
010178  83 07       STA $07,S
01017A  A3 06       LDA $06,S
01017C  85 00       STA $00
01017E  A3 07       LDA $07,S
010180  85 01       STA $01
010182  A7 00       LDA [$00]
010184  83 02       STA $02,S
010186  E2 20       SEP #$20
010188  A0 02 00    LDY #$0002
01018B  B7 00       LDA [$00],Y
01018D  83 04       STA $04,S
01018F  C2 20       REP #$20
010191  A3 10       LDA $10,S
010193  83 0A       STA $0A,S
010195  A3 11       LDA $11,S
010197  83 0B       STA $0B,S
010199  E2 20       SEP #$20
01019B  C2 20       REP #$20
01019D  A3 0A       LDA $0A,S
01019F  85 00       STA $00
0101A1  A3 0B       LDA $0B,S
0101A3  85 01       STA $01
0101A5  E2 20       SEP #$20
0101A7  18          CLC
0101A8  A5 00       LDA $00
0101AA  69 03       ADC #$03
0101AC  85 00       STA $00
0101AE  A5 01       LDA $01
0101B0  69 00       ADC #$00
0101B2  85 01       STA $01
0101B4  A5 02       LDA $02
0101B6  69 00       ADC #$00
0101B8  85 02       STA $02
0101BA  A5 00       LDA $00
0101BC  83 06       STA $06,S
0101BE  A5 01       LDA $01
0101C0  83 07       STA $07,S
0101C2  A5 02       LDA $02
0101C4  83 08       STA $08,S
0101C6  C2 20       REP #$20
0101C8  A3 06       LDA $06,S
0101CA  83 0A       STA $0A,S
0101CC  A3 07       LDA $07,S
0101CE  83 0B       STA $0B,S
0101D0  A3 02       LDA $02,S
0101D2  C3 0A       CMP $0A,S
0101D4  D0 0A       BNE $0101E0
0101D6  E2 20       SEP #$20
0101D8  A3 04       LDA $04,S
0101DA  C3 0C       CMP $0C,S
0101DC  C2 20       REP #$20
0101DE  F0 06       BEQ $0101E6
0101E0  E2 20       SEP #$20
0101E2  A9 00       LDA #$00
0101E4  80 04       BRA $0101EA
0101E6  E2 20       SEP #$20
0101E8  A9 01       LDA #$01
0101EA  E2 20       SEP #$20
0101EC  83 01       STA $01,S
0101EE  C2 20       REP #$20
0101F0  E2 20       SEP #$20
0101F2  A3 01       LDA $01,S
0101F4  C2 20       REP #$20
0101F6  29 FF 00    AND #$00FF
0101F9  A8          TAY
0101FA  3B          TSC
0101FB  18          CLC
0101FC  69 0C 00    ADC #$000C
0101FF  1B          TCS
010200  98          TYA
010201  6B          RTL
010202  3B          TSC
010203  AA          TAX
010204  C5 46       CMP $46
010206  90 04       BCC $01020C
010208  F0 02       BEQ $01020C
01020A  80 0A       BRA $010216
01020C  38          SEC
01020D  E9 08 00    SBC #$0008
010210  90 04       BCC $010216
010212  C5 44       CMP $44
010214  B0 07       BCS $01021D
010216  A9 08 00    LDA #$0008
010219  5C 00 80 04 JML $048000
01021D  1B          TCS
01021E  A3 0C       LDA $0C,S
010220  83 06       STA $06,S
010222  A3 0D       LDA $0D,S
010224  83 07       STA $07,S
010226  A3 06       LDA $06,S
010228  83 02       STA $02,S
01022A  A3 07       LDA $07,S
01022C  83 03       STA $03,S
01022E  3B          TSC
01022F  AA          TAX
010230  C5 46       CMP $46
010232  90 04       BCC $010238
010234  F0 02       BEQ $010238
010236  80 0A       BRA $010242
010238  38          SEC
010239  E9 06 00    SBC #$0006
01023C  90 04       BCC $010242
01023E  C5 44       CMP $44
010240  B0 07       BCS $010249
010242  A9 06 00    LDA #$0006
010245  5C 00 80 04 JML $048000
010249  3B          TSC
01024A  38          SEC
01024B  E9 03 00    SBC #$0003
01024E  1B          TCS
01024F  E2 20       SEP #$20
010251  A9 00       LDA #$00
010253  A3 05       LDA $05,S
010255  83 01       STA $01,S
010257  A3 06       LDA $06,S
010259  83 02       STA $02,S
01025B  A3 07       LDA $07,S
01025D  83 03       STA $03,S
01025F  C2 20       REP #$20
010261  22 56 01 01 JSL $010156
010265  A8          TAY
010266  3B          TSC
010267  18          CLC
010268  69 03 00    ADC #$0003
01026B  1B          TCS
01026C  98          TYA
01026D  E2 20       SEP #$20
01026F  83 01       STA $01,S
010271  C2 20       REP #$20
010273  E2 20       SEP #$20
010275  A3 01       LDA $01,S
010277  C2 20       REP #$20
010279  29 FF 00    AND #$00FF
01027C  A8          TAY
01027D  3B          TSC
01027E  18          CLC
01027F  69 08 00    ADC #$0008
010282  1B          TCS
010283  98          TYA
010284  6B          RTL
010285  3B          TSC
010286  AA          TAX
010287  C5 46       CMP $46
010289  90 04       BCC $01028F
01028B  F0 02       BEQ $01028F
01028D  80 0A       BRA $010299
01028F  38          SEC
010290  E9 10 00    SBC #$0010
010293  90 04       BCC $010299
010295  C5 44       CMP $44
010297  B0 07       BCS $0102A0
010299  A9 10 00    LDA #$0010
01029C  5C 00 80 04 JML $048000
0102A0  1B          TCS
0102A1  A3 14       LDA $14,S
0102A3  83 06       STA $06,S
0102A5  A3 15       LDA $15,S
0102A7  83 07       STA $07,S
0102A9  A3 06       LDA $06,S
0102AB  85 00       STA $00
0102AD  A3 07       LDA $07,S
0102AF  85 01       STA $01
0102B1  A7 00       LDA [$00]
0102B3  83 0A       STA $0A,S
0102B5  E2 20       SEP #$20
0102B7  A0 02 00    LDY #$0002
0102BA  B7 00       LDA [$00],Y
0102BC  83 0C       STA $0C,S
0102BE  C2 20       REP #$20
0102C0  A3 0A       LDA $0A,S
0102C2  83 01       STA $01,S
0102C4  A3 0B       LDA $0B,S
0102C6  83 02       STA $02,S
0102C8  A3 17       LDA $17,S
0102CA  83 06       STA $06,S
0102CC  A3 18       LDA $18,S
0102CE  83 07       STA $07,S
0102D0  A3 14       LDA $14,S
0102D2  83 0E       STA $0E,S
0102D4  A3 15       LDA $15,S
0102D6  83 0F       STA $0F,S
0102D8  A3 0E       LDA $0E,S
0102DA  83 0A       STA $0A,S
0102DC  A3 0F       LDA $0F,S
0102DE  83 0B       STA $0B,S
0102E0  A3 0A       LDA $0A,S
0102E2  83 0E       STA $0E,S
0102E4  A3 0B       LDA $0B,S
0102E6  83 0F       STA $0F,S
0102E8  A3 06       LDA $06,S
0102EA  85 00       STA $00
0102EC  A3 07       LDA $07,S
0102EE  85 01       STA $01
0102F0  A3 0E       LDA $0E,S
0102F2  A0 03 00    LDY #$0003
0102F5  97 00       STA [$00],Y
0102F7  E2 20       SEP #$20
0102F9  A3 10       LDA $10,S
0102FB  A0 05 00    LDY #$0005
0102FE  97 00       STA [$00],Y
010300  C2 20       REP #$20
010302  A3 17       LDA $17,S
010304  83 06       STA $06,S
010306  A3 18       LDA $18,S
010308  83 07       STA $07,S
01030A  A3 01       LDA $01,S
01030C  83 0A       STA $0A,S
01030E  A3 02       LDA $02,S
010310  83 0B       STA $0B,S
010312  A3 06       LDA $06,S
010314  85 00       STA $00
010316  A3 07       LDA $07,S
010318  85 01       STA $01
01031A  A3 0A       LDA $0A,S
01031C  87 00       STA [$00]
01031E  E2 20       SEP #$20
010320  A3 0C       LDA $0C,S
010322  A0 02 00    LDY #$0002
010325  97 00       STA [$00],Y
010327  C2 20       REP #$20
010329  A3 01       LDA $01,S
01032B  83 06       STA $06,S
01032D  A3 02       LDA $02,S
01032F  83 07       STA $07,S
010331  A3 17       LDA $17,S
010333  83 0A       STA $0A,S
010335  A3 18       LDA $18,S
010337  83 0B       STA $0B,S
010339  A3 06       LDA $06,S
01033B  85 00       STA $00
01033D  A3 07       LDA $07,S
01033F  85 01       STA $01
010341  A3 0A       LDA $0A,S
010343  A0 03 00    LDY #$0003
010346  97 00       STA [$00],Y
010348  E2 20       SEP #$20
01034A  A3 0C       LDA $0C,S
01034C  A0 05 00    LDY #$0005
01034F  97 00       STA [$00],Y
010351  C2 20       REP #$20
010353  A3 14       LDA $14,S
010355  83 06       STA $06,S
010357  A3 15       LDA $15,S
010359  83 07       STA $07,S
01035B  A3 17       LDA $17,S
01035D  83 0A       STA $0A,S
01035F  A3 18       LDA $18,S
010361  83 0B       STA $0B,S
010363  A3 06       LDA $06,S
010365  85 00       STA $00
010367  A3 07       LDA $07,S
010369  85 01       STA $01
01036B  A3 0A       LDA $0A,S
01036D  87 00       STA [$00]
01036F  E2 20       SEP #$20
010371  A3 0C       LDA $0C,S
010373  A0 02 00    LDY #$0002
010376  97 00       STA [$00],Y
010378  C2 20       REP #$20
01037A  3B          TSC
01037B  18          CLC
01037C  69 10 00    ADC #$0010
01037F  1B          TCS
010380  6B          RTL
010381  3B          TSC
010382  AA          TAX
010383  C5 46       CMP $46
010385  90 04       BCC $01038B
010387  F0 02       BEQ $01038B
010389  80 0A       BRA $010395
01038B  38          SEC
01038C  E9 10 00    SBC #$0010
01038F  90 04       BCC $010395
010391  C5 44       CMP $44
010393  B0 07       BCS $01039C
010395  A9 10 00    LDA #$0010
010398  5C 00 80 04 JML $048000
01039C  1B          TCS
01039D  A3 14       LDA $14,S
01039F  83 06       STA $06,S
0103A1  A3 15       LDA $15,S
0103A3  83 07       STA $07,S
0103A5  A3 06       LDA $06,S
0103A7  85 00       STA $00
0103A9  A3 07       LDA $07,S
0103AB  85 01       STA $01
0103AD  A0 06 00    LDY #$0006
0103B0  B7 00       LDA [$00],Y
0103B2  83 0A       STA $0A,S
0103B4  E2 20       SEP #$20
0103B6  A0 08 00    LDY #$0008
0103B9  B7 00       LDA [$00],Y
0103BB  83 0C       STA $0C,S
0103BD  C2 20       REP #$20
0103BF  A3 0A       LDA $0A,S
0103C1  83 01       STA $01,S
0103C3  A3 0B       LDA $0B,S
0103C5  83 02       STA $02,S
0103C7  A3 17       LDA $17,S
0103C9  83 06       STA $06,S
0103CB  A3 18       LDA $18,S
0103CD  83 07       STA $07,S
0103CF  A3 14       LDA $14,S
0103D1  83 0E       STA $0E,S
0103D3  A3 15       LDA $15,S
0103D5  83 0F       STA $0F,S
0103D7  E2 20       SEP #$20
0103D9  C2 20       REP #$20
0103DB  A3 0E       LDA $0E,S
0103DD  85 00       STA $00
0103DF  A3 0F       LDA $0F,S
0103E1  85 01       STA $01
0103E3  E2 20       SEP #$20
0103E5  18          CLC
0103E6  A5 00       LDA $00
0103E8  69 03       ADC #$03
0103EA  85 00       STA $00
0103EC  A5 01       LDA $01
0103EE  69 00       ADC #$00
0103F0  85 01       STA $01
0103F2  A5 02       LDA $02
0103F4  69 00       ADC #$00
0103F6  85 02       STA $02
0103F8  A5 00       LDA $00
0103FA  83 0A       STA $0A,S
0103FC  A5 01       LDA $01
0103FE  83 0B       STA $0B,S
010400  A5 02       LDA $02
010402  83 0C       STA $0C,S
010404  C2 20       REP #$20
010406  A3 0A       LDA $0A,S
010408  83 0E       STA $0E,S
01040A  A3 0B       LDA $0B,S
01040C  83 0F       STA $0F,S
01040E  A3 06       LDA $06,S
010410  85 00       STA $00
010412  A3 07       LDA $07,S
010414  85 01       STA $01
010416  A3 0E       LDA $0E,S
010418  87 00       STA [$00]
01041A  E2 20       SEP #$20
01041C  A3 10       LDA $10,S
01041E  A0 02 00    LDY #$0002
010421  97 00       STA [$00],Y
010423  C2 20       REP #$20
010425  A3 17       LDA $17,S
010427  83 06       STA $06,S
010429  A3 18       LDA $18,S
01042B  83 07       STA $07,S
01042D  A3 01       LDA $01,S
01042F  83 0A       STA $0A,S
010431  A3 02       LDA $02,S
010433  83 0B       STA $0B,S
010435  A3 06       LDA $06,S
010437  85 00       STA $00
010439  A3 07       LDA $07,S
01043B  85 01       STA $01
01043D  A3 0A       LDA $0A,S
01043F  A0 03 00    LDY #$0003
010442  97 00       STA [$00],Y
010444  E2 20       SEP #$20
010446  A3 0C       LDA $0C,S
010448  A0 05 00    LDY #$0005
01044B  97 00       STA [$00],Y
01044D  C2 20       REP #$20
01044F  A3 01       LDA $01,S
010451  83 06       STA $06,S
010453  A3 02       LDA $02,S
010455  83 07       STA $07,S
010457  A3 17       LDA $17,S
010459  83 0A       STA $0A,S
01045B  A3 18       LDA $18,S
01045D  83 0B       STA $0B,S
01045F  A3 06       LDA $06,S
010461  85 00       STA $00
010463  A3 07       LDA $07,S
010465  85 01       STA $01
010467  A3 0A       LDA $0A,S
010469  87 00       STA [$00]
01046B  E2 20       SEP #$20
01046D  A3 0C       LDA $0C,S
01046F  A0 02 00    LDY #$0002
010472  97 00       STA [$00],Y
010474  C2 20       REP #$20
010476  A3 14       LDA $14,S
010478  83 06       STA $06,S
01047A  A3 15       LDA $15,S
01047C  83 07       STA $07,S
01047E  A3 17       LDA $17,S
010480  83 0A       STA $0A,S
010482  A3 18       LDA $18,S
010484  83 0B       STA $0B,S
010486  A3 06       LDA $06,S
010488  85 00       STA $00
01048A  A3 07       LDA $07,S
01048C  85 01       STA $01
01048E  A3 0A       LDA $0A,S
010490  A0 06 00    LDY #$0006
010493  97 00       STA [$00],Y
010495  E2 20       SEP #$20
010497  A3 0C       LDA $0C,S
010499  A0 08 00    LDY #$0008
01049C  97 00       STA [$00],Y
01049E  C2 20       REP #$20
0104A0  3B          TSC
0104A1  18          CLC
0104A2  69 10 00    ADC #$0010
0104A5  1B          TCS
0104A6  6B          RTL
0104A7  3B          TSC
0104A8  AA          TAX
0104A9  C5 46       CMP $46
0104AB  90 04       BCC $0104B1
0104AD  F0 02       BEQ $0104B1
0104AF  80 0A       BRA $0104BB
0104B1  38          SEC
0104B2  E9 10 00    SBC #$0010
0104B5  90 04       BCC $0104BB
0104B7  C5 44       CMP $44
0104B9  B0 07       BCS $0104C2
0104BB  A9 10 00    LDA #$0010
0104BE  5C 00 80 04 JML $048000
0104C2  1B          TCS
0104C3  A3 1A       LDA $1A,S
0104C5  83 06       STA $06,S
0104C7  A3 1B       LDA $1B,S
0104C9  83 07       STA $07,S
0104CB  A3 06       LDA $06,S
0104CD  03 07       ORA $07,S
0104CF  F0 02       BEQ $0104D3
0104D1  80 04       BRA $0104D7
0104D3  C2 20       REP #$20
0104D5  80 36       BRA $01050D
0104D7  A3 1A       LDA $1A,S
0104D9  83 06       STA $06,S
0104DB  A3 1B       LDA $1B,S
0104DD  83 07       STA $07,S
0104DF  A3 14       LDA $14,S
0104E1  83 0E       STA $0E,S
0104E3  A3 15       LDA $15,S
0104E5  83 0F       STA $0F,S
0104E7  A3 0E       LDA $0E,S
0104E9  83 0A       STA $0A,S
0104EB  A3 0F       LDA $0F,S
0104ED  83 0B       STA $0B,S
0104EF  A3 0A       LDA $0A,S
0104F1  83 0E       STA $0E,S
0104F3  A3 0B       LDA $0B,S
0104F5  83 0F       STA $0F,S
0104F7  A3 06       LDA $06,S
0104F9  C3 0E       CMP $0E,S
0104FB  D0 0A       BNE $010507
0104FD  E2 20       SEP #$20
0104FF  A3 08       LDA $08,S
010501  C3 10       CMP $10,S
010503  C2 20       REP #$20
010505  F0 04       BEQ $01050B
010507  C2 20       REP #$20
010509  80 66       BRA $010571
01050B  C2 20       REP #$20
01050D  A3 14       LDA $14,S
01050F  83 06       STA $06,S
010511  A3 15       LDA $15,S
010513  83 07       STA $07,S
010515  A3 17       LDA $17,S
010517  83 0A       STA $0A,S
010519  A3 18       LDA $18,S
01051B  83 0B       STA $0B,S
01051D  3B          TSC
01051E  AA          TAX
01051F  C5 46       CMP $46
010521  90 04       BCC $010527
010523  F0 02       BEQ $010527
010525  80 0A       BRA $010531
010527  38          SEC
010528  E9 0A 00    SBC #$000A
01052B  90 04       BCC $010531
01052D  C5 44       CMP $44
01052F  B0 07       BCS $010538
010531  A9 0A 00    LDA #$000A
010534  5C 00 80 04 JML $048000
010538  3B          TSC
010539  38          SEC
01053A  E9 07 00    SBC #$0007
01053D  1B          TCS
01053E  E2 20       SEP #$20
010540  A9 00       LDA #$00
010542  83 07       STA $07,S
010544  A3 0D       LDA $0D,S
010546  83 01       STA $01,S
010548  A3 0E       LDA $0E,S
01054A  83 02       STA $02,S
01054C  A3 0F       LDA $0F,S
01054E  83 03       STA $03,S
010550  A3 11       LDA $11,S
010552  83 04       STA $04,S
010554  A3 12       LDA $12,S
010556  83 05       STA $05,S
010558  A3 13       LDA $13,S
01055A  83 06       STA $06,S
01055C  C2 20       REP #$20
01055E  22 85 02 01 JSL $010285
010562  A8          TAY
010563  3B          TSC
010564  18          CLC
010565  69 07 00    ADC #$0007
010568  1B          TCS
010569  98          TYA
01056A  3B          TSC
01056B  18          CLC
01056C  69 10 00    ADC #$0010
01056F  1B          TCS
010570  6B          RTL
010571  A3 1A       LDA $1A,S
010573  83 06       STA $06,S
010575  A3 1B       LDA $1B,S
010577  83 07       STA $07,S
010579  A3 14       LDA $14,S
01057B  83 0E       STA $0E,S
01057D  A3 15       LDA $15,S
01057F  83 0F       STA $0F,S
010581  E2 20       SEP #$20
010583  C2 20       REP #$20
010585  A3 0E       LDA $0E,S
010587  85 00       STA $00
010589  A3 0F       LDA $0F,S
01058B  85 01       STA $01
01058D  E2 20       SEP #$20
01058F  18          CLC
010590  A5 00       LDA $00
010592  69 03       ADC #$03
010594  85 00       STA $00
010596  A5 01       LDA $01
010598  69 00       ADC #$00
01059A  85 01       STA $01
01059C  A5 02       LDA $02
01059E  69 00       ADC #$00
0105A0  85 02       STA $02
0105A2  A5 00       LDA $00
0105A4  83 0A       STA $0A,S
0105A6  A5 01       LDA $01
0105A8  83 0B       STA $0B,S
0105AA  A5 02       LDA $02
0105AC  83 0C       STA $0C,S
0105AE  C2 20       REP #$20
0105B0  A3 0A       LDA $0A,S
0105B2  83 0E       STA $0E,S
0105B4  A3 0B       LDA $0B,S
0105B6  83 0F       STA $0F,S
0105B8  A3 06       LDA $06,S
0105BA  C3 0E       CMP $0E,S
0105BC  D0 0A       BNE $0105C8
0105BE  E2 20       SEP #$20
0105C0  A3 08       LDA $08,S
0105C2  C3 10       CMP $10,S
0105C4  C2 20       REP #$20
0105C6  F0 04       BEQ $0105CC
0105C8  C2 20       REP #$20
0105CA  80 66       BRA $010632
0105CC  C2 20       REP #$20
0105CE  A3 14       LDA $14,S
0105D0  83 06       STA $06,S
0105D2  A3 15       LDA $15,S
0105D4  83 07       STA $07,S
0105D6  A3 17       LDA $17,S
0105D8  83 0A       STA $0A,S
0105DA  A3 18       LDA $18,S
0105DC  83 0B       STA $0B,S
0105DE  3B          TSC
0105DF  AA          TAX
0105E0  C5 46       CMP $46
0105E2  90 04       BCC $0105E8
0105E4  F0 02       BEQ $0105E8
0105E6  80 0A       BRA $0105F2
0105E8  38          SEC
0105E9  E9 0A 00    SBC #$000A
0105EC  90 04       BCC $0105F2
0105EE  C5 44       CMP $44
0105F0  B0 07       BCS $0105F9
0105F2  A9 0A 00    LDA #$000A
0105F5  5C 00 80 04 JML $048000
0105F9  3B          TSC
0105FA  38          SEC
0105FB  E9 07 00    SBC #$0007
0105FE  1B          TCS
0105FF  E2 20       SEP #$20
010601  A9 00       LDA #$00
010603  83 07       STA $07,S
010605  A3 0D       LDA $0D,S
010607  83 01       STA $01,S
010609  A3 0E       LDA $0E,S
01060B  83 02       STA $02,S
01060D  A3 0F       LDA $0F,S
01060F  83 03       STA $03,S
010611  A3 11       LDA $11,S
010613  83 04       STA $04,S
010615  A3 12       LDA $12,S
010617  83 05       STA $05,S
010619  A3 13       LDA $13,S
01061B  83 06       STA $06,S
01061D  C2 20       REP #$20
01061F  22 81 03 01 JSL $010381
010623  A8          TAY
010624  3B          TSC
010625  18          CLC
010626  69 07 00    ADC #$0007
010629  1B          TCS
01062A  98          TYA
01062B  3B          TSC
01062C  18          CLC
01062D  69 10 00    ADC #$0010
010630  1B          TCS
010631  6B          RTL
010632  A3 1A       LDA $1A,S
010634  83 06       STA $06,S
010636  A3 1B       LDA $1B,S
010638  83 07       STA $07,S
01063A  A3 06       LDA $06,S
01063C  85 00       STA $00
01063E  A3 07       LDA $07,S
010640  85 01       STA $01
010642  A7 00       LDA [$00]
010644  83 0A       STA $0A,S
010646  E2 20       SEP #$20
010648  A0 02 00    LDY #$0002
01064B  B7 00       LDA [$00],Y
01064D  83 0C       STA $0C,S
01064F  C2 20       REP #$20
010651  A3 0A       LDA $0A,S
010653  83 01       STA $01,S
010655  A3 0B       LDA $0B,S
010657  83 02       STA $02,S
010659  A3 17       LDA $17,S
01065B  83 06       STA $06,S
01065D  A3 18       LDA $18,S
01065F  83 07       STA $07,S
010661  A3 1A       LDA $1A,S
010663  83 0A       STA $0A,S
010665  A3 1B       LDA $1B,S
010667  83 0B       STA $0B,S
010669  A3 06       LDA $06,S
01066B  85 00       STA $00
01066D  A3 07       LDA $07,S
01066F  85 01       STA $01
010671  A3 0A       LDA $0A,S
010673  A0 03 00    LDY #$0003
010676  97 00       STA [$00],Y
010678  E2 20       SEP #$20
01067A  A3 0C       LDA $0C,S
01067C  A0 05 00    LDY #$0005
01067F  97 00       STA [$00],Y
010681  C2 20       REP #$20
010683  A3 17       LDA $17,S
010685  83 06       STA $06,S
010687  A3 18       LDA $18,S
010689  83 07       STA $07,S
01068B  A3 01       LDA $01,S
01068D  83 0A       STA $0A,S
01068F  A3 02       LDA $02,S
010691  83 0B       STA $0B,S
010693  A3 06       LDA $06,S
010695  85 00       STA $00
010697  A3 07       LDA $07,S
010699  85 01       STA $01
01069B  A3 0A       LDA $0A,S
01069D  87 00       STA [$00]
01069F  E2 20       SEP #$20
0106A1  A3 0C       LDA $0C,S
0106A3  A0 02 00    LDY #$0002
0106A6  97 00       STA [$00],Y
0106A8  C2 20       REP #$20
0106AA  A3 01       LDA $01,S
0106AC  83 06       STA $06,S
0106AE  A3 02       LDA $02,S
0106B0  83 07       STA $07,S
0106B2  A3 17       LDA $17,S
0106B4  83 0A       STA $0A,S
0106B6  A3 18       LDA $18,S
0106B8  83 0B       STA $0B,S
0106BA  A3 06       LDA $06,S
0106BC  85 00       STA $00
0106BE  A3 07       LDA $07,S
0106C0  85 01       STA $01
0106C2  A3 0A       LDA $0A,S
0106C4  A0 03 00    LDY #$0003
0106C7  97 00       STA [$00],Y
0106C9  E2 20       SEP #$20
0106CB  A3 0C       LDA $0C,S
0106CD  A0 05 00    LDY #$0005
0106D0  97 00       STA [$00],Y
0106D2  C2 20       REP #$20
0106D4  A3 1A       LDA $1A,S
0106D6  83 06       STA $06,S
0106D8  A3 1B       LDA $1B,S
0106DA  83 07       STA $07,S
0106DC  A3 17       LDA $17,S
0106DE  83 0A       STA $0A,S
0106E0  A3 18       LDA $18,S
0106E2  83 0B       STA $0B,S
0106E4  A3 06       LDA $06,S
0106E6  85 00       STA $00
0106E8  A3 07       LDA $07,S
0106EA  85 01       STA $01
0106EC  A3 0A       LDA $0A,S
0106EE  87 00       STA [$00]
0106F0  E2 20       SEP #$20
0106F2  A3 0C       LDA $0C,S
0106F4  A0 02 00    LDY #$0002
0106F7  97 00       STA [$00],Y
0106F9  C2 20       REP #$20
0106FB  3B          TSC
0106FC  18          CLC
0106FD  69 10 00    ADC #$0010
010700  1B          TCS
010701  6B          RTL
010702  3B          TSC
010703  AA          TAX
010704  C5 46       CMP $46
010706  90 04       BCC $01070C
010708  F0 02       BEQ $01070C
01070A  80 0A       BRA $010716
01070C  38          SEC
01070D  E9 06 00    SBC #$0006
010710  90 04       BCC $010716
010712  C5 44       CMP $44
010714  B0 07       BCS $01071D
010716  A9 06 00    LDA #$0006
010719  5C 00 80 04 JML $048000
01071D  1B          TCS
01071E  A3 0A       LDA $0A,S
010720  85 00       STA $00
010722  A3 0B       LDA $0B,S
010724  85 01       STA $01
010726  A0 03 00    LDY #$0003
010729  B7 00       LDA [$00],Y
01072B  85 03       STA $03
01072D  E2 20       SEP #$20
01072F  A0 05 00    LDY #$0005
010732  B7 00       LDA [$00],Y
010734  85 05       STA $05
010736  C2 20       REP #$20
010738  A5 03       LDA $03
01073A  83 01       STA $01,S
01073C  A5 04       LDA $04
01073E  83 02       STA $02,S
010740  A3 0A       LDA $0A,S
010742  85 00       STA $00
010744  A3 0B       LDA $0B,S
010746  85 01       STA $01
010748  A7 00       LDA [$00]
01074A  85 03       STA $03
01074C  E2 20       SEP #$20
01074E  A0 02 00    LDY #$0002
010751  B7 00       LDA [$00],Y
010753  85 05       STA $05
010755  C2 20       REP #$20
010757  A5 03       LDA $03
010759  83 04       STA $04,S
01075B  A5 04       LDA $04
01075D  83 05       STA $05,S
01075F  A3 01       LDA $01,S
010761  85 00       STA $00
010763  A3 02       LDA $02,S
010765  85 01       STA $01
010767  A3 04       LDA $04,S
010769  85 03       STA $03
01076B  A3 05       LDA $05,S
01076D  85 04       STA $04
01076F  A5 03       LDA $03
010771  87 00       STA [$00]
010773  E2 20       SEP #$20
010775  A5 05       LDA $05
010777  A0 02 00    LDY #$0002
01077A  97 00       STA [$00],Y
01077C  C2 20       REP #$20
01077E  A3 04       LDA $04,S
010780  85 00       STA $00
010782  A3 05       LDA $05,S
010784  85 01       STA $01
010786  A3 01       LDA $01,S
010788  85 03       STA $03
01078A  A3 02       LDA $02,S
01078C  85 04       STA $04
01078E  A5 03       LDA $03
010790  A0 03 00    LDY #$0003
010793  97 00       STA [$00],Y
010795  E2 20       SEP #$20
010797  A5 05       LDA $05
010799  A0 05 00    LDY #$0005
01079C  97 00       STA [$00],Y
01079E  C2 20       REP #$20
0107A0  3B          TSC
0107A1  18          CLC
0107A2  69 06 00    ADC #$0006
0107A5  1B          TCS
0107A6  6B          RTL
0107A7  3B          TSC
0107A8  AA          TAX
0107A9  C5 46       CMP $46
0107AB  90 04       BCC $0107B1
0107AD  F0 02       BEQ $0107B1
0107AF  80 0A       BRA $0107BB
0107B1  38          SEC
0107B2  E9 0C 00    SBC #$000C
0107B5  90 04       BCC $0107BB
0107B7  C5 44       CMP $44
0107B9  B0 07       BCS $0107C2
0107BB  A9 0C 00    LDA #$000C
0107BE  5C 00 80 04 JML $048000
0107C2  1B          TCS
0107C3  A3 10       LDA $10,S
0107C5  83 06       STA $06,S
0107C7  A3 11       LDA $11,S
0107C9  83 07       STA $07,S
0107CB  A3 06       LDA $06,S
0107CD  85 00       STA $00
0107CF  A3 07       LDA $07,S
0107D1  85 01       STA $01
0107D3  A7 00       LDA [$00]
0107D5  83 0A       STA $0A,S
0107D7  E2 20       SEP #$20
0107D9  A0 02 00    LDY #$0002
0107DC  B7 00       LDA [$00],Y
0107DE  83 0C       STA $0C,S
0107E0  C2 20       REP #$20
0107E2  A3 0A       LDA $0A,S
0107E4  83 01       STA $01,S
0107E6  A3 0B       LDA $0B,S
0107E8  83 02       STA $02,S
0107EA  A3 01       LDA $01,S
0107EC  83 0A       STA $0A,S
0107EE  A3 02       LDA $02,S
0107F0  83 0B       STA $0B,S
0107F2  A3 0A       LDA $0A,S
0107F4  85 00       STA $00
0107F6  A3 0B       LDA $0B,S
0107F8  85 01       STA $01
0107FA  A7 00       LDA [$00]
0107FC  83 06       STA $06,S
0107FE  E2 20       SEP #$20
010800  A0 02 00    LDY #$0002
010803  B7 00       LDA [$00],Y
010805  83 08       STA $08,S
010807  C2 20       REP #$20
010809  A3 06       LDA $06,S
01080B  03 07       ORA $07,S
01080D  F0 02       BEQ $010811
01080F  80 11       BRA $010822
010811  C2 20       REP #$20
010813  A2 00 00    LDX #$0000
010816  A9 00 00    LDA #$0000
010819  A8          TAY
01081A  3B          TSC
01081B  18          CLC
01081C  69 0C 00    ADC #$000C
01081F  1B          TCS
010820  98          TYA
010821  6B          RTL
010822  A3 01       LDA $01,S
010824  83 06       STA $06,S
010826  A3 02       LDA $02,S
010828  83 07       STA $07,S
01082A  3B          TSC
01082B  AA          TAX
01082C  C5 46       CMP $46
01082E  90 04       BCC $010834
010830  F0 02       BEQ $010834
010832  80 0A       BRA $01083E
010834  38          SEC
010835  E9 06 00    SBC #$0006
010838  90 04       BCC $01083E
01083A  C5 44       CMP $44
01083C  B0 07       BCS $010845
01083E  A9 06 00    LDA #$0006
010841  5C 00 80 04 JML $048000
010845  3B          TSC
010846  38          SEC
010847  E9 03 00    SBC #$0003
01084A  1B          TCS
01084B  E2 20       SEP #$20
01084D  A9 00       LDA #$00
01084F  A3 09       LDA $09,S
010851  83 01       STA $01,S
010853  A3 0A       LDA $0A,S
010855  83 02       STA $02,S
010857  A3 0B       LDA $0B,S
010859  83 03       STA $03,S
01085B  C2 20       REP #$20
01085D  22 02 07 01 JSL $010702
010861  A8          TAY
010862  3B          TSC
010863  18          CLC
010864  69 03 00    ADC #$0003
010867  1B          TCS
010868  98          TYA
010869  A3 01       LDA $01,S
01086B  83 06       STA $06,S
01086D  A3 02       LDA $02,S
01086F  83 07       STA $07,S
010871  A3 07       LDA $07,S
010873  EB          XBA
010874  29 FF 00    AND #$00FF
010877  AA          TAX
010878  A3 06       LDA $06,S
01087A  A8          TAY
01087B  3B          TSC
01087C  18          CLC
01087D  69 0C 00    ADC #$000C
010880  1B          TCS
010881  98          TYA
010882  6B          RTL
010883  3B          TSC
010884  AA          TAX
010885  C5 46       CMP $46
010887  90 04       BCC $01088D
010889  F0 02       BEQ $01088D
01088B  80 0A       BRA $010897
01088D  38          SEC
01088E  E9 0C 00    SBC #$000C
010891  90 04       BCC $010897
010893  C5 44       CMP $44
010895  B0 07       BCS $01089E
010897  A9 0C 00    LDA #$000C
01089A  5C 00 80 04 JML $048000
01089E  1B          TCS
01089F  A3 10       LDA $10,S
0108A1  83 06       STA $06,S
0108A3  A3 11       LDA $11,S
0108A5  83 07       STA $07,S
0108A7  A3 06       LDA $06,S
0108A9  85 00       STA $00
0108AB  A3 07       LDA $07,S
0108AD  85 01       STA $01
0108AF  A0 06 00    LDY #$0006
0108B2  B7 00       LDA [$00],Y
0108B4  83 0A       STA $0A,S
0108B6  E2 20       SEP #$20
0108B8  A0 08 00    LDY #$0008
0108BB  B7 00       LDA [$00],Y
0108BD  83 0C       STA $0C,S
0108BF  C2 20       REP #$20
0108C1  A3 0A       LDA $0A,S
0108C3  83 01       STA $01,S
0108C5  A3 0B       LDA $0B,S
0108C7  83 02       STA $02,S
0108C9  A3 01       LDA $01,S
0108CB  83 0A       STA $0A,S
0108CD  A3 02       LDA $02,S
0108CF  83 0B       STA $0B,S
0108D1  A3 0A       LDA $0A,S
0108D3  85 00       STA $00
0108D5  A3 0B       LDA $0B,S
0108D7  85 01       STA $01
0108D9  A0 03 00    LDY #$0003
0108DC  B7 00       LDA [$00],Y
0108DE  83 06       STA $06,S
0108E0  E2 20       SEP #$20
0108E2  A0 05 00    LDY #$0005
0108E5  B7 00       LDA [$00],Y
0108E7  83 08       STA $08,S
0108E9  C2 20       REP #$20
0108EB  A3 06       LDA $06,S
0108ED  03 07       ORA $07,S
0108EF  F0 02       BEQ $0108F3
0108F1  80 11       BRA $010904
0108F3  C2 20       REP #$20
0108F5  A2 00 00    LDX #$0000
0108F8  A9 00 00    LDA #$0000
0108FB  A8          TAY
0108FC  3B          TSC
0108FD  18          CLC
0108FE  69 0C 00    ADC #$000C
010901  1B          TCS
010902  98          TYA
010903  6B          RTL
010904  A3 01       LDA $01,S
010906  83 06       STA $06,S
010908  A3 02       LDA $02,S
01090A  83 07       STA $07,S
01090C  3B          TSC
01090D  AA          TAX
01090E  C5 46       CMP $46
010910  90 04       BCC $010916
010912  F0 02       BEQ $010916
010914  80 0A       BRA $010920
010916  38          SEC
010917  E9 06 00    SBC #$0006
01091A  90 04       BCC $010920
01091C  C5 44       CMP $44
01091E  B0 07       BCS $010927
010920  A9 06 00    LDA #$0006
010923  5C 00 80 04 JML $048000
010927  3B          TSC
010928  38          SEC
010929  E9 03 00    SBC #$0003
01092C  1B          TCS
01092D  E2 20       SEP #$20
01092F  A9 00       LDA #$00
010931  A3 09       LDA $09,S
010933  83 01       STA $01,S
010935  A3 0A       LDA $0A,S
010937  83 02       STA $02,S
010939  A3 0B       LDA $0B,S
01093B  83 03       STA $03,S
01093D  C2 20       REP #$20
01093F  22 02 07 01 JSL $010702
010943  A8          TAY
010944  3B          TSC
010945  18          CLC
010946  69 03 00    ADC #$0003
010949  1B          TCS
01094A  98          TYA
01094B  A3 01       LDA $01,S
01094D  83 06       STA $06,S
01094F  A3 02       LDA $02,S
010951  83 07       STA $07,S
010953  A3 07       LDA $07,S
010955  EB          XBA
010956  29 FF 00    AND #$00FF
010959  AA          TAX
01095A  A3 06       LDA $06,S
01095C  A8          TAY
01095D  3B          TSC
01095E  18          CLC
01095F  69 0C 00    ADC #$000C
010962  1B          TCS
010963  98          TYA
010964  6B          RTL
010965  3B          TSC
010966  AA          TAX
010967  C5 46       CMP $46
010969  90 04       BCC $01096F
01096B  F0 02       BEQ $01096F
01096D  80 0A       BRA $010979
01096F  38          SEC
010970  E9 14 00    SBC #$0014
010973  90 04       BCC $010979
010975  C5 44       CMP $44
010977  B0 07       BCS $010980
010979  A9 14 00    LDA #$0014
01097C  5C 00 80 04 JML $048000
010980  1B          TCS
010981  A3 18       LDA $18,S
010983  83 06       STA $06,S
010985  A3 19       LDA $19,S
010987  83 07       STA $07,S
010989  A3 06       LDA $06,S
01098B  85 00       STA $00
01098D  A3 07       LDA $07,S
01098F  85 01       STA $01
010991  A7 00       LDA [$00]
010993  83 0A       STA $0A,S
010995  E2 20       SEP #$20
010997  A0 02 00    LDY #$0002
01099A  B7 00       LDA [$00],Y
01099C  83 0C       STA $0C,S
01099E  C2 20       REP #$20
0109A0  A3 0A       LDA $0A,S
0109A2  83 01       STA $01,S
0109A4  A3 0B       LDA $0B,S
0109A6  83 02       STA $02,S
0109A8  A3 01       LDA $01,S
0109AA  83 0A       STA $0A,S
0109AC  A3 02       LDA $02,S
0109AE  83 0B       STA $0B,S
0109B0  A3 0A       LDA $0A,S
0109B2  85 00       STA $00
0109B4  A3 0B       LDA $0B,S
0109B6  85 01       STA $01
0109B8  A7 00       LDA [$00]
0109BA  83 06       STA $06,S
0109BC  E2 20       SEP #$20
0109BE  A0 02 00    LDY #$0002
0109C1  B7 00       LDA [$00],Y
0109C3  83 08       STA $08,S
0109C5  C2 20       REP #$20
0109C7  A3 06       LDA $06,S
0109C9  03 07       ORA $07,S
0109CB  D0 03       BNE $0109D0
0109CD  82 11 01    BRL $010AE1
0109D0  C2 20       REP #$20
0109D2  A3 1B       LDA $1B,S
0109D4  83 06       STA $06,S
0109D6  A3 1C       LDA $1C,S
0109D8  83 07       STA $07,S
0109DA  A3 06       LDA $06,S
0109DC  85 00       STA $00
0109DE  A3 07       LDA $07,S
0109E0  85 01       STA $01
0109E2  E2 20       SEP #$20
0109E4  A0 07 00    LDY #$0007
0109E7  B7 00       LDA [$00],Y
0109E9  83 09       STA $09,S
0109EB  A9 80       LDA #$80
0109ED  85 10       STA $10
0109EF  A3 09       LDA $09,S
0109F1  45 10       EOR $10
0109F3  83 05       STA $05,S
0109F5  C2 20       REP #$20
0109F7  A3 01       LDA $01,S
0109F9  83 06       STA $06,S
0109FB  A3 02       LDA $02,S
0109FD  83 07       STA $07,S
0109FF  A3 06       LDA $06,S
010A01  85 00       STA $00
010A03  A3 07       LDA $07,S
010A05  85 01       STA $01
010A07  E2 20       SEP #$20
010A09  A0 07 00    LDY #$0007
010A0C  B7 00       LDA [$00],Y
010A0E  83 09       STA $09,S
010A10  A9 80       LDA #$80
010A12  85 10       STA $10
010A14  A3 09       LDA $09,S
010A16  45 10       EOR $10
010A18  83 06       STA $06,S
010A1A  A3 06       LDA $06,S
010A1C  C3 05       CMP $05,S
010A1E  C2 20       REP #$20
010A20  90 03       BCC $010A25
010A22  82 92 00    BRL $010AB7
010A25  C2 20       REP #$20
010A27  A3 18       LDA $18,S
010A29  83 06       STA $06,S
010A2B  A3 19       LDA $19,S
010A2D  83 07       STA $07,S
010A2F  A3 1B       LDA $1B,S
010A31  83 0A       STA $0A,S
010A33  A3 1C       LDA $1C,S
010A35  83 0B       STA $0B,S
010A37  A3 01       LDA $01,S
010A39  83 0E       STA $0E,S
010A3B  A3 02       LDA $02,S
010A3D  83 0F       STA $0F,S
010A3F  A3 0E       LDA $0E,S
010A41  85 00       STA $00
010A43  A3 0F       LDA $0F,S
010A45  85 01       STA $01
010A47  A0 03 00    LDY #$0003
010A4A  B7 00       LDA [$00],Y
010A4C  83 12       STA $12,S
010A4E  E2 20       SEP #$20
010A50  A0 05 00    LDY #$0005
010A53  B7 00       LDA [$00],Y
010A55  83 14       STA $14,S
010A57  C2 20       REP #$20
010A59  3B          TSC
010A5A  AA          TAX
010A5B  C5 46       CMP $46
010A5D  90 04       BCC $010A63
010A5F  F0 02       BEQ $010A63
010A61  80 0A       BRA $010A6D
010A63  38          SEC
010A64  E9 0C 00    SBC #$000C
010A67  90 04       BCC $010A6D
010A69  C5 44       CMP $44
010A6B  B0 07       BCS $010A74
010A6D  A9 0C 00    LDA #$000C
010A70  5C 00 80 04 JML $048000
010A74  3B          TSC
010A75  38          SEC
010A76  E9 09 00    SBC #$0009
010A79  1B          TCS
010A7A  E2 20       SEP #$20
010A7C  A9 00       LDA #$00
010A7E  A3 0F       LDA $0F,S
010A80  83 01       STA $01,S
010A82  A3 10       LDA $10,S
010A84  83 02       STA $02,S
010A86  A3 11       LDA $11,S
010A88  83 03       STA $03,S
010A8A  A3 13       LDA $13,S
010A8C  83 04       STA $04,S
010A8E  A3 14       LDA $14,S
010A90  83 05       STA $05,S
010A92  A3 15       LDA $15,S
010A94  83 06       STA $06,S
010A96  A3 1B       LDA $1B,S
010A98  83 07       STA $07,S
010A9A  A3 1C       LDA $1C,S
010A9C  83 08       STA $08,S
010A9E  A3 1D       LDA $1D,S
010AA0  83 09       STA $09,S
010AA2  C2 20       REP #$20
010AA4  22 A7 04 01 JSL $0104A7
010AA8  A8          TAY
010AA9  3B          TSC
010AAA  18          CLC
010AAB  69 09 00    ADC #$0009
010AAE  1B          TCS
010AAF  98          TYA
010AB0  3B          TSC
010AB1  18          CLC
010AB2  69 14 00    ADC #$0014
010AB5  1B          TCS
010AB6  6B          RTL
010AB7  A3 01       LDA $01,S
010AB9  83 06       STA $06,S
010ABB  A3 02       LDA $02,S
010ABD  83 07       STA $07,S
010ABF  A3 06       LDA $06,S
010AC1  85 00       STA $00
010AC3  A3 07       LDA $07,S
010AC5  85 01       STA $01
010AC7  A7 00       LDA [$00]
010AC9  83 0A       STA $0A,S
010ACB  E2 20       SEP #$20
010ACD  A0 02 00    LDY #$0002
010AD0  B7 00       LDA [$00],Y
010AD2  83 0C       STA $0C,S
010AD4  C2 20       REP #$20
010AD6  A3 0A       LDA $0A,S
010AD8  83 01       STA $01,S
010ADA  A3 0B       LDA $0B,S
010ADC  83 02       STA $02,S
010ADE  82 C7 FE    BRL $0109A8
010AE1  A3 18       LDA $18,S
010AE3  83 06       STA $06,S
010AE5  A3 19       LDA $19,S
010AE7  83 07       STA $07,S
010AE9  A3 1B       LDA $1B,S
010AEB  83 0A       STA $0A,S
010AED  A3 1C       LDA $1C,S
010AEF  83 0B       STA $0B,S
010AF1  3B          TSC
010AF2  AA          TAX
010AF3  C5 46       CMP $46
010AF5  90 04       BCC $010AFB
010AF7  F0 02       BEQ $010AFB
010AF9  80 0A       BRA $010B05
010AFB  38          SEC
010AFC  E9 0A 00    SBC #$000A
010AFF  90 04       BCC $010B05
010B01  C5 44       CMP $44
010B03  B0 07       BCS $010B0C
010B05  A9 0A 00    LDA #$000A
010B08  5C 00 80 04 JML $048000
010B0C  3B          TSC
010B0D  38          SEC
010B0E  E9 07 00    SBC #$0007
010B11  1B          TCS
010B12  E2 20       SEP #$20
010B14  A9 00       LDA #$00
010B16  83 07       STA $07,S
010B18  A3 0D       LDA $0D,S
010B1A  83 01       STA $01,S
010B1C  A3 0E       LDA $0E,S
010B1E  83 02       STA $02,S
010B20  A3 0F       LDA $0F,S
010B22  83 03       STA $03,S
010B24  A3 11       LDA $11,S
010B26  83 04       STA $04,S
010B28  A3 12       LDA $12,S
010B2A  83 05       STA $05,S
010B2C  A3 13       LDA $13,S
010B2E  83 06       STA $06,S
010B30  C2 20       REP #$20
010B32  22 81 03 01 JSL $010381
010B36  A8          TAY
010B37  3B          TSC
010B38  18          CLC
010B39  69 07 00    ADC #$0007
010B3C  1B          TCS
010B3D  98          TYA
010B3E  3B          TSC
010B3F  18          CLC
010B40  69 14 00    ADC #$0014
010B43  1B          TCS
010B44  6B          RTL
010B45  3B          TSC
010B46  AA          TAX
010B47  C5 46       CMP $46
010B49  90 04       BCC $010B4F
010B4B  F0 02       BEQ $010B4F
010B4D  80 0A       BRA $010B59
010B4F  38          SEC
010B50  E9 16 00    SBC #$0016
010B53  90 04       BCC $010B59
010B55  C5 44       CMP $44
010B57  B0 07       BCS $010B60
010B59  A9 16 00    LDA #$0016
010B5C  5C 00 80 04 JML $048000
010B60  1B          TCS
010B61  A3 1A       LDA $1A,S
010B63  83 0C       STA $0C,S
010B65  A3 1B       LDA $1B,S
010B67  83 0D       STA $0D,S
010B69  A3 0C       LDA $0C,S
010B6B  85 00       STA $00
010B6D  A3 0D       LDA $0D,S
010B6F  85 01       STA $01
010B71  A7 00       LDA [$00]
010B73  83 10       STA $10,S
010B75  E2 20       SEP #$20
010B77  A0 02 00    LDY #$0002
010B7A  B7 00       LDA [$00],Y
010B7C  83 12       STA $12,S
010B7E  C2 20       REP #$20
010B80  A3 10       LDA $10,S
010B82  83 01       STA $01,S
010B84  A3 11       LDA $11,S
010B86  83 02       STA $02,S
010B88  A3 01       LDA $01,S
010B8A  83 10       STA $10,S
010B8C  A3 02       LDA $02,S
010B8E  83 11       STA $11,S
010B90  A3 10       LDA $10,S
010B92  85 00       STA $00
010B94  A3 11       LDA $11,S
010B96  85 01       STA $01
010B98  A7 00       LDA [$00]
010B9A  83 0C       STA $0C,S
010B9C  E2 20       SEP #$20
010B9E  A0 02 00    LDY #$0002
010BA1  B7 00       LDA [$00],Y
010BA3  83 0E       STA $0E,S
010BA5  C2 20       REP #$20
010BA7  A3 0C       LDA $0C,S
010BA9  03 0D       ORA $0D,S
010BAB  D0 03       BNE $010BB0
010BAD  82 8D 01    BRL $010D3D
010BB0  C2 20       REP #$20
010BB2  A3 01       LDA $01,S
010BB4  83 0C       STA $0C,S
010BB6  A3 02       LDA $02,S
010BB8  83 0D       STA $0D,S
010BBA  A3 0C       LDA $0C,S
010BBC  85 00       STA $00
010BBE  A3 0D       LDA $0D,S
010BC0  85 01       STA $01
010BC2  A0 08 00    LDY #$0008
010BC5  B7 00       LDA [$00],Y
010BC7  83 10       STA $10,S
010BC9  E2 20       SEP #$20
010BCB  A0 0A 00    LDY #$000A
010BCE  B7 00       LDA [$00],Y
010BD0  83 12       STA $12,S
010BD2  C2 20       REP #$20
010BD4  A3 10       LDA $10,S
010BD6  83 04       STA $04,S
010BD8  A3 11       LDA $11,S
010BDA  83 05       STA $05,S
010BDC  A3 1D       LDA $1D,S
010BDE  83 0C       STA $0C,S
010BE0  A3 1E       LDA $1E,S
010BE2  83 0D       STA $0D,S
010BE4  A3 0C       LDA $0C,S
010BE6  83 07       STA $07,S
010BE8  A3 0D       LDA $0D,S
010BEA  83 08       STA $08,S
010BEC  A3 04       LDA $04,S
010BEE  83 0C       STA $0C,S
010BF0  A3 05       LDA $05,S
010BF2  83 0D       STA $0D,S
010BF4  A3 0C       LDA $0C,S
010BF6  03 0D       ORA $0D,S
010BF8  D0 03       BNE $010BFD
010BFA  82 16 01    BRL $010D13
010BFD  C2 20       REP #$20
010BFF  A3 04       LDA $04,S
010C01  83 0C       STA $0C,S
010C03  A3 05       LDA $05,S
010C05  83 0D       STA $0D,S
010C07  A3 0C       LDA $0C,S
010C09  85 00       STA $00
010C0B  A3 0D       LDA $0D,S
010C0D  85 01       STA $01
010C0F  E2 20       SEP #$20
010C11  A7 00       LDA [$00]
010C13  83 0B       STA $0B,S
010C15  C2 20       REP #$20
010C17  A3 07       LDA $07,S
010C19  83 0C       STA $0C,S
010C1B  A3 08       LDA $08,S
010C1D  83 0D       STA $0D,S
010C1F  A3 0C       LDA $0C,S
010C21  85 00       STA $00
010C23  A3 0D       LDA $0D,S
010C25  85 01       STA $01
010C27  E2 20       SEP #$20
010C29  A7 00       LDA [$00]
010C2B  83 0F       STA $0F,S
010C2D  A3 0B       LDA $0B,S
010C2F  C3 0F       CMP $0F,S
010C31  C2 20       REP #$20
010C33  F0 03       BEQ $010C38
010C35  82 DB 00    BRL $010D13
010C38  C2 20       REP #$20
010C3A  A3 04       LDA $04,S
010C3C  83 0C       STA $0C,S
010C3E  A3 05       LDA $05,S
010C40  83 0D       STA $0D,S
010C42  A3 0C       LDA $0C,S
010C44  85 00       STA $00
010C46  A3 0D       LDA $0D,S
010C48  85 01       STA $01
010C4A  E2 20       SEP #$20
010C4C  A7 00       LDA [$00]
010C4E  83 0B       STA $0B,S
010C50  A3 0B       LDA $0B,S
010C52  C9 00       CMP #$00
010C54  C2 20       REP #$20
010C56  F0 02       BEQ $010C5A
010C58  80 1C       BRA $010C76
010C5A  C2 20       REP #$20
010C5C  A3 01       LDA $01,S
010C5E  83 0C       STA $0C,S
010C60  A3 02       LDA $02,S
010C62  83 0D       STA $0D,S
010C64  A3 0D       LDA $0D,S
010C66  EB          XBA
010C67  29 FF 00    AND #$00FF
010C6A  AA          TAX
010C6B  A3 0C       LDA $0C,S
010C6D  A8          TAY
010C6E  3B          TSC
010C6F  18          CLC
010C70  69 16 00    ADC #$0016
010C73  1B          TCS
010C74  98          TYA
010C75  6B          RTL
010C76  A3 04       LDA $04,S
010C78  83 10       STA $10,S
010C7A  A3 05       LDA $05,S
010C7C  83 11       STA $11,S
010C7E  A3 10       LDA $10,S
010C80  83 0C       STA $0C,S
010C82  A3 11       LDA $11,S
010C84  83 0D       STA $0D,S
010C86  E2 20       SEP #$20
010C88  A9 01       LDA #$01
010C8A  83 14       STA $14,S
010C8C  A9 00       LDA #$00
010C8E  83 15       STA $15,S
010C90  83 16       STA $16,S
010C92  18          CLC
010C93  A3 14       LDA $14,S
010C95  85 10       STA $10
010C97  A3 0C       LDA $0C,S
010C99  65 10       ADC $10
010C9B  83 10       STA $10,S
010C9D  A3 15       LDA $15,S
010C9F  85 10       STA $10
010CA1  A3 0D       LDA $0D,S
010CA3  65 10       ADC $10
010CA5  83 11       STA $11,S
010CA7  A3 16       LDA $16,S
010CA9  85 10       STA $10
010CAB  A3 0E       LDA $0E,S
010CAD  65 10       ADC $10
010CAF  83 12       STA $12,S
010CB1  C2 20       REP #$20
010CB3  A3 10       LDA $10,S
010CB5  83 0C       STA $0C,S
010CB7  A3 11       LDA $11,S
010CB9  83 0D       STA $0D,S
010CBB  A3 0C       LDA $0C,S
010CBD  83 04       STA $04,S
010CBF  A3 0D       LDA $0D,S
010CC1  83 05       STA $05,S
010CC3  A3 07       LDA $07,S
010CC5  83 10       STA $10,S
010CC7  A3 08       LDA $08,S
010CC9  83 11       STA $11,S
010CCB  A3 10       LDA $10,S
010CCD  83 0C       STA $0C,S
010CCF  A3 11       LDA $11,S
010CD1  83 0D       STA $0D,S
010CD3  E2 20       SEP #$20
010CD5  A9 01       LDA #$01
010CD7  83 14       STA $14,S
010CD9  A9 00       LDA #$00
010CDB  83 15       STA $15,S
010CDD  83 16       STA $16,S
010CDF  18          CLC
010CE0  A3 14       LDA $14,S
010CE2  85 10       STA $10
010CE4  A3 0C       LDA $0C,S
010CE6  65 10       ADC $10
010CE8  83 10       STA $10,S
010CEA  A3 15       LDA $15,S
010CEC  85 10       STA $10
010CEE  A3 0D       LDA $0D,S
010CF0  65 10       ADC $10
010CF2  83 11       STA $11,S
010CF4  A3 16       LDA $16,S
010CF6  85 10       STA $10
010CF8  A3 0E       LDA $0E,S
010CFA  65 10       ADC $10
010CFC  83 12       STA $12,S
010CFE  C2 20       REP #$20
010D00  A3 10       LDA $10,S
010D02  83 0C       STA $0C,S
010D04  A3 11       LDA $11,S
010D06  83 0D       STA $0D,S
010D08  A3 0C       LDA $0C,S
010D0A  83 07       STA $07,S
010D0C  A3 0D       LDA $0D,S
010D0E  83 08       STA $08,S
010D10  82 EC FE    BRL $010BFF
010D13  A3 01       LDA $01,S
010D15  83 0C       STA $0C,S
010D17  A3 02       LDA $02,S
010D19  83 0D       STA $0D,S
010D1B  A3 0C       LDA $0C,S
010D1D  85 00       STA $00
010D1F  A3 0D       LDA $0D,S
010D21  85 01       STA $01
010D23  A7 00       LDA [$00]
010D25  83 10       STA $10,S
010D27  E2 20       SEP #$20
010D29  A0 02 00    LDY #$0002
010D2C  B7 00       LDA [$00],Y
010D2E  83 12       STA $12,S
010D30  C2 20       REP #$20
010D32  A3 10       LDA $10,S
010D34  83 01       STA $01,S
010D36  A3 11       LDA $11,S
010D38  83 02       STA $02,S
010D3A  82 4B FE    BRL $010B88
010D3D  A2 00 00    LDX #$0000
010D40  A9 00 00    LDA #$0000
010D43  A8          TAY
010D44  3B          TSC
010D45  18          CLC
010D46  69 16 00    ADC #$0016
010D49  1B          TCS
010D4A  98          TYA
010D4B  6B          RTL
010D4C  3B          TSC
010D4D  AA          TAX
010D4E  C5 46       CMP $46
010D50  90 04       BCC $010D56
010D52  F0 02       BEQ $010D56
010D54  80 0A       BRA $010D60
010D56  38          SEC
010D57  E9 00 00    SBC #$0000
010D5A  90 04       BCC $010D60
010D5C  C5 44       CMP $44
010D5E  B0 07       BCS $010D67
010D60  A9 00 00    LDA #$0000
010D63  5C 00 80 04 JML $048000
010D67  1B          TCS
010D68  6B          RTL
