010000  3B          TSC
010001  AA          TAX
010002  C5 46       CMP $46
010004  B0 04       BCS $01000A
010006  5C 14 00 01 JML $010014
01000A  D0 04       BNE $010010
01000C  5C 14 00 01 JML $010014
010010  5C 26 00 01 JML $010026
010014  38          SEC
010015  E9 16 00    SBC #$0016
010018  B0 04       BCS $01001E
01001A  5C 26 00 01 JML $010026
01001E  C5 44       CMP $44
010020  90 04       BCC $010026
010022  5C 2D 00 01 JML $01002D
010026  A9 16 00    LDA #$0016
010029  5C 00 80 04 JML $048000
01002D  1B          TCS
01002E  E2 20       SEP #$20
010030  A3 1A       LDA $1A,S
010032  83 01       STA $01,S
010034  A3 1B       LDA $1B,S
010036  83 02       STA $02,S
010038  A3 1C       LDA $1C,S
01003A  83 03       STA $03,S
01003C  C2 20       REP #$20
01003E  E2 20       SEP #$20
010040  A3 1E       LDA $1E,S
010042  83 04       STA $04,S
010044  A3 1F       LDA $1F,S
010046  83 05       STA $05,S
010048  C2 20       REP #$20
01004A  C2 20       REP #$20
01004C  A9 00 00    LDA #$0000
01004F  83 0C       STA $0C,S
010051  5C 55 00 01 JML $010055
010055  C2 20       REP #$20
010057  A3 04       LDA $04,S
010059  83 08       STA $08,S
01005B  A3 08       LDA $08,S
01005D  C9 00 00    CMP #$0000
010060  F0 04       BEQ $010066
010062  5C 6A 00 01 JML $01006A
010066  5C E7 00 01 JML $0100E7
01006A  C2 20       REP #$20
01006C  5C 70 00 01 JML $010070
010070  C2 20       REP #$20
010072  A3 01       LDA $01,S
010074  83 08       STA $08,S
010076  A3 02       LDA $02,S
010078  83 09       STA $09,S
01007A  A3 08       LDA $08,S
01007C  85 00       STA $00
01007E  A3 09       LDA $09,S
010080  85 01       STA $01
010082  E2 20       SEP #$20
010084  A0 00 00    LDY #$0000
010087  B7 00       LDA [$00],Y
010089  83 07       STA $07,S
01008B  A3 07       LDA $07,S
01008D  83 08       STA $08,S
01008F  A9 00       LDA #$00
010091  83 09       STA $09,S
010093  C2 20       REP #$20
010095  A3 0C       LDA $0C,S
010097  18          CLC
010098  63 08       ADC $08,S
01009A  83 10       STA $10,S
01009C  A3 01       LDA $01,S
01009E  83 08       STA $08,S
0100A0  A3 02       LDA $02,S
0100A2  83 09       STA $09,S
0100A4  E2 20       SEP #$20
0100A6  18          CLC
0100A7  A9 01       LDA #$01
0100A9  85 10       STA $10
0100AB  A3 08       LDA $08,S
0100AD  65 10       ADC $10
0100AF  83 0C       STA $0C,S
0100B1  A9 00       LDA #$00
0100B3  85 10       STA $10
0100B5  A3 09       LDA $09,S
0100B7  65 10       ADC $10
0100B9  83 0D       STA $0D,S
0100BB  A9 00       LDA #$00
0100BD  85 10       STA $10
0100BF  A3 0A       LDA $0A,S
0100C1  65 10       ADC $10
0100C3  83 0E       STA $0E,S
0100C5  C2 20       REP #$20
0100C7  A3 0C       LDA $0C,S
0100C9  83 01       STA $01,S
0100CB  A3 0D       LDA $0D,S
0100CD  83 02       STA $02,S
0100CF  A3 04       LDA $04,S
0100D1  83 08       STA $08,S
0100D3  A3 08       LDA $08,S
0100D5  38          SEC
0100D6  E9 01 00    SBC #$0001
0100D9  83 0A       STA $0A,S
0100DB  A3 0A       LDA $0A,S
0100DD  83 04       STA $04,S
0100DF  A3 10       LDA $10,S
0100E1  83 0C       STA $0C,S
0100E3  5C 55 00 01 JML $010055
0100E7  C2 20       REP #$20
0100E9  A3 0C       LDA $0C,S
0100EB  A8          TAY
0100EC  3B          TSC
0100ED  18          CLC
0100EE  69 16 00    ADC #$0016
0100F1  1B          TCS
0100F2  98          TYA
0100F3  6B          RTL
