010000  3B          TSC
010001  AA          TAX
010002  C5 46       CMP $46
010004  B0 04       BCS $01000A
010006  5C 14 00 01 JML $010014
01000A  D0 04       BNE $010010
01000C  5C 14 00 01 JML $010014
010010  5C 26 00 01 JML $010026
010014  38          SEC
010015  E9 12 00    SBC #$0012
010018  B0 04       BCS $01001E
01001A  5C 26 00 01 JML $010026
01001E  C5 44       CMP $44
010020  90 04       BCC $010026
010022  5C 2D 00 01 JML $01002D
010026  A9 12 00    LDA #$0012
010029  5C 00 80 04 JML $048000
01002D  1B          TCS
01002E  C2 20       REP #$20
010030  A3 16       LDA $16,S
010032  83 0C       STA $0C,S
010034  A3 0C       LDA $0C,S
010036  83 02       STA $02,S
010038  A3 16       LDA $16,S
01003A  83 0C       STA $0C,S
01003C  A3 0C       LDA $0C,S
01003E  18          CLC
01003F  69 01 00    ADC #$0001
010042  83 0E       STA $0E,S
010044  A3 0E       LDA $0E,S
010046  83 04       STA $04,S
010048  E2 20       SEP #$20
01004A  A9 00       LDA #$00
01004C  83 0C       STA $0C,S
01004E  A9 00       LDA #$00
010050  83 0D       STA $0D,S
010052  C2 20       REP #$20
010054  A3 0C       LDA $0C,S
010056  83 08       STA $08,S
010058  5C 5C 00 01 JML $01005C
01005C  C2 20       REP #$20
01005E  A3 08       LDA $08,S
010060  83 0C       STA $0C,S
010062  E2 20       SEP #$20
010064  A9 07       LDA #$07
010066  83 0E       STA $0E,S
010068  A9 00       LDA #$00
01006A  83 0F       STA $0F,S
01006C  C2 20       REP #$20
01006E  A3 0E       LDA $0E,S
010070  C3 0C       CMP $0C,S
010072  90 04       BCC $010078
010074  5C 7C 00 01 JML $01007C
010078  5C B8 00 01 JML $0100B8
01007C  C2 20       REP #$20
01007E  5C 82 00 01 JML $010082
010082  C2 20       REP #$20
010084  A3 02       LDA $02,S
010086  83 0C       STA $0C,S
010088  A3 0C       LDA $0C,S
01008A  83 06       STA $06,S
01008C  A3 04       LDA $04,S
01008E  83 0C       STA $0C,S
010090  A3 0C       LDA $0C,S
010092  83 02       STA $02,S
010094  A3 06       LDA $06,S
010096  83 0C       STA $0C,S
010098  A3 0C       LDA $0C,S
01009A  18          CLC
01009B  69 01 00    ADC #$0001
01009E  83 0E       STA $0E,S
0100A0  A3 0E       LDA $0E,S
0100A2  83 04       STA $04,S
0100A4  A3 08       LDA $08,S
0100A6  83 0C       STA $0C,S
0100A8  A3 0C       LDA $0C,S
0100AA  18          CLC
0100AB  69 01 00    ADC #$0001
0100AE  83 0E       STA $0E,S
0100B0  A3 0E       LDA $0E,S
0100B2  83 08       STA $08,S
0100B4  5C 5C 00 01 JML $01005C
0100B8  C2 20       REP #$20
0100BA  A3 02       LDA $02,S
0100BC  83 0C       STA $0C,S
0100BE  A3 04       LDA $04,S
0100C0  83 0E       STA $0E,S
0100C2  A3 0C       LDA $0C,S
0100C4  18          CLC
0100C5  63 0E       ADC $0E,S
0100C7  83 10       STA $10,S
0100C9  A3 10       LDA $10,S
0100CB  A8          TAY
0100CC  3B          TSC
0100CD  18          CLC
0100CE  69 12 00    ADC #$0012
0100D1  1B          TCS
0100D2  98          TYA
0100D3  6B          RTL
