010000  3B          TSC
010001  AA          TAX
010002  C5 46       CMP $46
010004  B0 04       BCS $01000A
010006  5C 14 00 01 JML $010014
01000A  D0 04       BNE $010010
01000C  5C 14 00 01 JML $010014
010010  5C 26 00 01 JML $010026
010014  38          SEC
010015  E9 06 00    SBC #$0006
010018  B0 04       BCS $01001E
01001A  5C 26 00 01 JML $010026
01001E  C5 44       CMP $44
010020  90 04       BCC $010026
010022  5C 2D 00 01 JML $01002D
010026  A9 06 00    LDA #$0006
010029  5C 00 80 04 JML $048000
01002D  1B          TCS
01002E  C2 20       REP #$20
010030  A3 0A       LDA $0A,S
010032  83 02       STA $02,S
010034  A3 0C       LDA $0C,S
010036  83 04       STA $04,S
010038  A3 04       LDA $04,S
01003A  C3 02       CMP $02,S
01003C  B0 04       BCS $010042
01003E  5C 46 00 01 JML $010046
010042  5C 5D 00 01 JML $01005D
010046  C2 20       REP #$20
010048  5C 4C 00 01 JML $01004C
01004C  C2 20       REP #$20
01004E  A3 0A       LDA $0A,S
010050  83 02       STA $02,S
010052  A3 02       LDA $02,S
010054  A8          TAY
010055  3B          TSC
010056  18          CLC
010057  69 06 00    ADC #$0006
01005A  1B          TCS
01005B  98          TYA
01005C  6B          RTL
01005D  C2 20       REP #$20
01005F  A3 0C       LDA $0C,S
010061  83 02       STA $02,S
010063  A3 02       LDA $02,S
010065  A8          TAY
010066  3B          TSC
010067  18          CLC
010068  69 06 00    ADC #$0006
01006B  1B          TCS
01006C  98          TYA
01006D  6B          RTL
