010000  3B          TSC
010001  AA          TAX
010002  C5 46       CMP $46
010004  B0 04       BCS $01000A
010006  5C 14 00 01 JML $010014
01000A  D0 04       BNE $010010
01000C  5C 14 00 01 JML $010014
010010  5C 26 00 01 JML $010026
010014  38          SEC
010015  E9 10 00    SBC #$0010
010018  B0 04       BCS $01001E
01001A  5C 26 00 01 JML $010026
01001E  C5 44       CMP $44
010020  90 04       BCC $010026
010022  5C 2D 00 01 JML $01002D
010026  A9 10 00    LDA #$0010
010029  5C 00 80 04 JML $048000
01002D  1B          TCS
01002E  E2 20       SEP #$20
010030  A3 14       LDA $14,S
010032  83 02       STA $02,S
010034  A3 15       LDA $15,S
010036  83 03       STA $03,S
010038  C2 20       REP #$20
01003A  C2 20       REP #$20
01003C  A9 00 00    LDA #$0000
01003F  83 08       STA $08,S
010041  5C 45 00 01 JML $010045
010045  C2 20       REP #$20
010047  A3 02       LDA $02,S
010049  83 06       STA $06,S
01004B  A3 06       LDA $06,S
01004D  C9 00 00    CMP #$0000
010050  F0 04       BEQ $010056
010052  5C 5A 00 01 JML $01005A
010056  5C 85 00 01 JML $010085
01005A  C2 20       REP #$20
01005C  5C 60 00 01 JML $010060
010060  C2 20       REP #$20
010062  A3 02       LDA $02,S
010064  83 0A       STA $0A,S
010066  A3 08       LDA $08,S
010068  18          CLC
010069  63 0A       ADC $0A,S
01006B  83 06       STA $06,S
01006D  A3 02       LDA $02,S
01006F  83 08       STA $08,S
010071  A3 08       LDA $08,S
010073  38          SEC
010074  E9 01 00    SBC #$0001
010077  83 0A       STA $0A,S
010079  A3 0A       LDA $0A,S
01007B  83 02       STA $02,S
01007D  A3 06       LDA $06,S
01007F  83 08       STA $08,S
010081  5C 45 00 01 JML $010045
010085  C2 20       REP #$20
010087  A3 08       LDA $08,S
010089  A8          TAY
01008A  3B          TSC
01008B  18          CLC
01008C  69 10 00    ADC #$0010
01008F  1B          TCS
010090  98          TYA
010091  6B          RTL
