010000  3B          TSC
010001  AA          TAX
010002  C5 46       CMP $46
010004  90 04       BCC $01000A
010006  F0 02       BEQ $01000A
010008  80 0A       BRA $010014
01000A  38          SEC
01000B  E9 0C 00    SBC #$000C
01000E  90 04       BCC $010014
010010  C5 44       CMP $44
010012  B0 07       BCS $01001B
010014  A9 0C 00    LDA #$000C
010017  5C 00 80 04 JML $048000
01001B  1B          TCS
01001C  A3 10       LDA $10,S
01001E  83 02       STA $02,S
010020  A3 11       LDA $11,S
010022  83 03       STA $03,S
010024  A3 10       LDA $10,S
010026  83 0A       STA $0A,S
010028  A3 11       LDA $11,S
01002A  83 0B       STA $0B,S
01002C  A3 0A       LDA $0A,S
01002E  18          CLC
01002F  69 03 00    ADC #$0003
010032  83 06       STA $06,S
010034  E2 20       SEP #$20
010036  A3 0C       LDA $0C,S
010038  69 00       ADC #$00
01003A  83 08       STA $08,S
01003C  C2 20       REP #$20
01003E  A3 06       LDA $06,S
010040  83 0A       STA $0A,S
010042  A3 07       LDA $07,S
010044  83 0B       STA $0B,S
010046  A3 02       LDA $02,S
010048  85 00       STA $00
01004A  A3 03       LDA $03,S
01004C  85 01       STA $01
01004E  A3 0A       LDA $0A,S
010050  87 00       STA [$00]
010052  E2 20       SEP #$20
010054  A3 0C       LDA $0C,S
010056  A0 02 00    LDY #$0002
010059  97 00       STA [$00],Y
01005B  C2 20       REP #$20
01005D  A3 10       LDA $10,S
01005F  83 02       STA $02,S
010061  A3 11       LDA $11,S
010063  83 03       STA $03,S
010065  A3 02       LDA $02,S
010067  85 00       STA $00
010069  A3 03       LDA $03,S
01006B  85 01       STA $01
01006D  E2 20       SEP #$20
01006F  A9 00       LDA #$00
010071  A0 03 00    LDY #$0003
010074  97 00       STA [$00],Y
010076  A9 00       LDA #$00
010078  A0 04 00    LDY #$0004
01007B  97 00       STA [$00],Y
01007D  A9 00       LDA #$00
01007F  A0 05 00    LDY #$0005
010082  97 00       STA [$00],Y
010084  C2 20       REP #$20
010086  A3 10       LDA $10,S
010088  83 02       STA $02,S
01008A  A3 11       LDA $11,S
01008C  83 03       STA $03,S
01008E  A3 10       LDA $10,S
010090  83 0A       STA $0A,S
010092  A3 11       LDA $11,S
010094  83 0B       STA $0B,S
010096  A3 0A       LDA $0A,S
010098  83 06       STA $06,S
01009A  A3 0B       LDA $0B,S
01009C  83 07       STA $07,S
01009E  A3 06       LDA $06,S
0100A0  83 0A       STA $0A,S
0100A2  A3 07       LDA $07,S
0100A4  83 0B       STA $0B,S
0100A6  A3 02       LDA $02,S
0100A8  85 00       STA $00
0100AA  A3 03       LDA $03,S
0100AC  85 01       STA $01
0100AE  A3 0A       LDA $0A,S
0100B0  A0 06 00    LDY #$0006
0100B3  97 00       STA [$00],Y
0100B5  E2 20       SEP #$20
0100B7  A3 0C       LDA $0C,S
0100B9  A0 08 00    LDY #$0008
0100BC  97 00       STA [$00],Y
0100BE  C2 20       REP #$20
0100C0  3B          TSC
0100C1  18          CLC
0100C2  69 0C 00    ADC #$000C
0100C5  1B          TCS
0100C6  6B          RTL
0100C7  3B          TSC
0100C8  AA          TAX
0100C9  C5 46       CMP $46
0100CB  90 04       BCC $0100D1
0100CD  F0 02       BEQ $0100D1
0100CF  80 0A       BRA $0100DB
0100D1  38          SEC
0100D2  E9 08 00    SBC #$0008
0100D5  90 04       BCC $0100DB
0100D7  C5 44       CMP $44
0100D9  B0 07       BCS $0100E2
0100DB  A9 08 00    LDA #$0008
0100DE  5C 00 80 04 JML $048000
0100E2  1B          TCS
0100E3  A3 0C       LDA $0C,S
0100E5  83 02       STA $02,S
0100E7  A3 0D       LDA $0D,S
0100E9  83 03       STA $03,S
0100EB  A3 02       LDA $02,S
0100ED  83 06       STA $06,S
0100EF  A3 03       LDA $03,S
0100F1  83 07       STA $07,S
0100F3  3B          TSC
0100F4  AA          TAX
0100F5  C5 46       CMP $46
0100F7  90 04       BCC $0100FD
0100F9  F0 02       BEQ $0100FD
0100FB  80 0A       BRA $010107
0100FD  38          SEC
0100FE  E9 06 00    SBC #$0006
010101  90 04       BCC $010107
010103  C5 44       CMP $44
010105  B0 07       BCS $01010E
010107  A9 06 00    LDA #$0006
01010A  5C 00 80 04 JML $048000
01010E  3B          TSC
01010F  38          SEC
010110  E9 03 00    SBC #$0003
010113  1B          TCS
010114  E2 20       SEP #$20
010116  A9 00       LDA #$00
010118  A3 09       LDA $09,S
01011A  83 01       STA $01,S
01011C  A3 0A       LDA $0A,S
01011E  83 02       STA $02,S
010120  A3 0B       LDA $0B,S
010122  83 03       STA $03,S
010124  C2 20       REP #$20
010126  22 00 00 01 JSL $010000
01012A  A8          TAY
01012B  3B          TSC
01012C  18          CLC
01012D  69 03 00    ADC #$0003
010130  1B          TCS
010131  98          TYA
010132  3B          TSC
010133  18          CLC
010134  69 08 00    ADC #$0008
010137  1B          TCS
010138  6B          RTL
010139  3B          TSC
01013A  AA          TAX
01013B  C5 46       CMP $46
01013D  90 04       BCC $010143
01013F  F0 02       BEQ $010143
010141  80 0A       BRA $01014D
010143  38          SEC
010144  E9 0C 00    SBC #$000C
010147  90 04       BCC $01014D
010149  C5 44       CMP $44
01014B  B0 07       BCS $010154
01014D  A9 0C 00    LDA #$000C
010150  5C 00 80 04 JML $048000
010154  1B          TCS
010155  A3 10       LDA $10,S
010157  83 06       STA $06,S
010159  A3 11       LDA $11,S
01015B  83 07       STA $07,S
01015D  A3 06       LDA $06,S
01015F  85 00       STA $00
010161  A3 07       LDA $07,S
010163  85 01       STA $01
010165  A7 00       LDA [$00]
010167  83 02       STA $02,S
010169  E2 20       SEP #$20
01016B  A0 02 00    LDY #$0002
01016E  B7 00       LDA [$00],Y
010170  83 04       STA $04,S
010172  C2 20       REP #$20
010174  A3 10       LDA $10,S
010176  83 0A       STA $0A,S
010178  A3 11       LDA $11,S
01017A  83 0B       STA $0B,S
01017C  A3 0A       LDA $0A,S
01017E  18          CLC
01017F  69 03 00    ADC #$0003
010182  83 06       STA $06,S
010184  E2 20       SEP #$20
010186  A3 0C       LDA $0C,S
010188  69 00       ADC #$00
01018A  83 08       STA $08,S
01018C  C2 20       REP #$20
01018E  A3 06       LDA $06,S
010190  83 0A       STA $0A,S
010192  A3 07       LDA $07,S
010194  83 0B       STA $0B,S
010196  A3 02       LDA $02,S
010198  C3 0A       CMP $0A,S
01019A  D0 0A       BNE $0101A6
01019C  E2 20       SEP #$20
01019E  A3 04       LDA $04,S
0101A0  C3 0C       CMP $0C,S
0101A2  C2 20       REP #$20
0101A4  F0 06       BEQ $0101AC
0101A6  E2 20       SEP #$20
0101A8  A9 00       LDA #$00
0101AA  80 04       BRA $0101B0
0101AC  E2 20       SEP #$20
0101AE  A9 01       LDA #$01
0101B0  E2 20       SEP #$20
0101B2  83 01       STA $01,S
0101B4  C2 20       REP #$20
0101B6  E2 20       SEP #$20
0101B8  A3 01       LDA $01,S
0101BA  C2 20       REP #$20
0101BC  29 FF 00    AND #$00FF
0101BF  A8          TAY
0101C0  3B          TSC
0101C1  18          CLC
0101C2  69 0C 00    ADC #$000C
0101C5  1B          TCS
0101C6  98          TYA
0101C7  6B          RTL
0101C8  3B          TSC
0101C9  AA          TAX
0101CA  C5 46       CMP $46
0101CC  90 04       BCC $0101D2
0101CE  F0 02       BEQ $0101D2
0101D0  80 0A       BRA $0101DC
0101D2  38          SEC
0101D3  E9 08 00    SBC #$0008
0101D6  90 04       BCC $0101DC
0101D8  C5 44       CMP $44
0101DA  B0 07       BCS $0101E3
0101DC  A9 08 00    LDA #$0008
0101DF  5C 00 80 04 JML $048000
0101E3  1B          TCS
0101E4  A3 0C       LDA $0C,S
0101E6  83 06       STA $06,S
0101E8  A3 0D       LDA $0D,S
0101EA  83 07       STA $07,S
0101EC  A3 06       LDA $06,S
0101EE  83 02       STA $02,S
0101F0  A3 07       LDA $07,S
0101F2  83 03       STA $03,S
0101F4  3B          TSC
0101F5  AA          TAX
0101F6  C5 46       CMP $46
0101F8  90 04       BCC $0101FE
0101FA  F0 02       BEQ $0101FE
0101FC  80 0A       BRA $010208
0101FE  38          SEC
0101FF  E9 06 00    SBC #$0006
010202  90 04       BCC $010208
010204  C5 44       CMP $44
010206  B0 07       BCS $01020F
010208  A9 06 00    LDA #$0006
01020B  5C 00 80 04 JML $048000
01020F  3B          TSC
010210  38          SEC
010211  E9 03 00    SBC #$0003
010214  1B          TCS
010215  E2 20       SEP #$20
010217  A9 00       LDA #$00
010219  A3 05       LDA $05,S
01021B  83 01       STA $01,S
01021D  A3 06       LDA $06,S
01021F  83 02       STA $02,S
010221  A3 07       LDA $07,S
010223  83 03       STA $03,S
010225  C2 20       REP #$20
010227  22 39 01 01 JSL $010139
01022B  A8          TAY
01022C  3B          TSC
01022D  18          CLC
01022E  69 03 00    ADC #$0003
010231  1B          TCS
010232  98          TYA
010233  E2 20       SEP #$20
010235  83 01       STA $01,S
010237  C2 20       REP #$20
010239  E2 20       SEP #$20
01023B  A3 01       LDA $01,S
01023D  C2 20       REP #$20
01023F  29 FF 00    AND #$00FF
010242  A8          TAY
010243  3B          TSC
010244  18          CLC
010245  69 08 00    ADC #$0008
010248  1B          TCS
010249  98          TYA
01024A  6B          RTL
01024B  3B          TSC
01024C  AA          TAX
01024D  C5 46       CMP $46
01024F  90 04       BCC $010255
010251  F0 02       BEQ $010255
010253  80 0A       BRA $01025F
010255  38          SEC
010256  E9 10 00    SBC #$0010
010259  90 04       BCC $01025F
01025B  C5 44       CMP $44
01025D  B0 07       BCS $010266
01025F  A9 10 00    LDA #$0010
010262  5C 00 80 04 JML $048000
010266  1B          TCS
010267  A3 14       LDA $14,S
010269  83 06       STA $06,S
01026B  A3 15       LDA $15,S
01026D  83 07       STA $07,S
01026F  A3 06       LDA $06,S
010271  85 00       STA $00
010273  A3 07       LDA $07,S
010275  85 01       STA $01
010277  A7 00       LDA [$00]
010279  83 0A       STA $0A,S
01027B  E2 20       SEP #$20
01027D  A0 02 00    LDY #$0002
010280  B7 00       LDA [$00],Y
010282  83 0C       STA $0C,S
010284  C2 20       REP #$20
010286  A3 0A       LDA $0A,S
010288  83 01       STA $01,S
01028A  A3 0B       LDA $0B,S
01028C  83 02       STA $02,S
01028E  A3 17       LDA $17,S
010290  83 06       STA $06,S
010292  A3 18       LDA $18,S
010294  83 07       STA $07,S
010296  A3 14       LDA $14,S
010298  83 0E       STA $0E,S
01029A  A3 15       LDA $15,S
01029C  83 0F       STA $0F,S
01029E  A3 0E       LDA $0E,S
0102A0  83 0A       STA $0A,S
0102A2  A3 0F       LDA $0F,S
0102A4  83 0B       STA $0B,S
0102A6  A3 0A       LDA $0A,S
0102A8  83 0E       STA $0E,S
0102AA  A3 0B       LDA $0B,S
0102AC  83 0F       STA $0F,S
0102AE  A3 06       LDA $06,S
0102B0  85 00       STA $00
0102B2  A3 07       LDA $07,S
0102B4  85 01       STA $01
0102B6  A3 0E       LDA $0E,S
0102B8  A0 03 00    LDY #$0003
0102BB  97 00       STA [$00],Y
0102BD  E2 20       SEP #$20
0102BF  A3 10       LDA $10,S
0102C1  A0 05 00    LDY #$0005
0102C4  97 00       STA [$00],Y
0102C6  C2 20       REP #$20
0102C8  A3 17       LDA $17,S
0102CA  83 06       STA $06,S
0102CC  A3 18       LDA $18,S
0102CE  83 07       STA $07,S
0102D0  A3 01       LDA $01,S
0102D2  83 0A       STA $0A,S
0102D4  A3 02       LDA $02,S
0102D6  83 0B       STA $0B,S
0102D8  A3 06       LDA $06,S
0102DA  85 00       STA $00
0102DC  A3 07       LDA $07,S
0102DE  85 01       STA $01
0102E0  A3 0A       LDA $0A,S
0102E2  87 00       STA [$00]
0102E4  E2 20       SEP #$20
0102E6  A3 0C       LDA $0C,S
0102E8  A0 02 00    LDY #$0002
0102EB  97 00       STA [$00],Y
0102ED  C2 20       REP #$20
0102EF  A3 01       LDA $01,S
0102F1  83 06       STA $06,S
0102F3  A3 02       LDA $02,S
0102F5  83 07       STA $07,S
0102F7  A3 17       LDA $17,S
0102F9  83 0A       STA $0A,S
0102FB  A3 18       LDA $18,S
0102FD  83 0B       STA $0B,S
0102FF  A3 06       LDA $06,S
010301  85 00       STA $00
010303  A3 07       LDA $07,S
010305  85 01       STA $01
010307  A3 0A       LDA $0A,S
010309  A0 03 00    LDY #$0003
01030C  97 00       STA [$00],Y
01030E  E2 20       SEP #$20
010310  A3 0C       LDA $0C,S
010312  A0 05 00    LDY #$0005
010315  97 00       STA [$00],Y
010317  C2 20       REP #$20
010319  A3 14       LDA $14,S
01031B  83 06       STA $06,S
01031D  A3 15       LDA $15,S
01031F  83 07       STA $07,S
010321  A3 17       LDA $17,S
010323  83 0A       STA $0A,S
010325  A3 18       LDA $18,S
010327  83 0B       STA $0B,S
010329  A3 06       LDA $06,S
01032B  85 00       STA $00
01032D  A3 07       LDA $07,S
01032F  85 01       STA $01
010331  A3 0A       LDA $0A,S
010333  87 00       STA [$00]
010335  E2 20       SEP #$20
010337  A3 0C       LDA $0C,S
010339  A0 02 00    LDY #$0002
01033C  97 00       STA [$00],Y
01033E  C2 20       REP #$20
010340  3B          TSC
010341  18          CLC
010342  69 10 00    ADC #$0010
010345  1B          TCS
010346  6B          RTL
010347  3B          TSC
010348  AA          TAX
010349  C5 46       CMP $46
01034B  90 04       BCC $010351
01034D  F0 02       BEQ $010351
01034F  80 0A       BRA $01035B
010351  38          SEC
010352  E9 10 00    SBC #$0010
010355  90 04       BCC $01035B
010357  C5 44       CMP $44
010359  B0 07       BCS $010362
01035B  A9 10 00    LDA #$0010
01035E  5C 00 80 04 JML $048000
010362  1B          TCS
010363  A3 14       LDA $14,S
010365  83 06       STA $06,S
010367  A3 15       LDA $15,S
010369  83 07       STA $07,S
01036B  A3 06       LDA $06,S
01036D  85 00       STA $00
01036F  A3 07       LDA $07,S
010371  85 01       STA $01
010373  A0 06 00    LDY #$0006
010376  B7 00       LDA [$00],Y
010378  83 0A       STA $0A,S
01037A  E2 20       SEP #$20
01037C  A0 08 00    LDY #$0008
01037F  B7 00       LDA [$00],Y
010381  83 0C       STA $0C,S
010383  C2 20       REP #$20
010385  A3 0A       LDA $0A,S
010387  83 01       STA $01,S
010389  A3 0B       LDA $0B,S
01038B  83 02       STA $02,S
01038D  A3 17       LDA $17,S
01038F  83 06       STA $06,S
010391  A3 18       LDA $18,S
010393  83 07       STA $07,S
010395  A3 14       LDA $14,S
010397  83 0E       STA $0E,S
010399  A3 15       LDA $15,S
01039B  83 0F       STA $0F,S
01039D  A3 0E       LDA $0E,S
01039F  18          CLC
0103A0  69 03 00    ADC #$0003
0103A3  83 0A       STA $0A,S
0103A5  E2 20       SEP #$20
0103A7  A3 10       LDA $10,S
0103A9  69 00       ADC #$00
0103AB  83 0C       STA $0C,S
0103AD  C2 20       REP #$20
0103AF  A3 0A       LDA $0A,S
0103B1  83 0E       STA $0E,S
0103B3  A3 0B       LDA $0B,S
0103B5  83 0F       STA $0F,S
0103B7  A3 06       LDA $06,S
0103B9  85 00       STA $00
0103BB  A3 07       LDA $07,S
0103BD  85 01       STA $01
0103BF  A3 0E       LDA $0E,S
0103C1  87 00       STA [$00]
0103C3  E2 20       SEP #$20
0103C5  A3 10       LDA $10,S
0103C7  A0 02 00    LDY #$0002
0103CA  97 00       STA [$00],Y
0103CC  C2 20       REP #$20
0103CE  A3 17       LDA $17,S
0103D0  83 06       STA $06,S
0103D2  A3 18       LDA $18,S
0103D4  83 07       STA $07,S
0103D6  A3 01       LDA $01,S
0103D8  83 0A       STA $0A,S
0103DA  A3 02       LDA $02,S
0103DC  83 0B       STA $0B,S
0103DE  A3 06       LDA $06,S
0103E0  85 00       STA $00
0103E2  A3 07       LDA $07,S
0103E4  85 01       STA $01
0103E6  A3 0A       LDA $0A,S
0103E8  A0 03 00    LDY #$0003
0103EB  97 00       STA [$00],Y
0103ED  E2 20       SEP #$20
0103EF  A3 0C       LDA $0C,S
0103F1  A0 05 00    LDY #$0005
0103F4  97 00       STA [$00],Y
0103F6  C2 20       REP #$20
0103F8  A3 01       LDA $01,S
0103FA  83 06       STA $06,S
0103FC  A3 02       LDA $02,S
0103FE  83 07       STA $07,S
010400  A3 17       LDA $17,S
010402  83 0A       STA $0A,S
010404  A3 18       LDA $18,S
010406  83 0B       STA $0B,S
010408  A3 06       LDA $06,S
01040A  85 00       STA $00
01040C  A3 07       LDA $07,S
01040E  85 01       STA $01
010410  A3 0A       LDA $0A,S
010412  87 00       STA [$00]
010414  E2 20       SEP #$20
010416  A3 0C       LDA $0C,S
010418  A0 02 00    LDY #$0002
01041B  97 00       STA [$00],Y
01041D  C2 20       REP #$20
01041F  A3 14       LDA $14,S
010421  83 06       STA $06,S
010423  A3 15       LDA $15,S
010425  83 07       STA $07,S
010427  A3 17       LDA $17,S
010429  83 0A       STA $0A,S
01042B  A3 18       LDA $18,S
01042D  83 0B       STA $0B,S
01042F  A3 06       LDA $06,S
010431  85 00       STA $00
010433  A3 07       LDA $07,S
010435  85 01       STA $01
010437  A3 0A       LDA $0A,S
010439  A0 06 00    LDY #$0006
01043C  97 00       STA [$00],Y
01043E  E2 20       SEP #$20
010440  A3 0C       LDA $0C,S
010442  A0 08 00    LDY #$0008
010445  97 00       STA [$00],Y
010447  C2 20       REP #$20
010449  3B          TSC
01044A  18          CLC
01044B  69 10 00    ADC #$0010
01044E  1B          TCS
01044F  6B          RTL
010450  3B          TSC
010451  AA          TAX
010452  C5 46       CMP $46
010454  90 04       BCC $01045A
010456  F0 02       BEQ $01045A
010458  80 0A       BRA $010464
01045A  38          SEC
01045B  E9 10 00    SBC #$0010
01045E  90 04       BCC $010464
010460  C5 44       CMP $44
010462  B0 07       BCS $01046B
010464  A9 10 00    LDA #$0010
010467  5C 00 80 04 JML $048000
01046B  1B          TCS
01046C  A3 1A       LDA $1A,S
01046E  83 06       STA $06,S
010470  A3 1B       LDA $1B,S
010472  83 07       STA $07,S
010474  A3 06       LDA $06,S
010476  03 07       ORA $07,S
010478  F0 02       BEQ $01047C
01047A  80 04       BRA $010480
01047C  C2 20       REP #$20
01047E  80 36       BRA $0104B6
010480  A3 1A       LDA $1A,S
010482  83 06       STA $06,S
010484  A3 1B       LDA $1B,S
010486  83 07       STA $07,S
010488  A3 14       LDA $14,S
01048A  83 0E       STA $0E,S
01048C  A3 15       LDA $15,S
01048E  83 0F       STA $0F,S
010490  A3 0E       LDA $0E,S
010492  83 0A       STA $0A,S
010494  A3 0F       LDA $0F,S
010496  83 0B       STA $0B,S
010498  A3 0A       LDA $0A,S
01049A  83 0E       STA $0E,S
01049C  A3 0B       LDA $0B,S
01049E  83 0F       STA $0F,S
0104A0  A3 06       LDA $06,S
0104A2  C3 0E       CMP $0E,S
0104A4  D0 0A       BNE $0104B0
0104A6  E2 20       SEP #$20
0104A8  A3 08       LDA $08,S
0104AA  C3 10       CMP $10,S
0104AC  C2 20       REP #$20
0104AE  F0 04       BEQ $0104B4
0104B0  C2 20       REP #$20
0104B2  80 66       BRA $01051A
0104B4  C2 20       REP #$20
0104B6  A3 14       LDA $14,S
0104B8  83 06       STA $06,S
0104BA  A3 15       LDA $15,S
0104BC  83 07       STA $07,S
0104BE  A3 17       LDA $17,S
0104C0  83 0A       STA $0A,S
0104C2  A3 18       LDA $18,S
0104C4  83 0B       STA $0B,S
0104C6  3B          TSC
0104C7  AA          TAX
0104C8  C5 46       CMP $46
0104CA  90 04       BCC $0104D0
0104CC  F0 02       BEQ $0104D0
0104CE  80 0A       BRA $0104DA
0104D0  38          SEC
0104D1  E9 0A 00    SBC #$000A
0104D4  90 04       BCC $0104DA
0104D6  C5 44       CMP $44
0104D8  B0 07       BCS $0104E1
0104DA  A9 0A 00    LDA #$000A
0104DD  5C 00 80 04 JML $048000
0104E1  3B          TSC
0104E2  38          SEC
0104E3  E9 07 00    SBC #$0007
0104E6  1B          TCS
0104E7  E2 20       SEP #$20
0104E9  A9 00       LDA #$00
0104EB  83 07       STA $07,S
0104ED  A3 0D       LDA $0D,S
0104EF  83 01       STA $01,S
0104F1  A3 0E       LDA $0E,S
0104F3  83 02       STA $02,S
0104F5  A3 0F       LDA $0F,S
0104F7  83 03       STA $03,S
0104F9  A3 11       LDA $11,S
0104FB  83 04       STA $04,S
0104FD  A3 12       LDA $12,S
0104FF  83 05       STA $05,S
010501  A3 13       LDA $13,S
010503  83 06       STA $06,S
010505  C2 20       REP #$20
010507  22 4B 02 01 JSL $01024B
01050B  A8          TAY
01050C  3B          TSC
01050D  18          CLC
01050E  69 07 00    ADC #$0007
010511  1B          TCS
010512  98          TYA
010513  3B          TSC
010514  18          CLC
010515  69 10 00    ADC #$0010
010518  1B          TCS
010519  6B          RTL
01051A  A3 1A       LDA $1A,S
01051C  83 06       STA $06,S
01051E  A3 1B       LDA $1B,S
010520  83 07       STA $07,S
010522  A3 14       LDA $14,S
010524  83 0E       STA $0E,S
010526  A3 15       LDA $15,S
010528  83 0F       STA $0F,S
01052A  A3 0E       LDA $0E,S
01052C  18          CLC
01052D  69 03 00    ADC #$0003
010530  83 0A       STA $0A,S
010532  E2 20       SEP #$20
010534  A3 10       LDA $10,S
010536  69 00       ADC #$00
010538  83 0C       STA $0C,S
01053A  C2 20       REP #$20
01053C  A3 0A       LDA $0A,S
01053E  83 0E       STA $0E,S
010540  A3 0B       LDA $0B,S
010542  83 0F       STA $0F,S
010544  A3 06       LDA $06,S
010546  C3 0E       CMP $0E,S
010548  D0 0A       BNE $010554
01054A  E2 20       SEP #$20
01054C  A3 08       LDA $08,S
01054E  C3 10       CMP $10,S
010550  C2 20       REP #$20
010552  F0 04       BEQ $010558
010554  C2 20       REP #$20
010556  80 66       BRA $0105BE
010558  C2 20       REP #$20
01055A  A3 14       LDA $14,S
01055C  83 06       STA $06,S
01055E  A3 15       LDA $15,S
010560  83 07       STA $07,S
010562  A3 17       LDA $17,S
010564  83 0A       STA $0A,S
010566  A3 18       LDA $18,S
010568  83 0B       STA $0B,S
01056A  3B          TSC
01056B  AA          TAX
01056C  C5 46       CMP $46
01056E  90 04       BCC $010574
010570  F0 02       BEQ $010574
010572  80 0A       BRA $01057E
010574  38          SEC
010575  E9 0A 00    SBC #$000A
010578  90 04       BCC $01057E
01057A  C5 44       CMP $44
01057C  B0 07       BCS $010585
01057E  A9 0A 00    LDA #$000A
010581  5C 00 80 04 JML $048000
010585  3B          TSC
010586  38          SEC
010587  E9 07 00    SBC #$0007
01058A  1B          TCS
01058B  E2 20       SEP #$20
01058D  A9 00       LDA #$00
01058F  83 07       STA $07,S
010591  A3 0D       LDA $0D,S
010593  83 01       STA $01,S
010595  A3 0E       LDA $0E,S
010597  83 02       STA $02,S
010599  A3 0F       LDA $0F,S
01059B  83 03       STA $03,S
01059D  A3 11       LDA $11,S
01059F  83 04       STA $04,S
0105A1  A3 12       LDA $12,S
0105A3  83 05       STA $05,S
0105A5  A3 13       LDA $13,S
0105A7  83 06       STA $06,S
0105A9  C2 20       REP #$20
0105AB  22 47 03 01 JSL $010347
0105AF  A8          TAY
0105B0  3B          TSC
0105B1  18          CLC
0105B2  69 07 00    ADC #$0007
0105B5  1B          TCS
0105B6  98          TYA
0105B7  3B          TSC
0105B8  18          CLC
0105B9  69 10 00    ADC #$0010
0105BC  1B          TCS
0105BD  6B          RTL
0105BE  A3 1A       LDA $1A,S
0105C0  83 06       STA $06,S
0105C2  A3 1B       LDA $1B,S
0105C4  83 07       STA $07,S
0105C6  A3 06       LDA $06,S
0105C8  85 00       STA $00
0105CA  A3 07       LDA $07,S
0105CC  85 01       STA $01
0105CE  A7 00       LDA [$00]
0105D0  83 0A       STA $0A,S
0105D2  E2 20       SEP #$20
0105D4  A0 02 00    LDY #$0002
0105D7  B7 00       LDA [$00],Y
0105D9  83 0C       STA $0C,S
0105DB  C2 20       REP #$20
0105DD  A3 0A       LDA $0A,S
0105DF  83 01       STA $01,S
0105E1  A3 0B       LDA $0B,S
0105E3  83 02       STA $02,S
0105E5  A3 17       LDA $17,S
0105E7  83 06       STA $06,S
0105E9  A3 18       LDA $18,S
0105EB  83 07       STA $07,S
0105ED  A3 1A       LDA $1A,S
0105EF  83 0A       STA $0A,S
0105F1  A3 1B       LDA $1B,S
0105F3  83 0B       STA $0B,S
0105F5  A3 06       LDA $06,S
0105F7  85 00       STA $00
0105F9  A3 07       LDA $07,S
0105FB  85 01       STA $01
0105FD  A3 0A       LDA $0A,S
0105FF  A0 03 00    LDY #$0003
010602  97 00       STA [$00],Y
010604  E2 20       SEP #$20
010606  A3 0C       LDA $0C,S
010608  A0 05 00    LDY #$0005
01060B  97 00       STA [$00],Y
01060D  C2 20       REP #$20
01060F  A3 17       LDA $17,S
010611  83 06       STA $06,S
010613  A3 18       LDA $18,S
010615  83 07       STA $07,S
010617  A3 01       LDA $01,S
010619  83 0A       STA $0A,S
01061B  A3 02       LDA $02,S
01061D  83 0B       STA $0B,S
01061F  A3 06       LDA $06,S
010621  85 00       STA $00
010623  A3 07       LDA $07,S
010625  85 01       STA $01
010627  A3 0A       LDA $0A,S
010629  87 00       STA [$00]
01062B  E2 20       SEP #$20
01062D  A3 0C       LDA $0C,S
01062F  A0 02 00    LDY #$0002
010632  97 00       STA [$00],Y
010634  C2 20       REP #$20
010636  A3 01       LDA $01,S
010638  83 06       STA $06,S
01063A  A3 02       LDA $02,S
01063C  83 07       STA $07,S
01063E  A3 17       LDA $17,S
010640  83 0A       STA $0A,S
010642  A3 18       LDA $18,S
010644  83 0B       STA $0B,S
010646  A3 06       LDA $06,S
010648  85 00       STA $00
01064A  A3 07       LDA $07,S
01064C  85 01       STA $01
01064E  A3 0A       LDA $0A,S
010650  A0 03 00    LDY #$0003
010653  97 00       STA [$00],Y
010655  E2 20       SEP #$20
010657  A3 0C       LDA $0C,S
010659  A0 05 00    LDY #$0005
01065C  97 00       STA [$00],Y
01065E  C2 20       REP #$20
010660  A3 1A       LDA $1A,S
010662  83 06       STA $06,S
010664  A3 1B       LDA $1B,S
010666  83 07       STA $07,S
010668  A3 17       LDA $17,S
01066A  83 0A       STA $0A,S
01066C  A3 18       LDA $18,S
01066E  83 0B       STA $0B,S
010670  A3 06       LDA $06,S
010672  85 00       STA $00
010674  A3 07       LDA $07,S
010676  85 01       STA $01
010678  A3 0A       LDA $0A,S
01067A  87 00       STA [$00]
01067C  E2 20       SEP #$20
01067E  A3 0C       LDA $0C,S
010680  A0 02 00    LDY #$0002
010683  97 00       STA [$00],Y
010685  C2 20       REP #$20
010687  3B          TSC
010688  18          CLC
010689  69 10 00    ADC #$0010
01068C  1B          TCS
01068D  6B          RTL
01068E  3B          TSC
01068F  AA          TAX
010690  C5 46       CMP $46
010692  90 04       BCC $010698
010694  F0 02       BEQ $010698
010696  80 0A       BRA $0106A2
010698  38          SEC
010699  E9 06 00    SBC #$0006
01069C  90 04       BCC $0106A2
01069E  C5 44       CMP $44
0106A0  B0 07       BCS $0106A9
0106A2  A9 06 00    LDA #$0006
0106A5  5C 00 80 04 JML $048000
0106A9  1B          TCS
0106AA  A3 0A       LDA $0A,S
0106AC  85 00       STA $00
0106AE  A3 0B       LDA $0B,S
0106B0  85 01       STA $01
0106B2  A0 03 00    LDY #$0003
0106B5  B7 00       LDA [$00],Y
0106B7  85 03       STA $03
0106B9  E2 20       SEP #$20
0106BB  A0 05 00    LDY #$0005
0106BE  B7 00       LDA [$00],Y
0106C0  85 05       STA $05
0106C2  C2 20       REP #$20
0106C4  A5 03       LDA $03
0106C6  83 01       STA $01,S
0106C8  A5 04       LDA $04
0106CA  83 02       STA $02,S
0106CC  A3 0A       LDA $0A,S
0106CE  85 00       STA $00
0106D0  A3 0B       LDA $0B,S
0106D2  85 01       STA $01
0106D4  A7 00       LDA [$00]
0106D6  85 03       STA $03
0106D8  E2 20       SEP #$20
0106DA  A0 02 00    LDY #$0002
0106DD  B7 00       LDA [$00],Y
0106DF  85 05       STA $05
0106E1  C2 20       REP #$20
0106E3  A5 03       LDA $03
0106E5  83 04       STA $04,S
0106E7  A5 04       LDA $04
0106E9  83 05       STA $05,S
0106EB  A3 01       LDA $01,S
0106ED  85 00       STA $00
0106EF  A3 02       LDA $02,S
0106F1  85 01       STA $01
0106F3  A3 04       LDA $04,S
0106F5  85 03       STA $03
0106F7  A3 05       LDA $05,S
0106F9  85 04       STA $04
0106FB  A5 03       LDA $03
0106FD  87 00       STA [$00]
0106FF  E2 20       SEP #$20
010701  A5 05       LDA $05
010703  A0 02 00    LDY #$0002
010706  97 00       STA [$00],Y
010708  C2 20       REP #$20
01070A  A3 04       LDA $04,S
01070C  85 00       STA $00
01070E  A3 05       LDA $05,S
010710  85 01       STA $01
010712  A3 01       LDA $01,S
010714  85 03       STA $03
010716  A3 02       LDA $02,S
010718  85 04       STA $04
01071A  A5 03       LDA $03
01071C  A0 03 00    LDY #$0003
01071F  97 00       STA [$00],Y
010721  E2 20       SEP #$20
010723  A5 05       LDA $05
010725  A0 05 00    LDY #$0005
010728  97 00       STA [$00],Y
01072A  C2 20       REP #$20
01072C  3B          TSC
01072D  18          CLC
01072E  69 06 00    ADC #$0006
010731  1B          TCS
010732  6B          RTL
010733  3B          TSC
010734  AA          TAX
010735  C5 46       CMP $46
010737  90 04       BCC $01073D
010739  F0 02       BEQ $01073D
01073B  80 0A       BRA $010747
01073D  38          SEC
01073E  E9 0C 00    SBC #$000C
010741  90 04       BCC $010747
010743  C5 44       CMP $44
010745  B0 07       BCS $01074E
010747  A9 0C 00    LDA #$000C
01074A  5C 00 80 04 JML $048000
01074E  1B          TCS
01074F  A3 10       LDA $10,S
010751  83 06       STA $06,S
010753  A3 11       LDA $11,S
010755  83 07       STA $07,S
010757  A3 06       LDA $06,S
010759  85 00       STA $00
01075B  A3 07       LDA $07,S
01075D  85 01       STA $01
01075F  A7 00       LDA [$00]
010761  83 0A       STA $0A,S
010763  E2 20       SEP #$20
010765  A0 02 00    LDY #$0002
010768  B7 00       LDA [$00],Y
01076A  83 0C       STA $0C,S
01076C  C2 20       REP #$20
01076E  A3 0A       LDA $0A,S
010770  83 01       STA $01,S
010772  A3 0B       LDA $0B,S
010774  83 02       STA $02,S
010776  A3 01       LDA $01,S
010778  83 0A       STA $0A,S
01077A  A3 02       LDA $02,S
01077C  83 0B       STA $0B,S
01077E  A3 0A       LDA $0A,S
010780  85 00       STA $00
010782  A3 0B       LDA $0B,S
010784  85 01       STA $01
010786  A7 00       LDA [$00]
010788  83 06       STA $06,S
01078A  E2 20       SEP #$20
01078C  A0 02 00    LDY #$0002
01078F  B7 00       LDA [$00],Y
010791  83 08       STA $08,S
010793  C2 20       REP #$20
010795  A3 06       LDA $06,S
010797  03 07       ORA $07,S
010799  F0 02       BEQ $01079D
01079B  80 11       BRA $0107AE
01079D  C2 20       REP #$20
01079F  A2 00 00    LDX #$0000
0107A2  A9 00 00    LDA #$0000
0107A5  A8          TAY
0107A6  3B          TSC
0107A7  18          CLC
0107A8  69 0C 00    ADC #$000C
0107AB  1B          TCS
0107AC  98          TYA
0107AD  6B          RTL
0107AE  A3 01       LDA $01,S
0107B0  83 06       STA $06,S
0107B2  A3 02       LDA $02,S
0107B4  83 07       STA $07,S
0107B6  3B          TSC
0107B7  AA          TAX
0107B8  C5 46       CMP $46
0107BA  90 04       BCC $0107C0
0107BC  F0 02       BEQ $0107C0
0107BE  80 0A       BRA $0107CA
0107C0  38          SEC
0107C1  E9 06 00    SBC #$0006
0107C4  90 04       BCC $0107CA
0107C6  C5 44       CMP $44
0107C8  B0 07       BCS $0107D1
0107CA  A9 06 00    LDA #$0006
0107CD  5C 00 80 04 JML $048000
0107D1  3B          TSC
0107D2  38          SEC
0107D3  E9 03 00    SBC #$0003
0107D6  1B          TCS
0107D7  E2 20       SEP #$20
0107D9  A9 00       LDA #$00
0107DB  A3 09       LDA $09,S
0107DD  83 01       STA $01,S
0107DF  A3 0A       LDA $0A,S
0107E1  83 02       STA $02,S
0107E3  A3 0B       LDA $0B,S
0107E5  83 03       STA $03,S
0107E7  C2 20       REP #$20
0107E9  22 8E 06 01 JSL $01068E
0107ED  A8          TAY
0107EE  3B          TSC
0107EF  18          CLC
0107F0  69 03 00    ADC #$0003
0107F3  1B          TCS
0107F4  98          TYA
0107F5  A3 01       LDA $01,S
0107F7  83 06       STA $06,S
0107F9  A3 02       LDA $02,S
0107FB  83 07       STA $07,S
0107FD  A3 07       LDA $07,S
0107FF  EB          XBA
010800  29 FF 00    AND #$00FF
010803  AA          TAX
010804  A3 06       LDA $06,S
010806  A8          TAY
010807  3B          TSC
010808  18          CLC
010809  69 0C 00    ADC #$000C
01080C  1B          TCS
01080D  98          TYA
01080E  6B          RTL
01080F  3B          TSC
010810  AA          TAX
010811  C5 46       CMP $46
010813  90 04       BCC $010819
010815  F0 02       BEQ $010819
010817  80 0A       BRA $010823
010819  38          SEC
01081A  E9 0C 00    SBC #$000C
01081D  90 04       BCC $010823
01081F  C5 44       CMP $44
010821  B0 07       BCS $01082A
010823  A9 0C 00    LDA #$000C
010826  5C 00 80 04 JML $048000
01082A  1B          TCS
01082B  A3 10       LDA $10,S
01082D  83 06       STA $06,S
01082F  A3 11       LDA $11,S
010831  83 07       STA $07,S
010833  A3 06       LDA $06,S
010835  85 00       STA $00
010837  A3 07       LDA $07,S
010839  85 01       STA $01
01083B  A0 06 00    LDY #$0006
01083E  B7 00       LDA [$00],Y
010840  83 0A       STA $0A,S
010842  E2 20       SEP #$20
010844  A0 08 00    LDY #$0008
010847  B7 00       LDA [$00],Y
010849  83 0C       STA $0C,S
01084B  C2 20       REP #$20
01084D  A3 0A       LDA $0A,S
01084F  83 01       STA $01,S
010851  A3 0B       LDA $0B,S
010853  83 02       STA $02,S
010855  A3 01       LDA $01,S
010857  83 0A       STA $0A,S
010859  A3 02       LDA $02,S
01085B  83 0B       STA $0B,S
01085D  A3 0A       LDA $0A,S
01085F  85 00       STA $00
010861  A3 0B       LDA $0B,S
010863  85 01       STA $01
010865  A0 03 00    LDY #$0003
010868  B7 00       LDA [$00],Y
01086A  83 06       STA $06,S
01086C  E2 20       SEP #$20
01086E  A0 05 00    LDY #$0005
010871  B7 00       LDA [$00],Y
010873  83 08       STA $08,S
010875  C2 20       REP #$20
010877  A3 06       LDA $06,S
010879  03 07       ORA $07,S
01087B  F0 02       BEQ $01087F
01087D  80 11       BRA $010890
01087F  C2 20       REP #$20
010881  A2 00 00    LDX #$0000
010884  A9 00 00    LDA #$0000
010887  A8          TAY
010888  3B          TSC
010889  18          CLC
01088A  69 0C 00    ADC #$000C
01088D  1B          TCS
01088E  98          TYA
01088F  6B          RTL
010890  A3 01       LDA $01,S
010892  83 06       STA $06,S
010894  A3 02       LDA $02,S
010896  83 07       STA $07,S
010898  3B          TSC
010899  AA          TAX
01089A  C5 46       CMP $46
01089C  90 04       BCC $0108A2
01089E  F0 02       BEQ $0108A2
0108A0  80 0A       BRA $0108AC
0108A2  38          SEC
0108A3  E9 06 00    SBC #$0006
0108A6  90 04       BCC $0108AC
0108A8  C5 44       CMP $44
0108AA  B0 07       BCS $0108B3
0108AC  A9 06 00    LDA #$0006
0108AF  5C 00 80 04 JML $048000
0108B3  3B          TSC
0108B4  38          SEC
0108B5  E9 03 00    SBC #$0003
0108B8  1B          TCS
0108B9  E2 20       SEP #$20
0108BB  A9 00       LDA #$00
0108BD  A3 09       LDA $09,S
0108BF  83 01       STA $01,S
0108C1  A3 0A       LDA $0A,S
0108C3  83 02       STA $02,S
0108C5  A3 0B       LDA $0B,S
0108C7  83 03       STA $03,S
0108C9  C2 20       REP #$20
0108CB  22 8E 06 01 JSL $01068E
0108CF  A8          TAY
0108D0  3B          TSC
0108D1  18          CLC
0108D2  69 03 00    ADC #$0003
0108D5  1B          TCS
0108D6  98          TYA
0108D7  A3 01       LDA $01,S
0108D9  83 06       STA $06,S
0108DB  A3 02       LDA $02,S
0108DD  83 07       STA $07,S
0108DF  A3 07       LDA $07,S
0108E1  EB          XBA
0108E2  29 FF 00    AND #$00FF
0108E5  AA          TAX
0108E6  A3 06       LDA $06,S
0108E8  A8          TAY
0108E9  3B          TSC
0108EA  18          CLC
0108EB  69 0C 00    ADC #$000C
0108EE  1B          TCS
0108EF  98          TYA
0108F0  6B          RTL
0108F1  3B          TSC
0108F2  AA          TAX
0108F3  C5 46       CMP $46
0108F5  90 04       BCC $0108FB
0108F7  F0 02       BEQ $0108FB
0108F9  80 0A       BRA $010905
0108FB  38          SEC
0108FC  E9 14 00    SBC #$0014
0108FF  90 04       BCC $010905
010901  C5 44       CMP $44
010903  B0 07       BCS $01090C
010905  A9 14 00    LDA #$0014
010908  5C 00 80 04 JML $048000
01090C  1B          TCS
01090D  A3 18       LDA $18,S
01090F  83 06       STA $06,S
010911  A3 19       LDA $19,S
010913  83 07       STA $07,S
010915  A3 06       LDA $06,S
010917  85 00       STA $00
010919  A3 07       LDA $07,S
01091B  85 01       STA $01
01091D  A7 00       LDA [$00]
01091F  83 0A       STA $0A,S
010921  E2 20       SEP #$20
010923  A0 02 00    LDY #$0002
010926  B7 00       LDA [$00],Y
010928  83 0C       STA $0C,S
01092A  C2 20       REP #$20
01092C  A3 0A       LDA $0A,S
01092E  83 01       STA $01,S
010930  A3 0B       LDA $0B,S
010932  83 02       STA $02,S
010934  A3 01       LDA $01,S
010936  83 0A       STA $0A,S
010938  A3 02       LDA $02,S
01093A  83 0B       STA $0B,S
01093C  A3 0A       LDA $0A,S
01093E  85 00       STA $00
010940  A3 0B       LDA $0B,S
010942  85 01       STA $01
010944  A7 00       LDA [$00]
010946  83 06       STA $06,S
010948  E2 20       SEP #$20
01094A  A0 02 00    LDY #$0002
01094D  B7 00       LDA [$00],Y
01094F  83 08       STA $08,S
010951  C2 20       REP #$20
010953  A3 06       LDA $06,S
010955  03 07       ORA $07,S
010957  D0 03       BNE $01095C
010959  82 11 01    BRL $010A6D
01095C  C2 20       REP #$20
01095E  A3 1B       LDA $1B,S
010960  83 06       STA $06,S
010962  A3 1C       LDA $1C,S
010964  83 07       STA $07,S
010966  A3 06       LDA $06,S
010968  85 00       STA $00
01096A  A3 07       LDA $07,S
01096C  85 01       STA $01
01096E  E2 20       SEP #$20
010970  A0 07 00    LDY #$0007
010973  B7 00       LDA [$00],Y
010975  83 09       STA $09,S
010977  A9 80       LDA #$80
010979  85 10       STA $10
01097B  A3 09       LDA $09,S
01097D  45 10       EOR $10
01097F  83 05       STA $05,S
010981  C2 20       REP #$20
010983  A3 01       LDA $01,S
010985  83 06       STA $06,S
010987  A3 02       LDA $02,S
010989  83 07       STA $07,S
01098B  A3 06       LDA $06,S
01098D  85 00       STA $00
01098F  A3 07       LDA $07,S
010991  85 01       STA $01
010993  E2 20       SEP #$20
010995  A0 07 00    LDY #$0007
010998  B7 00       LDA [$00],Y
01099A  83 09       STA $09,S
01099C  A9 80       LDA #$80
01099E  85 10       STA $10
0109A0  A3 09       LDA $09,S
0109A2  45 10       EOR $10
0109A4  83 06       STA $06,S
0109A6  A3 06       LDA $06,S
0109A8  C3 05       CMP $05,S
0109AA  C2 20       REP #$20
0109AC  90 03       BCC $0109B1
0109AE  82 92 00    BRL $010A43
0109B1  C2 20       REP #$20
0109B3  A3 18       LDA $18,S
0109B5  83 06       STA $06,S
0109B7  A3 19       LDA $19,S
0109B9  83 07       STA $07,S
0109BB  A3 1B       LDA $1B,S
0109BD  83 0A       STA $0A,S
0109BF  A3 1C       LDA $1C,S
0109C1  83 0B       STA $0B,S
0109C3  A3 01       LDA $01,S
0109C5  83 0E       STA $0E,S
0109C7  A3 02       LDA $02,S
0109C9  83 0F       STA $0F,S
0109CB  A3 0E       LDA $0E,S
0109CD  85 00       STA $00
0109CF  A3 0F       LDA $0F,S
0109D1  85 01       STA $01
0109D3  A0 03 00    LDY #$0003
0109D6  B7 00       LDA [$00],Y
0109D8  83 12       STA $12,S
0109DA  E2 20       SEP #$20
0109DC  A0 05 00    LDY #$0005
0109DF  B7 00       LDA [$00],Y
0109E1  83 14       STA $14,S
0109E3  C2 20       REP #$20
0109E5  3B          TSC
0109E6  AA          TAX
0109E7  C5 46       CMP $46
0109E9  90 04       BCC $0109EF
0109EB  F0 02       BEQ $0109EF
0109ED  80 0A       BRA $0109F9
0109EF  38          SEC
0109F0  E9 0C 00    SBC #$000C
0109F3  90 04       BCC $0109F9
0109F5  C5 44       CMP $44
0109F7  B0 07       BCS $010A00
0109F9  A9 0C 00    LDA #$000C
0109FC  5C 00 80 04 JML $048000
010A00  3B          TSC
010A01  38          SEC
010A02  E9 09 00    SBC #$0009
010A05  1B          TCS
010A06  E2 20       SEP #$20
010A08  A9 00       LDA #$00
010A0A  A3 0F       LDA $0F,S
010A0C  83 01       STA $01,S
010A0E  A3 10       LDA $10,S
010A10  83 02       STA $02,S
010A12  A3 11       LDA $11,S
010A14  83 03       STA $03,S
010A16  A3 13       LDA $13,S
010A18  83 04       STA $04,S
010A1A  A3 14       LDA $14,S
010A1C  83 05       STA $05,S
010A1E  A3 15       LDA $15,S
010A20  83 06       STA $06,S
010A22  A3 1B       LDA $1B,S
010A24  83 07       STA $07,S
010A26  A3 1C       LDA $1C,S
010A28  83 08       STA $08,S
010A2A  A3 1D       LDA $1D,S
010A2C  83 09       STA $09,S
010A2E  C2 20       REP #$20
010A30  22 50 04 01 JSL $010450
010A34  A8          TAY
010A35  3B          TSC
010A36  18          CLC
010A37  69 09 00    ADC #$0009
010A3A  1B          TCS
010A3B  98          TYA
010A3C  3B          TSC
010A3D  18          CLC
010A3E  69 14 00    ADC #$0014
010A41  1B          TCS
010A42  6B          RTL
010A43  A3 01       LDA $01,S
010A45  83 06       STA $06,S
010A47  A3 02       LDA $02,S
010A49  83 07       STA $07,S
010A4B  A3 06       LDA $06,S
010A4D  85 00       STA $00
010A4F  A3 07       LDA $07,S
010A51  85 01       STA $01
010A53  A7 00       LDA [$00]
010A55  83 0A       STA $0A,S
010A57  E2 20       SEP #$20
010A59  A0 02 00    LDY #$0002
010A5C  B7 00       LDA [$00],Y
010A5E  83 0C       STA $0C,S
010A60  C2 20       REP #$20
010A62  A3 0A       LDA $0A,S
010A64  83 01       STA $01,S
010A66  A3 0B       LDA $0B,S
010A68  83 02       STA $02,S
010A6A  82 C7 FE    BRL $010934
010A6D  A3 18       LDA $18,S
010A6F  83 06       STA $06,S
010A71  A3 19       LDA $19,S
010A73  83 07       STA $07,S
010A75  A3 1B       LDA $1B,S
010A77  83 0A       STA $0A,S
010A79  A3 1C       LDA $1C,S
010A7B  83 0B       STA $0B,S
010A7D  3B          TSC
010A7E  AA          TAX
010A7F  C5 46       CMP $46
010A81  90 04       BCC $010A87
010A83  F0 02       BEQ $010A87
010A85  80 0A       BRA $010A91
010A87  38          SEC
010A88  E9 0A 00    SBC #$000A
010A8B  90 04       BCC $010A91
010A8D  C5 44       CMP $44
010A8F  B0 07       BCS $010A98
010A91  A9 0A 00    LDA #$000A
010A94  5C 00 80 04 JML $048000
010A98  3B          TSC
010A99  38          SEC
010A9A  E9 07 00    SBC #$0007
010A9D  1B          TCS
010A9E  E2 20       SEP #$20
010AA0  A9 00       LDA #$00
010AA2  83 07       STA $07,S
010AA4  A3 0D       LDA $0D,S
010AA6  83 01       STA $01,S
010AA8  A3 0E       LDA $0E,S
010AAA  83 02       STA $02,S
010AAC  A3 0F       LDA $0F,S
010AAE  83 03       STA $03,S
010AB0  A3 11       LDA $11,S
010AB2  83 04       STA $04,S
010AB4  A3 12       LDA $12,S
010AB6  83 05       STA $05,S
010AB8  A3 13       LDA $13,S
010ABA  83 06       STA $06,S
010ABC  C2 20       REP #$20
010ABE  22 47 03 01 JSL $010347
010AC2  A8          TAY
010AC3  3B          TSC
010AC4  18          CLC
010AC5  69 07 00    ADC #$0007
010AC8  1B          TCS
010AC9  98          TYA
010ACA  3B          TSC
010ACB  18          CLC
010ACC  69 14 00    ADC #$0014
010ACF  1B          TCS
010AD0  6B          RTL
010AD1  3B          TSC
010AD2  AA          TAX
010AD3  C5 46       CMP $46
010AD5  90 04       BCC $010ADB
010AD7  F0 02       BEQ $010ADB
010AD9  80 0A       BRA $010AE5
010ADB  38          SEC
010ADC  E9 16 00    SBC #$0016
010ADF  90 04       BCC $010AE5
010AE1  C5 44       CMP $44
010AE3  B0 07       BCS $010AEC
010AE5  A9 16 00    LDA #$0016
010AE8  5C 00 80 04 JML $048000
010AEC  1B          TCS
010AED  A3 1A       LDA $1A,S
010AEF  83 0C       STA $0C,S
010AF1  A3 1B       LDA $1B,S
010AF3  83 0D       STA $0D,S
010AF5  A3 0C       LDA $0C,S
010AF7  85 00       STA $00
010AF9  A3 0D       LDA $0D,S
010AFB  85 01       STA $01
010AFD  A7 00       LDA [$00]
010AFF  83 10       STA $10,S
010B01  E2 20       SEP #$20
010B03  A0 02 00    LDY #$0002
010B06  B7 00       LDA [$00],Y
010B08  83 12       STA $12,S
010B0A  C2 20       REP #$20
010B0C  A3 10       LDA $10,S
010B0E  83 01       STA $01,S
010B10  A3 11       LDA $11,S
010B12  83 02       STA $02,S
010B14  A3 01       LDA $01,S
010B16  83 10       STA $10,S
010B18  A3 02       LDA $02,S
010B1A  83 11       STA $11,S
010B1C  A3 10       LDA $10,S
010B1E  85 00       STA $00
010B20  A3 11       LDA $11,S
010B22  85 01       STA $01
010B24  A7 00       LDA [$00]
010B26  83 0C       STA $0C,S
010B28  E2 20       SEP #$20
010B2A  A0 02 00    LDY #$0002
010B2D  B7 00       LDA [$00],Y
010B2F  83 0E       STA $0E,S
010B31  C2 20       REP #$20
010B33  A3 0C       LDA $0C,S
010B35  03 0D       ORA $0D,S
010B37  D0 03       BNE $010B3C
010B39  82 8D 01    BRL $010CC9
010B3C  C2 20       REP #$20
010B3E  A3 01       LDA $01,S
010B40  83 0C       STA $0C,S
010B42  A3 02       LDA $02,S
010B44  83 0D       STA $0D,S
010B46  A3 0C       LDA $0C,S
010B48  85 00       STA $00
010B4A  A3 0D       LDA $0D,S
010B4C  85 01       STA $01
010B4E  A0 08 00    LDY #$0008
010B51  B7 00       LDA [$00],Y
010B53  83 10       STA $10,S
010B55  E2 20       SEP #$20
010B57  A0 0A 00    LDY #$000A
010B5A  B7 00       LDA [$00],Y
010B5C  83 12       STA $12,S
010B5E  C2 20       REP #$20
010B60  A3 10       LDA $10,S
010B62  83 04       STA $04,S
010B64  A3 11       LDA $11,S
010B66  83 05       STA $05,S
010B68  A3 1D       LDA $1D,S
010B6A  83 0C       STA $0C,S
010B6C  A3 1E       LDA $1E,S
010B6E  83 0D       STA $0D,S
010B70  A3 0C       LDA $0C,S
010B72  83 07       STA $07,S
010B74  A3 0D       LDA $0D,S
010B76  83 08       STA $08,S
010B78  A3 04       LDA $04,S
010B7A  83 0C       STA $0C,S
010B7C  A3 05       LDA $05,S
010B7E  83 0D       STA $0D,S
010B80  A3 0C       LDA $0C,S
010B82  03 0D       ORA $0D,S
010B84  D0 03       BNE $010B89
010B86  82 16 01    BRL $010C9F
010B89  C2 20       REP #$20
010B8B  A3 04       LDA $04,S
010B8D  83 0C       STA $0C,S
010B8F  A3 05       LDA $05,S
010B91  83 0D       STA $0D,S
010B93  A3 0C       LDA $0C,S
010B95  85 00       STA $00
010B97  A3 0D       LDA $0D,S
010B99  85 01       STA $01
010B9B  E2 20       SEP #$20
010B9D  A7 00       LDA [$00]
010B9F  83 0B       STA $0B,S
010BA1  C2 20       REP #$20
010BA3  A3 07       LDA $07,S
010BA5  83 0C       STA $0C,S
010BA7  A3 08       LDA $08,S
010BA9  83 0D       STA $0D,S
010BAB  A3 0C       LDA $0C,S
010BAD  85 00       STA $00
010BAF  A3 0D       LDA $0D,S
010BB1  85 01       STA $01
010BB3  E2 20       SEP #$20
010BB5  A7 00       LDA [$00]
010BB7  83 0F       STA $0F,S
010BB9  A3 0B       LDA $0B,S
010BBB  C3 0F       CMP $0F,S
010BBD  C2 20       REP #$20
010BBF  F0 03       BEQ $010BC4
010BC1  82 DB 00    BRL $010C9F
010BC4  C2 20       REP #$20
010BC6  A3 04       LDA $04,S
010BC8  83 0C       STA $0C,S
010BCA  A3 05       LDA $05,S
010BCC  83 0D       STA $0D,S
010BCE  A3 0C       LDA $0C,S
010BD0  85 00       STA $00
010BD2  A3 0D       LDA $0D,S
010BD4  85 01       STA $01
010BD6  E2 20       SEP #$20
010BD8  A7 00       LDA [$00]
010BDA  83 0B       STA $0B,S
010BDC  A3 0B       LDA $0B,S
010BDE  C9 00       CMP #$00
010BE0  C2 20       REP #$20
010BE2  F0 02       BEQ $010BE6
010BE4  80 1C       BRA $010C02
010BE6  C2 20       REP #$20
010BE8  A3 01       LDA $01,S
010BEA  83 0C       STA $0C,S
010BEC  A3 02       LDA $02,S
010BEE  83 0D       STA $0D,S
010BF0  A3 0D       LDA $0D,S
010BF2  EB          XBA
010BF3  29 FF 00    AND #$00FF
010BF6  AA          TAX
010BF7  A3 0C       LDA $0C,S
010BF9  A8          TAY
010BFA  3B          TSC
010BFB  18          CLC
010BFC  69 16 00    ADC #$0016
010BFF  1B          TCS
010C00  98          TYA
010C01  6B          RTL
010C02  A3 04       LDA $04,S
010C04  83 10       STA $10,S
010C06  A3 05       LDA $05,S
010C08  83 11       STA $11,S
010C0A  A3 10       LDA $10,S
010C0C  83 0C       STA $0C,S
010C0E  A3 11       LDA $11,S
010C10  83 0D       STA $0D,S
010C12  E2 20       SEP #$20
010C14  A9 01       LDA #$01
010C16  83 14       STA $14,S
010C18  A9 00       LDA #$00
010C1A  83 15       STA $15,S
010C1C  83 16       STA $16,S
010C1E  18          CLC
010C1F  A3 14       LDA $14,S
010C21  85 10       STA $10
010C23  A3 0C       LDA $0C,S
010C25  65 10       ADC $10
010C27  83 10       STA $10,S
010C29  A3 15       LDA $15,S
010C2B  85 10       STA $10
010C2D  A3 0D       LDA $0D,S
010C2F  65 10       ADC $10
010C31  83 11       STA $11,S
010C33  A3 16       LDA $16,S
010C35  85 10       STA $10
010C37  A3 0E       LDA $0E,S
010C39  65 10       ADC $10
010C3B  83 12       STA $12,S
010C3D  C2 20       REP #$20
010C3F  A3 10       LDA $10,S
010C41  83 0C       STA $0C,S
010C43  A3 11       LDA $11,S
010C45  83 0D       STA $0D,S
010C47  A3 0C       LDA $0C,S
010C49  83 04       STA $04,S
010C4B  A3 0D       LDA $0D,S
010C4D  83 05       STA $05,S
010C4F  A3 07       LDA $07,S
010C51  83 10       STA $10,S
010C53  A3 08       LDA $08,S
010C55  83 11       STA $11,S
010C57  A3 10       LDA $10,S
010C59  83 0C       STA $0C,S
010C5B  A3 11       LDA $11,S
010C5D  83 0D       STA $0D,S
010C5F  E2 20       SEP #$20
010C61  A9 01       LDA #$01
010C63  83 14       STA $14,S
010C65  A9 00       LDA #$00
010C67  83 15       STA $15,S
010C69  83 16       STA $16,S
010C6B  18          CLC
010C6C  A3 14       LDA $14,S
010C6E  85 10       STA $10
010C70  A3 0C       LDA $0C,S
010C72  65 10       ADC $10
010C74  83 10       STA $10,S
010C76  A3 15       LDA $15,S
010C78  85 10       STA $10
010C7A  A3 0D       LDA $0D,S
010C7C  65 10       ADC $10
010C7E  83 11       STA $11,S
010C80  A3 16       LDA $16,S
010C82  85 10       STA $10
010C84  A3 0E       LDA $0E,S
010C86  65 10       ADC $10
010C88  83 12       STA $12,S
010C8A  C2 20       REP #$20
010C8C  A3 10       LDA $10,S
010C8E  83 0C       STA $0C,S
010C90  A3 11       LDA $11,S
010C92  83 0D       STA $0D,S
010C94  A3 0C       LDA $0C,S
010C96  83 07       STA $07,S
010C98  A3 0D       LDA $0D,S
010C9A  83 08       STA $08,S
010C9C  82 EC FE    BRL $010B8B
010C9F  A3 01       LDA $01,S
010CA1  83 0C       STA $0C,S
010CA3  A3 02       LDA $02,S
010CA5  83 0D       STA $0D,S
010CA7  A3 0C       LDA $0C,S
010CA9  85 00       STA $00
010CAB  A3 0D       LDA $0D,S
010CAD  85 01       STA $01
010CAF  A7 00       LDA [$00]
010CB1  83 10       STA $10,S
010CB3  E2 20       SEP #$20
010CB5  A0 02 00    LDY #$0002
010CB8  B7 00       LDA [$00],Y
010CBA  83 12       STA $12,S
010CBC  C2 20       REP #$20
010CBE  A3 10       LDA $10,S
010CC0  83 01       STA $01,S
010CC2  A3 11       LDA $11,S
010CC4  83 02       STA $02,S
010CC6  82 4B FE    BRL $010B14
010CC9  A2 00 00    LDX #$0000
010CCC  A9 00 00    LDA #$0000
010CCF  A8          TAY
010CD0  3B          TSC
010CD1  18          CLC
010CD2  69 16 00    ADC #$0016
010CD5  1B          TCS
010CD6  98          TYA
010CD7  6B          RTL
010CD8  3B          TSC
010CD9  AA          TAX
010CDA  C5 46       CMP $46
010CDC  90 04       BCC $010CE2
010CDE  F0 02       BEQ $010CE2
010CE0  80 0A       BRA $010CEC
010CE2  38          SEC
010CE3  E9 00 00    SBC #$0000
010CE6  90 04       BCC $010CEC
010CE8  C5 44       CMP $44
010CEA  B0 07       BCS $010CF3
010CEC  A9 00 00    LDA #$0000
010CEF  5C 00 80 04 JML $048000
010CF3  1B          TCS
010CF4  6B          RTL
