010000  3B          TSC
010001  AA          TAX
010002  C5 46       CMP $46
010004  90 04       BCC $01000A
010006  F0 02       BEQ $01000A
010008  80 0A       BRA $010014
01000A  38          SEC
01000B  E9 10 00    SBC #$0010
01000E  90 04       BCC $010014
010010  C5 44       CMP $44
010012  B0 07       BCS $01001B
010014  A9 10 00    LDA #$0010
010017  5C 00 80 04 JML $048000
01001B  1B          TCS
01001C  A3 14       LDA $14,S
01001E  83 0E       STA $0E,S
010020  A3 15       LDA $15,S
010022  83 0F       STA $0F,S
010024  A3 0E       LDA $0E,S
010026  85 00       STA $00
010028  A3 0F       LDA $0F,S
01002A  85 01       STA $01
01002C  A7 00       LDA [$00]
01002E  83 02       STA $02,S
010030  E2 20       SEP #$20
010032  A0 02 00    LDY #$0002
010035  B7 00       LDA [$00],Y
010037  83 04       STA $04,S
010039  C2 20       REP #$20
01003B  A3 0E       LDA $0E,S
01003D  85 00       STA $00
01003F  A3 0F       LDA $0F,S
010041  85 01       STA $01
010043  A0 03 00    LDY #$0003
010046  B7 00       LDA [$00],Y
010048  83 06       STA $06,S
01004A  E2 20       SEP #$20
01004C  A0 05 00    LDY #$0005
01004F  B7 00       LDA [$00],Y
010051  83 08       STA $08,S
010053  C2 20       REP #$20
010055  A3 0E       LDA $0E,S
010057  85 00       STA $00
010059  A3 0F       LDA $0F,S
01005B  85 01       STA $01
01005D  A0 06 00    LDY #$0006
010060  B7 00       LDA [$00],Y
010062  83 0A       STA $0A,S
010064  E2 20       SEP #$20
010066  A0 08 00    LDY #$0008
010069  B7 00       LDA [$00],Y
01006B  83 0C       STA $0C,S
01006D  C2 20       REP #$20
01006F  A3 02       LDA $02,S
010071  85 00       STA $00
010073  A3 03       LDA $03,S
010075  85 01       STA $01
010077  A3 06       LDA $06,S
010079  87 00       STA [$00]
01007B  E2 20       SEP #$20
01007D  A3 08       LDA $08,S
01007F  A0 02 00    LDY #$0002
010082  97 00       STA [$00],Y
010084  C2 20       REP #$20
010086  A3 06       LDA $06,S
010088  85 00       STA $00
01008A  A3 07       LDA $07,S
01008C  85 01       STA $01
01008E  A3 0A       LDA $0A,S
010090  87 00       STA [$00]
010092  E2 20       SEP #$20
010094  A3 0C       LDA $0C,S
010096  A0 02 00    LDY #$0002
010099  97 00       STA [$00],Y
01009B  C2 20       REP #$20
01009D  A3 0A       LDA $0A,S
01009F  85 00       STA $00
0100A1  A3 0B       LDA $0B,S
0100A3  85 01       STA $01
0100A5  A3 02       LDA $02,S
0100A7  87 00       STA [$00]
0100A9  E2 20       SEP #$20
0100AB  A3 04       LDA $04,S
0100AD  A0 02 00    LDY #$0002
0100B0  97 00       STA [$00],Y
0100B2  C2 20       REP #$20
0100B4  3B          TSC
0100B5  18          CLC
0100B6  69 10 00    ADC #$0010
0100B9  1B          TCS
0100BA  6B          RTL
0100BB  3B          TSC
0100BC  AA          TAX
0100BD  C5 46       CMP $46
0100BF  90 04       BCC $0100C5
0100C1  F0 02       BEQ $0100C5
0100C3  80 0A       BRA $0100CF
0100C5  38          SEC
0100C6  E9 04 00    SBC #$0004
0100C9  90 04       BCC $0100CF
0100CB  C5 44       CMP $44
0100CD  B0 07       BCS $0100D6
0100CF  A9 04 00    LDA #$0004
0100D2  5C 00 80 04 JML $048000
0100D6  1B          TCS
0100D7  AF 00 71 00 LDA $007100
0100DB  83 02       STA $02,S
0100DD  E2 20       SEP #$20
0100DF  AF 02 71 00 LDA $007102
0100E3  83 04       STA $04,S
0100E5  C2 20       REP #$20
0100E7  3B          TSC
0100E8  AA          TAX
0100E9  C5 46       CMP $46
0100EB  90 04       BCC $0100F1
0100ED  F0 02       BEQ $0100F1
0100EF  80 0A       BRA $0100FB
0100F1  38          SEC
0100F2  E9 06 00    SBC #$0006
0100F5  90 04       BCC $0100FB
0100F7  C5 44       CMP $44
0100F9  B0 07       BCS $010102
0100FB  A9 06 00    LDA #$0006
0100FE  5C 00 80 04 JML $048000
010102  3B          TSC
010103  38          SEC
010104  E9 03 00    SBC #$0003
010107  1B          TCS
010108  E2 20       SEP #$20
01010A  A9 00       LDA #$00
01010C  A3 05       LDA $05,S
01010E  83 01       STA $01,S
010110  A3 06       LDA $06,S
010112  83 02       STA $02,S
010114  A3 07       LDA $07,S
010116  83 03       STA $03,S
010118  C2 20       REP #$20
01011A  22 00 00 01 JSL $010000
01011E  A8          TAY
01011F  3B          TSC
010120  18          CLC
010121  69 03 00    ADC #$0003
010124  1B          TCS
010125  98          TYA
010126  3B          TSC
010127  18          CLC
010128  69 04 00    ADC #$0004
01012B  1B          TCS
01012C  6B          RTL
