010000  3B          TSC
010001  AA          TAX
010002  C5 46       CMP $46
010004  90 04       BCC $01000A
010006  F0 02       BEQ $01000A
010008  80 0A       BRA $010014
01000A  38          SEC
01000B  E9 00 00    SBC #$0000
01000E  90 04       BCC $010014
010010  C5 44       CMP $44
010012  B0 07       BCS $01001B
010014  A9 00 00    LDA #$0000
010017  5C 00 80 04 JML $048000
01001B  1B          TCS
01001C  A3 04       LDA $04,S
01001E  85 00       STA $00
010020  A3 05       LDA $05,S
010022  85 01       STA $01
010024  A7 00       LDA [$00]
010026  85 03       STA $03
010028  E2 20       SEP #$20
01002A  A0 02 00    LDY #$0002
01002D  B7 00       LDA [$00],Y
01002F  85 05       STA $05
010031  C2 20       REP #$20
010033  A0 03 00    LDY #$0003
010036  B7 00       LDA [$00],Y
010038  85 06       STA $06
01003A  E2 20       SEP #$20
01003C  A0 05 00    LDY #$0005
01003F  B7 00       LDA [$00],Y
010041  85 08       STA $08
010043  C2 20       REP #$20
010045  A0 06 00    LDY #$0006
010048  B7 00       LDA [$00],Y
01004A  AA          TAX
01004B  E2 20       SEP #$20
01004D  A0 08 00    LDY #$0008
010050  B7 00       LDA [$00],Y
010052  85 02       STA $02
010054  C2 20       REP #$20
010056  8A          TXA
010057  85 00       STA $00
010059  A5 06       LDA $06
01005B  87 03       STA [$03]
01005D  E2 20       SEP #$20
01005F  A5 08       LDA $08
010061  A0 02 00    LDY #$0002
010064  97 03       STA [$03],Y
010066  C2 20       REP #$20
010068  A5 00       LDA $00
01006A  87 06       STA [$06]
01006C  E2 20       SEP #$20
01006E  A5 02       LDA $02
010070  A0 02 00    LDY #$0002
010073  97 06       STA [$06],Y
010075  C2 20       REP #$20
010077  A5 03       LDA $03
010079  87 00       STA [$00]
01007B  E2 20       SEP #$20
01007D  A5 05       LDA $05
01007F  A0 02 00    LDY #$0002
010082  97 00       STA [$00],Y
010084  C2 20       REP #$20
010086  6B          RTL
010087  3B          TSC
010088  AA          TAX
010089  C5 46       CMP $46
01008B  90 04       BCC $010091
01008D  F0 02       BEQ $010091
01008F  80 0A       BRA $01009B
010091  38          SEC
010092  E9 04 00    SBC #$0004
010095  90 04       BCC $01009B
010097  C5 44       CMP $44
010099  B0 07       BCS $0100A2
01009B  A9 04 00    LDA #$0004
01009E  5C 00 80 04 JML $048000
0100A2  1B          TCS
0100A3  AF 00 71 00 LDA $007100
0100A7  83 02       STA $02,S
0100A9  E2 20       SEP #$20
0100AB  AF 02 71 00 LDA $007102
0100AF  83 04       STA $04,S
0100B1  C2 20       REP #$20
0100B3  3B          TSC
0100B4  AA          TAX
0100B5  C5 46       CMP $46
0100B7  90 04       BCC $0100BD
0100B9  F0 02       BEQ $0100BD
0100BB  80 0A       BRA $0100C7
0100BD  38          SEC
0100BE  E9 06 00    SBC #$0006
0100C1  90 04       BCC $0100C7
0100C3  C5 44       CMP $44
0100C5  B0 07       BCS $0100CE
0100C7  A9 06 00    LDA #$0006
0100CA  5C 00 80 04 JML $048000
0100CE  3B          TSC
0100CF  38          SEC
0100D0  E9 03 00    SBC #$0003
0100D3  1B          TCS
0100D4  E2 20       SEP #$20
0100D6  A9 00       LDA #$00
0100D8  A3 05       LDA $05,S
0100DA  83 01       STA $01,S
0100DC  A3 06       LDA $06,S
0100DE  83 02       STA $02,S
0100E0  A3 07       LDA $07,S
0100E2  83 03       STA $03,S
0100E4  C2 20       REP #$20
0100E6  22 00 00 01 JSL $010000
0100EA  A8          TAY
0100EB  3B          TSC
0100EC  18          CLC
0100ED  69 03 00    ADC #$0003
0100F0  1B          TCS
0100F1  98          TYA
0100F2  3B          TSC
0100F3  18          CLC
0100F4  69 04 00    ADC #$0004
0100F7  1B          TCS
0100F8  6B          RTL
