010000  85 04       sta	r2
010002  85 02       sta	r1
010004  A5 04       lda	r2
010006  1A          ina
010007  85 00       sta	r0
010009  A2 00 00    ldx	#0
01000C  A5 02       lda	r1
01000E  85 3E       sta	r31
010010  A5 00       lda	r0
010012  85 02       sta	r1
010014  A5 3E       lda	r31
010016  1A          ina
010017  85 00       sta	r0
010019  E8          inx
01001A  E0 08 00    cpx	#8
01001D  90 ED       bcc	l9
01001F  A5 00       lda	r0
010021  18          clc
010022  65 02       adc	r1
010024  6B          rtl
