010000  3B          TSC
010001  AA          TAX
010002  C5 46       CMP $46
010004  B0 04       BCS $01000A
010006  5C 14 00 01 JML $010014
01000A  D0 04       BNE $010010
01000C  5C 14 00 01 JML $010014
010010  5C 26 00 01 JML $010026
010014  38          SEC
010015  E9 10 00    SBC #$0010
010018  B0 04       BCS $01001E
01001A  5C 26 00 01 JML $010026
01001E  C5 44       CMP $44
010020  90 04       BCC $010026
010022  5C 2D 00 01 JML $01002D
010026  A9 10 00    LDA #$0010
010029  5C 00 80 04 JML $048000
01002D  1B          TCS
01002E  A3 14       LDA $14,S
010030  83 0A       STA $0A,S
010032  18          CLC
010033  69 01 00    ADC #$0001
010036  83 06       STA $06,S
010038  A9 00 00    LDA #$0000
01003B  83 08       STA $08,S
01003D  A9 07 00    LDA #$0007
010040  C3 08       CMP $08,S
010042  B0 04       BCS $010048
010044  5C 72 00 01 JML $010072
010048  C2 20       REP #$20
01004A  A3 0A       LDA $0A,S
01004C  83 02       STA $02,S
01004E  83 0C       STA $0C,S
010050  18          CLC
010051  69 01 00    ADC #$0001
010054  83 0A       STA $0A,S
010056  A3 08       LDA $08,S
010058  18          CLC
010059  69 01 00    ADC #$0001
01005C  83 0C       STA $0C,S
01005E  A3 0A       LDA $0A,S
010060  83 0E       STA $0E,S
010062  A3 06       LDA $06,S
010064  83 0A       STA $0A,S
010066  A3 0E       LDA $0E,S
010068  83 06       STA $06,S
01006A  A3 0C       LDA $0C,S
01006C  83 08       STA $08,S
01006E  5C 3D 00 01 JML $01003D
010072  A3 0A       LDA $0A,S
010074  18          CLC
010075  63 06       ADC $06,S
010077  83 08       STA $08,S
010079  A8          TAY
01007A  3B          TSC
01007B  18          CLC
01007C  69 10 00    ADC #$0010
01007F  1B          TCS
010080  98          TYA
010081  6B          RTL
