010000  3B          TSC
010001  AA          TAX
010002  C5 46       CMP $46
010004  90 04       BCC $01000A
010006  F0 02       BEQ $01000A
010008  80 0A       BRA $010014
01000A  38          SEC
01000B  E9 0C 00    SBC #$000C
01000E  90 04       BCC $010014
010010  C5 44       CMP $44
010012  B0 07       BCS $01001B
010014  A9 0C 00    LDA #$000C
010017  5C 00 80 04 JML $048000
01001B  1B          TCS
01001C  A3 10       LDA $10,S
01001E  83 02       STA $02,S
010020  A3 11       LDA $11,S
010022  83 03       STA $03,S
010024  A3 02       LDA $02,S
010026  18          CLC
010027  69 03 00    ADC #$0003
01002A  83 06       STA $06,S
01002C  E2 20       SEP #$20
01002E  A3 04       LDA $04,S
010030  69 00       ADC #$00
010032  83 08       STA $08,S
010034  C2 20       REP #$20
010036  A3 06       LDA $06,S
010038  83 0A       STA $0A,S
01003A  A3 07       LDA $07,S
01003C  83 0B       STA $0B,S
01003E  A3 02       LDA $02,S
010040  85 00       STA $00
010042  A3 03       LDA $03,S
010044  85 01       STA $01
010046  A3 0A       LDA $0A,S
010048  87 00       STA [$00]
01004A  E2 20       SEP #$20
01004C  A3 0C       LDA $0C,S
01004E  A0 02 00    LDY #$0002
010051  97 00       STA [$00],Y
010053  C2 20       REP #$20
010055  A3 10       LDA $10,S
010057  83 02       STA $02,S
010059  A3 11       LDA $11,S
01005B  83 03       STA $03,S
01005D  A3 02       LDA $02,S
01005F  85 00       STA $00
010061  A3 03       LDA $03,S
010063  85 01       STA $01
010065  E2 20       SEP #$20
010067  A9 00       LDA #$00
010069  A0 03 00    LDY #$0003
01006C  97 00       STA [$00],Y
01006E  A9 00       LDA #$00
010070  A0 04 00    LDY #$0004
010073  97 00       STA [$00],Y
010075  A9 00       LDA #$00
010077  A0 05 00    LDY #$0005
01007A  97 00       STA [$00],Y
01007C  C2 20       REP #$20
01007E  A3 10       LDA $10,S
010080  83 02       STA $02,S
010082  A3 11       LDA $11,S
010084  83 03       STA $03,S
010086  A3 02       LDA $02,S
010088  83 06       STA $06,S
01008A  A3 03       LDA $03,S
01008C  83 07       STA $07,S
01008E  A3 06       LDA $06,S
010090  83 0A       STA $0A,S
010092  A3 07       LDA $07,S
010094  83 0B       STA $0B,S
010096  A3 02       LDA $02,S
010098  85 00       STA $00
01009A  A3 03       LDA $03,S
01009C  85 01       STA $01
01009E  A3 0A       LDA $0A,S
0100A0  A0 06 00    LDY #$0006
0100A3  97 00       STA [$00],Y
0100A5  E2 20       SEP #$20
0100A7  A3 0C       LDA $0C,S
0100A9  A0 08 00    LDY #$0008
0100AC  97 00       STA [$00],Y
0100AE  C2 20       REP #$20
0100B0  3B          TSC
0100B1  18          CLC
0100B2  69 0C 00    ADC #$000C
0100B5  1B          TCS
0100B6  6B          RTL
0100B7  3B          TSC
0100B8  AA          TAX
0100B9  C5 46       CMP $46
0100BB  90 04       BCC $0100C1
0100BD  F0 02       BEQ $0100C1
0100BF  80 0A       BRA $0100CB
0100C1  38          SEC
0100C2  E9 08 00    SBC #$0008
0100C5  90 04       BCC $0100CB
0100C7  C5 44       CMP $44
0100C9  B0 07       BCS $0100D2
0100CB  A9 08 00    LDA #$0008
0100CE  5C 00 80 04 JML $048000
0100D2  1B          TCS
0100D3  A3 0C       LDA $0C,S
0100D5  83 02       STA $02,S
0100D7  A3 0D       LDA $0D,S
0100D9  83 03       STA $03,S
0100DB  A3 02       LDA $02,S
0100DD  83 06       STA $06,S
0100DF  A3 03       LDA $03,S
0100E1  83 07       STA $07,S
0100E3  3B          TSC
0100E4  AA          TAX
0100E5  C5 46       CMP $46
0100E7  90 04       BCC $0100ED
0100E9  F0 02       BEQ $0100ED
0100EB  80 0A       BRA $0100F7
0100ED  38          SEC
0100EE  E9 06 00    SBC #$0006
0100F1  90 04       BCC $0100F7
0100F3  C5 44       CMP $44
0100F5  B0 07       BCS $0100FE
0100F7  A9 06 00    LDA #$0006
0100FA  5C 00 80 04 JML $048000
0100FE  3B          TSC
0100FF  38          SEC
010100  E9 03 00    SBC #$0003
010103  1B          TCS
010104  E2 20       SEP #$20
010106  A9 00       LDA #$00
010108  A3 09       LDA $09,S
01010A  83 01       STA $01,S
01010C  A3 0A       LDA $0A,S
01010E  83 02       STA $02,S
010110  A3 0B       LDA $0B,S
010112  83 03       STA $03,S
010114  C2 20       REP #$20
010116  22 00 00 01 JSL $010000
01011A  A8          TAY
01011B  3B          TSC
01011C  18          CLC
01011D  69 03 00    ADC #$0003
010120  1B          TCS
010121  98          TYA
010122  3B          TSC
010123  18          CLC
010124  69 08 00    ADC #$0008
010127  1B          TCS
010128  6B          RTL
010129  3B          TSC
01012A  AA          TAX
01012B  C5 46       CMP $46
01012D  90 04       BCC $010133
01012F  F0 02       BEQ $010133
010131  80 0A       BRA $01013D
010133  38          SEC
010134  E9 0C 00    SBC #$000C
010137  90 04       BCC $01013D
010139  C5 44       CMP $44
01013B  B0 07       BCS $010144
01013D  A9 0C 00    LDA #$000C
010140  5C 00 80 04 JML $048000
010144  1B          TCS
010145  A3 10       LDA $10,S
010147  83 06       STA $06,S
010149  A3 11       LDA $11,S
01014B  83 07       STA $07,S
01014D  A3 06       LDA $06,S
01014F  85 00       STA $00
010151  A3 07       LDA $07,S
010153  85 01       STA $01
010155  A7 00       LDA [$00]
010157  83 02       STA $02,S
010159  E2 20       SEP #$20
01015B  A0 02 00    LDY #$0002
01015E  B7 00       LDA [$00],Y
010160  83 04       STA $04,S
010162  C2 20       REP #$20
010164  A3 10       LDA $10,S
010166  83 0A       STA $0A,S
010168  A3 11       LDA $11,S
01016A  83 0B       STA $0B,S
01016C  A3 0A       LDA $0A,S
01016E  18          CLC
01016F  69 03 00    ADC #$0003
010172  83 06       STA $06,S
010174  E2 20       SEP #$20
010176  A3 0C       LDA $0C,S
010178  69 00       ADC #$00
01017A  83 08       STA $08,S
01017C  C2 20       REP #$20
01017E  A3 06       LDA $06,S
010180  83 0A       STA $0A,S
010182  A3 07       LDA $07,S
010184  83 0B       STA $0B,S
010186  A3 02       LDA $02,S
010188  C3 0A       CMP $0A,S
01018A  D0 0A       BNE $010196
01018C  E2 20       SEP #$20
01018E  A3 04       LDA $04,S
010190  C3 0C       CMP $0C,S
010192  C2 20       REP #$20
010194  F0 06       BEQ $01019C
010196  E2 20       SEP #$20
010198  A9 00       LDA #$00
01019A  80 04       BRA $0101A0
01019C  E2 20       SEP #$20
01019E  A9 01       LDA #$01
0101A0  E2 20       SEP #$20
0101A2  83 01       STA $01,S
0101A4  C2 20       REP #$20
0101A6  E2 20       SEP #$20
0101A8  A3 01       LDA $01,S
0101AA  C2 20       REP #$20
0101AC  29 FF 00    AND #$00FF
0101AF  A8          TAY
0101B0  3B          TSC
0101B1  18          CLC
0101B2  69 0C 00    ADC #$000C
0101B5  1B          TCS
0101B6  98          TYA
0101B7  6B          RTL
0101B8  3B          TSC
0101B9  AA          TAX
0101BA  C5 46       CMP $46
0101BC  90 04       BCC $0101C2
0101BE  F0 02       BEQ $0101C2
0101C0  80 0A       BRA $0101CC
0101C2  38          SEC
0101C3  E9 08 00    SBC #$0008
0101C6  90 04       BCC $0101CC
0101C8  C5 44       CMP $44
0101CA  B0 07       BCS $0101D3
0101CC  A9 08 00    LDA #$0008
0101CF  5C 00 80 04 JML $048000
0101D3  1B          TCS
0101D4  A3 0C       LDA $0C,S
0101D6  83 06       STA $06,S
0101D8  A3 0D       LDA $0D,S
0101DA  83 07       STA $07,S
0101DC  A3 06       LDA $06,S
0101DE  83 02       STA $02,S
0101E0  A3 07       LDA $07,S
0101E2  83 03       STA $03,S
0101E4  3B          TSC
0101E5  AA          TAX
0101E6  C5 46       CMP $46
0101E8  90 04       BCC $0101EE
0101EA  F0 02       BEQ $0101EE
0101EC  80 0A       BRA $0101F8
0101EE  38          SEC
0101EF  E9 06 00    SBC #$0006
0101F2  90 04       BCC $0101F8
0101F4  C5 44       CMP $44
0101F6  B0 07       BCS $0101FF
0101F8  A9 06 00    LDA #$0006
0101FB  5C 00 80 04 JML $048000
0101FF  3B          TSC
010200  38          SEC
010201  E9 03 00    SBC #$0003
010204  1B          TCS
010205  E2 20       SEP #$20
010207  A9 00       LDA #$00
010209  A3 05       LDA $05,S
01020B  83 01       STA $01,S
01020D  A3 06       LDA $06,S
01020F  83 02       STA $02,S
010211  A3 07       LDA $07,S
010213  83 03       STA $03,S
010215  C2 20       REP #$20
010217  22 29 01 01 JSL $010129
01021B  A8          TAY
01021C  3B          TSC
01021D  18          CLC
01021E  69 03 00    ADC #$0003
010221  1B          TCS
010222  98          TYA
010223  E2 20       SEP #$20
010225  83 01       STA $01,S
010227  C2 20       REP #$20
010229  E2 20       SEP #$20
01022B  A3 01       LDA $01,S
01022D  C2 20       REP #$20
01022F  29 FF 00    AND #$00FF
010232  A8          TAY
010233  3B          TSC
010234  18          CLC
010235  69 08 00    ADC #$0008
010238  1B          TCS
010239  98          TYA
01023A  6B          RTL
01023B  3B          TSC
01023C  AA          TAX
01023D  C5 46       CMP $46
01023F  90 04       BCC $010245
010241  F0 02       BEQ $010245
010243  80 0A       BRA $01024F
010245  38          SEC
010246  E9 10 00    SBC #$0010
010249  90 04       BCC $01024F
01024B  C5 44       CMP $44
01024D  B0 07       BCS $010256
01024F  A9 10 00    LDA #$0010
010252  5C 00 80 04 JML $048000
010256  1B          TCS
010257  A3 14       LDA $14,S
010259  83 06       STA $06,S
01025B  A3 15       LDA $15,S
01025D  83 07       STA $07,S
01025F  A3 06       LDA $06,S
010261  85 00       STA $00
010263  A3 07       LDA $07,S
010265  85 01       STA $01
010267  A7 00       LDA [$00]
010269  83 0A       STA $0A,S
01026B  E2 20       SEP #$20
01026D  A0 02 00    LDY #$0002
010270  B7 00       LDA [$00],Y
010272  83 0C       STA $0C,S
010274  C2 20       REP #$20
010276  A3 0A       LDA $0A,S
010278  83 01       STA $01,S
01027A  A3 0B       LDA $0B,S
01027C  83 02       STA $02,S
01027E  A3 17       LDA $17,S
010280  83 06       STA $06,S
010282  A3 18       LDA $18,S
010284  83 07       STA $07,S
010286  A3 14       LDA $14,S
010288  83 0E       STA $0E,S
01028A  A3 15       LDA $15,S
01028C  83 0F       STA $0F,S
01028E  A3 0E       LDA $0E,S
010290  83 0A       STA $0A,S
010292  A3 0F       LDA $0F,S
010294  83 0B       STA $0B,S
010296  A3 0A       LDA $0A,S
010298  83 0E       STA $0E,S
01029A  A3 0B       LDA $0B,S
01029C  83 0F       STA $0F,S
01029E  A3 06       LDA $06,S
0102A0  85 00       STA $00
0102A2  A3 07       LDA $07,S
0102A4  85 01       STA $01
0102A6  A3 0E       LDA $0E,S
0102A8  A0 03 00    LDY #$0003
0102AB  97 00       STA [$00],Y
0102AD  E2 20       SEP #$20
0102AF  A3 10       LDA $10,S
0102B1  A0 05 00    LDY #$0005
0102B4  97 00       STA [$00],Y
0102B6  C2 20       REP #$20
0102B8  A3 17       LDA $17,S
0102BA  83 06       STA $06,S
0102BC  A3 18       LDA $18,S
0102BE  83 07       STA $07,S
0102C0  A3 01       LDA $01,S
0102C2  83 0A       STA $0A,S
0102C4  A3 02       LDA $02,S
0102C6  83 0B       STA $0B,S
0102C8  A3 06       LDA $06,S
0102CA  85 00       STA $00
0102CC  A3 07       LDA $07,S
0102CE  85 01       STA $01
0102D0  A3 0A       LDA $0A,S
0102D2  87 00       STA [$00]
0102D4  E2 20       SEP #$20
0102D6  A3 0C       LDA $0C,S
0102D8  A0 02 00    LDY #$0002
0102DB  97 00       STA [$00],Y
0102DD  C2 20       REP #$20
0102DF  A3 01       LDA $01,S
0102E1  83 06       STA $06,S
0102E3  A3 02       LDA $02,S
0102E5  83 07       STA $07,S
0102E7  A3 17       LDA $17,S
0102E9  83 0A       STA $0A,S
0102EB  A3 18       LDA $18,S
0102ED  83 0B       STA $0B,S
0102EF  A3 06       LDA $06,S
0102F1  85 00       STA $00
0102F3  A3 07       LDA $07,S
0102F5  85 01       STA $01
0102F7  A3 0A       LDA $0A,S
0102F9  A0 03 00    LDY #$0003
0102FC  97 00       STA [$00],Y
0102FE  E2 20       SEP #$20
010300  A3 0C       LDA $0C,S
010302  A0 05 00    LDY #$0005
010305  97 00       STA [$00],Y
010307  C2 20       REP #$20
010309  A3 14       LDA $14,S
01030B  83 06       STA $06,S
01030D  A3 15       LDA $15,S
01030F  83 07       STA $07,S
010311  A3 17       LDA $17,S
010313  83 0A       STA $0A,S
010315  A3 18       LDA $18,S
010317  83 0B       STA $0B,S
010319  A3 06       LDA $06,S
01031B  85 00       STA $00
01031D  A3 07       LDA $07,S
01031F  85 01       STA $01
010321  A3 0A       LDA $0A,S
010323  87 00       STA [$00]
010325  E2 20       SEP #$20
010327  A3 0C       LDA $0C,S
010329  A0 02 00    LDY #$0002
01032C  97 00       STA [$00],Y
01032E  C2 20       REP #$20
010330  3B          TSC
010331  18          CLC
010332  69 10 00    ADC #$0010
010335  1B          TCS
010336  6B          RTL
010337  3B          TSC
010338  AA          TAX
010339  C5 46       CMP $46
01033B  90 04       BCC $010341
01033D  F0 02       BEQ $010341
01033F  80 0A       BRA $01034B
010341  38          SEC
010342  E9 10 00    SBC #$0010
010345  90 04       BCC $01034B
010347  C5 44       CMP $44
010349  B0 07       BCS $010352
01034B  A9 10 00    LDA #$0010
01034E  5C 00 80 04 JML $048000
010352  1B          TCS
010353  A3 14       LDA $14,S
010355  83 06       STA $06,S
010357  A3 15       LDA $15,S
010359  83 07       STA $07,S
01035B  A3 06       LDA $06,S
01035D  85 00       STA $00
01035F  A3 07       LDA $07,S
010361  85 01       STA $01
010363  A0 06 00    LDY #$0006
010366  B7 00       LDA [$00],Y
010368  83 0A       STA $0A,S
01036A  E2 20       SEP #$20
01036C  A0 08 00    LDY #$0008
01036F  B7 00       LDA [$00],Y
010371  83 0C       STA $0C,S
010373  C2 20       REP #$20
010375  A3 0A       LDA $0A,S
010377  83 01       STA $01,S
010379  A3 0B       LDA $0B,S
01037B  83 02       STA $02,S
01037D  A3 17       LDA $17,S
01037F  83 06       STA $06,S
010381  A3 18       LDA $18,S
010383  83 07       STA $07,S
010385  A3 14       LDA $14,S
010387  83 0E       STA $0E,S
010389  A3 15       LDA $15,S
01038B  83 0F       STA $0F,S
01038D  A3 0E       LDA $0E,S
01038F  18          CLC
010390  69 03 00    ADC #$0003
010393  83 0A       STA $0A,S
010395  E2 20       SEP #$20
010397  A3 10       LDA $10,S
010399  69 00       ADC #$00
01039B  83 0C       STA $0C,S
01039D  C2 20       REP #$20
01039F  A3 0A       LDA $0A,S
0103A1  83 0E       STA $0E,S
0103A3  A3 0B       LDA $0B,S
0103A5  83 0F       STA $0F,S
0103A7  A3 06       LDA $06,S
0103A9  85 00       STA $00
0103AB  A3 07       LDA $07,S
0103AD  85 01       STA $01
0103AF  A3 0E       LDA $0E,S
0103B1  87 00       STA [$00]
0103B3  E2 20       SEP #$20
0103B5  A3 10       LDA $10,S
0103B7  A0 02 00    LDY #$0002
0103BA  97 00       STA [$00],Y
0103BC  C2 20       REP #$20
0103BE  A3 17       LDA $17,S
0103C0  83 06       STA $06,S
0103C2  A3 18       LDA $18,S
0103C4  83 07       STA $07,S
0103C6  A3 01       LDA $01,S
0103C8  83 0A       STA $0A,S
0103CA  A3 02       LDA $02,S
0103CC  83 0B       STA $0B,S
0103CE  A3 06       LDA $06,S
0103D0  85 00       STA $00
0103D2  A3 07       LDA $07,S
0103D4  85 01       STA $01
0103D6  A3 0A       LDA $0A,S
0103D8  A0 03 00    LDY #$0003
0103DB  97 00       STA [$00],Y
0103DD  E2 20       SEP #$20
0103DF  A3 0C       LDA $0C,S
0103E1  A0 05 00    LDY #$0005
0103E4  97 00       STA [$00],Y
0103E6  C2 20       REP #$20
0103E8  A3 01       LDA $01,S
0103EA  83 06       STA $06,S
0103EC  A3 02       LDA $02,S
0103EE  83 07       STA $07,S
0103F0  A3 17       LDA $17,S
0103F2  83 0A       STA $0A,S
0103F4  A3 18       LDA $18,S
0103F6  83 0B       STA $0B,S
0103F8  A3 06       LDA $06,S
0103FA  85 00       STA $00
0103FC  A3 07       LDA $07,S
0103FE  85 01       STA $01
010400  A3 0A       LDA $0A,S
010402  87 00       STA [$00]
010404  E2 20       SEP #$20
010406  A3 0C       LDA $0C,S
010408  A0 02 00    LDY #$0002
01040B  97 00       STA [$00],Y
01040D  C2 20       REP #$20
01040F  A3 14       LDA $14,S
010411  83 06       STA $06,S
010413  A3 15       LDA $15,S
010415  83 07       STA $07,S
010417  A3 17       LDA $17,S
010419  83 0A       STA $0A,S
01041B  A3 18       LDA $18,S
01041D  83 0B       STA $0B,S
01041F  A3 06       LDA $06,S
010421  85 00       STA $00
010423  A3 07       LDA $07,S
010425  85 01       STA $01
010427  A3 0A       LDA $0A,S
010429  A0 06 00    LDY #$0006
01042C  97 00       STA [$00],Y
01042E  E2 20       SEP #$20
010430  A3 0C       LDA $0C,S
010432  A0 08 00    LDY #$0008
010435  97 00       STA [$00],Y
010437  C2 20       REP #$20
010439  3B          TSC
01043A  18          CLC
01043B  69 10 00    ADC #$0010
01043E  1B          TCS
01043F  6B          RTL
010440  3B          TSC
010441  AA          TAX
010442  C5 46       CMP $46
010444  90 04       BCC $01044A
010446  F0 02       BEQ $01044A
010448  80 0A       BRA $010454
01044A  38          SEC
01044B  E9 10 00    SBC #$0010
01044E  90 04       BCC $010454
010450  C5 44       CMP $44
010452  B0 07       BCS $01045B
010454  A9 10 00    LDA #$0010
010457  5C 00 80 04 JML $048000
01045B  1B          TCS
01045C  A3 1A       LDA $1A,S
01045E  83 06       STA $06,S
010460  A3 1B       LDA $1B,S
010462  83 07       STA $07,S
010464  A3 06       LDA $06,S
010466  03 07       ORA $07,S
010468  F0 02       BEQ $01046C
01046A  80 04       BRA $010470
01046C  C2 20       REP #$20
01046E  80 36       BRA $0104A6
010470  A3 1A       LDA $1A,S
010472  83 06       STA $06,S
010474  A3 1B       LDA $1B,S
010476  83 07       STA $07,S
010478  A3 14       LDA $14,S
01047A  83 0E       STA $0E,S
01047C  A3 15       LDA $15,S
01047E  83 0F       STA $0F,S
010480  A3 0E       LDA $0E,S
010482  83 0A       STA $0A,S
010484  A3 0F       LDA $0F,S
010486  83 0B       STA $0B,S
010488  A3 0A       LDA $0A,S
01048A  83 0E       STA $0E,S
01048C  A3 0B       LDA $0B,S
01048E  83 0F       STA $0F,S
010490  A3 06       LDA $06,S
010492  C3 0E       CMP $0E,S
010494  D0 0A       BNE $0104A0
010496  E2 20       SEP #$20
010498  A3 08       LDA $08,S
01049A  C3 10       CMP $10,S
01049C  C2 20       REP #$20
01049E  F0 04       BEQ $0104A4
0104A0  C2 20       REP #$20
0104A2  80 66       BRA $01050A
0104A4  C2 20       REP #$20
0104A6  A3 14       LDA $14,S
0104A8  83 06       STA $06,S
0104AA  A3 15       LDA $15,S
0104AC  83 07       STA $07,S
0104AE  A3 17       LDA $17,S
0104B0  83 0A       STA $0A,S
0104B2  A3 18       LDA $18,S
0104B4  83 0B       STA $0B,S
0104B6  3B          TSC
0104B7  AA          TAX
0104B8  C5 46       CMP $46
0104BA  90 04       BCC $0104C0
0104BC  F0 02       BEQ $0104C0
0104BE  80 0A       BRA $0104CA
0104C0  38          SEC
0104C1  E9 0A 00    SBC #$000A
0104C4  90 04       BCC $0104CA
0104C6  C5 44       CMP $44
0104C8  B0 07       BCS $0104D1
0104CA  A9 0A 00    LDA #$000A
0104CD  5C 00 80 04 JML $048000
0104D1  3B          TSC
0104D2  38          SEC
0104D3  E9 07 00    SBC #$0007
0104D6  1B          TCS
0104D7  E2 20       SEP #$20
0104D9  A9 00       LDA #$00
0104DB  83 07       STA $07,S
0104DD  A3 0D       LDA $0D,S
0104DF  83 01       STA $01,S
0104E1  A3 0E       LDA $0E,S
0104E3  83 02       STA $02,S
0104E5  A3 0F       LDA $0F,S
0104E7  83 03       STA $03,S
0104E9  A3 11       LDA $11,S
0104EB  83 04       STA $04,S
0104ED  A3 12       LDA $12,S
0104EF  83 05       STA $05,S
0104F1  A3 13       LDA $13,S
0104F3  83 06       STA $06,S
0104F5  C2 20       REP #$20
0104F7  22 3B 02 01 JSL $01023B
0104FB  A8          TAY
0104FC  3B          TSC
0104FD  18          CLC
0104FE  69 07 00    ADC #$0007
010501  1B          TCS
010502  98          TYA
010503  3B          TSC
010504  18          CLC
010505  69 10 00    ADC #$0010
010508  1B          TCS
010509  6B          RTL
01050A  A3 1A       LDA $1A,S
01050C  83 06       STA $06,S
01050E  A3 1B       LDA $1B,S
010510  83 07       STA $07,S
010512  A3 14       LDA $14,S
010514  83 0E       STA $0E,S
010516  A3 15       LDA $15,S
010518  83 0F       STA $0F,S
01051A  A3 0E       LDA $0E,S
01051C  18          CLC
01051D  69 03 00    ADC #$0003
010520  83 0A       STA $0A,S
010522  E2 20       SEP #$20
010524  A3 10       LDA $10,S
010526  69 00       ADC #$00
010528  83 0C       STA $0C,S
01052A  C2 20       REP #$20
01052C  A3 0A       LDA $0A,S
01052E  83 0E       STA $0E,S
010530  A3 0B       LDA $0B,S
010532  83 0F       STA $0F,S
010534  A3 06       LDA $06,S
010536  C3 0E       CMP $0E,S
010538  D0 0A       BNE $010544
01053A  E2 20       SEP #$20
01053C  A3 08       LDA $08,S
01053E  C3 10       CMP $10,S
010540  C2 20       REP #$20
010542  F0 04       BEQ $010548
010544  C2 20       REP #$20
010546  80 66       BRA $0105AE
010548  C2 20       REP #$20
01054A  A3 14       LDA $14,S
01054C  83 06       STA $06,S
01054E  A3 15       LDA $15,S
010550  83 07       STA $07,S
010552  A3 17       LDA $17,S
010554  83 0A       STA $0A,S
010556  A3 18       LDA $18,S
010558  83 0B       STA $0B,S
01055A  3B          TSC
01055B  AA          TAX
01055C  C5 46       CMP $46
01055E  90 04       BCC $010564
010560  F0 02       BEQ $010564
010562  80 0A       BRA $01056E
010564  38          SEC
010565  E9 0A 00    SBC #$000A
010568  90 04       BCC $01056E
01056A  C5 44       CMP $44
01056C  B0 07       BCS $010575
01056E  A9 0A 00    LDA #$000A
010571  5C 00 80 04 JML $048000
010575  3B          TSC
010576  38          SEC
010577  E9 07 00    SBC #$0007
01057A  1B          TCS
01057B  E2 20       SEP #$20
01057D  A9 00       LDA #$00
01057F  83 07       STA $07,S
010581  A3 0D       LDA $0D,S
010583  83 01       STA $01,S
010585  A3 0E       LDA $0E,S
010587  83 02       STA $02,S
010589  A3 0F       LDA $0F,S
01058B  83 03       STA $03,S
01058D  A3 11       LDA $11,S
01058F  83 04       STA $04,S
010591  A3 12       LDA $12,S
010593  83 05       STA $05,S
010595  A3 13       LDA $13,S
010597  83 06       STA $06,S
010599  C2 20       REP #$20
01059B  22 37 03 01 JSL $010337
01059F  A8          TAY
0105A0  3B          TSC
0105A1  18          CLC
0105A2  69 07 00    ADC #$0007
0105A5  1B          TCS
0105A6  98          TYA
0105A7  3B          TSC
0105A8  18          CLC
0105A9  69 10 00    ADC #$0010
0105AC  1B          TCS
0105AD  6B          RTL
0105AE  A3 1A       LDA $1A,S
0105B0  83 06       STA $06,S
0105B2  A3 1B       LDA $1B,S
0105B4  83 07       STA $07,S
0105B6  A3 06       LDA $06,S
0105B8  85 00       STA $00
0105BA  A3 07       LDA $07,S
0105BC  85 01       STA $01
0105BE  A7 00       LDA [$00]
0105C0  83 0A       STA $0A,S
0105C2  E2 20       SEP #$20
0105C4  A0 02 00    LDY #$0002
0105C7  B7 00       LDA [$00],Y
0105C9  83 0C       STA $0C,S
0105CB  C2 20       REP #$20
0105CD  A3 0A       LDA $0A,S
0105CF  83 01       STA $01,S
0105D1  A3 0B       LDA $0B,S
0105D3  83 02       STA $02,S
0105D5  A3 17       LDA $17,S
0105D7  83 06       STA $06,S
0105D9  A3 18       LDA $18,S
0105DB  83 07       STA $07,S
0105DD  A3 1A       LDA $1A,S
0105DF  83 0A       STA $0A,S
0105E1  A3 1B       LDA $1B,S
0105E3  83 0B       STA $0B,S
0105E5  A3 06       LDA $06,S
0105E7  85 00       STA $00
0105E9  A3 07       LDA $07,S
0105EB  85 01       STA $01
0105ED  A3 0A       LDA $0A,S
0105EF  A0 03 00    LDY #$0003
0105F2  97 00       STA [$00],Y
0105F4  E2 20       SEP #$20
0105F6  A3 0C       LDA $0C,S
0105F8  A0 05 00    LDY #$0005
0105FB  97 00       STA [$00],Y
0105FD  C2 20       REP #$20
0105FF  A3 17       LDA $17,S
010601  83 06       STA $06,S
010603  A3 18       LDA $18,S
010605  83 07       STA $07,S
010607  A3 01       LDA $01,S
010609  83 0A       STA $0A,S
01060B  A3 02       LDA $02,S
01060D  83 0B       STA $0B,S
01060F  A3 06       LDA $06,S
010611  85 00       STA $00
010613  A3 07       LDA $07,S
010615  85 01       STA $01
010617  A3 0A       LDA $0A,S
010619  87 00       STA [$00]
01061B  E2 20       SEP #$20
01061D  A3 0C       LDA $0C,S
01061F  A0 02 00    LDY #$0002
010622  97 00       STA [$00],Y
010624  C2 20       REP #$20
010626  A3 01       LDA $01,S
010628  83 06       STA $06,S
01062A  A3 02       LDA $02,S
01062C  83 07       STA $07,S
01062E  A3 17       LDA $17,S
010630  83 0A       STA $0A,S
010632  A3 18       LDA $18,S
010634  83 0B       STA $0B,S
010636  A3 06       LDA $06,S
010638  85 00       STA $00
01063A  A3 07       LDA $07,S
01063C  85 01       STA $01
01063E  A3 0A       LDA $0A,S
010640  A0 03 00    LDY #$0003
010643  97 00       STA [$00],Y
010645  E2 20       SEP #$20
010647  A3 0C       LDA $0C,S
010649  A0 05 00    LDY #$0005
01064C  97 00       STA [$00],Y
01064E  C2 20       REP #$20
010650  A3 1A       LDA $1A,S
010652  83 06       STA $06,S
010654  A3 1B       LDA $1B,S
010656  83 07       STA $07,S
010658  A3 17       LDA $17,S
01065A  83 0A       STA $0A,S
01065C  A3 18       LDA $18,S
01065E  83 0B       STA $0B,S
010660  A3 06       LDA $06,S
010662  85 00       STA $00
010664  A3 07       LDA $07,S
010666  85 01       STA $01
010668  A3 0A       LDA $0A,S
01066A  87 00       STA [$00]
01066C  E2 20       SEP #$20
01066E  A3 0C       LDA $0C,S
010670  A0 02 00    LDY #$0002
010673  97 00       STA [$00],Y
010675  C2 20       REP #$20
010677  3B          TSC
010678  18          CLC
010679  69 10 00    ADC #$0010
01067C  1B          TCS
01067D  6B          RTL
01067E  3B          TSC
01067F  AA          TAX
010680  C5 46       CMP $46
010682  90 04       BCC $010688
010684  F0 02       BEQ $010688
010686  80 0A       BRA $010692
010688  38          SEC
010689  E9 00 00    SBC #$0000
01068C  90 04       BCC $010692
01068E  C5 44       CMP $44
010690  B0 07       BCS $010699
010692  A9 00 00    LDA #$0000
010695  5C 00 80 04 JML $048000
010699  1B          TCS
01069A  A3 04       LDA $04,S
01069C  85 00       STA $00
01069E  A3 05       LDA $05,S
0106A0  85 01       STA $01
0106A2  A0 03 00    LDY #$0003
0106A5  B7 00       LDA [$00],Y
0106A7  85 03       STA $03
0106A9  E2 20       SEP #$20
0106AB  A0 05 00    LDY #$0005
0106AE  B7 00       LDA [$00],Y
0106B0  85 05       STA $05
0106B2  C2 20       REP #$20
0106B4  A7 00       LDA [$00]
0106B6  85 06       STA $06
0106B8  E2 20       SEP #$20
0106BA  A0 02 00    LDY #$0002
0106BD  B7 00       LDA [$00],Y
0106BF  85 08       STA $08
0106C1  C2 20       REP #$20
0106C3  A5 06       LDA $06
0106C5  87 03       STA [$03]
0106C7  E2 20       SEP #$20
0106C9  A5 08       LDA $08
0106CB  A0 02 00    LDY #$0002
0106CE  97 03       STA [$03],Y
0106D0  C2 20       REP #$20
0106D2  A5 03       LDA $03
0106D4  A0 03 00    LDY #$0003
0106D7  97 06       STA [$06],Y
0106D9  E2 20       SEP #$20
0106DB  A5 05       LDA $05
0106DD  A0 05 00    LDY #$0005
0106E0  97 06       STA [$06],Y
0106E2  C2 20       REP #$20
0106E4  6B          RTL
0106E5  3B          TSC
0106E6  AA          TAX
0106E7  C5 46       CMP $46
0106E9  90 04       BCC $0106EF
0106EB  F0 02       BEQ $0106EF
0106ED  80 0A       BRA $0106F9
0106EF  38          SEC
0106F0  E9 0C 00    SBC #$000C
0106F3  90 04       BCC $0106F9
0106F5  C5 44       CMP $44
0106F7  B0 07       BCS $010700
0106F9  A9 0C 00    LDA #$000C
0106FC  5C 00 80 04 JML $048000
010700  1B          TCS
010701  A3 10       LDA $10,S
010703  83 0A       STA $0A,S
010705  A3 11       LDA $11,S
010707  83 0B       STA $0B,S
010709  A3 0A       LDA $0A,S
01070B  85 00       STA $00
01070D  A3 0B       LDA $0B,S
01070F  85 01       STA $01
010711  A7 00       LDA [$00]
010713  83 06       STA $06,S
010715  E2 20       SEP #$20
010717  A0 02 00    LDY #$0002
01071A  B7 00       LDA [$00],Y
01071C  83 08       STA $08,S
01071E  C2 20       REP #$20
010720  A3 06       LDA $06,S
010722  83 01       STA $01,S
010724  A3 07       LDA $07,S
010726  83 02       STA $02,S
010728  A3 06       LDA $06,S
01072A  85 00       STA $00
01072C  A3 07       LDA $07,S
01072E  85 01       STA $01
010730  A7 00       LDA [$00]
010732  83 0A       STA $0A,S
010734  E2 20       SEP #$20
010736  A0 02 00    LDY #$0002
010739  B7 00       LDA [$00],Y
01073B  83 0C       STA $0C,S
01073D  C2 20       REP #$20
01073F  A3 0A       LDA $0A,S
010741  03 0B       ORA $0B,S
010743  F0 02       BEQ $010747
010745  80 11       BRA $010758
010747  C2 20       REP #$20
010749  A2 00 00    LDX #$0000
01074C  A9 00 00    LDA #$0000
01074F  A8          TAY
010750  3B          TSC
010751  18          CLC
010752  69 0C 00    ADC #$000C
010755  1B          TCS
010756  98          TYA
010757  6B          RTL
010758  A3 01       LDA $01,S
01075A  83 06       STA $06,S
01075C  A3 02       LDA $02,S
01075E  83 07       STA $07,S
010760  3B          TSC
010761  AA          TAX
010762  C5 46       CMP $46
010764  90 04       BCC $01076A
010766  F0 02       BEQ $01076A
010768  80 0A       BRA $010774
01076A  38          SEC
01076B  E9 06 00    SBC #$0006
01076E  90 04       BCC $010774
010770  C5 44       CMP $44
010772  B0 07       BCS $01077B
010774  A9 06 00    LDA #$0006
010777  5C 00 80 04 JML $048000
01077B  3B          TSC
01077C  38          SEC
01077D  E9 03 00    SBC #$0003
010780  1B          TCS
010781  E2 20       SEP #$20
010783  A9 00       LDA #$00
010785  A3 09       LDA $09,S
010787  83 01       STA $01,S
010789  A3 0A       LDA $0A,S
01078B  83 02       STA $02,S
01078D  A3 0B       LDA $0B,S
01078F  83 03       STA $03,S
010791  C2 20       REP #$20
010793  22 7E 06 01 JSL $01067E
010797  A8          TAY
010798  3B          TSC
010799  18          CLC
01079A  69 03 00    ADC #$0003
01079D  1B          TCS
01079E  98          TYA
01079F  A3 01       LDA $01,S
0107A1  83 06       STA $06,S
0107A3  A3 02       LDA $02,S
0107A5  83 07       STA $07,S
0107A7  A3 07       LDA $07,S
0107A9  EB          XBA
0107AA  29 FF 00    AND #$00FF
0107AD  AA          TAX
0107AE  A3 06       LDA $06,S
0107B0  A8          TAY
0107B1  3B          TSC
0107B2  18          CLC
0107B3  69 0C 00    ADC #$000C
0107B6  1B          TCS
0107B7  98          TYA
0107B8  6B          RTL
0107B9  3B          TSC
0107BA  AA          TAX
0107BB  C5 46       CMP $46
0107BD  90 04       BCC $0107C3
0107BF  F0 02       BEQ $0107C3
0107C1  80 0A       BRA $0107CD
0107C3  38          SEC
0107C4  E9 0C 00    SBC #$000C
0107C7  90 04       BCC $0107CD
0107C9  C5 44       CMP $44
0107CB  B0 07       BCS $0107D4
0107CD  A9 0C 00    LDA #$000C
0107D0  5C 00 80 04 JML $048000
0107D4  1B          TCS
0107D5  A3 10       LDA $10,S
0107D7  83 0A       STA $0A,S
0107D9  A3 11       LDA $11,S
0107DB  83 0B       STA $0B,S
0107DD  A3 0A       LDA $0A,S
0107DF  85 00       STA $00
0107E1  A3 0B       LDA $0B,S
0107E3  85 01       STA $01
0107E5  A0 06 00    LDY #$0006
0107E8  B7 00       LDA [$00],Y
0107EA  83 06       STA $06,S
0107EC  E2 20       SEP #$20
0107EE  A0 08 00    LDY #$0008
0107F1  B7 00       LDA [$00],Y
0107F3  83 08       STA $08,S
0107F5  C2 20       REP #$20
0107F7  A3 06       LDA $06,S
0107F9  83 01       STA $01,S
0107FB  A3 07       LDA $07,S
0107FD  83 02       STA $02,S
0107FF  A3 06       LDA $06,S
010801  85 00       STA $00
010803  A3 07       LDA $07,S
010805  85 01       STA $01
010807  A0 03 00    LDY #$0003
01080A  B7 00       LDA [$00],Y
01080C  83 0A       STA $0A,S
01080E  E2 20       SEP #$20
010810  A0 05 00    LDY #$0005
010813  B7 00       LDA [$00],Y
010815  83 0C       STA $0C,S
010817  C2 20       REP #$20
010819  A3 0A       LDA $0A,S
01081B  03 0B       ORA $0B,S
01081D  F0 02       BEQ $010821
01081F  80 11       BRA $010832
010821  C2 20       REP #$20
010823  A2 00 00    LDX #$0000
010826  A9 00 00    LDA #$0000
010829  A8          TAY
01082A  3B          TSC
01082B  18          CLC
01082C  69 0C 00    ADC #$000C
01082F  1B          TCS
010830  98          TYA
010831  6B          RTL
010832  A3 01       LDA $01,S
010834  83 06       STA $06,S
010836  A3 02       LDA $02,S
010838  83 07       STA $07,S
01083A  3B          TSC
01083B  AA          TAX
01083C  C5 46       CMP $46
01083E  90 04       BCC $010844
010840  F0 02       BEQ $010844
010842  80 0A       BRA $01084E
010844  38          SEC
010845  E9 06 00    SBC #$0006
010848  90 04       BCC $01084E
01084A  C5 44       CMP $44
01084C  B0 07       BCS $010855
01084E  A9 06 00    LDA #$0006
010851  5C 00 80 04 JML $048000
010855  3B          TSC
010856  38          SEC
010857  E9 03 00    SBC #$0003
01085A  1B          TCS
01085B  E2 20       SEP #$20
01085D  A9 00       LDA #$00
01085F  A3 09       LDA $09,S
010861  83 01       STA $01,S
010863  A3 0A       LDA $0A,S
010865  83 02       STA $02,S
010867  A3 0B       LDA $0B,S
010869  83 03       STA $03,S
01086B  C2 20       REP #$20
01086D  22 7E 06 01 JSL $01067E
010871  A8          TAY
010872  3B          TSC
010873  18          CLC
010874  69 03 00    ADC #$0003
010877  1B          TCS
010878  98          TYA
010879  A3 01       LDA $01,S
01087B  83 06       STA $06,S
01087D  A3 02       LDA $02,S
01087F  83 07       STA $07,S
010881  A3 07       LDA $07,S
010883  EB          XBA
010884  29 FF 00    AND #$00FF
010887  AA          TAX
010888  A3 06       LDA $06,S
01088A  A8          TAY
01088B  3B          TSC
01088C  18          CLC
01088D  69 0C 00    ADC #$000C
010890  1B          TCS
010891  98          TYA
010892  6B          RTL
010893  3B          TSC
010894  AA          TAX
010895  C5 46       CMP $46
010897  90 04       BCC $01089D
010899  F0 02       BEQ $01089D
01089B  80 0A       BRA $0108A7
01089D  38          SEC
01089E  E9 14 00    SBC #$0014
0108A1  90 04       BCC $0108A7
0108A3  C5 44       CMP $44
0108A5  B0 07       BCS $0108AE
0108A7  A9 14 00    LDA #$0014
0108AA  5C 00 80 04 JML $048000
0108AE  1B          TCS
0108AF  A3 18       LDA $18,S
0108B1  83 02       STA $02,S
0108B3  A3 19       LDA $19,S
0108B5  83 03       STA $03,S
0108B7  A3 02       LDA $02,S
0108B9  85 00       STA $00
0108BB  A3 03       LDA $03,S
0108BD  85 01       STA $01
0108BF  A7 00       LDA [$00]
0108C1  83 06       STA $06,S
0108C3  E2 20       SEP #$20
0108C5  A0 02 00    LDY #$0002
0108C8  B7 00       LDA [$00],Y
0108CA  83 08       STA $08,S
0108CC  C2 20       REP #$20
0108CE  83 12       STA $12,S
0108D0  A3 06       LDA $06,S
0108D2  83 02       STA $02,S
0108D4  A3 07       LDA $07,S
0108D6  83 03       STA $03,S
0108D8  A3 12       LDA $12,S
0108DA  E2 20       SEP #$20
0108DC  A3 04       LDA $04,S
0108DE  C2 20       REP #$20
0108E0  A3 02       LDA $02,S
0108E2  85 00       STA $00
0108E4  A3 03       LDA $03,S
0108E6  85 01       STA $01
0108E8  A7 00       LDA [$00]
0108EA  83 06       STA $06,S
0108EC  E2 20       SEP #$20
0108EE  A0 02 00    LDY #$0002
0108F1  B7 00       LDA [$00],Y
0108F3  83 08       STA $08,S
0108F5  C2 20       REP #$20
0108F7  A3 06       LDA $06,S
0108F9  03 07       ORA $07,S
0108FB  D0 03       BNE $010900
0108FD  82 03 01    BRL $010A03
010900  C2 20       REP #$20
010902  A3 1B       LDA $1B,S
010904  83 06       STA $06,S
010906  A3 1C       LDA $1C,S
010908  83 07       STA $07,S
01090A  A3 06       LDA $06,S
01090C  85 00       STA $00
01090E  A3 07       LDA $07,S
010910  85 01       STA $01
010912  E2 20       SEP #$20
010914  A0 07 00    LDY #$0007
010917  B7 00       LDA [$00],Y
010919  83 05       STA $05,S
01091B  A9 80       LDA #$80
01091D  85 10       STA $10
01091F  A3 05       LDA $05,S
010921  45 10       EOR $10
010923  83 01       STA $01,S
010925  C2 20       REP #$20
010927  A3 02       LDA $02,S
010929  85 00       STA $00
01092B  A3 03       LDA $03,S
01092D  85 01       STA $01
01092F  E2 20       SEP #$20
010931  A0 07 00    LDY #$0007
010934  B7 00       LDA [$00],Y
010936  83 06       STA $06,S
010938  A9 80       LDA #$80
01093A  85 10       STA $10
01093C  A3 06       LDA $06,S
01093E  45 10       EOR $10
010940  83 05       STA $05,S
010942  A3 05       LDA $05,S
010944  C3 01       CMP $01,S
010946  C2 20       REP #$20
010948  90 03       BCC $01094D
01094A  82 8A 00    BRL $0109D7
01094D  C2 20       REP #$20
01094F  A3 18       LDA $18,S
010951  83 06       STA $06,S
010953  A3 19       LDA $19,S
010955  83 07       STA $07,S
010957  A3 1B       LDA $1B,S
010959  83 0A       STA $0A,S
01095B  A3 1C       LDA $1C,S
01095D  83 0B       STA $0B,S
01095F  A3 02       LDA $02,S
010961  85 00       STA $00
010963  A3 03       LDA $03,S
010965  85 01       STA $01
010967  A0 03 00    LDY #$0003
01096A  B7 00       LDA [$00],Y
01096C  83 0E       STA $0E,S
01096E  E2 20       SEP #$20
010970  A0 05 00    LDY #$0005
010973  B7 00       LDA [$00],Y
010975  83 10       STA $10,S
010977  C2 20       REP #$20
010979  3B          TSC
01097A  AA          TAX
01097B  C5 46       CMP $46
01097D  90 04       BCC $010983
01097F  F0 02       BEQ $010983
010981  80 0A       BRA $01098D
010983  38          SEC
010984  E9 0C 00    SBC #$000C
010987  90 04       BCC $01098D
010989  C5 44       CMP $44
01098B  B0 07       BCS $010994
01098D  A9 0C 00    LDA #$000C
010990  5C 00 80 04 JML $048000
010994  3B          TSC
010995  38          SEC
010996  E9 09 00    SBC #$0009
010999  1B          TCS
01099A  E2 20       SEP #$20
01099C  A9 00       LDA #$00
01099E  A3 0F       LDA $0F,S
0109A0  83 01       STA $01,S
0109A2  A3 10       LDA $10,S
0109A4  83 02       STA $02,S
0109A6  A3 11       LDA $11,S
0109A8  83 03       STA $03,S
0109AA  A3 13       LDA $13,S
0109AC  83 04       STA $04,S
0109AE  A3 14       LDA $14,S
0109B0  83 05       STA $05,S
0109B2  A3 15       LDA $15,S
0109B4  83 06       STA $06,S
0109B6  A3 17       LDA $17,S
0109B8  83 07       STA $07,S
0109BA  A3 18       LDA $18,S
0109BC  83 08       STA $08,S
0109BE  A3 19       LDA $19,S
0109C0  83 09       STA $09,S
0109C2  C2 20       REP #$20
0109C4  22 40 04 01 JSL $010440
0109C8  A8          TAY
0109C9  3B          TSC
0109CA  18          CLC
0109CB  69 09 00    ADC #$0009
0109CE  1B          TCS
0109CF  98          TYA
0109D0  3B          TSC
0109D1  18          CLC
0109D2  69 14 00    ADC #$0014
0109D5  1B          TCS
0109D6  6B          RTL
0109D7  A3 02       LDA $02,S
0109D9  85 00       STA $00
0109DB  A3 03       LDA $03,S
0109DD  85 01       STA $01
0109DF  A7 00       LDA [$00]
0109E1  83 06       STA $06,S
0109E3  E2 20       SEP #$20
0109E5  A0 02 00    LDY #$0002
0109E8  B7 00       LDA [$00],Y
0109EA  83 08       STA $08,S
0109EC  C2 20       REP #$20
0109EE  83 12       STA $12,S
0109F0  A3 06       LDA $06,S
0109F2  83 02       STA $02,S
0109F4  A3 07       LDA $07,S
0109F6  83 03       STA $03,S
0109F8  A3 12       LDA $12,S
0109FA  E2 20       SEP #$20
0109FC  A3 04       LDA $04,S
0109FE  C2 20       REP #$20
010A00  82 DD FE    BRL $0108E0
010A03  A3 18       LDA $18,S
010A05  83 02       STA $02,S
010A07  A3 19       LDA $19,S
010A09  83 03       STA $03,S
010A0B  A3 1B       LDA $1B,S
010A0D  83 06       STA $06,S
010A0F  A3 1C       LDA $1C,S
010A11  83 07       STA $07,S
010A13  3B          TSC
010A14  AA          TAX
010A15  C5 46       CMP $46
010A17  90 04       BCC $010A1D
010A19  F0 02       BEQ $010A1D
010A1B  80 0A       BRA $010A27
010A1D  38          SEC
010A1E  E9 0A 00    SBC #$000A
010A21  90 04       BCC $010A27
010A23  C5 44       CMP $44
010A25  B0 07       BCS $010A2E
010A27  A9 0A 00    LDA #$000A
010A2A  5C 00 80 04 JML $048000
010A2E  3B          TSC
010A2F  38          SEC
010A30  E9 07 00    SBC #$0007
010A33  1B          TCS
010A34  E2 20       SEP #$20
010A36  A9 00       LDA #$00
010A38  83 07       STA $07,S
010A3A  A3 09       LDA $09,S
010A3C  83 01       STA $01,S
010A3E  A3 0A       LDA $0A,S
010A40  83 02       STA $02,S
010A42  A3 0B       LDA $0B,S
010A44  83 03       STA $03,S
010A46  A3 0D       LDA $0D,S
010A48  83 04       STA $04,S
010A4A  A3 0E       LDA $0E,S
010A4C  83 05       STA $05,S
010A4E  A3 0F       LDA $0F,S
010A50  83 06       STA $06,S
010A52  C2 20       REP #$20
010A54  22 37 03 01 JSL $010337
010A58  A8          TAY
010A59  3B          TSC
010A5A  18          CLC
010A5B  69 07 00    ADC #$0007
010A5E  1B          TCS
010A5F  98          TYA
010A60  3B          TSC
010A61  18          CLC
010A62  69 14 00    ADC #$0014
010A65  1B          TCS
010A66  6B          RTL
010A67  3B          TSC
010A68  AA          TAX
010A69  C5 46       CMP $46
010A6B  90 04       BCC $010A71
010A6D  F0 02       BEQ $010A71
010A6F  80 0A       BRA $010A7B
010A71  38          SEC
010A72  E9 1C 00    SBC #$001C
010A75  90 04       BCC $010A7B
010A77  C5 44       CMP $44
010A79  B0 07       BCS $010A82
010A7B  A9 1C 00    LDA #$001C
010A7E  5C 00 80 04 JML $048000
010A82  1B          TCS
010A83  A3 20       LDA $20,S
010A85  83 02       STA $02,S
010A87  A3 21       LDA $21,S
010A89  83 03       STA $03,S
010A8B  A3 02       LDA $02,S
010A8D  85 00       STA $00
010A8F  A3 03       LDA $03,S
010A91  85 01       STA $01
010A93  A7 00       LDA [$00]
010A95  83 06       STA $06,S
010A97  E2 20       SEP #$20
010A99  A0 02 00    LDY #$0002
010A9C  B7 00       LDA [$00],Y
010A9E  83 08       STA $08,S
010AA0  C2 20       REP #$20
010AA2  83 16       STA $16,S
010AA4  A3 06       LDA $06,S
010AA6  83 02       STA $02,S
010AA8  A3 07       LDA $07,S
010AAA  83 03       STA $03,S
010AAC  A3 16       LDA $16,S
010AAE  E2 20       SEP #$20
010AB0  A3 04       LDA $04,S
010AB2  C2 20       REP #$20
010AB4  A3 02       LDA $02,S
010AB6  85 00       STA $00
010AB8  A3 03       LDA $03,S
010ABA  85 01       STA $01
010ABC  A7 00       LDA [$00]
010ABE  83 06       STA $06,S
010AC0  E2 20       SEP #$20
010AC2  A0 02 00    LDY #$0002
010AC5  B7 00       LDA [$00],Y
010AC7  83 08       STA $08,S
010AC9  C2 20       REP #$20
010ACB  A3 06       LDA $06,S
010ACD  03 07       ORA $07,S
010ACF  D0 03       BNE $010AD4
010AD1  82 83 01    BRL $010C57
010AD4  C2 20       REP #$20
010AD6  A3 02       LDA $02,S
010AD8  85 00       STA $00
010ADA  A3 03       LDA $03,S
010ADC  85 01       STA $01
010ADE  A0 08 00    LDY #$0008
010AE1  B7 00       LDA [$00],Y
010AE3  83 06       STA $06,S
010AE5  E2 20       SEP #$20
010AE7  A0 0A 00    LDY #$000A
010AEA  B7 00       LDA [$00],Y
010AEC  83 08       STA $08,S
010AEE  C2 20       REP #$20
010AF0  A3 23       LDA $23,S
010AF2  83 0A       STA $0A,S
010AF4  A3 24       LDA $24,S
010AF6  83 0B       STA $0B,S
010AF8  A3 06       LDA $06,S
010AFA  03 07       ORA $07,S
010AFC  D0 03       BNE $010B01
010AFE  82 2A 01    BRL $010C2B
010B01  C2 20       REP #$20
010B03  E2 20       SEP #$20
010B05  A3 06       LDA $06,S
010B07  83 16       STA $16,S
010B09  A3 07       LDA $07,S
010B0B  83 17       STA $17,S
010B0D  A3 08       LDA $08,S
010B0F  83 18       STA $18,S
010B11  A3 0A       LDA $0A,S
010B13  83 1A       STA $1A,S
010B15  A3 0B       LDA $0B,S
010B17  83 1B       STA $1B,S
010B19  A3 0C       LDA $0C,S
010B1B  83 1C       STA $1C,S
010B1D  A3 16       LDA $16,S
010B1F  83 0A       STA $0A,S
010B21  A3 17       LDA $17,S
010B23  83 0B       STA $0B,S
010B25  A3 18       LDA $18,S
010B27  83 0C       STA $0C,S
010B29  A3 1A       LDA $1A,S
010B2B  83 06       STA $06,S
010B2D  A3 1B       LDA $1B,S
010B2F  83 07       STA $07,S
010B31  A3 1C       LDA $1C,S
010B33  83 08       STA $08,S
010B35  C2 20       REP #$20
010B37  A3 0A       LDA $0A,S
010B39  85 00       STA $00
010B3B  A3 0B       LDA $0B,S
010B3D  85 01       STA $01
010B3F  E2 20       SEP #$20
010B41  A7 00       LDA [$00]
010B43  83 01       STA $01,S
010B45  C2 20       REP #$20
010B47  A3 06       LDA $06,S
010B49  85 00       STA $00
010B4B  A3 07       LDA $07,S
010B4D  85 01       STA $01
010B4F  E2 20       SEP #$20
010B51  A7 00       LDA [$00]
010B53  83 05       STA $05,S
010B55  A3 01       LDA $01,S
010B57  C3 05       CMP $05,S
010B59  C2 20       REP #$20
010B5B  F0 03       BEQ $010B60
010B5D  82 CB 00    BRL $010C2B
010B60  C2 20       REP #$20
010B62  A3 0A       LDA $0A,S
010B64  85 00       STA $00
010B66  A3 0B       LDA $0B,S
010B68  85 01       STA $01
010B6A  E2 20       SEP #$20
010B6C  A7 00       LDA [$00]
010B6E  83 01       STA $01,S
010B70  A3 01       LDA $01,S
010B72  C9 00       CMP #$00
010B74  C2 20       REP #$20
010B76  F0 02       BEQ $010B7A
010B78  80 14       BRA $010B8E
010B7A  C2 20       REP #$20
010B7C  A3 03       LDA $03,S
010B7E  EB          XBA
010B7F  29 FF 00    AND #$00FF
010B82  AA          TAX
010B83  A3 02       LDA $02,S
010B85  A8          TAY
010B86  3B          TSC
010B87  18          CLC
010B88  69 1C 00    ADC #$001C
010B8B  1B          TCS
010B8C  98          TYA
010B8D  6B          RTL
010B8E  A3 0A       LDA $0A,S
010B90  83 0E       STA $0E,S
010B92  A3 0B       LDA $0B,S
010B94  83 0F       STA $0F,S
010B96  E2 20       SEP #$20
010B98  18          CLC
010B99  A9 01       LDA #$01
010B9B  85 10       STA $10
010B9D  A3 0E       LDA $0E,S
010B9F  65 10       ADC $10
010BA1  83 12       STA $12,S
010BA3  A9 00       LDA #$00
010BA5  85 10       STA $10
010BA7  A3 0F       LDA $0F,S
010BA9  65 10       ADC $10
010BAB  83 13       STA $13,S
010BAD  A9 00       LDA #$00
010BAF  85 10       STA $10
010BB1  A3 10       LDA $10,S
010BB3  65 10       ADC $10
010BB5  83 14       STA $14,S
010BB7  C2 20       REP #$20
010BB9  A3 12       LDA $12,S
010BBB  83 0A       STA $0A,S
010BBD  A3 13       LDA $13,S
010BBF  83 0B       STA $0B,S
010BC1  A3 06       LDA $06,S
010BC3  83 0E       STA $0E,S
010BC5  A3 07       LDA $07,S
010BC7  83 0F       STA $0F,S
010BC9  E2 20       SEP #$20
010BCB  18          CLC
010BCC  A9 01       LDA #$01
010BCE  85 10       STA $10
010BD0  A3 0E       LDA $0E,S
010BD2  65 10       ADC $10
010BD4  83 06       STA $06,S
010BD6  A9 00       LDA #$00
010BD8  85 10       STA $10
010BDA  A3 0F       LDA $0F,S
010BDC  65 10       ADC $10
010BDE  83 07       STA $07,S
010BE0  A9 00       LDA #$00
010BE2  85 10       STA $10
010BE4  A3 10       LDA $10,S
010BE6  65 10       ADC $10
010BE8  83 08       STA $08,S
010BEA  C2 20       REP #$20
010BEC  A3 06       LDA $06,S
010BEE  83 0E       STA $0E,S
010BF0  A3 07       LDA $07,S
010BF2  83 0F       STA $0F,S
010BF4  E2 20       SEP #$20
010BF6  A3 0A       LDA $0A,S
010BF8  83 16       STA $16,S
010BFA  A3 0B       LDA $0B,S
010BFC  83 17       STA $17,S
010BFE  A3 0C       LDA $0C,S
010C00  83 18       STA $18,S
010C02  A3 0E       LDA $0E,S
010C04  83 1A       STA $1A,S
010C06  A3 0F       LDA $0F,S
010C08  83 1B       STA $1B,S
010C0A  A3 10       LDA $10,S
010C0C  83 1C       STA $1C,S
010C0E  A3 16       LDA $16,S
010C10  83 0A       STA $0A,S
010C12  A3 17       LDA $17,S
010C14  83 0B       STA $0B,S
010C16  A3 18       LDA $18,S
010C18  83 0C       STA $0C,S
010C1A  A3 1A       LDA $1A,S
010C1C  83 06       STA $06,S
010C1E  A3 1B       LDA $1B,S
010C20  83 07       STA $07,S
010C22  A3 1C       LDA $1C,S
010C24  83 08       STA $08,S
010C26  C2 20       REP #$20
010C28  82 0C FF    BRL $010B37
010C2B  A3 02       LDA $02,S
010C2D  85 00       STA $00
010C2F  A3 03       LDA $03,S
010C31  85 01       STA $01
010C33  A7 00       LDA [$00]
010C35  83 06       STA $06,S
010C37  E2 20       SEP #$20
010C39  A0 02 00    LDY #$0002
010C3C  B7 00       LDA [$00],Y
010C3E  83 08       STA $08,S
010C40  C2 20       REP #$20
010C42  83 16       STA $16,S
010C44  A3 06       LDA $06,S
010C46  83 02       STA $02,S
010C48  A3 07       LDA $07,S
010C4A  83 03       STA $03,S
010C4C  A3 16       LDA $16,S
010C4E  E2 20       SEP #$20
010C50  A3 04       LDA $04,S
010C52  C2 20       REP #$20
010C54  82 5D FE    BRL $010AB4
010C57  A2 00 00    LDX #$0000
010C5A  A9 00 00    LDA #$0000
010C5D  A8          TAY
010C5E  3B          TSC
010C5F  18          CLC
010C60  69 1C 00    ADC #$001C
010C63  1B          TCS
010C64  98          TYA
010C65  6B          RTL
010C66  3B          TSC
010C67  AA          TAX
010C68  C5 46       CMP $46
010C6A  90 04       BCC $010C70
010C6C  F0 02       BEQ $010C70
010C6E  80 0A       BRA $010C7A
010C70  38          SEC
010C71  E9 00 00    SBC #$0000
010C74  90 04       BCC $010C7A
010C76  C5 44       CMP $44
010C78  B0 07       BCS $010C81
010C7A  A9 00 00    LDA #$0000
010C7D  5C 00 80 04 JML $048000
010C81  1B          TCS
010C82  6B          RTL
