010000  3B          TSC
010001  AA          TAX
010002  C5 46       CMP $46
010004  90 04       BCC $01000A
010006  F0 02       BEQ $01000A
010008  80 0A       BRA $010014
01000A  38          SEC
01000B  E9 0C 00    SBC #$000C
01000E  90 04       BCC $010014
010010  C5 44       CMP $44
010012  B0 07       BCS $01001B
010014  A9 0C 00    LDA #$000C
010017  5C 00 80 04 JML $048000
01001B  1B          TCS
01001C  A3 10       LDA $10,S
01001E  83 02       STA $02,S
010020  A3 11       LDA $11,S
010022  83 03       STA $03,S
010024  A3 02       LDA $02,S
010026  18          CLC
010027  69 03 00    ADC #$0003
01002A  83 06       STA $06,S
01002C  E2 20       SEP #$20
01002E  A3 04       LDA $04,S
010030  69 00       ADC #$00
010032  83 08       STA $08,S
010034  C2 20       REP #$20
010036  A3 02       LDA $02,S
010038  85 00       STA $00
01003A  A3 03       LDA $03,S
01003C  85 01       STA $01
01003E  A3 06       LDA $06,S
010040  87 00       STA [$00]
010042  E2 20       SEP #$20
010044  A3 08       LDA $08,S
010046  A0 02 00    LDY #$0002
010049  97 00       STA [$00],Y
01004B  C2 20       REP #$20
01004D  A3 10       LDA $10,S
01004F  83 02       STA $02,S
010051  A3 11       LDA $11,S
010053  83 03       STA $03,S
010055  A3 02       LDA $02,S
010057  85 00       STA $00
010059  A3 03       LDA $03,S
01005B  85 01       STA $01
01005D  A9 00 00    LDA #$0000
010060  A0 03 00    LDY #$0003
010063  97 00       STA [$00],Y
010065  E2 20       SEP #$20
010067  A0 05 00    LDY #$0005
01006A  97 00       STA [$00],Y
01006C  C2 20       REP #$20
01006E  A3 10       LDA $10,S
010070  83 02       STA $02,S
010072  A3 11       LDA $11,S
010074  83 03       STA $03,S
010076  A3 02       LDA $02,S
010078  83 0A       STA $0A,S
01007A  A3 03       LDA $03,S
01007C  83 0B       STA $0B,S
01007E  A3 02       LDA $02,S
010080  85 00       STA $00
010082  A3 03       LDA $03,S
010084  85 01       STA $01
010086  A3 0A       LDA $0A,S
010088  A0 06 00    LDY #$0006
01008B  97 00       STA [$00],Y
01008D  E2 20       SEP #$20
01008F  A3 0C       LDA $0C,S
010091  A0 08 00    LDY #$0008
010094  97 00       STA [$00],Y
010096  C2 20       REP #$20
010098  3B          TSC
010099  18          CLC
01009A  69 0C 00    ADC #$000C
01009D  1B          TCS
01009E  6B          RTL
01009F  3B          TSC
0100A0  AA          TAX
0100A1  C5 46       CMP $46
0100A3  90 04       BCC $0100A9
0100A5  F0 02       BEQ $0100A9
0100A7  80 0A       BRA $0100B3
0100A9  38          SEC
0100AA  E9 08 00    SBC #$0008
0100AD  90 04       BCC $0100B3
0100AF  C5 44       CMP $44
0100B1  B0 07       BCS $0100BA
0100B3  A9 08 00    LDA #$0008
0100B6  5C 00 80 04 JML $048000
0100BA  1B          TCS
0100BB  A3 0C       LDA $0C,S
0100BD  83 06       STA $06,S
0100BF  A3 0D       LDA $0D,S
0100C1  83 07       STA $07,S
0100C3  3B          TSC
0100C4  AA          TAX
0100C5  C5 46       CMP $46
0100C7  90 04       BCC $0100CD
0100C9  F0 02       BEQ $0100CD
0100CB  80 0A       BRA $0100D7
0100CD  38          SEC
0100CE  E9 06 00    SBC #$0006
0100D1  90 04       BCC $0100D7
0100D3  C5 44       CMP $44
0100D5  B0 07       BCS $0100DE
0100D7  A9 06 00    LDA #$0006
0100DA  5C 00 80 04 JML $048000
0100DE  3B          TSC
0100DF  38          SEC
0100E0  E9 03 00    SBC #$0003
0100E3  1B          TCS
0100E4  C2 20       REP #$20
0100E6  A3 09       LDA $09,S
0100E8  83 01       STA $01,S
0100EA  A3 0A       LDA $0A,S
0100EC  83 02       STA $02,S
0100EE  22 00 00 01 JSL $010000
0100F2  A8          TAY
0100F3  3B          TSC
0100F4  18          CLC
0100F5  69 03 00    ADC #$0003
0100F8  1B          TCS
0100F9  98          TYA
0100FA  3B          TSC
0100FB  18          CLC
0100FC  69 08 00    ADC #$0008
0100FF  1B          TCS
010100  6B          RTL
010101  3B          TSC
010102  AA          TAX
010103  C5 46       CMP $46
010105  90 04       BCC $01010B
010107  F0 02       BEQ $01010B
010109  80 0A       BRA $010115
01010B  38          SEC
01010C  E9 0C 00    SBC #$000C
01010F  90 04       BCC $010115
010111  C5 44       CMP $44
010113  B0 07       BCS $01011C
010115  A9 0C 00    LDA #$000C
010118  5C 00 80 04 JML $048000
01011C  1B          TCS
01011D  A3 10       LDA $10,S
01011F  83 06       STA $06,S
010121  A3 11       LDA $11,S
010123  83 07       STA $07,S
010125  A3 06       LDA $06,S
010127  85 00       STA $00
010129  A3 07       LDA $07,S
01012B  85 01       STA $01
01012D  A7 00       LDA [$00]
01012F  83 02       STA $02,S
010131  E2 20       SEP #$20
010133  A0 02 00    LDY #$0002
010136  B7 00       LDA [$00],Y
010138  83 04       STA $04,S
01013A  C2 20       REP #$20
01013C  A3 10       LDA $10,S
01013E  83 0A       STA $0A,S
010140  A3 11       LDA $11,S
010142  83 0B       STA $0B,S
010144  A3 0A       LDA $0A,S
010146  18          CLC
010147  69 03 00    ADC #$0003
01014A  83 06       STA $06,S
01014C  E2 20       SEP #$20
01014E  A3 0C       LDA $0C,S
010150  69 00       ADC #$00
010152  83 08       STA $08,S
010154  C2 20       REP #$20
010156  A3 02       LDA $02,S
010158  C3 06       CMP $06,S
01015A  D0 0A       BNE $010166
01015C  E2 20       SEP #$20
01015E  A3 04       LDA $04,S
010160  C3 08       CMP $08,S
010162  C2 20       REP #$20
010164  F0 06       BEQ $01016C
010166  E2 20       SEP #$20
010168  A9 00       LDA #$00
01016A  80 04       BRA $010170
01016C  E2 20       SEP #$20
01016E  A9 01       LDA #$01
010170  E2 20       SEP #$20
010172  83 01       STA $01,S
010174  C2 20       REP #$20
010176  E2 20       SEP #$20
010178  A3 01       LDA $01,S
01017A  C2 20       REP #$20
01017C  29 FF 00    AND #$00FF
01017F  A8          TAY
010180  3B          TSC
010181  18          CLC
010182  69 0C 00    ADC #$000C
010185  1B          TCS
010186  98          TYA
010187  6B          RTL
010188  3B          TSC
010189  AA          TAX
01018A  C5 46       CMP $46
01018C  90 04       BCC $010192
01018E  F0 02       BEQ $010192
010190  80 0A       BRA $01019C
010192  38          SEC
010193  E9 08 00    SBC #$0008
010196  90 04       BCC $01019C
010198  C5 44       CMP $44
01019A  B0 07       BCS $0101A3
01019C  A9 08 00    LDA #$0008
01019F  5C 00 80 04 JML $048000
0101A3  1B          TCS
0101A4  A3 0C       LDA $0C,S
0101A6  83 06       STA $06,S
0101A8  A3 0D       LDA $0D,S
0101AA  83 07       STA $07,S
0101AC  3B          TSC
0101AD  AA          TAX
0101AE  C5 46       CMP $46
0101B0  90 04       BCC $0101B6
0101B2  F0 02       BEQ $0101B6
0101B4  80 0A       BRA $0101C0
0101B6  38          SEC
0101B7  E9 06 00    SBC #$0006
0101BA  90 04       BCC $0101C0
0101BC  C5 44       CMP $44
0101BE  B0 07       BCS $0101C7
0101C0  A9 06 00    LDA #$0006
0101C3  5C 00 80 04 JML $048000
0101C7  3B          TSC
0101C8  38          SEC
0101C9  E9 03 00    SBC #$0003
0101CC  1B          TCS
0101CD  C2 20       REP #$20
0101CF  A3 09       LDA $09,S
0101D1  83 01       STA $01,S
0101D3  A3 0A       LDA $0A,S
0101D5  83 02       STA $02,S
0101D7  22 01 01 01 JSL $010101
0101DB  A8          TAY
0101DC  3B          TSC
0101DD  18          CLC
0101DE  69 03 00    ADC #$0003
0101E1  1B          TCS
0101E2  98          TYA
0101E3  E2 20       SEP #$20
0101E5  83 01       STA $01,S
0101E7  C2 20       REP #$20
0101E9  E2 20       SEP #$20
0101EB  A3 01       LDA $01,S
0101ED  C2 20       REP #$20
0101EF  29 FF 00    AND #$00FF
0101F2  A8          TAY
0101F3  3B          TSC
0101F4  18          CLC
0101F5  69 08 00    ADC #$0008
0101F8  1B          TCS
0101F9  98          TYA
0101FA  6B          RTL
0101FB  3B          TSC
0101FC  AA          TAX
0101FD  C5 46       CMP $46
0101FF  90 04       BCC $010205
010201  F0 02       BEQ $010205
010203  80 0A       BRA $01020F
010205  38          SEC
010206  E9 10 00    SBC #$0010
010209  90 04       BCC $01020F
01020B  C5 44       CMP $44
01020D  B0 07       BCS $010216
01020F  A9 10 00    LDA #$0010
010212  5C 00 80 04 JML $048000
010216  1B          TCS
010217  A3 14       LDA $14,S
010219  83 06       STA $06,S
01021B  A3 15       LDA $15,S
01021D  83 07       STA $07,S
01021F  A3 06       LDA $06,S
010221  85 00       STA $00
010223  A3 07       LDA $07,S
010225  85 01       STA $01
010227  A7 00       LDA [$00]
010229  83 0A       STA $0A,S
01022B  E2 20       SEP #$20
01022D  A0 02 00    LDY #$0002
010230  B7 00       LDA [$00],Y
010232  83 0C       STA $0C,S
010234  C2 20       REP #$20
010236  A3 0A       LDA $0A,S
010238  83 01       STA $01,S
01023A  A3 0B       LDA $0B,S
01023C  83 02       STA $02,S
01023E  A3 17       LDA $17,S
010240  83 06       STA $06,S
010242  A3 18       LDA $18,S
010244  83 07       STA $07,S
010246  A3 14       LDA $14,S
010248  83 0E       STA $0E,S
01024A  A3 15       LDA $15,S
01024C  83 0F       STA $0F,S
01024E  A3 0E       LDA $0E,S
010250  83 0A       STA $0A,S
010252  A3 0F       LDA $0F,S
010254  83 0B       STA $0B,S
010256  A3 06       LDA $06,S
010258  85 00       STA $00
01025A  A3 07       LDA $07,S
01025C  85 01       STA $01
01025E  A3 0A       LDA $0A,S
010260  A0 03 00    LDY #$0003
010263  97 00       STA [$00],Y
010265  E2 20       SEP #$20
010267  A3 0C       LDA $0C,S
010269  A0 05 00    LDY #$0005
01026C  97 00       STA [$00],Y
01026E  C2 20       REP #$20
010270  A3 17       LDA $17,S
010272  83 06       STA $06,S
010274  A3 18       LDA $18,S
010276  83 07       STA $07,S
010278  A3 01       LDA $01,S
01027A  83 0A       STA $0A,S
01027C  A3 02       LDA $02,S
01027E  83 0B       STA $0B,S
010280  A3 06       LDA $06,S
010282  85 00       STA $00
010284  A3 07       LDA $07,S
010286  85 01       STA $01
010288  A3 0A       LDA $0A,S
01028A  87 00       STA [$00]
01028C  E2 20       SEP #$20
01028E  A3 0C       LDA $0C,S
010290  A0 02 00    LDY #$0002
010293  97 00       STA [$00],Y
010295  C2 20       REP #$20
010297  A3 01       LDA $01,S
010299  83 06       STA $06,S
01029B  A3 02       LDA $02,S
01029D  83 07       STA $07,S
01029F  A3 17       LDA $17,S
0102A1  83 0A       STA $0A,S
0102A3  A3 18       LDA $18,S
0102A5  83 0B       STA $0B,S
0102A7  A3 06       LDA $06,S
0102A9  85 00       STA $00
0102AB  A3 07       LDA $07,S
0102AD  85 01       STA $01
0102AF  A3 0A       LDA $0A,S
0102B1  A0 03 00    LDY #$0003
0102B4  97 00       STA [$00],Y
0102B6  E2 20       SEP #$20
0102B8  A3 0C       LDA $0C,S
0102BA  A0 05 00    LDY #$0005
0102BD  97 00       STA [$00],Y
0102BF  C2 20       REP #$20
0102C1  A3 14       LDA $14,S
0102C3  83 06       STA $06,S
0102C5  A3 15       LDA $15,S
0102C7  83 07       STA $07,S
0102C9  A3 17       LDA $17,S
0102CB  83 0A       STA $0A,S
0102CD  A3 18       LDA $18,S
0102CF  83 0B       STA $0B,S
0102D1  A3 06       LDA $06,S
0102D3  85 00       STA $00
0102D5  A3 07       LDA $07,S
0102D7  85 01       STA $01
0102D9  A3 0A       LDA $0A,S
0102DB  87 00       STA [$00]
0102DD  E2 20       SEP #$20
0102DF  A3 0C       LDA $0C,S
0102E1  A0 02 00    LDY #$0002
0102E4  97 00       STA [$00],Y
0102E6  C2 20       REP #$20
0102E8  3B          TSC
0102E9  18          CLC
0102EA  69 10 00    ADC #$0010
0102ED  1B          TCS
0102EE  6B          RTL
0102EF  3B          TSC
0102F0  AA          TAX
0102F1  C5 46       CMP $46
0102F3  90 04       BCC $0102F9
0102F5  F0 02       BEQ $0102F9
0102F7  80 0A       BRA $010303
0102F9  38          SEC
0102FA  E9 10 00    SBC #$0010
0102FD  90 04       BCC $010303
0102FF  C5 44       CMP $44
010301  B0 07       BCS $01030A
010303  A9 10 00    LDA #$0010
010306  5C 00 80 04 JML $048000
01030A  1B          TCS
01030B  A3 14       LDA $14,S
01030D  83 06       STA $06,S
01030F  A3 15       LDA $15,S
010311  83 07       STA $07,S
010313  A3 06       LDA $06,S
010315  85 00       STA $00
010317  A3 07       LDA $07,S
010319  85 01       STA $01
01031B  A0 06 00    LDY #$0006
01031E  B7 00       LDA [$00],Y
010320  83 0A       STA $0A,S
010322  E2 20       SEP #$20
010324  A0 08 00    LDY #$0008
010327  B7 00       LDA [$00],Y
010329  83 0C       STA $0C,S
01032B  C2 20       REP #$20
01032D  A3 0A       LDA $0A,S
01032F  83 01       STA $01,S
010331  A3 0B       LDA $0B,S
010333  83 02       STA $02,S
010335  A3 17       LDA $17,S
010337  83 06       STA $06,S
010339  A3 18       LDA $18,S
01033B  83 07       STA $07,S
01033D  A3 14       LDA $14,S
01033F  83 0E       STA $0E,S
010341  A3 15       LDA $15,S
010343  83 0F       STA $0F,S
010345  A3 0E       LDA $0E,S
010347  18          CLC
010348  69 03 00    ADC #$0003
01034B  83 0A       STA $0A,S
01034D  E2 20       SEP #$20
01034F  A3 10       LDA $10,S
010351  69 00       ADC #$00
010353  83 0C       STA $0C,S
010355  C2 20       REP #$20
010357  A3 06       LDA $06,S
010359  85 00       STA $00
01035B  A3 07       LDA $07,S
01035D  85 01       STA $01
01035F  A3 0A       LDA $0A,S
010361  87 00       STA [$00]
010363  E2 20       SEP #$20
010365  A3 0C       LDA $0C,S
010367  A0 02 00    LDY #$0002
01036A  97 00       STA [$00],Y
01036C  C2 20       REP #$20
01036E  A3 17       LDA $17,S
010370  83 06       STA $06,S
010372  A3 18       LDA $18,S
010374  83 07       STA $07,S
010376  A3 01       LDA $01,S
010378  83 0A       STA $0A,S
01037A  A3 02       LDA $02,S
01037C  83 0B       STA $0B,S
01037E  A3 06       LDA $06,S
010380  85 00       STA $00
010382  A3 07       LDA $07,S
010384  85 01       STA $01
010386  A3 0A       LDA $0A,S
010388  A0 03 00    LDY #$0003
01038B  97 00       STA [$00],Y
01038D  E2 20       SEP #$20
01038F  A3 0C       LDA $0C,S
010391  A0 05 00    LDY #$0005
010394  97 00       STA [$00],Y
010396  C2 20       REP #$20
010398  A3 01       LDA $01,S
01039A  83 06       STA $06,S
01039C  A3 02       LDA $02,S
01039E  83 07       STA $07,S
0103A0  A3 17       LDA $17,S
0103A2  83 0A       STA $0A,S
0103A4  A3 18       LDA $18,S
0103A6  83 0B       STA $0B,S
0103A8  A3 06       LDA $06,S
0103AA  85 00       STA $00
0103AC  A3 07       LDA $07,S
0103AE  85 01       STA $01
0103B0  A3 0A       LDA $0A,S
0103B2  87 00       STA [$00]
0103B4  E2 20       SEP #$20
0103B6  A3 0C       LDA $0C,S
0103B8  A0 02 00    LDY #$0002
0103BB  97 00       STA [$00],Y
0103BD  C2 20       REP #$20
0103BF  A3 14       LDA $14,S
0103C1  83 06       STA $06,S
0103C3  A3 15       LDA $15,S
0103C5  83 07       STA $07,S
0103C7  A3 17       LDA $17,S
0103C9  83 0A       STA $0A,S
0103CB  A3 18       LDA $18,S
0103CD  83 0B       STA $0B,S
0103CF  A3 06       LDA $06,S
0103D1  85 00       STA $00
0103D3  A3 07       LDA $07,S
0103D5  85 01       STA $01
0103D7  A3 0A       LDA $0A,S
0103D9  A0 06 00    LDY #$0006
0103DC  97 00       STA [$00],Y
0103DE  E2 20       SEP #$20
0103E0  A3 0C       LDA $0C,S
0103E2  A0 08 00    LDY #$0008
0103E5  97 00       STA [$00],Y
0103E7  C2 20       REP #$20
0103E9  3B          TSC
0103EA  18          CLC
0103EB  69 10 00    ADC #$0010
0103EE  1B          TCS
0103EF  6B          RTL
0103F0  3B          TSC
0103F1  AA          TAX
0103F2  C5 46       CMP $46
0103F4  90 04       BCC $0103FA
0103F6  F0 02       BEQ $0103FA
0103F8  80 0A       BRA $010404
0103FA  38          SEC
0103FB  E9 10 00    SBC #$0010
0103FE  90 04       BCC $010404
010400  C5 44       CMP $44
010402  B0 07       BCS $01040B
010404  A9 10 00    LDA #$0010
010407  5C 00 80 04 JML $048000
01040B  1B          TCS
01040C  A3 1A       LDA $1A,S
01040E  83 06       STA $06,S
010410  A3 1B       LDA $1B,S
010412  83 07       STA $07,S
010414  A3 06       LDA $06,S
010416  03 07       ORA $07,S
010418  F0 02       BEQ $01041C
01041A  80 04       BRA $010420
01041C  C2 20       REP #$20
01041E  80 2E       BRA $01044E
010420  A3 1A       LDA $1A,S
010422  83 06       STA $06,S
010424  A3 1B       LDA $1B,S
010426  83 07       STA $07,S
010428  A3 14       LDA $14,S
01042A  83 0E       STA $0E,S
01042C  A3 15       LDA $15,S
01042E  83 0F       STA $0F,S
010430  A3 0E       LDA $0E,S
010432  83 0A       STA $0A,S
010434  A3 0F       LDA $0F,S
010436  83 0B       STA $0B,S
010438  A3 06       LDA $06,S
01043A  C3 0A       CMP $0A,S
01043C  D0 0A       BNE $010448
01043E  E2 20       SEP #$20
010440  A3 08       LDA $08,S
010442  C3 0C       CMP $0C,S
010444  C2 20       REP #$20
010446  F0 04       BEQ $01044C
010448  C2 20       REP #$20
01044A  80 5E       BRA $0104AA
01044C  C2 20       REP #$20
01044E  A3 14       LDA $14,S
010450  83 06       STA $06,S
010452  A3 15       LDA $15,S
010454  83 07       STA $07,S
010456  A3 17       LDA $17,S
010458  83 0A       STA $0A,S
01045A  A3 18       LDA $18,S
01045C  83 0B       STA $0B,S
01045E  3B          TSC
01045F  AA          TAX
010460  C5 46       CMP $46
010462  90 04       BCC $010468
010464  F0 02       BEQ $010468
010466  80 0A       BRA $010472
010468  38          SEC
010469  E9 0A 00    SBC #$000A
01046C  90 04       BCC $010472
01046E  C5 44       CMP $44
010470  B0 07       BCS $010479
010472  A9 0A 00    LDA #$000A
010475  5C 00 80 04 JML $048000
010479  3B          TSC
01047A  38          SEC
01047B  E9 07 00    SBC #$0007
01047E  1B          TCS
01047F  E2 20       SEP #$20
010481  A9 00       LDA #$00
010483  83 07       STA $07,S
010485  C2 20       REP #$20
010487  A3 0D       LDA $0D,S
010489  83 01       STA $01,S
01048B  A3 0E       LDA $0E,S
01048D  83 02       STA $02,S
01048F  A3 11       LDA $11,S
010491  83 04       STA $04,S
010493  A3 12       LDA $12,S
010495  83 05       STA $05,S
010497  22 FB 01 01 JSL $0101FB
01049B  A8          TAY
01049C  3B          TSC
01049D  18          CLC
01049E  69 07 00    ADC #$0007
0104A1  1B          TCS
0104A2  98          TYA
0104A3  3B          TSC
0104A4  18          CLC
0104A5  69 10 00    ADC #$0010
0104A8  1B          TCS
0104A9  6B          RTL
0104AA  A3 1A       LDA $1A,S
0104AC  83 06       STA $06,S
0104AE  A3 1B       LDA $1B,S
0104B0  83 07       STA $07,S
0104B2  A3 14       LDA $14,S
0104B4  83 0E       STA $0E,S
0104B6  A3 15       LDA $15,S
0104B8  83 0F       STA $0F,S
0104BA  A3 0E       LDA $0E,S
0104BC  18          CLC
0104BD  69 03 00    ADC #$0003
0104C0  83 0A       STA $0A,S
0104C2  E2 20       SEP #$20
0104C4  A3 10       LDA $10,S
0104C6  69 00       ADC #$00
0104C8  83 0C       STA $0C,S
0104CA  C2 20       REP #$20
0104CC  A3 06       LDA $06,S
0104CE  C3 0A       CMP $0A,S
0104D0  D0 0A       BNE $0104DC
0104D2  E2 20       SEP #$20
0104D4  A3 08       LDA $08,S
0104D6  C3 0C       CMP $0C,S
0104D8  C2 20       REP #$20
0104DA  F0 04       BEQ $0104E0
0104DC  C2 20       REP #$20
0104DE  80 5E       BRA $01053E
0104E0  C2 20       REP #$20
0104E2  A3 14       LDA $14,S
0104E4  83 06       STA $06,S
0104E6  A3 15       LDA $15,S
0104E8  83 07       STA $07,S
0104EA  A3 17       LDA $17,S
0104EC  83 0A       STA $0A,S
0104EE  A3 18       LDA $18,S
0104F0  83 0B       STA $0B,S
0104F2  3B          TSC
0104F3  AA          TAX
0104F4  C5 46       CMP $46
0104F6  90 04       BCC $0104FC
0104F8  F0 02       BEQ $0104FC
0104FA  80 0A       BRA $010506
0104FC  38          SEC
0104FD  E9 0A 00    SBC #$000A
010500  90 04       BCC $010506
010502  C5 44       CMP $44
010504  B0 07       BCS $01050D
010506  A9 0A 00    LDA #$000A
010509  5C 00 80 04 JML $048000
01050D  3B          TSC
01050E  38          SEC
01050F  E9 07 00    SBC #$0007
010512  1B          TCS
010513  E2 20       SEP #$20
010515  A9 00       LDA #$00
010517  83 07       STA $07,S
010519  C2 20       REP #$20
01051B  A3 0D       LDA $0D,S
01051D  83 01       STA $01,S
01051F  A3 0E       LDA $0E,S
010521  83 02       STA $02,S
010523  A3 11       LDA $11,S
010525  83 04       STA $04,S
010527  A3 12       LDA $12,S
010529  83 05       STA $05,S
01052B  22 EF 02 01 JSL $0102EF
01052F  A8          TAY
010530  3B          TSC
010531  18          CLC
010532  69 07 00    ADC #$0007
010535  1B          TCS
010536  98          TYA
010537  3B          TSC
010538  18          CLC
010539  69 10 00    ADC #$0010
01053C  1B          TCS
01053D  6B          RTL
01053E  A3 1A       LDA $1A,S
010540  83 06       STA $06,S
010542  A3 1B       LDA $1B,S
010544  83 07       STA $07,S
010546  A3 06       LDA $06,S
010548  85 00       STA $00
01054A  A3 07       LDA $07,S
01054C  85 01       STA $01
01054E  A7 00       LDA [$00]
010550  83 0A       STA $0A,S
010552  E2 20       SEP #$20
010554  A0 02 00    LDY #$0002
010557  B7 00       LDA [$00],Y
010559  83 0C       STA $0C,S
01055B  C2 20       REP #$20
01055D  A3 0A       LDA $0A,S
01055F  83 01       STA $01,S
010561  A3 0B       LDA $0B,S
010563  83 02       STA $02,S
010565  A3 17       LDA $17,S
010567  83 06       STA $06,S
010569  A3 18       LDA $18,S
01056B  83 07       STA $07,S
01056D  A3 1A       LDA $1A,S
01056F  83 0A       STA $0A,S
010571  A3 1B       LDA $1B,S
010573  83 0B       STA $0B,S
010575  A3 06       LDA $06,S
010577  85 00       STA $00
010579  A3 07       LDA $07,S
01057B  85 01       STA $01
01057D  A3 0A       LDA $0A,S
01057F  A0 03 00    LDY #$0003
010582  97 00       STA [$00],Y
010584  E2 20       SEP #$20
010586  A3 0C       LDA $0C,S
010588  A0 05 00    LDY #$0005
01058B  97 00       STA [$00],Y
01058D  C2 20       REP #$20
01058F  A3 17       LDA $17,S
010591  83 06       STA $06,S
010593  A3 18       LDA $18,S
010595  83 07       STA $07,S
010597  A3 01       LDA $01,S
010599  83 0A       STA $0A,S
01059B  A3 02       LDA $02,S
01059D  83 0B       STA $0B,S
01059F  A3 06       LDA $06,S
0105A1  85 00       STA $00
0105A3  A3 07       LDA $07,S
0105A5  85 01       STA $01
0105A7  A3 0A       LDA $0A,S
0105A9  87 00       STA [$00]
0105AB  E2 20       SEP #$20
0105AD  A3 0C       LDA $0C,S
0105AF  A0 02 00    LDY #$0002
0105B2  97 00       STA [$00],Y
0105B4  C2 20       REP #$20
0105B6  A3 01       LDA $01,S
0105B8  83 06       STA $06,S
0105BA  A3 02       LDA $02,S
0105BC  83 07       STA $07,S
0105BE  A3 17       LDA $17,S
0105C0  83 0A       STA $0A,S
0105C2  A3 18       LDA $18,S
0105C4  83 0B       STA $0B,S
0105C6  A3 06       LDA $06,S
0105C8  85 00       STA $00
0105CA  A3 07       LDA $07,S
0105CC  85 01       STA $01
0105CE  A3 0A       LDA $0A,S
0105D0  A0 03 00    LDY #$0003
0105D3  97 00       STA [$00],Y
0105D5  E2 20       SEP #$20
0105D7  A3 0C       LDA $0C,S
0105D9  A0 05 00    LDY #$0005
0105DC  97 00       STA [$00],Y
0105DE  C2 20       REP #$20
0105E0  A3 1A       LDA $1A,S
0105E2  83 06       STA $06,S
0105E4  A3 1B       LDA $1B,S
0105E6  83 07       STA $07,S
0105E8  A3 17       LDA $17,S
0105EA  83 0A       STA $0A,S
0105EC  A3 18       LDA $18,S
0105EE  83 0B       STA $0B,S
0105F0  A3 06       LDA $06,S
0105F2  85 00       STA $00
0105F4  A3 07       LDA $07,S
0105F6  85 01       STA $01
0105F8  A3 0A       LDA $0A,S
0105FA  87 00       STA [$00]
0105FC  E2 20       SEP #$20
0105FE  A3 0C       LDA $0C,S
010600  A0 02 00    LDY #$0002
010603  97 00       STA [$00],Y
010605  C2 20       REP #$20
010607  3B          TSC
010608  18          CLC
010609  69 10 00    ADC #$0010
01060C  1B          TCS
01060D  6B          RTL
01060E  3B          TSC
01060F  AA          TAX
010610  C5 46       CMP $46
010612  90 04       BCC $010618
010614  F0 02       BEQ $010618
010616  80 0A       BRA $010622
010618  38          SEC
010619  E9 00 00    SBC #$0000
01061C  90 04       BCC $010622
01061E  C5 44       CMP $44
010620  B0 07       BCS $010629
010622  A9 00 00    LDA #$0000
010625  5C 00 80 04 JML $048000
010629  1B          TCS
01062A  A3 04       LDA $04,S
01062C  85 00       STA $00
01062E  A3 05       LDA $05,S
010630  85 01       STA $01
010632  A0 03 00    LDY #$0003
010635  B7 00       LDA [$00],Y
010637  85 03       STA $03
010639  E2 20       SEP #$20
01063B  A0 05 00    LDY #$0005
01063E  B7 00       LDA [$00],Y
010640  85 05       STA $05
010642  C2 20       REP #$20
010644  A7 00       LDA [$00]
010646  85 06       STA $06
010648  E2 20       SEP #$20
01064A  A0 02 00    LDY #$0002
01064D  B7 00       LDA [$00],Y
01064F  85 08       STA $08
010651  C2 20       REP #$20
010653  A5 06       LDA $06
010655  87 03       STA [$03]
010657  E2 20       SEP #$20
010659  A5 08       LDA $08
01065B  A0 02 00    LDY #$0002
01065E  97 03       STA [$03],Y
010660  C2 20       REP #$20
010662  A5 03       LDA $03
010664  A0 03 00    LDY #$0003
010667  97 06       STA [$06],Y
010669  E2 20       SEP #$20
01066B  A5 05       LDA $05
01066D  A0 05 00    LDY #$0005
010670  97 06       STA [$06],Y
010672  C2 20       REP #$20
010674  6B          RTL
010675  3B          TSC
010676  AA          TAX
010677  C5 46       CMP $46
010679  90 04       BCC $01067F
01067B  F0 02       BEQ $01067F
01067D  80 0A       BRA $010689
01067F  38          SEC
010680  E9 0C 00    SBC #$000C
010683  90 04       BCC $010689
010685  C5 44       CMP $44
010687  B0 07       BCS $010690
010689  A9 0C 00    LDA #$000C
01068C  5C 00 80 04 JML $048000
010690  1B          TCS
010691  A3 10       LDA $10,S
010693  83 0A       STA $0A,S
010695  A3 11       LDA $11,S
010697  83 0B       STA $0B,S
010699  A3 0A       LDA $0A,S
01069B  85 00       STA $00
01069D  A3 0B       LDA $0B,S
01069F  85 01       STA $01
0106A1  A7 00       LDA [$00]
0106A3  83 06       STA $06,S
0106A5  E2 20       SEP #$20
0106A7  A0 02 00    LDY #$0002
0106AA  B7 00       LDA [$00],Y
0106AC  83 08       STA $08,S
0106AE  C2 20       REP #$20
0106B0  A3 06       LDA $06,S
0106B2  83 01       STA $01,S
0106B4  A3 07       LDA $07,S
0106B6  83 02       STA $02,S
0106B8  A3 06       LDA $06,S
0106BA  85 00       STA $00
0106BC  A3 07       LDA $07,S
0106BE  85 01       STA $01
0106C0  A7 00       LDA [$00]
0106C2  83 0A       STA $0A,S
0106C4  E2 20       SEP #$20
0106C6  A0 02 00    LDY #$0002
0106C9  B7 00       LDA [$00],Y
0106CB  83 0C       STA $0C,S
0106CD  C2 20       REP #$20
0106CF  A3 0A       LDA $0A,S
0106D1  03 0B       ORA $0B,S
0106D3  F0 02       BEQ $0106D7
0106D5  80 11       BRA $0106E8
0106D7  C2 20       REP #$20
0106D9  A2 00 00    LDX #$0000
0106DC  A9 00 00    LDA #$0000
0106DF  A8          TAY
0106E0  3B          TSC
0106E1  18          CLC
0106E2  69 0C 00    ADC #$000C
0106E5  1B          TCS
0106E6  98          TYA
0106E7  6B          RTL
0106E8  A3 01       LDA $01,S
0106EA  83 06       STA $06,S
0106EC  A3 02       LDA $02,S
0106EE  83 07       STA $07,S
0106F0  3B          TSC
0106F1  AA          TAX
0106F2  C5 46       CMP $46
0106F4  90 04       BCC $0106FA
0106F6  F0 02       BEQ $0106FA
0106F8  80 0A       BRA $010704
0106FA  38          SEC
0106FB  E9 06 00    SBC #$0006
0106FE  90 04       BCC $010704
010700  C5 44       CMP $44
010702  B0 07       BCS $01070B
010704  A9 06 00    LDA #$0006
010707  5C 00 80 04 JML $048000
01070B  3B          TSC
01070C  38          SEC
01070D  E9 03 00    SBC #$0003
010710  1B          TCS
010711  C2 20       REP #$20
010713  A3 09       LDA $09,S
010715  83 01       STA $01,S
010717  A3 0A       LDA $0A,S
010719  83 02       STA $02,S
01071B  22 0E 06 01 JSL $01060E
01071F  A8          TAY
010720  3B          TSC
010721  18          CLC
010722  69 03 00    ADC #$0003
010725  1B          TCS
010726  98          TYA
010727  A3 01       LDA $01,S
010729  83 06       STA $06,S
01072B  A3 02       LDA $02,S
01072D  83 07       STA $07,S
01072F  A3 07       LDA $07,S
010731  EB          XBA
010732  29 FF 00    AND #$00FF
010735  AA          TAX
010736  A3 06       LDA $06,S
010738  A8          TAY
010739  3B          TSC
01073A  18          CLC
01073B  69 0C 00    ADC #$000C
01073E  1B          TCS
01073F  98          TYA
010740  6B          RTL
010741  3B          TSC
010742  AA          TAX
010743  C5 46       CMP $46
010745  90 04       BCC $01074B
010747  F0 02       BEQ $01074B
010749  80 0A       BRA $010755
01074B  38          SEC
01074C  E9 0C 00    SBC #$000C
01074F  90 04       BCC $010755
010751  C5 44       CMP $44
010753  B0 07       BCS $01075C
010755  A9 0C 00    LDA #$000C
010758  5C 00 80 04 JML $048000
01075C  1B          TCS
01075D  A3 10       LDA $10,S
01075F  83 0A       STA $0A,S
010761  A3 11       LDA $11,S
010763  83 0B       STA $0B,S
010765  A3 0A       LDA $0A,S
010767  85 00       STA $00
010769  A3 0B       LDA $0B,S
01076B  85 01       STA $01
01076D  A0 06 00    LDY #$0006
010770  B7 00       LDA [$00],Y
010772  83 06       STA $06,S
010774  E2 20       SEP #$20
010776  A0 08 00    LDY #$0008
010779  B7 00       LDA [$00],Y
01077B  83 08       STA $08,S
01077D  C2 20       REP #$20
01077F  A3 06       LDA $06,S
010781  83 01       STA $01,S
010783  A3 07       LDA $07,S
010785  83 02       STA $02,S
010787  A3 06       LDA $06,S
010789  85 00       STA $00
01078B  A3 07       LDA $07,S
01078D  85 01       STA $01
01078F  A0 03 00    LDY #$0003
010792  B7 00       LDA [$00],Y
010794  83 0A       STA $0A,S
010796  E2 20       SEP #$20
010798  A0 05 00    LDY #$0005
01079B  B7 00       LDA [$00],Y
01079D  83 0C       STA $0C,S
01079F  C2 20       REP #$20
0107A1  A3 0A       LDA $0A,S
0107A3  03 0B       ORA $0B,S
0107A5  F0 02       BEQ $0107A9
0107A7  80 11       BRA $0107BA
0107A9  C2 20       REP #$20
0107AB  A2 00 00    LDX #$0000
0107AE  A9 00 00    LDA #$0000
0107B1  A8          TAY
0107B2  3B          TSC
0107B3  18          CLC
0107B4  69 0C 00    ADC #$000C
0107B7  1B          TCS
0107B8  98          TYA
0107B9  6B          RTL
0107BA  A3 01       LDA $01,S
0107BC  83 06       STA $06,S
0107BE  A3 02       LDA $02,S
0107C0  83 07       STA $07,S
0107C2  3B          TSC
0107C3  AA          TAX
0107C4  C5 46       CMP $46
0107C6  90 04       BCC $0107CC
0107C8  F0 02       BEQ $0107CC
0107CA  80 0A       BRA $0107D6
0107CC  38          SEC
0107CD  E9 06 00    SBC #$0006
0107D0  90 04       BCC $0107D6
0107D2  C5 44       CMP $44
0107D4  B0 07       BCS $0107DD
0107D6  A9 06 00    LDA #$0006
0107D9  5C 00 80 04 JML $048000
0107DD  3B          TSC
0107DE  38          SEC
0107DF  E9 03 00    SBC #$0003
0107E2  1B          TCS
0107E3  C2 20       REP #$20
0107E5  A3 09       LDA $09,S
0107E7  83 01       STA $01,S
0107E9  A3 0A       LDA $0A,S
0107EB  83 02       STA $02,S
0107ED  22 0E 06 01 JSL $01060E
0107F1  A8          TAY
0107F2  3B          TSC
0107F3  18          CLC
0107F4  69 03 00    ADC #$0003
0107F7  1B          TCS
0107F8  98          TYA
0107F9  A3 01       LDA $01,S
0107FB  83 06       STA $06,S
0107FD  A3 02       LDA $02,S
0107FF  83 07       STA $07,S
010801  A3 07       LDA $07,S
010803  EB          XBA
010804  29 FF 00    AND #$00FF
010807  AA          TAX
010808  A3 06       LDA $06,S
01080A  A8          TAY
01080B  3B          TSC
01080C  18          CLC
01080D  69 0C 00    ADC #$000C
010810  1B          TCS
010811  98          TYA
010812  6B          RTL
010813  3B          TSC
010814  AA          TAX
010815  C5 46       CMP $46
010817  90 04       BCC $01081D
010819  F0 02       BEQ $01081D
01081B  80 0A       BRA $010827
01081D  38          SEC
01081E  E9 14 00    SBC #$0014
010821  90 04       BCC $010827
010823  C5 44       CMP $44
010825  B0 07       BCS $01082E
010827  A9 14 00    LDA #$0014
01082A  5C 00 80 04 JML $048000
01082E  1B          TCS
01082F  A3 18       LDA $18,S
010831  83 02       STA $02,S
010833  A3 19       LDA $19,S
010835  83 03       STA $03,S
010837  A3 02       LDA $02,S
010839  85 00       STA $00
01083B  A3 03       LDA $03,S
01083D  85 01       STA $01
01083F  A7 00       LDA [$00]
010841  83 06       STA $06,S
010843  E2 20       SEP #$20
010845  A0 02 00    LDY #$0002
010848  B7 00       LDA [$00],Y
01084A  83 08       STA $08,S
01084C  C2 20       REP #$20
01084E  83 12       STA $12,S
010850  A3 06       LDA $06,S
010852  83 02       STA $02,S
010854  A3 07       LDA $07,S
010856  83 03       STA $03,S
010858  A3 12       LDA $12,S
01085A  E2 20       SEP #$20
01085C  A3 04       LDA $04,S
01085E  C2 20       REP #$20
010860  A3 02       LDA $02,S
010862  85 00       STA $00
010864  A3 03       LDA $03,S
010866  85 01       STA $01
010868  A7 00       LDA [$00]
01086A  83 06       STA $06,S
01086C  E2 20       SEP #$20
01086E  A0 02 00    LDY #$0002
010871  B7 00       LDA [$00],Y
010873  83 08       STA $08,S
010875  C2 20       REP #$20
010877  A3 06       LDA $06,S
010879  03 07       ORA $07,S
01087B  D0 03       BNE $010880
01087D  82 F2 00    BRL $010972
010880  C2 20       REP #$20
010882  A3 1B       LDA $1B,S
010884  83 06       STA $06,S
010886  A3 1C       LDA $1C,S
010888  83 07       STA $07,S
01088A  A3 06       LDA $06,S
01088C  85 00       STA $00
01088E  A3 07       LDA $07,S
010890  85 01       STA $01
010892  E2 20       SEP #$20
010894  A0 07 00    LDY #$0007
010897  B7 00       LDA [$00],Y
010899  83 05       STA $05,S
01089B  A9 80       LDA #$80
01089D  85 10       STA $10
01089F  A3 05       LDA $05,S
0108A1  45 10       EOR $10
0108A3  83 01       STA $01,S
0108A5  C2 20       REP #$20
0108A7  A3 02       LDA $02,S
0108A9  85 00       STA $00
0108AB  A3 03       LDA $03,S
0108AD  85 01       STA $01
0108AF  E2 20       SEP #$20
0108B1  A0 07 00    LDY #$0007
0108B4  B7 00       LDA [$00],Y
0108B6  83 06       STA $06,S
0108B8  A9 80       LDA #$80
0108BA  85 10       STA $10
0108BC  A3 06       LDA $06,S
0108BE  45 10       EOR $10
0108C0  83 05       STA $05,S
0108C2  A3 05       LDA $05,S
0108C4  C3 01       CMP $01,S
0108C6  C2 20       REP #$20
0108C8  90 02       BCC $0108CC
0108CA  80 7A       BRA $010946
0108CC  C2 20       REP #$20
0108CE  A3 18       LDA $18,S
0108D0  83 06       STA $06,S
0108D2  A3 19       LDA $19,S
0108D4  83 07       STA $07,S
0108D6  A3 1B       LDA $1B,S
0108D8  83 0A       STA $0A,S
0108DA  A3 1C       LDA $1C,S
0108DC  83 0B       STA $0B,S
0108DE  A3 02       LDA $02,S
0108E0  85 00       STA $00
0108E2  A3 03       LDA $03,S
0108E4  85 01       STA $01
0108E6  A0 03 00    LDY #$0003
0108E9  B7 00       LDA [$00],Y
0108EB  83 0E       STA $0E,S
0108ED  E2 20       SEP #$20
0108EF  A0 05 00    LDY #$0005
0108F2  B7 00       LDA [$00],Y
0108F4  83 10       STA $10,S
0108F6  C2 20       REP #$20
0108F8  3B          TSC
0108F9  AA          TAX
0108FA  C5 46       CMP $46
0108FC  90 04       BCC $010902
0108FE  F0 02       BEQ $010902
010900  80 0A       BRA $01090C
010902  38          SEC
010903  E9 0C 00    SBC #$000C
010906  90 04       BCC $01090C
010908  C5 44       CMP $44
01090A  B0 07       BCS $010913
01090C  A9 0C 00    LDA #$000C
01090F  5C 00 80 04 JML $048000
010913  3B          TSC
010914  38          SEC
010915  E9 09 00    SBC #$0009
010918  1B          TCS
010919  C2 20       REP #$20
01091B  A3 0F       LDA $0F,S
01091D  83 01       STA $01,S
01091F  A3 10       LDA $10,S
010921  83 02       STA $02,S
010923  A3 13       LDA $13,S
010925  83 04       STA $04,S
010927  A3 14       LDA $14,S
010929  83 05       STA $05,S
01092B  A3 17       LDA $17,S
01092D  83 07       STA $07,S
01092F  A3 18       LDA $18,S
010931  83 08       STA $08,S
010933  22 F0 03 01 JSL $0103F0
010937  A8          TAY
010938  3B          TSC
010939  18          CLC
01093A  69 09 00    ADC #$0009
01093D  1B          TCS
01093E  98          TYA
01093F  3B          TSC
010940  18          CLC
010941  69 14 00    ADC #$0014
010944  1B          TCS
010945  6B          RTL
010946  A3 02       LDA $02,S
010948  85 00       STA $00
01094A  A3 03       LDA $03,S
01094C  85 01       STA $01
01094E  A7 00       LDA [$00]
010950  83 06       STA $06,S
010952  E2 20       SEP #$20
010954  A0 02 00    LDY #$0002
010957  B7 00       LDA [$00],Y
010959  83 08       STA $08,S
01095B  C2 20       REP #$20
01095D  83 12       STA $12,S
01095F  A3 06       LDA $06,S
010961  83 02       STA $02,S
010963  A3 07       LDA $07,S
010965  83 03       STA $03,S
010967  A3 12       LDA $12,S
010969  E2 20       SEP #$20
01096B  A3 04       LDA $04,S
01096D  C2 20       REP #$20
01096F  82 EE FE    BRL $010860
010972  A3 18       LDA $18,S
010974  83 02       STA $02,S
010976  A3 19       LDA $19,S
010978  83 03       STA $03,S
01097A  A3 1B       LDA $1B,S
01097C  83 06       STA $06,S
01097E  A3 1C       LDA $1C,S
010980  83 07       STA $07,S
010982  3B          TSC
010983  AA          TAX
010984  C5 46       CMP $46
010986  90 04       BCC $01098C
010988  F0 02       BEQ $01098C
01098A  80 0A       BRA $010996
01098C  38          SEC
01098D  E9 0A 00    SBC #$000A
010990  90 04       BCC $010996
010992  C5 44       CMP $44
010994  B0 07       BCS $01099D
010996  A9 0A 00    LDA #$000A
010999  5C 00 80 04 JML $048000
01099D  3B          TSC
01099E  38          SEC
01099F  E9 07 00    SBC #$0007
0109A2  1B          TCS
0109A3  E2 20       SEP #$20
0109A5  A9 00       LDA #$00
0109A7  83 07       STA $07,S
0109A9  C2 20       REP #$20
0109AB  A3 09       LDA $09,S
0109AD  83 01       STA $01,S
0109AF  A3 0A       LDA $0A,S
0109B1  83 02       STA $02,S
0109B3  A3 0D       LDA $0D,S
0109B5  83 04       STA $04,S
0109B7  A3 0E       LDA $0E,S
0109B9  83 05       STA $05,S
0109BB  22 EF 02 01 JSL $0102EF
0109BF  A8          TAY
0109C0  3B          TSC
0109C1  18          CLC
0109C2  69 07 00    ADC #$0007
0109C5  1B          TCS
0109C6  98          TYA
0109C7  3B          TSC
0109C8  18          CLC
0109C9  69 14 00    ADC #$0014
0109CC  1B          TCS
0109CD  6B          RTL
0109CE  3B          TSC
0109CF  AA          TAX
0109D0  C5 46       CMP $46
0109D2  90 04       BCC $0109D8
0109D4  F0 02       BEQ $0109D8
0109D6  80 0A       BRA $0109E2
0109D8  38          SEC
0109D9  E9 1A 00    SBC #$001A
0109DC  90 04       BCC $0109E2
0109DE  C5 44       CMP $44
0109E0  B0 07       BCS $0109E9
0109E2  A9 1A 00    LDA #$001A
0109E5  5C 00 80 04 JML $048000
0109E9  1B          TCS
0109EA  A3 1E       LDA $1E,S
0109EC  83 02       STA $02,S
0109EE  A3 1F       LDA $1F,S
0109F0  83 03       STA $03,S
0109F2  A3 02       LDA $02,S
0109F4  85 00       STA $00
0109F6  A3 03       LDA $03,S
0109F8  85 01       STA $01
0109FA  A7 00       LDA [$00]
0109FC  83 06       STA $06,S
0109FE  E2 20       SEP #$20
010A00  A0 02 00    LDY #$0002
010A03  B7 00       LDA [$00],Y
010A05  83 08       STA $08,S
010A07  C2 20       REP #$20
010A09  83 16       STA $16,S
010A0B  A3 06       LDA $06,S
010A0D  83 02       STA $02,S
010A0F  A3 07       LDA $07,S
010A11  83 03       STA $03,S
010A13  A3 16       LDA $16,S
010A15  E2 20       SEP #$20
010A17  A3 04       LDA $04,S
010A19  C2 20       REP #$20
010A1B  A3 02       LDA $02,S
010A1D  85 00       STA $00
010A1F  A3 03       LDA $03,S
010A21  85 01       STA $01
010A23  A7 00       LDA [$00]
010A25  83 06       STA $06,S
010A27  E2 20       SEP #$20
010A29  A0 02 00    LDY #$0002
010A2C  B7 00       LDA [$00],Y
010A2E  83 08       STA $08,S
010A30  C2 20       REP #$20
010A32  A3 06       LDA $06,S
010A34  03 07       ORA $07,S
010A36  D0 03       BNE $010A3B
010A38  82 24 01    BRL $010B5F
010A3B  C2 20       REP #$20
010A3D  A3 02       LDA $02,S
010A3F  85 00       STA $00
010A41  A3 03       LDA $03,S
010A43  85 01       STA $01
010A45  A0 08 00    LDY #$0008
010A48  B7 00       LDA [$00],Y
010A4A  83 06       STA $06,S
010A4C  E2 20       SEP #$20
010A4E  A0 0A 00    LDY #$000A
010A51  B7 00       LDA [$00],Y
010A53  83 08       STA $08,S
010A55  C2 20       REP #$20
010A57  A3 21       LDA $21,S
010A59  83 0A       STA $0A,S
010A5B  A3 22       LDA $22,S
010A5D  83 0B       STA $0B,S
010A5F  A3 06       LDA $06,S
010A61  03 07       ORA $07,S
010A63  D0 03       BNE $010A68
010A65  82 CB 00    BRL $010B33
010A68  C2 20       REP #$20
010A6A  83 16       STA $16,S
010A6C  A3 0A       LDA $0A,S
010A6E  83 18       STA $18,S
010A70  A3 0B       LDA $0B,S
010A72  83 19       STA $19,S
010A74  A3 06       LDA $06,S
010A76  83 0A       STA $0A,S
010A78  A3 07       LDA $07,S
010A7A  83 0B       STA $0B,S
010A7C  A3 18       LDA $18,S
010A7E  83 06       STA $06,S
010A80  A3 19       LDA $19,S
010A82  83 07       STA $07,S
010A84  A3 16       LDA $16,S
010A86  E2 20       SEP #$20
010A88  A3 08       LDA $08,S
010A8A  C2 20       REP #$20
010A8C  A3 0A       LDA $0A,S
010A8E  85 00       STA $00
010A90  A3 0B       LDA $0B,S
010A92  85 01       STA $01
010A94  E2 20       SEP #$20
010A96  A7 00       LDA [$00]
010A98  83 01       STA $01,S
010A9A  C2 20       REP #$20
010A9C  A3 06       LDA $06,S
010A9E  85 00       STA $00
010AA0  A3 07       LDA $07,S
010AA2  85 01       STA $01
010AA4  E2 20       SEP #$20
010AA6  A7 00       LDA [$00]
010AA8  83 05       STA $05,S
010AAA  A3 01       LDA $01,S
010AAC  C3 05       CMP $05,S
010AAE  C2 20       REP #$20
010AB0  F0 02       BEQ $010AB4
010AB2  80 7F       BRA $010B33
010AB4  C2 20       REP #$20
010AB6  A3 0A       LDA $0A,S
010AB8  85 00       STA $00
010ABA  A3 0B       LDA $0B,S
010ABC  85 01       STA $01
010ABE  E2 20       SEP #$20
010AC0  A7 00       LDA [$00]
010AC2  83 01       STA $01,S
010AC4  A3 01       LDA $01,S
010AC6  C9 00       CMP #$00
010AC8  C2 20       REP #$20
010ACA  F0 02       BEQ $010ACE
010ACC  80 14       BRA $010AE2
010ACE  C2 20       REP #$20
010AD0  A3 03       LDA $03,S
010AD2  EB          XBA
010AD3  29 FF 00    AND #$00FF
010AD6  AA          TAX
010AD7  A3 02       LDA $02,S
010AD9  A8          TAY
010ADA  3B          TSC
010ADB  18          CLC
010ADC  69 1A 00    ADC #$001A
010ADF  1B          TCS
010AE0  98          TYA
010AE1  6B          RTL
010AE2  A3 0A       LDA $0A,S
010AE4  18          CLC
010AE5  69 01 00    ADC #$0001
010AE8  83 12       STA $12,S
010AEA  E2 20       SEP #$20
010AEC  A3 0C       LDA $0C,S
010AEE  69 00       ADC #$00
010AF0  83 14       STA $14,S
010AF2  C2 20       REP #$20
010AF4  A3 12       LDA $12,S
010AF6  83 0A       STA $0A,S
010AF8  A3 13       LDA $13,S
010AFA  83 0B       STA $0B,S
010AFC  A3 06       LDA $06,S
010AFE  83 0E       STA $0E,S
010B00  A3 07       LDA $07,S
010B02  83 0F       STA $0F,S
010B04  A3 0E       LDA $0E,S
010B06  18          CLC
010B07  69 01 00    ADC #$0001
010B0A  83 06       STA $06,S
010B0C  E2 20       SEP #$20
010B0E  A3 10       LDA $10,S
010B10  69 00       ADC #$00
010B12  83 08       STA $08,S
010B14  C2 20       REP #$20
010B16  A3 06       LDA $06,S
010B18  83 0E       STA $0E,S
010B1A  A3 07       LDA $07,S
010B1C  83 0F       STA $0F,S
010B1E  83 16       STA $16,S
010B20  A3 0E       LDA $0E,S
010B22  83 06       STA $06,S
010B24  A3 0F       LDA $0F,S
010B26  83 07       STA $07,S
010B28  A3 16       LDA $16,S
010B2A  E2 20       SEP #$20
010B2C  A3 08       LDA $08,S
010B2E  C2 20       REP #$20
010B30  82 59 FF    BRL $010A8C
010B33  A3 02       LDA $02,S
010B35  85 00       STA $00
010B37  A3 03       LDA $03,S
010B39  85 01       STA $01
010B3B  A7 00       LDA [$00]
010B3D  83 06       STA $06,S
010B3F  E2 20       SEP #$20
010B41  A0 02 00    LDY #$0002
010B44  B7 00       LDA [$00],Y
010B46  83 08       STA $08,S
010B48  C2 20       REP #$20
010B4A  83 16       STA $16,S
010B4C  A3 06       LDA $06,S
010B4E  83 02       STA $02,S
010B50  A3 07       LDA $07,S
010B52  83 03       STA $03,S
010B54  A3 16       LDA $16,S
010B56  E2 20       SEP #$20
010B58  A3 04       LDA $04,S
010B5A  C2 20       REP #$20
010B5C  82 BC FE    BRL $010A1B
010B5F  A2 00 00    LDX #$0000
010B62  A9 00 00    LDA #$0000
010B65  A8          TAY
010B66  3B          TSC
010B67  18          CLC
010B68  69 1A 00    ADC #$001A
010B6B  1B          TCS
010B6C  98          TYA
010B6D  6B          RTL
010B6E  3B          TSC
010B6F  AA          TAX
010B70  C5 46       CMP $46
010B72  90 04       BCC $010B78
010B74  F0 02       BEQ $010B78
010B76  80 0A       BRA $010B82
010B78  38          SEC
010B79  E9 00 00    SBC #$0000
010B7C  90 04       BCC $010B82
010B7E  C5 44       CMP $44
010B80  B0 07       BCS $010B89
010B82  A9 00 00    LDA #$0000
010B85  5C 00 80 04 JML $048000
010B89  1B          TCS
010B8A  6B          RTL
