010000  3B          TSC
010001  AA          TAX
010002  C5 46       CMP $46
010004  B0 04       BCS $01000A
010006  5C 14 00 01 JML $010014
01000A  D0 04       BNE $010010
01000C  5C 14 00 01 JML $010014
010010  5C 26 00 01 JML $010026
010014  38          SEC
010015  E9 10 00    SBC #$0010
010018  B0 04       BCS $01001E
01001A  5C 26 00 01 JML $010026
01001E  C5 44       CMP $44
010020  90 04       BCC $010026
010022  5C 2D 00 01 JML $01002D
010026  A9 10 00    LDA #$0010
010029  5C 00 80 04 JML $048000
01002D  1B          TCS
01002E  E2 20       SEP #$20
010030  A3 14       LDA $14,S
010032  83 02       STA $02,S
010034  A3 15       LDA $15,S
010036  83 03       STA $03,S
010038  C2 20       REP #$20
01003A  C2 20       REP #$20
01003C  A9 00 00    LDA #$0000
01003F  83 0C       STA $0C,S
010041  A3 0C       LDA $0C,S
010043  83 08       STA $08,S
010045  5C 49 00 01 JML $010049
010049  C2 20       REP #$20
01004B  A3 02       LDA $02,S
01004D  83 06       STA $06,S
01004F  A3 06       LDA $06,S
010051  C9 00 00    CMP #$0000
010054  F0 04       BEQ $01005A
010056  5C 5E 00 01 JML $01005E
01005A  5C 8D 00 01 JML $01008D
01005E  C2 20       REP #$20
010060  5C 64 00 01 JML $010064
010064  C2 20       REP #$20
010066  A3 02       LDA $02,S
010068  83 0A       STA $0A,S
01006A  A3 08       LDA $08,S
01006C  18          CLC
01006D  63 0A       ADC $0A,S
01006F  83 06       STA $06,S
010071  A3 02       LDA $02,S
010073  83 08       STA $08,S
010075  A3 08       LDA $08,S
010077  38          SEC
010078  E9 01 00    SBC #$0001
01007B  83 0A       STA $0A,S
01007D  A3 0A       LDA $0A,S
01007F  83 02       STA $02,S
010081  A3 06       LDA $06,S
010083  83 0C       STA $0C,S
010085  A3 0C       LDA $0C,S
010087  83 08       STA $08,S
010089  5C 49 00 01 JML $010049
01008D  C2 20       REP #$20
01008F  A3 08       LDA $08,S
010091  A8          TAY
010092  3B          TSC
010093  18          CLC
010094  69 10 00    ADC #$0010
010097  1B          TCS
010098  98          TYA
010099  6B          RTL
