010000  3B          TSC
010001  AA          TAX
010002  C5 46       CMP $46
010004  B0 04       BCS $01000A
010006  5C 14 00 01 JML $010014
01000A  D0 04       BNE $010010
01000C  5C 14 00 01 JML $010014
010010  5C 26 00 01 JML $010026
010014  38          SEC
010015  E9 0E 00    SBC #$000E
010018  B0 04       BCS $01001E
01001A  5C 26 00 01 JML $010026
01001E  C5 44       CMP $44
010020  90 04       BCC $010026
010022  5C 2D 00 01 JML $01002D
010026  A9 0E 00    LDA #$000E
010029  5C 00 80 04 JML $048000
01002D  1B          TCS
01002E  E2 20       SEP #$20
010030  A3 12       LDA $12,S
010032  83 02       STA $02,S
010034  A3 13       LDA $13,S
010036  83 03       STA $03,S
010038  C2 20       REP #$20
01003A  E2 20       SEP #$20
01003C  A9 00       LDA #$00
01003E  83 08       STA $08,S
010040  A9 00       LDA #$00
010042  83 09       STA $09,S
010044  C2 20       REP #$20
010046  A3 08       LDA $08,S
010048  83 04       STA $04,S
01004A  5C 4E 00 01 JML $01004E
01004E  C2 20       REP #$20
010050  A3 02       LDA $02,S
010052  83 08       STA $08,S
010054  E2 20       SEP #$20
010056  A9 00       LDA #$00
010058  83 0A       STA $0A,S
01005A  A9 00       LDA #$00
01005C  83 0B       STA $0B,S
01005E  C2 20       REP #$20
010060  A3 08       LDA $08,S
010062  C3 0A       CMP $0A,S
010064  F0 04       BEQ $01006A
010066  5C 6E 00 01 JML $01006E
01006A  5C 9D 00 01 JML $01009D
01006E  C2 20       REP #$20
010070  5C 74 00 01 JML $010074
010074  C2 20       REP #$20
010076  A3 02       LDA $02,S
010078  83 08       STA $08,S
01007A  A3 04       LDA $04,S
01007C  83 0A       STA $0A,S
01007E  A3 0A       LDA $0A,S
010080  18          CLC
010081  63 08       ADC $08,S
010083  83 0C       STA $0C,S
010085  A3 0C       LDA $0C,S
010087  83 04       STA $04,S
010089  A3 02       LDA $02,S
01008B  83 08       STA $08,S
01008D  A3 08       LDA $08,S
01008F  38          SEC
010090  E9 01 00    SBC #$0001
010093  83 0A       STA $0A,S
010095  A3 0A       LDA $0A,S
010097  83 02       STA $02,S
010099  5C 4E 00 01 JML $01004E
01009D  C2 20       REP #$20
01009F  A3 04       LDA $04,S
0100A1  83 08       STA $08,S
0100A3  A3 08       LDA $08,S
0100A5  A8          TAY
0100A6  3B          TSC
0100A7  18          CLC
0100A8  69 0E 00    ADC #$000E
0100AB  1B          TCS
0100AC  98          TYA
0100AD  6B          RTL
