010000  3B          TSC
010001  AA          TAX
010002  C5 46       CMP $46
010004  B0 04       BCS $01000A
010006  5C 14 00 01 JML $010014
01000A  D0 04       BNE $010010
01000C  5C 14 00 01 JML $010014
010010  5C 26 00 01 JML $010026
010014  38          SEC
010015  E9 16 00    SBC #$0016
010018  B0 04       BCS $01001E
01001A  5C 26 00 01 JML $010026
01001E  C5 44       CMP $44
010020  90 04       BCC $010026
010022  5C 2D 00 01 JML $01002D
010026  A9 16 00    LDA #$0016
010029  5C 00 80 04 JML $048000
01002D  1B          TCS
01002E  E2 20       SEP #$20
010030  A3 1A       LDA $1A,S
010032  83 01       STA $01,S
010034  A3 1B       LDA $1B,S
010036  83 02       STA $02,S
010038  A3 1C       LDA $1C,S
01003A  83 03       STA $03,S
01003C  C2 20       REP #$20
01003E  E2 20       SEP #$20
010040  A3 1E       LDA $1E,S
010042  83 04       STA $04,S
010044  A3 1F       LDA $1F,S
010046  83 05       STA $05,S
010048  C2 20       REP #$20
01004A  A9 00 00    LDA #$0000
01004D  83 0C       STA $0C,S
01004F  A3 04       LDA $04,S
010051  83 08       STA $08,S
010053  C9 00 00    CMP #$0000
010056  F0 04       BEQ $01005C
010058  5C 60 00 01 JML $010060
01005C  5C D3 00 01 JML $0100D3
010060  C2 20       REP #$20
010062  A3 01       LDA $01,S
010064  83 08       STA $08,S
010066  A3 02       LDA $02,S
010068  83 09       STA $09,S
01006A  A3 08       LDA $08,S
01006C  85 00       STA $00
01006E  A3 09       LDA $09,S
010070  85 01       STA $01
010072  E2 20       SEP #$20
010074  A0 00 00    LDY #$0000
010077  B7 00       LDA [$00],Y
010079  83 07       STA $07,S
01007B  A3 07       LDA $07,S
01007D  83 08       STA $08,S
01007F  A9 00       LDA #$00
010081  83 09       STA $09,S
010083  C2 20       REP #$20
010085  A3 0C       LDA $0C,S
010087  18          CLC
010088  63 08       ADC $08,S
01008A  83 10       STA $10,S
01008C  A3 01       LDA $01,S
01008E  83 08       STA $08,S
010090  A3 02       LDA $02,S
010092  83 09       STA $09,S
010094  E2 20       SEP #$20
010096  18          CLC
010097  A9 01       LDA #$01
010099  85 10       STA $10
01009B  A3 08       LDA $08,S
01009D  65 10       ADC $10
01009F  83 0C       STA $0C,S
0100A1  A9 00       LDA #$00
0100A3  85 10       STA $10
0100A5  A3 09       LDA $09,S
0100A7  65 10       ADC $10
0100A9  83 0D       STA $0D,S
0100AB  A9 00       LDA #$00
0100AD  85 10       STA $10
0100AF  A3 0A       LDA $0A,S
0100B1  65 10       ADC $10
0100B3  83 0E       STA $0E,S
0100B5  C2 20       REP #$20
0100B7  A3 0C       LDA $0C,S
0100B9  83 01       STA $01,S
0100BB  A3 0D       LDA $0D,S
0100BD  83 02       STA $02,S
0100BF  A3 04       LDA $04,S
0100C1  83 08       STA $08,S
0100C3  38          SEC
0100C4  E9 01 00    SBC #$0001
0100C7  83 0A       STA $0A,S
0100C9  83 04       STA $04,S
0100CB  A3 10       LDA $10,S
0100CD  83 0C       STA $0C,S
0100CF  5C 4F 00 01 JML $01004F
0100D3  A3 0C       LDA $0C,S
0100D5  A8          TAY
0100D6  3B          TSC
0100D7  18          CLC
0100D8  69 16 00    ADC #$0016
0100DB  1B          TCS
0100DC  98          TYA
0100DD  6B          RTL
