010000  3B          TSC
010001  AA          TAX
010002  C5 46       CMP $46
010004  B0 04       BCS $01000A
010006  5C 14 00 01 JML $010014
01000A  D0 04       BNE $010010
01000C  5C 14 00 01 JML $010014
010010  5C 26 00 01 JML $010026
010014  38          SEC
010015  E9 12 00    SBC #$0012
010018  B0 04       BCS $01001E
01001A  5C 26 00 01 JML $010026
01001E  C5 44       CMP $44
010020  90 04       BCC $010026
010022  5C 2D 00 01 JML $01002D
010026  A9 12 00    LDA #$0012
010029  5C 00 80 04 JML $048000
01002D  1B          TCS
01002E  A3 16       LDA $16,S
010030  83 0C       STA $0C,S
010032  83 02       STA $02,S
010034  A3 16       LDA $16,S
010036  83 0C       STA $0C,S
010038  18          CLC
010039  69 01 00    ADC #$0001
01003C  83 0E       STA $0E,S
01003E  83 04       STA $04,S
010040  E2 20       SEP #$20
010042  A9 00       LDA #$00
010044  83 0C       STA $0C,S
010046  A9 00       LDA #$00
010048  83 0D       STA $0D,S
01004A  C2 20       REP #$20
01004C  A3 0C       LDA $0C,S
01004E  83 08       STA $08,S
010050  A3 08       LDA $08,S
010052  83 0C       STA $0C,S
010054  E2 20       SEP #$20
010056  A9 07       LDA #$07
010058  83 0E       STA $0E,S
01005A  A9 00       LDA #$00
01005C  83 0F       STA $0F,S
01005E  C2 20       REP #$20
010060  A3 0E       LDA $0E,S
010062  C3 0C       CMP $0C,S
010064  90 04       BCC $01006A
010066  5C 6E 00 01 JML $01006E
01006A  5C 98 00 01 JML $010098
01006E  C2 20       REP #$20
010070  A3 02       LDA $02,S
010072  83 0C       STA $0C,S
010074  83 06       STA $06,S
010076  A3 04       LDA $04,S
010078  83 0C       STA $0C,S
01007A  83 02       STA $02,S
01007C  A3 06       LDA $06,S
01007E  83 0C       STA $0C,S
010080  18          CLC
010081  69 01 00    ADC #$0001
010084  83 0E       STA $0E,S
010086  83 04       STA $04,S
010088  A3 08       LDA $08,S
01008A  83 0C       STA $0C,S
01008C  18          CLC
01008D  69 01 00    ADC #$0001
010090  83 0E       STA $0E,S
010092  83 08       STA $08,S
010094  5C 50 00 01 JML $010050
010098  A3 02       LDA $02,S
01009A  83 0C       STA $0C,S
01009C  A3 04       LDA $04,S
01009E  83 0E       STA $0E,S
0100A0  A3 0C       LDA $0C,S
0100A2  18          CLC
0100A3  63 0E       ADC $0E,S
0100A5  83 10       STA $10,S
0100A7  A8          TAY
0100A8  3B          TSC
0100A9  18          CLC
0100AA  69 12 00    ADC #$0012
0100AD  1B          TCS
0100AE  98          TYA
0100AF  6B          RTL
