010000  3B          TSC
010001  AA          TAX
010002  C5 46       CMP $46
010004  B0 04       BCS $01000A
010006  5C 14 00 01 JML $010014
01000A  D0 04       BNE $010010
01000C  5C 14 00 01 JML $010014
010010  5C 26 00 01 JML $010026
010014  38          SEC
010015  E9 06 00    SBC #$0006
010018  B0 04       BCS $01001E
01001A  5C 26 00 01 JML $010026
01001E  C5 44       CMP $44
010020  90 04       BCC $010026
010022  5C 2D 00 01 JML $01002D
010026  A9 06 00    LDA #$0006
010029  5C 00 80 04 JML $048000
01002D  1B          TCS
01002E  A3 0A       LDA $0A,S
010030  83 02       STA $02,S
010032  A3 0C       LDA $0C,S
010034  83 04       STA $04,S
010036  C3 02       CMP $02,S
010038  B0 04       BCS $01003E
01003A  5C 42 00 01 JML $010042
01003E  5C 51 00 01 JML $010051
010042  C2 20       REP #$20
010044  A3 0A       LDA $0A,S
010046  83 02       STA $02,S
010048  A8          TAY
010049  3B          TSC
01004A  18          CLC
01004B  69 06 00    ADC #$0006
01004E  1B          TCS
01004F  98          TYA
010050  6B          RTL
010051  A3 0C       LDA $0C,S
010053  83 02       STA $02,S
010055  A8          TAY
010056  3B          TSC
010057  18          CLC
010058  69 06 00    ADC #$0006
01005B  1B          TCS
01005C  98          TYA
01005D  6B          RTL
