010000  3B          TSC
010001  AA          TAX
010002  C5 46       CMP $46
010004  B0 04       BCS $01000A
010006  5C 14 00 01 JML $010014
01000A  D0 04       BNE $010010
01000C  5C 14 00 01 JML $010014
010010  5C 26 00 01 JML $010026
010014  38          SEC
010015  E9 0E 00    SBC #$000E
010018  B0 04       BCS $01001E
01001A  5C 26 00 01 JML $010026
01001E  C5 44       CMP $44
010020  90 04       BCC $010026
010022  5C 2D 00 01 JML $01002D
010026  A9 0E 00    LDA #$000E
010029  5C 00 80 04 JML $048000
01002D  1B          TCS
01002E  E2 20       SEP #$20
010030  A3 12       LDA $12,S
010032  83 02       STA $02,S
010034  A3 13       LDA $13,S
010036  83 03       STA $03,S
010038  C2 20       REP #$20
01003A  E2 20       SEP #$20
01003C  A9 00       LDA #$00
01003E  83 08       STA $08,S
010040  A9 00       LDA #$00
010042  83 09       STA $09,S
010044  C2 20       REP #$20
010046  A3 08       LDA $08,S
010048  83 04       STA $04,S
01004A  A3 02       LDA $02,S
01004C  83 08       STA $08,S
01004E  E2 20       SEP #$20
010050  A9 00       LDA #$00
010052  83 0A       STA $0A,S
010054  A9 00       LDA #$00
010056  83 0B       STA $0B,S
010058  C2 20       REP #$20
01005A  A3 08       LDA $08,S
01005C  C3 0A       CMP $0A,S
01005E  F0 04       BEQ $010064
010060  5C 68 00 01 JML $010068
010064  5C 89 00 01 JML $010089
010068  C2 20       REP #$20
01006A  A3 02       LDA $02,S
01006C  83 08       STA $08,S
01006E  A3 04       LDA $04,S
010070  83 0A       STA $0A,S
010072  18          CLC
010073  63 08       ADC $08,S
010075  83 0C       STA $0C,S
010077  83 04       STA $04,S
010079  A3 02       LDA $02,S
01007B  83 08       STA $08,S
01007D  38          SEC
01007E  E9 01 00    SBC #$0001
010081  83 0A       STA $0A,S
010083  83 02       STA $02,S
010085  5C 4A 00 01 JML $01004A
010089  A3 04       LDA $04,S
01008B  83 08       STA $08,S
01008D  A8          TAY
01008E  3B          TSC
01008F  18          CLC
010090  69 0E 00    ADC #$000E
010093  1B          TCS
010094  98          TYA
010095  6B          RTL
