010000  3B          TSC
010001  AA          TAX
010002  C5 46       CMP $46
010004  B0 04       BCS $01000A
010006  5C 14 00 01 JML $010014
01000A  D0 04       BNE $010010
01000C  5C 14 00 01 JML $010014
010010  5C 26 00 01 JML $010026
010014  38          SEC
010015  E9 10 00    SBC #$0010
010018  B0 04       BCS $01001E
01001A  5C 26 00 01 JML $010026
01001E  C5 44       CMP $44
010020  90 04       BCC $010026
010022  5C 2D 00 01 JML $01002D
010026  A9 10 00    LDA #$0010
010029  5C 00 80 04 JML $048000
01002D  1B          TCS
01002E  E2 20       SEP #$20
010030  A3 14       LDA $14,S
010032  83 01       STA $01,S
010034  A3 15       LDA $15,S
010036  83 02       STA $02,S
010038  A3 16       LDA $16,S
01003A  83 03       STA $03,S
01003C  C2 20       REP #$20
01003E  E2 20       SEP #$20
010040  A3 18       LDA $18,S
010042  83 04       STA $04,S
010044  A3 19       LDA $19,S
010046  83 05       STA $05,S
010048  C2 20       REP #$20
01004A  E2 20       SEP #$20
01004C  A9 00       LDA #$00
01004E  83 0A       STA $0A,S
010050  A9 00       LDA #$00
010052  83 0B       STA $0B,S
010054  C2 20       REP #$20
010056  A3 0A       LDA $0A,S
010058  83 06       STA $06,S
01005A  5C 5E 00 01 JML $01005E
01005E  C2 20       REP #$20
010060  A3 04       LDA $04,S
010062  83 0A       STA $0A,S
010064  E2 20       SEP #$20
010066  A9 00       LDA #$00
010068  83 0C       STA $0C,S
01006A  A9 00       LDA #$00
01006C  83 0D       STA $0D,S
01006E  C2 20       REP #$20
010070  A3 0A       LDA $0A,S
010072  C3 0C       CMP $0C,S
010074  F0 04       BEQ $01007A
010076  5C 7E 00 01 JML $01007E
01007A  5C F7 00 01 JML $0100F7
01007E  C2 20       REP #$20
010080  5C 84 00 01 JML $010084
010084  C2 20       REP #$20
010086  A3 01       LDA $01,S
010088  83 0A       STA $0A,S
01008A  A3 02       LDA $02,S
01008C  83 0B       STA $0B,S
01008E  A3 0A       LDA $0A,S
010090  85 00       STA $00
010092  A3 0B       LDA $0B,S
010094  85 01       STA $01
010096  E2 20       SEP #$20
010098  A0 00 00    LDY #$0000
01009B  B7 00       LDA [$00],Y
01009D  83 09       STA $09,S
01009F  A3 09       LDA $09,S
0100A1  83 0A       STA $0A,S
0100A3  A9 00       LDA #$00
0100A5  83 0B       STA $0B,S
0100A7  C2 20       REP #$20
0100A9  A3 06       LDA $06,S
0100AB  83 0C       STA $0C,S
0100AD  18          CLC
0100AE  63 0A       ADC $0A,S
0100B0  83 0E       STA $0E,S
0100B2  83 06       STA $06,S
0100B4  A3 01       LDA $01,S
0100B6  83 0A       STA $0A,S
0100B8  A3 02       LDA $02,S
0100BA  83 0B       STA $0B,S
0100BC  E2 20       SEP #$20
0100BE  18          CLC
0100BF  A9 01       LDA #$01
0100C1  85 10       STA $10
0100C3  A3 0A       LDA $0A,S
0100C5  65 10       ADC $10
0100C7  83 0E       STA $0E,S
0100C9  A9 00       LDA #$00
0100CB  85 10       STA $10
0100CD  A3 0B       LDA $0B,S
0100CF  65 10       ADC $10
0100D1  83 0F       STA $0F,S
0100D3  A9 00       LDA #$00
0100D5  85 10       STA $10
0100D7  A3 0C       LDA $0C,S
0100D9  65 10       ADC $10
0100DB  83 10       STA $10,S
0100DD  C2 20       REP #$20
0100DF  A3 0E       LDA $0E,S
0100E1  83 01       STA $01,S
0100E3  A3 0F       LDA $0F,S
0100E5  83 02       STA $02,S
0100E7  A3 04       LDA $04,S
0100E9  83 0A       STA $0A,S
0100EB  38          SEC
0100EC  E9 01 00    SBC #$0001
0100EF  83 0C       STA $0C,S
0100F1  83 04       STA $04,S
0100F3  5C 5E 00 01 JML $01005E
0100F7  C2 20       REP #$20
0100F9  A3 06       LDA $06,S
0100FB  83 0A       STA $0A,S
0100FD  A8          TAY
0100FE  3B          TSC
0100FF  18          CLC
010100  69 10 00    ADC #$0010
010103  1B          TCS
010104  98          TYA
010105  6B          RTL
