010000  3B          TSC
010001  AA          TAX
010002  C5 46       CMP $46
010004  B0 04       BCS $01000A
010006  5C 14 00 01 JML $010014
01000A  D0 04       BNE $010010
01000C  5C 14 00 01 JML $010014
010010  5C 26 00 01 JML $010026
010014  38          SEC
010015  E9 16 00    SBC #$0016
010018  B0 04       BCS $01001E
01001A  5C 26 00 01 JML $010026
01001E  C5 44       CMP $44
010020  90 04       BCC $010026
010022  5C 2D 00 01 JML $01002D
010026  A9 16 00    LDA #$0016
010029  5C 00 80 04 JML $048000
01002D  1B          TCS
01002E  E2 20       SEP #$20
010030  A3 1A       LDA $1A,S
010032  83 01       STA $01,S
010034  A3 1B       LDA $1B,S
010036  83 02       STA $02,S
010038  A3 1C       LDA $1C,S
01003A  83 03       STA $03,S
01003C  C2 20       REP #$20
01003E  E2 20       SEP #$20
010040  A3 1E       LDA $1E,S
010042  83 04       STA $04,S
010044  A3 1F       LDA $1F,S
010046  83 05       STA $05,S
010048  C2 20       REP #$20
01004A  C2 20       REP #$20
01004C  A9 00 00    LDA #$0000
01004F  83 0C       STA $0C,S
010051  5C 55 00 01 JML $010055
010055  C2 20       REP #$20
010057  A3 04       LDA $04,S
010059  83 08       STA $08,S
01005B  C9 00 00    CMP #$0000
01005E  F0 04       BEQ $010064
010060  5C 68 00 01 JML $010068
010064  5C E1 00 01 JML $0100E1
010068  C2 20       REP #$20
01006A  5C 6E 00 01 JML $01006E
01006E  C2 20       REP #$20
010070  A3 01       LDA $01,S
010072  83 08       STA $08,S
010074  A3 02       LDA $02,S
010076  83 09       STA $09,S
010078  A3 08       LDA $08,S
01007A  85 00       STA $00
01007C  A3 09       LDA $09,S
01007E  85 01       STA $01
010080  E2 20       SEP #$20
010082  A0 00 00    LDY #$0000
010085  B7 00       LDA [$00],Y
010087  83 07       STA $07,S
010089  A3 07       LDA $07,S
01008B  83 08       STA $08,S
01008D  A9 00       LDA #$00
01008F  83 09       STA $09,S
010091  C2 20       REP #$20
010093  A3 0C       LDA $0C,S
010095  18          CLC
010096  63 08       ADC $08,S
010098  83 10       STA $10,S
01009A  A3 01       LDA $01,S
01009C  83 08       STA $08,S
01009E  A3 02       LDA $02,S
0100A0  83 09       STA $09,S
0100A2  E2 20       SEP #$20
0100A4  18          CLC
0100A5  A9 01       LDA #$01
0100A7  85 10       STA $10
0100A9  A3 08       LDA $08,S
0100AB  65 10       ADC $10
0100AD  83 0C       STA $0C,S
0100AF  A9 00       LDA #$00
0100B1  85 10       STA $10
0100B3  A3 09       LDA $09,S
0100B5  65 10       ADC $10
0100B7  83 0D       STA $0D,S
0100B9  A9 00       LDA #$00
0100BB  85 10       STA $10
0100BD  A3 0A       LDA $0A,S
0100BF  65 10       ADC $10
0100C1  83 0E       STA $0E,S
0100C3  C2 20       REP #$20
0100C5  A3 0C       LDA $0C,S
0100C7  83 01       STA $01,S
0100C9  A3 0D       LDA $0D,S
0100CB  83 02       STA $02,S
0100CD  A3 04       LDA $04,S
0100CF  83 08       STA $08,S
0100D1  38          SEC
0100D2  E9 01 00    SBC #$0001
0100D5  83 0A       STA $0A,S
0100D7  83 04       STA $04,S
0100D9  A3 10       LDA $10,S
0100DB  83 0C       STA $0C,S
0100DD  5C 55 00 01 JML $010055
0100E1  C2 20       REP #$20
0100E3  A3 0C       LDA $0C,S
0100E5  A8          TAY
0100E6  3B          TSC
0100E7  18          CLC
0100E8  69 16 00    ADC #$0016
0100EB  1B          TCS
0100EC  98          TYA
0100ED  6B          RTL
