010000  3B          TSC
010001  AA          TAX
010002  C5 46       CMP $46
010004  B0 04       BCS $01000A
010006  5C 14 00 01 JML $010014
01000A  D0 04       BNE $010010
01000C  5C 14 00 01 JML $010014
010010  5C 26 00 01 JML $010026
010014  38          SEC
010015  E9 12 00    SBC #$0012
010018  B0 04       BCS $01001E
01001A  5C 26 00 01 JML $010026
01001E  C5 44       CMP $44
010020  90 04       BCC $010026
010022  5C 2D 00 01 JML $01002D
010026  A9 12 00    LDA #$0012
010029  5C 00 80 04 JML $048000
01002D  1B          TCS
01002E  C2 20       REP #$20
010030  A3 16       LDA $16,S
010032  83 0C       STA $0C,S
010034  83 02       STA $02,S
010036  A3 16       LDA $16,S
010038  83 0C       STA $0C,S
01003A  18          CLC
01003B  69 01 00    ADC #$0001
01003E  83 0E       STA $0E,S
010040  83 04       STA $04,S
010042  E2 20       SEP #$20
010044  A9 00       LDA #$00
010046  83 0C       STA $0C,S
010048  A9 00       LDA #$00
01004A  83 0D       STA $0D,S
01004C  C2 20       REP #$20
01004E  A3 0C       LDA $0C,S
010050  83 08       STA $08,S
010052  5C 56 00 01 JML $010056
010056  C2 20       REP #$20
010058  A3 08       LDA $08,S
01005A  83 0C       STA $0C,S
01005C  E2 20       SEP #$20
01005E  A9 07       LDA #$07
010060  83 0E       STA $0E,S
010062  A9 00       LDA #$00
010064  83 0F       STA $0F,S
010066  C2 20       REP #$20
010068  A3 0E       LDA $0E,S
01006A  C3 0C       CMP $0C,S
01006C  90 04       BCC $010072
01006E  5C 76 00 01 JML $010076
010072  5C A6 00 01 JML $0100A6
010076  C2 20       REP #$20
010078  5C 7C 00 01 JML $01007C
01007C  C2 20       REP #$20
01007E  A3 02       LDA $02,S
010080  83 0C       STA $0C,S
010082  83 06       STA $06,S
010084  A3 04       LDA $04,S
010086  83 0C       STA $0C,S
010088  83 02       STA $02,S
01008A  A3 06       LDA $06,S
01008C  83 0C       STA $0C,S
01008E  18          CLC
01008F  69 01 00    ADC #$0001
010092  83 0E       STA $0E,S
010094  83 04       STA $04,S
010096  A3 08       LDA $08,S
010098  83 0C       STA $0C,S
01009A  18          CLC
01009B  69 01 00    ADC #$0001
01009E  83 0E       STA $0E,S
0100A0  83 08       STA $08,S
0100A2  5C 56 00 01 JML $010056
0100A6  C2 20       REP #$20
0100A8  A3 02       LDA $02,S
0100AA  83 0C       STA $0C,S
0100AC  A3 04       LDA $04,S
0100AE  83 0E       STA $0E,S
0100B0  A3 0C       LDA $0C,S
0100B2  18          CLC
0100B3  63 0E       ADC $0E,S
0100B5  83 10       STA $10,S
0100B7  A8          TAY
0100B8  3B          TSC
0100B9  18          CLC
0100BA  69 12 00    ADC #$0012
0100BD  1B          TCS
0100BE  98          TYA
0100BF  6B          RTL
