010000  3B          TSC
010001  AA          TAX
010002  C5 46       CMP $46
010004  B0 04       BCS $01000A
010006  5C 14 00 01 JML $010014
01000A  D0 04       BNE $010010
01000C  5C 14 00 01 JML $010014
010010  5C 26 00 01 JML $010026
010014  38          SEC
010015  E9 06 00    SBC #$0006
010018  B0 04       BCS $01001E
01001A  5C 26 00 01 JML $010026
01001E  C5 44       CMP $44
010020  90 04       BCC $010026
010022  5C 2D 00 01 JML $01002D
010026  A9 06 00    LDA #$0006
010029  5C 00 80 04 JML $048000
01002D  1B          TCS
01002E  C2 20       REP #$20
010030  A3 0A       LDA $0A,S
010032  83 02       STA $02,S
010034  A3 0C       LDA $0C,S
010036  83 04       STA $04,S
010038  C3 02       CMP $02,S
01003A  B0 04       BCS $010040
01003C  5C 44 00 01 JML $010044
010040  5C 59 00 01 JML $010059
010044  C2 20       REP #$20
010046  5C 4A 00 01 JML $01004A
01004A  C2 20       REP #$20
01004C  A3 0A       LDA $0A,S
01004E  83 02       STA $02,S
010050  A8          TAY
010051  3B          TSC
010052  18          CLC
010053  69 06 00    ADC #$0006
010056  1B          TCS
010057  98          TYA
010058  6B          RTL
010059  C2 20       REP #$20
01005B  A3 0C       LDA $0C,S
01005D  83 02       STA $02,S
01005F  A8          TAY
010060  3B          TSC
010061  18          CLC
010062  69 06 00    ADC #$0006
010065  1B          TCS
010066  98          TYA
010067  6B          RTL
