010000  3B          TSC
010001  AA          TAX
010002  C5 46       CMP $46
010004  B0 04       BCS $01000A
010006  5C 14 00 01 JML $010014
01000A  D0 04       BNE $010010
01000C  5C 14 00 01 JML $010014
010010  5C 26 00 01 JML $010026
010014  38          SEC
010015  E9 06 00    SBC #$0006
010018  B0 04       BCS $01001E
01001A  5C 26 00 01 JML $010026
01001E  C5 44       CMP $44
010020  90 04       BCC $010026
010022  5C 2D 00 01 JML $01002D
010026  A9 06 00    LDA #$0006
010029  5C 00 80 04 JML $048000
01002D  1B          TCS
01002E  C2 20       REP #$20
010030  A3 0A       LDA $0A,S
010032  85 00       STA $00
010034  A3 0B       LDA $0B,S
010036  85 01       STA $01
010038  A0 03 00    LDY #$0003
01003B  B7 00       LDA [$00],Y
01003D  85 03       STA $03
01003F  E2 20       SEP #$20
010041  A0 05 00    LDY #$0005
010044  B7 00       LDA [$00],Y
010046  85 05       STA $05
010048  C2 20       REP #$20
01004A  A5 03       LDA $03
01004C  83 01       STA $01,S
01004E  A5 04       LDA $04
010050  83 02       STA $02,S
010052  A3 0A       LDA $0A,S
010054  85 00       STA $00
010056  A3 0B       LDA $0B,S
010058  85 01       STA $01
01005A  A0 00 00    LDY #$0000
01005D  B7 00       LDA [$00],Y
01005F  85 03       STA $03
010061  E2 20       SEP #$20
010063  A0 02 00    LDY #$0002
010066  B7 00       LDA [$00],Y
010068  85 05       STA $05
01006A  C2 20       REP #$20
01006C  A5 03       LDA $03
01006E  83 04       STA $04,S
010070  A5 04       LDA $04
010072  83 05       STA $05,S
010074  A3 01       LDA $01,S
010076  85 00       STA $00
010078  A3 02       LDA $02,S
01007A  85 01       STA $01
01007C  A3 04       LDA $04,S
01007E  85 03       STA $03
010080  A3 05       LDA $05,S
010082  85 04       STA $04
010084  A5 03       LDA $03
010086  A0 00 00    LDY #$0000
010089  97 00       STA [$00],Y
01008B  E2 20       SEP #$20
01008D  A5 05       LDA $05
01008F  A0 02 00    LDY #$0002
010092  97 00       STA [$00],Y
010094  C2 20       REP #$20
010096  A3 04       LDA $04,S
010098  85 00       STA $00
01009A  A3 05       LDA $05,S
01009C  85 01       STA $01
01009E  A3 01       LDA $01,S
0100A0  85 03       STA $03
0100A2  A3 02       LDA $02,S
0100A4  85 04       STA $04
0100A6  A5 03       LDA $03
0100A8  A0 03 00    LDY #$0003
0100AB  97 00       STA [$00],Y
0100AD  E2 20       SEP #$20
0100AF  A5 05       LDA $05
0100B1  A0 05 00    LDY #$0005
0100B4  97 00       STA [$00],Y
0100B6  C2 20       REP #$20
0100B8  3B          TSC
0100B9  18          CLC
0100BA  69 06 00    ADC #$0006
0100BD  1B          TCS
0100BE  6B          RTL
