010000  3B          TSC
010001  AA          TAX
010002  C5 46       CMP $46
010004  90 04       BCC $01000A
010006  F0 02       BEQ $01000A
010008  80 0A       BRA $010014
01000A  38          SEC
01000B  E9 14 00    SBC #$0014
01000E  90 04       BCC $010014
010010  C5 44       CMP $44
010012  B0 07       BCS $01001B
010014  A9 14 00    LDA #$0014
010017  5C 00 80 04 JML $048000
01001B  1B          TCS
01001C  E2 20       SEP #$20
01001E  A3 18       LDA $18,S
010020  83 01       STA $01,S
010022  A3 19       LDA $19,S
010024  83 02       STA $02,S
010026  A3 1A       LDA $1A,S
010028  83 03       STA $03,S
01002A  C2 20       REP #$20
01002C  A9 00 00    LDA #$0000
01002F  83 0A       STA $0A,S
010031  A9 00 00    LDA #$0000
010034  83 0E       STA $0E,S
010036  A3 1C       LDA $1C,S
010038  83 06       STA $06,S
01003A  A3 0E       LDA $0E,S
01003C  C3 06       CMP $06,S
01003E  90 03       BCC $010043
010040  82 F6 00    BRL $010139
010043  C2 20       REP #$20
010045  A3 01       LDA $01,S
010047  83 06       STA $06,S
010049  A3 02       LDA $02,S
01004B  83 07       STA $07,S
01004D  A3 06       LDA $06,S
01004F  85 00       STA $00
010051  A3 07       LDA $07,S
010053  85 01       STA $01
010055  E2 20       SEP #$20
010057  A7 00       LDA [$00]
010059  83 05       STA $05,S
01005B  A3 05       LDA $05,S
01005D  83 04       STA $04,S
01005F  A3 04       LDA $04,S
010061  83 05       STA $05,S
010063  A3 05       LDA $05,S
010065  83 06       STA $06,S
010067  A9 00       LDA #$00
010069  83 07       STA $07,S
01006B  A3 06       LDA $06,S
01006D  85 09       STA $09
01006F  A9 00       LDA #$00
010071  85 08       STA $08
010073  C2 20       REP #$20
010075  A5 08       LDA $08
010077  83 08       STA $08,S
010079  A3 0A       LDA $0A,S
01007B  43 08       EOR $08,S
01007D  83 06       STA $06,S
01007F  E2 20       SEP #$20
010081  A3 06       LDA $06,S
010083  83 12       STA $12,S
010085  A3 07       LDA $07,S
010087  83 13       STA $13,S
010089  A9 08       LDA #$08
01008B  83 14       STA $14,S
01008D  A3 12       LDA $12,S
01008F  83 10       STA $10,S
010091  A3 13       LDA $13,S
010093  83 11       STA $11,S
010095  A3 14       LDA $14,S
010097  83 05       STA $05,S
010099  C2 20       REP #$20
01009B  E2 20       SEP #$20
01009D  A3 05       LDA $05,S
01009F  C2 20       REP #$20
0100A1  D0 02       BNE $0100A5
0100A3  80 5F       BRA $010104
0100A5  C2 20       REP #$20
0100A7  A3 10       LDA $10,S
0100A9  29 00 80    AND #$8000
0100AC  83 06       STA $06,S
0100AE  D0 02       BNE $0100B2
0100B0  80 19       BRA $0100CB
0100B2  C2 20       REP #$20
0100B4  A3 10       LDA $10,S
0100B6  85 08       STA $08
0100B8  06 08       ASL $08
0100BA  A5 08       LDA $08
0100BC  83 06       STA $06,S
0100BE  A3 06       LDA $06,S
0100C0  49 21 10    EOR #$1021
0100C3  83 08       STA $08,S
0100C5  A3 08       LDA $08,S
0100C7  83 06       STA $06,S
0100C9  80 0C       BRA $0100D7
0100CB  A3 10       LDA $10,S
0100CD  85 08       STA $08
0100CF  06 08       ASL $08
0100D1  A5 08       LDA $08
0100D3  83 06       STA $06,S
0100D5  A3 06       LDA $06,S
0100D7  E2 20       SEP #$20
0100D9  38          SEC
0100DA  A9 01       LDA #$01
0100DC  85 10       STA $10
0100DE  A3 05       LDA $05,S
0100E0  E5 10       SBC $10
0100E2  83 08       STA $08,S
0100E4  C2 20       REP #$20
0100E6  E2 20       SEP #$20
0100E8  A3 06       LDA $06,S
0100EA  83 12       STA $12,S
0100EC  A3 07       LDA $07,S
0100EE  83 13       STA $13,S
0100F0  A3 08       LDA $08,S
0100F2  83 14       STA $14,S
0100F4  A3 12       LDA $12,S
0100F6  83 10       STA $10,S
0100F8  A3 13       LDA $13,S
0100FA  83 11       STA $11,S
0100FC  A3 14       LDA $14,S
0100FE  83 05       STA $05,S
010100  C2 20       REP #$20
010102  80 97       BRA $01009B
010104  A3 01       LDA $01,S
010106  83 06       STA $06,S
010108  A3 02       LDA $02,S
01010A  83 07       STA $07,S
01010C  A3 06       LDA $06,S
01010E  18          CLC
01010F  69 01 00    ADC #$0001
010112  83 0A       STA $0A,S
010114  E2 20       SEP #$20
010116  A3 08       LDA $08,S
010118  69 00       ADC #$00
01011A  83 0C       STA $0C,S
01011C  C2 20       REP #$20
01011E  A3 0A       LDA $0A,S
010120  83 01       STA $01,S
010122  A3 0B       LDA $0B,S
010124  83 02       STA $02,S
010126  A3 0E       LDA $0E,S
010128  18          CLC
010129  69 01 00    ADC #$0001
01012C  83 06       STA $06,S
01012E  A3 10       LDA $10,S
010130  83 0A       STA $0A,S
010132  A3 06       LDA $06,S
010134  83 0E       STA $0E,S
010136  82 FD FE    BRL $010036
010139  A3 0A       LDA $0A,S
01013B  A8          TAY
01013C  3B          TSC
01013D  18          CLC
01013E  69 14 00    ADC #$0014
010141  1B          TCS
010142  98          TYA
010143  6B          RTL
