010000  3B          TSC
010001  AA          TAX
010002  C5 46       CMP $46
010004  90 04       BCC $01000A
010006  F0 02       BEQ $01000A
010008  80 0A       BRA $010014
01000A  38          SEC
01000B  E9 1A 00    SBC #$001A
01000E  90 04       BCC $010014
010010  C5 44       CMP $44
010012  B0 07       BCS $01001B
010014  A9 1A 00    LDA #$001A
010017  5C 00 80 04 JML $048000
01001B  1B          TCS
01001C  E2 20       SEP #$20
01001E  A3 1E       LDA $1E,S
010020  83 01       STA $01,S
010022  A3 1F       LDA $1F,S
010024  83 02       STA $02,S
010026  A3 20       LDA $20,S
010028  83 03       STA $03,S
01002A  C2 20       REP #$20
01002C  E2 20       SEP #$20
01002E  A9 00       LDA #$00
010030  83 14       STA $14,S
010032  A9 00       LDA #$00
010034  83 15       STA $15,S
010036  A9 00       LDA #$00
010038  83 16       STA $16,S
01003A  A9 00       LDA #$00
01003C  83 17       STA $17,S
01003E  A9 00       LDA #$00
010040  83 18       STA $18,S
010042  A9 00       LDA #$00
010044  83 19       STA $19,S
010046  A3 14       LDA $14,S
010048  83 06       STA $06,S
01004A  A3 15       LDA $15,S
01004C  83 07       STA $07,S
01004E  A3 16       LDA $16,S
010050  83 08       STA $08,S
010052  A3 17       LDA $17,S
010054  83 09       STA $09,S
010056  A3 18       LDA $18,S
010058  83 12       STA $12,S
01005A  A3 19       LDA $19,S
01005C  83 13       STA $13,S
01005E  C2 20       REP #$20
010060  A3 22       LDA $22,S
010062  83 0A       STA $0A,S
010064  A3 12       LDA $12,S
010066  C3 0A       CMP $0A,S
010068  90 03       BCC $01006D
01006A  82 BF 01    BRL $01022C
01006D  C2 20       REP #$20
01006F  A3 01       LDA $01,S
010071  83 0A       STA $0A,S
010073  A3 02       LDA $02,S
010075  83 0B       STA $0B,S
010077  A3 0A       LDA $0A,S
010079  85 00       STA $00
01007B  A3 0B       LDA $0B,S
01007D  85 01       STA $01
01007F  E2 20       SEP #$20
010081  A7 00       LDA [$00]
010083  83 05       STA $05,S
010085  A3 05       LDA $05,S
010087  83 04       STA $04,S
010089  A3 04       LDA $04,S
01008B  83 05       STA $05,S
01008D  A3 05       LDA $05,S
01008F  83 0A       STA $0A,S
010091  A9 00       LDA #$00
010093  83 0B       STA $0B,S
010095  83 0C       STA $0C,S
010097  83 0D       STA $0D,S
010099  A3 0A       LDA $0A,S
01009B  85 0B       STA $0B
01009D  C2 20       REP #$20
01009F  A9 00 00    LDA #$0000
0100A2  85 08       STA $08
0100A4  85 09       STA $09
0100A6  A5 08       LDA $08
0100A8  83 0E       STA $0E,S
0100AA  A5 0A       LDA $0A
0100AC  83 10       STA $10,S
0100AE  A3 06       LDA $06,S
0100B0  43 0E       EOR $0E,S
0100B2  83 0A       STA $0A,S
0100B4  A3 08       LDA $08,S
0100B6  43 10       EOR $10,S
0100B8  83 0C       STA $0C,S
0100BA  E2 20       SEP #$20
0100BC  A3 0A       LDA $0A,S
0100BE  83 14       STA $14,S
0100C0  A3 0B       LDA $0B,S
0100C2  83 15       STA $15,S
0100C4  A3 0C       LDA $0C,S
0100C6  83 16       STA $16,S
0100C8  A3 0D       LDA $0D,S
0100CA  83 17       STA $17,S
0100CC  A9 08       LDA #$08
0100CE  83 18       STA $18,S
0100D0  A3 14       LDA $14,S
0100D2  83 06       STA $06,S
0100D4  A3 15       LDA $15,S
0100D6  83 07       STA $07,S
0100D8  A3 16       LDA $16,S
0100DA  83 08       STA $08,S
0100DC  A3 17       LDA $17,S
0100DE  83 09       STA $09,S
0100E0  A3 18       LDA $18,S
0100E2  83 05       STA $05,S
0100E4  C2 20       REP #$20
0100E6  E2 20       SEP #$20
0100E8  A3 05       LDA $05,S
0100EA  C2 20       REP #$20
0100EC  D0 03       BNE $0100F1
0100EE  82 DA 00    BRL $0101CB
0100F1  C2 20       REP #$20
0100F3  A3 06       LDA $06,S
0100F5  29 00 00    AND #$0000
0100F8  83 0A       STA $0A,S
0100FA  A3 08       LDA $08,S
0100FC  29 00 80    AND #$8000
0100FF  83 0C       STA $0C,S
010101  A3 0A       LDA $0A,S
010103  D0 06       BNE $01010B
010105  A3 0C       LDA $0C,S
010107  D0 02       BNE $01010B
010109  80 4A       BRA $010155
01010B  C2 20       REP #$20
01010D  A3 06       LDA $06,S
01010F  85 08       STA $08
010111  A3 08       LDA $08,S
010113  85 0A       STA $0A
010115  06 08       ASL $08
010117  26 0A       ROL $0A
010119  A5 08       LDA $08
01011B  83 0A       STA $0A,S
01011D  A5 0A       LDA $0A
01011F  83 0C       STA $0C,S
010121  A3 0A       LDA $0A,S
010123  49 B7 1D    EOR #$1DB7
010126  83 06       STA $06,S
010128  A3 0C       LDA $0C,S
01012A  49 C1 04    EOR #$04C1
01012D  83 08       STA $08,S
01012F  E2 20       SEP #$20
010131  A3 06       LDA $06,S
010133  83 14       STA $14,S
010135  A3 07       LDA $07,S
010137  83 15       STA $15,S
010139  A3 08       LDA $08,S
01013B  83 16       STA $16,S
01013D  A3 09       LDA $09,S
01013F  83 17       STA $17,S
010141  A3 14       LDA $14,S
010143  83 06       STA $06,S
010145  A3 15       LDA $15,S
010147  83 07       STA $07,S
010149  A3 16       LDA $16,S
01014B  83 08       STA $08,S
01014D  A3 17       LDA $17,S
01014F  83 09       STA $09,S
010151  C2 20       REP #$20
010153  80 38       BRA $01018D
010155  A3 06       LDA $06,S
010157  85 08       STA $08
010159  A3 08       LDA $08,S
01015B  85 0A       STA $0A
01015D  06 08       ASL $08
01015F  26 0A       ROL $0A
010161  A5 08       LDA $08
010163  83 0A       STA $0A,S
010165  A5 0A       LDA $0A
010167  83 0C       STA $0C,S
010169  E2 20       SEP #$20
01016B  A3 0A       LDA $0A,S
01016D  83 14       STA $14,S
01016F  A3 0B       LDA $0B,S
010171  83 15       STA $15,S
010173  A3 0C       LDA $0C,S
010175  83 16       STA $16,S
010177  A3 0D       LDA $0D,S
010179  83 17       STA $17,S
01017B  A3 14       LDA $14,S
01017D  83 06       STA $06,S
01017F  A3 15       LDA $15,S
010181  83 07       STA $07,S
010183  A3 16       LDA $16,S
010185  83 08       STA $08,S
010187  A3 17       LDA $17,S
010189  83 09       STA $09,S
01018B  C2 20       REP #$20
01018D  E2 20       SEP #$20
01018F  38          SEC
010190  A9 01       LDA #$01
010192  85 10       STA $10
010194  A3 05       LDA $05,S
010196  E5 10       SBC $10
010198  83 0A       STA $0A,S
01019A  C2 20       REP #$20
01019C  E2 20       SEP #$20
01019E  A3 06       LDA $06,S
0101A0  83 14       STA $14,S
0101A2  A3 07       LDA $07,S
0101A4  83 15       STA $15,S
0101A6  A3 08       LDA $08,S
0101A8  83 16       STA $16,S
0101AA  A3 09       LDA $09,S
0101AC  83 17       STA $17,S
0101AE  A3 0A       LDA $0A,S
0101B0  83 18       STA $18,S
0101B2  A3 14       LDA $14,S
0101B4  83 06       STA $06,S
0101B6  A3 15       LDA $15,S
0101B8  83 07       STA $07,S
0101BA  A3 16       LDA $16,S
0101BC  83 08       STA $08,S
0101BE  A3 17       LDA $17,S
0101C0  83 09       STA $09,S
0101C2  A3 18       LDA $18,S
0101C4  83 05       STA $05,S
0101C6  C2 20       REP #$20
0101C8  82 1B FF    BRL $0100E6
0101CB  A3 01       LDA $01,S
0101CD  83 0A       STA $0A,S
0101CF  A3 02       LDA $02,S
0101D1  83 0B       STA $0B,S
0101D3  A3 0A       LDA $0A,S
0101D5  18          CLC
0101D6  69 01 00    ADC #$0001
0101D9  83 0E       STA $0E,S
0101DB  E2 20       SEP #$20
0101DD  A3 0C       LDA $0C,S
0101DF  69 00       ADC #$00
0101E1  83 10       STA $10,S
0101E3  C2 20       REP #$20
0101E5  A3 0E       LDA $0E,S
0101E7  83 01       STA $01,S
0101E9  A3 0F       LDA $0F,S
0101EB  83 02       STA $02,S
0101ED  A3 12       LDA $12,S
0101EF  18          CLC
0101F0  69 01 00    ADC #$0001
0101F3  83 0A       STA $0A,S
0101F5  E2 20       SEP #$20
0101F7  A3 06       LDA $06,S
0101F9  83 14       STA $14,S
0101FB  A3 07       LDA $07,S
0101FD  83 15       STA $15,S
0101FF  A3 08       LDA $08,S
010201  83 16       STA $16,S
010203  A3 09       LDA $09,S
010205  83 17       STA $17,S
010207  A3 0A       LDA $0A,S
010209  83 18       STA $18,S
01020B  A3 0B       LDA $0B,S
01020D  83 19       STA $19,S
01020F  A3 14       LDA $14,S
010211  83 06       STA $06,S
010213  A3 15       LDA $15,S
010215  83 07       STA $07,S
010217  A3 16       LDA $16,S
010219  83 08       STA $08,S
01021B  A3 17       LDA $17,S
01021D  83 09       STA $09,S
01021F  A3 18       LDA $18,S
010221  83 12       STA $12,S
010223  A3 19       LDA $19,S
010225  83 13       STA $13,S
010227  C2 20       REP #$20
010229  82 34 FE    BRL $010060
01022C  A3 06       LDA $06,S
01022E  49 FF FF    EOR #$FFFF
010231  83 0A       STA $0A,S
010233  A3 08       LDA $08,S
010235  49 FF FF    EOR #$FFFF
010238  83 0C       STA $0C,S
01023A  A3 0C       LDA $0C,S
01023C  AA          TAX
01023D  A3 0A       LDA $0A,S
01023F  A8          TAY
010240  3B          TSC
010241  18          CLC
010242  69 1A 00    ADC #$001A
010245  1B          TCS
010246  98          TYA
010247  6B          RTL
