010000  3B          TSC
010001  AA          TAX
010002  C5 46       CMP $46
010004  90 04       BCC $01000A
010006  F0 02       BEQ $01000A
010008  80 0A       BRA $010014
01000A  38          SEC
01000B  E9 14 00    SBC #$0014
01000E  90 04       BCC $010014
010010  C5 44       CMP $44
010012  B0 07       BCS $01001B
010014  A9 14 00    LDA #$0014
010017  5C 00 80 04 JML $048000
01001B  1B          TCS
01001C  E2 20       SEP #$20
01001E  A3 18       LDA $18,S
010020  83 01       STA $01,S
010022  A3 19       LDA $19,S
010024  83 02       STA $02,S
010026  A3 1A       LDA $1A,S
010028  83 03       STA $03,S
01002A  C2 20       REP #$20
01002C  E2 20       SEP #$20
01002E  A9 00       LDA #$00
010030  83 10       STA $10,S
010032  A9 00       LDA #$00
010034  83 12       STA $12,S
010036  A9 00       LDA #$00
010038  83 13       STA $13,S
01003A  A3 10       LDA $10,S
01003C  83 05       STA $05,S
01003E  A3 12       LDA $12,S
010040  83 0E       STA $0E,S
010042  A3 13       LDA $13,S
010044  83 0F       STA $0F,S
010046  C2 20       REP #$20
010048  A3 1C       LDA $1C,S
01004A  83 06       STA $06,S
01004C  A3 0E       LDA $0E,S
01004E  C3 06       CMP $06,S
010050  90 03       BCC $010055
010052  82 11 01    BRL $010166
010055  C2 20       REP #$20
010057  A3 01       LDA $01,S
010059  83 06       STA $06,S
01005B  A3 02       LDA $02,S
01005D  83 07       STA $07,S
01005F  A3 06       LDA $06,S
010061  85 00       STA $00
010063  A3 07       LDA $07,S
010065  85 01       STA $01
010067  E2 20       SEP #$20
010069  A7 00       LDA [$00]
01006B  83 09       STA $09,S
01006D  A3 09       LDA $09,S
01006F  83 04       STA $04,S
010071  A3 04       LDA $04,S
010073  83 06       STA $06,S
010075  A3 06       LDA $06,S
010077  85 10       STA $10
010079  A3 05       LDA $05,S
01007B  45 10       EOR $10
01007D  83 07       STA $07,S
01007F  C2 20       REP #$20
010081  E2 20       SEP #$20
010083  A3 07       LDA $07,S
010085  83 10       STA $10,S
010087  A9 08       LDA #$08
010089  83 12       STA $12,S
01008B  A3 10       LDA $10,S
01008D  83 05       STA $05,S
01008F  A3 12       LDA $12,S
010091  83 06       STA $06,S
010093  C2 20       REP #$20
010095  E2 20       SEP #$20
010097  A3 06       LDA $06,S
010099  C2 20       REP #$20
01009B  D0 02       BNE $01009F
01009D  80 7E       BRA $01011D
01009F  C2 20       REP #$20
0100A1  E2 20       SEP #$20
0100A3  A9 80       LDA #$80
0100A5  85 10       STA $10
0100A7  A3 05       LDA $05,S
0100A9  25 10       AND $10
0100AB  83 07       STA $07,S
0100AD  A3 07       LDA $07,S
0100AF  C2 20       REP #$20
0100B1  D0 02       BNE $0100B5
0100B3  80 28       BRA $0100DD
0100B5  C2 20       REP #$20
0100B7  E2 20       SEP #$20
0100B9  A3 05       LDA $05,S
0100BB  85 08       STA $08
0100BD  06 08       ASL $08
0100BF  A5 08       LDA $08
0100C1  83 07       STA $07,S
0100C3  A9 1D       LDA #$1D
0100C5  85 10       STA $10
0100C7  A3 07       LDA $07,S
0100C9  45 10       EOR $10
0100CB  83 05       STA $05,S
0100CD  C2 20       REP #$20
0100CF  E2 20       SEP #$20
0100D1  A3 05       LDA $05,S
0100D3  83 10       STA $10,S
0100D5  A3 10       LDA $10,S
0100D7  83 07       STA $07,S
0100D9  C2 20       REP #$20
0100DB  80 1A       BRA $0100F7
0100DD  E2 20       SEP #$20
0100DF  A3 05       LDA $05,S
0100E1  85 08       STA $08
0100E3  06 08       ASL $08
0100E5  A5 08       LDA $08
0100E7  83 07       STA $07,S
0100E9  C2 20       REP #$20
0100EB  E2 20       SEP #$20
0100ED  A3 07       LDA $07,S
0100EF  83 10       STA $10,S
0100F1  A3 10       LDA $10,S
0100F3  83 07       STA $07,S
0100F5  C2 20       REP #$20
0100F7  E2 20       SEP #$20
0100F9  38          SEC
0100FA  A9 01       LDA #$01
0100FC  85 10       STA $10
0100FE  A3 06       LDA $06,S
010100  E5 10       SBC $10
010102  83 05       STA $05,S
010104  C2 20       REP #$20
010106  E2 20       SEP #$20
010108  A3 07       LDA $07,S
01010A  83 10       STA $10,S
01010C  A3 05       LDA $05,S
01010E  83 12       STA $12,S
010110  A3 10       LDA $10,S
010112  83 05       STA $05,S
010114  A3 12       LDA $12,S
010116  83 06       STA $06,S
010118  C2 20       REP #$20
01011A  82 78 FF    BRL $010095
01011D  A3 01       LDA $01,S
01011F  83 06       STA $06,S
010121  A3 02       LDA $02,S
010123  83 07       STA $07,S
010125  A3 06       LDA $06,S
010127  18          CLC
010128  69 01 00    ADC #$0001
01012B  83 0A       STA $0A,S
01012D  E2 20       SEP #$20
01012F  A3 08       LDA $08,S
010131  69 00       ADC #$00
010133  83 0C       STA $0C,S
010135  C2 20       REP #$20
010137  A3 0A       LDA $0A,S
010139  83 01       STA $01,S
01013B  A3 0B       LDA $0B,S
01013D  83 02       STA $02,S
01013F  A3 0E       LDA $0E,S
010141  18          CLC
010142  69 01 00    ADC #$0001
010145  83 06       STA $06,S
010147  E2 20       SEP #$20
010149  A3 05       LDA $05,S
01014B  83 10       STA $10,S
01014D  A3 06       LDA $06,S
01014F  83 12       STA $12,S
010151  A3 07       LDA $07,S
010153  83 13       STA $13,S
010155  A3 10       LDA $10,S
010157  83 05       STA $05,S
010159  A3 12       LDA $12,S
01015B  83 0E       STA $0E,S
01015D  A3 13       LDA $13,S
01015F  83 0F       STA $0F,S
010161  C2 20       REP #$20
010163  82 E2 FE    BRL $010048
010166  E2 20       SEP #$20
010168  A3 05       LDA $05,S
01016A  C2 20       REP #$20
01016C  29 FF 00    AND #$00FF
01016F  A8          TAY
010170  3B          TSC
010171  18          CLC
010172  69 14 00    ADC #$0014
010175  1B          TCS
010176  98          TYA
010177  6B          RTL
