
; CRC8
010000  5A          CRC8:       phy
010001  5A          phy
010002  5A          phy
010003  83 01       sta     1,s
010005  A9 00 00    lda     ##0
010008  A2 00 00    ldx     ##0
01000B  E2 20       sep     #32
01000D  83 04       sta     4,s
01000F  C2 20       rep     #32
010011  8A          txa
010012  83 05       sta     5,s
010014  A3 05       `?L5`:      lda     5,s
010016  C3 01       cmp     1,s
010018  90 06       bcc     `?L4`
01001A  A3 04       lda     4,s
01001C  7A          ply
01001D  7A          ply
01001E  7A          ply
01001F  6B          rtl
010020  E2 20       `?L4`:      sep     #32
010022  A7 00       lda     [.tiny _Dp]
010024  83 03       sta     3,s
010026  C2 20       rep     #32
010028  A3 03       lda     3,s
01002A  43 04       eor     4,s
01002C  E2 20       sep     #32
01002E  83 03       sta     3,s
010030  E2 20       sep     #32
010032  A9 08       lda     #8
010034  83 04       sta     4,s
010036  E2 20       sep     #32
010038  A3 03       lda     3,s
01003A  E2 20       sep     #32
01003C  A3 04       lda     4,s
01003E  C2 20       `?L18`:     rep     #32
010040  E2 20       sep     #32
010042  A3 04       lda     4,s
010044  C2 20       rep     #32
010046  D0 1D       bne     `?L8`
010048  A6 02       ldx     dp:.tiny (_Dp+2)
01004A  A5 00       lda     dp:.tiny _Dp
01004C  1A          inc     a
01004D  D0 01       bne     `?L16`
01004F  E8          inx
010050  86 02       stx     dp:.tiny (_Dp+2)
010052  85 00       sta     dp:.tiny _Dp
010054  A3 05       lda     5,s
010056  1A          inc     a
010057  83 05       sta     5,s
010059  E2 20       sep     #32
01005B  A3 03       lda     3,s
01005D  83 04       sta     4,s
01005F  C2 20       rep     #32
010061  A3 05       lda     5,s
010063  80 AF       bra     `?L5`
010065  A3 02       `?L8`:      lda     2,s
010067  10 10       bpl     `?L12`
010069  A3 03       lda     3,s
01006B  0A          asl     a
01006C  49 1D 00    eor     ##29
01006F  E2 20       sep     #32
010071  83 03       sta     3,s
010073  E2 20       sep     #32
010075  A3 03       lda     3,s
010077  80 0B       bra     `?L19`
010079  A3 03       `?L12`:     lda     3,s
01007B  0A          asl     a
01007C  E2 20       sep     #32
01007E  83 03       sta     3,s
010080  E2 20       sep     #32
010082  A3 03       lda     3,s
010084  C2 20       `?L19`:     rep     #32
010086  A3 04       lda     4,s
010088  3A          dec     a
010089  E2 20       sep     #32
01008B  83 04       sta     4,s
01008D  E2 20       sep     #32
01008F  A3 03       lda     3,s
010091  E2 20       sep     #32
010093  A3 04       lda     4,s
010095  80 A7       bra     `?L18`
