010000  3B          TSC
010001  AA          TAX
010002  C5 46       CMP $46
010004  90 04       BCC $01000A
010006  F0 02       BEQ $01000A
010008  80 0A       BRA $010014
01000A  38          SEC
01000B  E9 0C 00    SBC #$000C
01000E  90 04       BCC $010014
010010  C5 44       CMP $44
010012  B0 07       BCS $01001B
010014  A9 0C 00    LDA #$000C
010017  5C 00 80 04 JML $048000
01001B  1B          TCS
01001C  A3 10       LDA $10,S
01001E  83 02       STA $02,S
010020  A3 11       LDA $11,S
010022  83 03       STA $03,S
010024  A3 10       LDA $10,S
010026  83 0A       STA $0A,S
010028  A3 11       LDA $11,S
01002A  83 0B       STA $0B,S
01002C  E2 20       SEP #$20
01002E  C2 20       REP #$20
010030  A3 0A       LDA $0A,S
010032  85 00       STA $00
010034  A3 0B       LDA $0B,S
010036  85 01       STA $01
010038  E2 20       SEP #$20
01003A  18          CLC
01003B  A5 00       LDA $00
01003D  69 03       ADC #$03
01003F  85 00       STA $00
010041  A5 01       LDA $01
010043  69 00       ADC #$00
010045  85 01       STA $01
010047  A5 02       LDA $02
010049  69 00       ADC #$00
01004B  85 02       STA $02
01004D  A5 00       LDA $00
01004F  83 06       STA $06,S
010051  A5 01       LDA $01
010053  83 07       STA $07,S
010055  A5 02       LDA $02
010057  83 08       STA $08,S
010059  C2 20       REP #$20
01005B  A3 06       LDA $06,S
01005D  83 0A       STA $0A,S
01005F  A3 07       LDA $07,S
010061  83 0B       STA $0B,S
010063  A3 02       LDA $02,S
010065  85 00       STA $00
010067  A3 03       LDA $03,S
010069  85 01       STA $01
01006B  A3 0A       LDA $0A,S
01006D  87 00       STA [$00]
01006F  E2 20       SEP #$20
010071  A3 0C       LDA $0C,S
010073  A0 02 00    LDY #$0002
010076  97 00       STA [$00],Y
010078  C2 20       REP #$20
01007A  A3 10       LDA $10,S
01007C  83 02       STA $02,S
01007E  A3 11       LDA $11,S
010080  83 03       STA $03,S
010082  A3 02       LDA $02,S
010084  85 00       STA $00
010086  A3 03       LDA $03,S
010088  85 01       STA $01
01008A  E2 20       SEP #$20
01008C  A9 00       LDA #$00
01008E  A0 03 00    LDY #$0003
010091  97 00       STA [$00],Y
010093  A9 00       LDA #$00
010095  A0 04 00    LDY #$0004
010098  97 00       STA [$00],Y
01009A  A9 00       LDA #$00
01009C  A0 05 00    LDY #$0005
01009F  97 00       STA [$00],Y
0100A1  C2 20       REP #$20
0100A3  A3 10       LDA $10,S
0100A5  83 02       STA $02,S
0100A7  A3 11       LDA $11,S
0100A9  83 03       STA $03,S
0100AB  A3 10       LDA $10,S
0100AD  83 0A       STA $0A,S
0100AF  A3 11       LDA $11,S
0100B1  83 0B       STA $0B,S
0100B3  E2 20       SEP #$20
0100B5  C2 20       REP #$20
0100B7  A3 0A       LDA $0A,S
0100B9  85 00       STA $00
0100BB  A3 0B       LDA $0B,S
0100BD  85 01       STA $01
0100BF  E2 20       SEP #$20
0100C1  A5 00       LDA $00
0100C3  83 06       STA $06,S
0100C5  A5 01       LDA $01
0100C7  83 07       STA $07,S
0100C9  A5 02       LDA $02
0100CB  83 08       STA $08,S
0100CD  C2 20       REP #$20
0100CF  A3 06       LDA $06,S
0100D1  83 0A       STA $0A,S
0100D3  A3 07       LDA $07,S
0100D5  83 0B       STA $0B,S
0100D7  A3 02       LDA $02,S
0100D9  85 00       STA $00
0100DB  A3 03       LDA $03,S
0100DD  85 01       STA $01
0100DF  A3 0A       LDA $0A,S
0100E1  A0 06 00    LDY #$0006
0100E4  97 00       STA [$00],Y
0100E6  E2 20       SEP #$20
0100E8  A3 0C       LDA $0C,S
0100EA  A0 08 00    LDY #$0008
0100ED  97 00       STA [$00],Y
0100EF  C2 20       REP #$20
0100F1  3B          TSC
0100F2  18          CLC
0100F3  69 0C 00    ADC #$000C
0100F6  1B          TCS
0100F7  6B          RTL
0100F8  3B          TSC
0100F9  AA          TAX
0100FA  C5 46       CMP $46
0100FC  90 04       BCC $010102
0100FE  F0 02       BEQ $010102
010100  80 0A       BRA $01010C
010102  38          SEC
010103  E9 08 00    SBC #$0008
010106  90 04       BCC $01010C
010108  C5 44       CMP $44
01010A  B0 07       BCS $010113
01010C  A9 08 00    LDA #$0008
01010F  5C 00 80 04 JML $048000
010113  1B          TCS
010114  A3 0C       LDA $0C,S
010116  83 02       STA $02,S
010118  A3 0D       LDA $0D,S
01011A  83 03       STA $03,S
01011C  A3 02       LDA $02,S
01011E  83 06       STA $06,S
010120  A3 03       LDA $03,S
010122  83 07       STA $07,S
010124  3B          TSC
010125  AA          TAX
010126  C5 46       CMP $46
010128  90 04       BCC $01012E
01012A  F0 02       BEQ $01012E
01012C  80 0A       BRA $010138
01012E  38          SEC
01012F  E9 06 00    SBC #$0006
010132  90 04       BCC $010138
010134  C5 44       CMP $44
010136  B0 07       BCS $01013F
010138  A9 06 00    LDA #$0006
01013B  5C 00 80 04 JML $048000
01013F  3B          TSC
010140  38          SEC
010141  E9 03 00    SBC #$0003
010144  1B          TCS
010145  E2 20       SEP #$20
010147  A9 00       LDA #$00
010149  A3 09       LDA $09,S
01014B  83 01       STA $01,S
01014D  A3 0A       LDA $0A,S
01014F  83 02       STA $02,S
010151  A3 0B       LDA $0B,S
010153  83 03       STA $03,S
010155  C2 20       REP #$20
010157  22 00 00 01 JSL $010000
01015B  A8          TAY
01015C  3B          TSC
01015D  18          CLC
01015E  69 03 00    ADC #$0003
010161  1B          TCS
010162  98          TYA
010163  3B          TSC
010164  18          CLC
010165  69 08 00    ADC #$0008
010168  1B          TCS
010169  6B          RTL
01016A  3B          TSC
01016B  AA          TAX
01016C  C5 46       CMP $46
01016E  90 04       BCC $010174
010170  F0 02       BEQ $010174
010172  80 0A       BRA $01017E
010174  38          SEC
010175  E9 0C 00    SBC #$000C
010178  90 04       BCC $01017E
01017A  C5 44       CMP $44
01017C  B0 07       BCS $010185
01017E  A9 0C 00    LDA #$000C
010181  5C 00 80 04 JML $048000
010185  1B          TCS
010186  A3 10       LDA $10,S
010188  83 06       STA $06,S
01018A  A3 11       LDA $11,S
01018C  83 07       STA $07,S
01018E  A3 06       LDA $06,S
010190  85 00       STA $00
010192  A3 07       LDA $07,S
010194  85 01       STA $01
010196  A7 00       LDA [$00]
010198  83 02       STA $02,S
01019A  E2 20       SEP #$20
01019C  A0 02 00    LDY #$0002
01019F  B7 00       LDA [$00],Y
0101A1  83 04       STA $04,S
0101A3  C2 20       REP #$20
0101A5  A3 10       LDA $10,S
0101A7  83 0A       STA $0A,S
0101A9  A3 11       LDA $11,S
0101AB  83 0B       STA $0B,S
0101AD  E2 20       SEP #$20
0101AF  C2 20       REP #$20
0101B1  A3 0A       LDA $0A,S
0101B3  85 00       STA $00
0101B5  A3 0B       LDA $0B,S
0101B7  85 01       STA $01
0101B9  E2 20       SEP #$20
0101BB  18          CLC
0101BC  A5 00       LDA $00
0101BE  69 03       ADC #$03
0101C0  85 00       STA $00
0101C2  A5 01       LDA $01
0101C4  69 00       ADC #$00
0101C6  85 01       STA $01
0101C8  A5 02       LDA $02
0101CA  69 00       ADC #$00
0101CC  85 02       STA $02
0101CE  A5 00       LDA $00
0101D0  83 06       STA $06,S
0101D2  A5 01       LDA $01
0101D4  83 07       STA $07,S
0101D6  A5 02       LDA $02
0101D8  83 08       STA $08,S
0101DA  C2 20       REP #$20
0101DC  A3 06       LDA $06,S
0101DE  83 0A       STA $0A,S
0101E0  A3 07       LDA $07,S
0101E2  83 0B       STA $0B,S
0101E4  A3 02       LDA $02,S
0101E6  C3 0A       CMP $0A,S
0101E8  D0 0A       BNE $0101F4
0101EA  E2 20       SEP #$20
0101EC  A3 04       LDA $04,S
0101EE  C3 0C       CMP $0C,S
0101F0  C2 20       REP #$20
0101F2  F0 06       BEQ $0101FA
0101F4  E2 20       SEP #$20
0101F6  A9 00       LDA #$00
0101F8  80 04       BRA $0101FE
0101FA  E2 20       SEP #$20
0101FC  A9 01       LDA #$01
0101FE  E2 20       SEP #$20
010200  83 01       STA $01,S
010202  C2 20       REP #$20
010204  E2 20       SEP #$20
010206  A3 01       LDA $01,S
010208  C2 20       REP #$20
01020A  29 FF 00    AND #$00FF
01020D  A8          TAY
01020E  3B          TSC
01020F  18          CLC
010210  69 0C 00    ADC #$000C
010213  1B          TCS
010214  98          TYA
010215  6B          RTL
010216  3B          TSC
010217  AA          TAX
010218  C5 46       CMP $46
01021A  90 04       BCC $010220
01021C  F0 02       BEQ $010220
01021E  80 0A       BRA $01022A
010220  38          SEC
010221  E9 08 00    SBC #$0008
010224  90 04       BCC $01022A
010226  C5 44       CMP $44
010228  B0 07       BCS $010231
01022A  A9 08 00    LDA #$0008
01022D  5C 00 80 04 JML $048000
010231  1B          TCS
010232  A3 0C       LDA $0C,S
010234  83 06       STA $06,S
010236  A3 0D       LDA $0D,S
010238  83 07       STA $07,S
01023A  A3 06       LDA $06,S
01023C  83 02       STA $02,S
01023E  A3 07       LDA $07,S
010240  83 03       STA $03,S
010242  3B          TSC
010243  AA          TAX
010244  C5 46       CMP $46
010246  90 04       BCC $01024C
010248  F0 02       BEQ $01024C
01024A  80 0A       BRA $010256
01024C  38          SEC
01024D  E9 06 00    SBC #$0006
010250  90 04       BCC $010256
010252  C5 44       CMP $44
010254  B0 07       BCS $01025D
010256  A9 06 00    LDA #$0006
010259  5C 00 80 04 JML $048000
01025D  3B          TSC
01025E  38          SEC
01025F  E9 03 00    SBC #$0003
010262  1B          TCS
010263  E2 20       SEP #$20
010265  A9 00       LDA #$00
010267  A3 05       LDA $05,S
010269  83 01       STA $01,S
01026B  A3 06       LDA $06,S
01026D  83 02       STA $02,S
01026F  A3 07       LDA $07,S
010271  83 03       STA $03,S
010273  C2 20       REP #$20
010275  22 6A 01 01 JSL $01016A
010279  A8          TAY
01027A  3B          TSC
01027B  18          CLC
01027C  69 03 00    ADC #$0003
01027F  1B          TCS
010280  98          TYA
010281  E2 20       SEP #$20
010283  83 01       STA $01,S
010285  C2 20       REP #$20
010287  E2 20       SEP #$20
010289  A3 01       LDA $01,S
01028B  C2 20       REP #$20
01028D  29 FF 00    AND #$00FF
010290  A8          TAY
010291  3B          TSC
010292  18          CLC
010293  69 08 00    ADC #$0008
010296  1B          TCS
010297  98          TYA
010298  6B          RTL
010299  3B          TSC
01029A  AA          TAX
01029B  C5 46       CMP $46
01029D  90 04       BCC $0102A3
01029F  F0 02       BEQ $0102A3
0102A1  80 0A       BRA $0102AD
0102A3  38          SEC
0102A4  E9 10 00    SBC #$0010
0102A7  90 04       BCC $0102AD
0102A9  C5 44       CMP $44
0102AB  B0 07       BCS $0102B4
0102AD  A9 10 00    LDA #$0010
0102B0  5C 00 80 04 JML $048000
0102B4  1B          TCS
0102B5  A3 14       LDA $14,S
0102B7  83 06       STA $06,S
0102B9  A3 15       LDA $15,S
0102BB  83 07       STA $07,S
0102BD  A3 06       LDA $06,S
0102BF  85 00       STA $00
0102C1  A3 07       LDA $07,S
0102C3  85 01       STA $01
0102C5  A7 00       LDA [$00]
0102C7  83 0A       STA $0A,S
0102C9  E2 20       SEP #$20
0102CB  A0 02 00    LDY #$0002
0102CE  B7 00       LDA [$00],Y
0102D0  83 0C       STA $0C,S
0102D2  C2 20       REP #$20
0102D4  A3 0A       LDA $0A,S
0102D6  83 01       STA $01,S
0102D8  A3 0B       LDA $0B,S
0102DA  83 02       STA $02,S
0102DC  A3 17       LDA $17,S
0102DE  83 06       STA $06,S
0102E0  A3 18       LDA $18,S
0102E2  83 07       STA $07,S
0102E4  A3 14       LDA $14,S
0102E6  83 0E       STA $0E,S
0102E8  A3 15       LDA $15,S
0102EA  83 0F       STA $0F,S
0102EC  E2 20       SEP #$20
0102EE  C2 20       REP #$20
0102F0  A3 0E       LDA $0E,S
0102F2  85 00       STA $00
0102F4  A3 0F       LDA $0F,S
0102F6  85 01       STA $01
0102F8  E2 20       SEP #$20
0102FA  A5 00       LDA $00
0102FC  83 0A       STA $0A,S
0102FE  A5 01       LDA $01
010300  83 0B       STA $0B,S
010302  A5 02       LDA $02
010304  83 0C       STA $0C,S
010306  C2 20       REP #$20
010308  A3 0A       LDA $0A,S
01030A  83 0E       STA $0E,S
01030C  A3 0B       LDA $0B,S
01030E  83 0F       STA $0F,S
010310  A3 06       LDA $06,S
010312  85 00       STA $00
010314  A3 07       LDA $07,S
010316  85 01       STA $01
010318  A3 0E       LDA $0E,S
01031A  A0 03 00    LDY #$0003
01031D  97 00       STA [$00],Y
01031F  E2 20       SEP #$20
010321  A3 10       LDA $10,S
010323  A0 05 00    LDY #$0005
010326  97 00       STA [$00],Y
010328  C2 20       REP #$20
01032A  A3 17       LDA $17,S
01032C  83 06       STA $06,S
01032E  A3 18       LDA $18,S
010330  83 07       STA $07,S
010332  A3 01       LDA $01,S
010334  83 0A       STA $0A,S
010336  A3 02       LDA $02,S
010338  83 0B       STA $0B,S
01033A  A3 06       LDA $06,S
01033C  85 00       STA $00
01033E  A3 07       LDA $07,S
010340  85 01       STA $01
010342  A3 0A       LDA $0A,S
010344  87 00       STA [$00]
010346  E2 20       SEP #$20
010348  A3 0C       LDA $0C,S
01034A  A0 02 00    LDY #$0002
01034D  97 00       STA [$00],Y
01034F  C2 20       REP #$20
010351  A3 01       LDA $01,S
010353  83 06       STA $06,S
010355  A3 02       LDA $02,S
010357  83 07       STA $07,S
010359  A3 17       LDA $17,S
01035B  83 0A       STA $0A,S
01035D  A3 18       LDA $18,S
01035F  83 0B       STA $0B,S
010361  A3 06       LDA $06,S
010363  85 00       STA $00
010365  A3 07       LDA $07,S
010367  85 01       STA $01
010369  A3 0A       LDA $0A,S
01036B  A0 03 00    LDY #$0003
01036E  97 00       STA [$00],Y
010370  E2 20       SEP #$20
010372  A3 0C       LDA $0C,S
010374  A0 05 00    LDY #$0005
010377  97 00       STA [$00],Y
010379  C2 20       REP #$20
01037B  A3 14       LDA $14,S
01037D  83 06       STA $06,S
01037F  A3 15       LDA $15,S
010381  83 07       STA $07,S
010383  A3 17       LDA $17,S
010385  83 0A       STA $0A,S
010387  A3 18       LDA $18,S
010389  83 0B       STA $0B,S
01038B  A3 06       LDA $06,S
01038D  85 00       STA $00
01038F  A3 07       LDA $07,S
010391  85 01       STA $01
010393  A3 0A       LDA $0A,S
010395  87 00       STA [$00]
010397  E2 20       SEP #$20
010399  A3 0C       LDA $0C,S
01039B  A0 02 00    LDY #$0002
01039E  97 00       STA [$00],Y
0103A0  C2 20       REP #$20
0103A2  3B          TSC
0103A3  18          CLC
0103A4  69 10 00    ADC #$0010
0103A7  1B          TCS
0103A8  6B          RTL
0103A9  3B          TSC
0103AA  AA          TAX
0103AB  C5 46       CMP $46
0103AD  90 04       BCC $0103B3
0103AF  F0 02       BEQ $0103B3
0103B1  80 0A       BRA $0103BD
0103B3  38          SEC
0103B4  E9 10 00    SBC #$0010
0103B7  90 04       BCC $0103BD
0103B9  C5 44       CMP $44
0103BB  B0 07       BCS $0103C4
0103BD  A9 10 00    LDA #$0010
0103C0  5C 00 80 04 JML $048000
0103C4  1B          TCS
0103C5  A3 14       LDA $14,S
0103C7  83 06       STA $06,S
0103C9  A3 15       LDA $15,S
0103CB  83 07       STA $07,S
0103CD  A3 06       LDA $06,S
0103CF  85 00       STA $00
0103D1  A3 07       LDA $07,S
0103D3  85 01       STA $01
0103D5  A0 06 00    LDY #$0006
0103D8  B7 00       LDA [$00],Y
0103DA  83 0A       STA $0A,S
0103DC  E2 20       SEP #$20
0103DE  A0 08 00    LDY #$0008
0103E1  B7 00       LDA [$00],Y
0103E3  83 0C       STA $0C,S
0103E5  C2 20       REP #$20
0103E7  A3 0A       LDA $0A,S
0103E9  83 01       STA $01,S
0103EB  A3 0B       LDA $0B,S
0103ED  83 02       STA $02,S
0103EF  A3 17       LDA $17,S
0103F1  83 06       STA $06,S
0103F3  A3 18       LDA $18,S
0103F5  83 07       STA $07,S
0103F7  A3 14       LDA $14,S
0103F9  83 0E       STA $0E,S
0103FB  A3 15       LDA $15,S
0103FD  83 0F       STA $0F,S
0103FF  E2 20       SEP #$20
010401  C2 20       REP #$20
010403  A3 0E       LDA $0E,S
010405  85 00       STA $00
010407  A3 0F       LDA $0F,S
010409  85 01       STA $01
01040B  E2 20       SEP #$20
01040D  18          CLC
01040E  A5 00       LDA $00
010410  69 03       ADC #$03
010412  85 00       STA $00
010414  A5 01       LDA $01
010416  69 00       ADC #$00
010418  85 01       STA $01
01041A  A5 02       LDA $02
01041C  69 00       ADC #$00
01041E  85 02       STA $02
010420  A5 00       LDA $00
010422  83 0A       STA $0A,S
010424  A5 01       LDA $01
010426  83 0B       STA $0B,S
010428  A5 02       LDA $02
01042A  83 0C       STA $0C,S
01042C  C2 20       REP #$20
01042E  A3 0A       LDA $0A,S
010430  83 0E       STA $0E,S
010432  A3 0B       LDA $0B,S
010434  83 0F       STA $0F,S
010436  A3 06       LDA $06,S
010438  85 00       STA $00
01043A  A3 07       LDA $07,S
01043C  85 01       STA $01
01043E  A3 0E       LDA $0E,S
010440  87 00       STA [$00]
010442  E2 20       SEP #$20
010444  A3 10       LDA $10,S
010446  A0 02 00    LDY #$0002
010449  97 00       STA [$00],Y
01044B  C2 20       REP #$20
01044D  A3 17       LDA $17,S
01044F  83 06       STA $06,S
010451  A3 18       LDA $18,S
010453  83 07       STA $07,S
010455  A3 01       LDA $01,S
010457  83 0A       STA $0A,S
010459  A3 02       LDA $02,S
01045B  83 0B       STA $0B,S
01045D  A3 06       LDA $06,S
01045F  85 00       STA $00
010461  A3 07       LDA $07,S
010463  85 01       STA $01
010465  A3 0A       LDA $0A,S
010467  A0 03 00    LDY #$0003
01046A  97 00       STA [$00],Y
01046C  E2 20       SEP #$20
01046E  A3 0C       LDA $0C,S
010470  A0 05 00    LDY #$0005
010473  97 00       STA [$00],Y
010475  C2 20       REP #$20
010477  A3 01       LDA $01,S
010479  83 06       STA $06,S
01047B  A3 02       LDA $02,S
01047D  83 07       STA $07,S
01047F  A3 17       LDA $17,S
010481  83 0A       STA $0A,S
010483  A3 18       LDA $18,S
010485  83 0B       STA $0B,S
010487  A3 06       LDA $06,S
010489  85 00       STA $00
01048B  A3 07       LDA $07,S
01048D  85 01       STA $01
01048F  A3 0A       LDA $0A,S
010491  87 00       STA [$00]
010493  E2 20       SEP #$20
010495  A3 0C       LDA $0C,S
010497  A0 02 00    LDY #$0002
01049A  97 00       STA [$00],Y
01049C  C2 20       REP #$20
01049E  A3 14       LDA $14,S
0104A0  83 06       STA $06,S
0104A2  A3 15       LDA $15,S
0104A4  83 07       STA $07,S
0104A6  A3 17       LDA $17,S
0104A8  83 0A       STA $0A,S
0104AA  A3 18       LDA $18,S
0104AC  83 0B       STA $0B,S
0104AE  A3 06       LDA $06,S
0104B0  85 00       STA $00
0104B2  A3 07       LDA $07,S
0104B4  85 01       STA $01
0104B6  A3 0A       LDA $0A,S
0104B8  A0 06 00    LDY #$0006
0104BB  97 00       STA [$00],Y
0104BD  E2 20       SEP #$20
0104BF  A3 0C       LDA $0C,S
0104C1  A0 08 00    LDY #$0008
0104C4  97 00       STA [$00],Y
0104C6  C2 20       REP #$20
0104C8  3B          TSC
0104C9  18          CLC
0104CA  69 10 00    ADC #$0010
0104CD  1B          TCS
0104CE  6B          RTL
0104CF  3B          TSC
0104D0  AA          TAX
0104D1  C5 46       CMP $46
0104D3  90 04       BCC $0104D9
0104D5  F0 02       BEQ $0104D9
0104D7  80 0A       BRA $0104E3
0104D9  38          SEC
0104DA  E9 10 00    SBC #$0010
0104DD  90 04       BCC $0104E3
0104DF  C5 44       CMP $44
0104E1  B0 07       BCS $0104EA
0104E3  A9 10 00    LDA #$0010
0104E6  5C 00 80 04 JML $048000
0104EA  1B          TCS
0104EB  A3 1A       LDA $1A,S
0104ED  83 06       STA $06,S
0104EF  A3 1B       LDA $1B,S
0104F1  83 07       STA $07,S
0104F3  A3 06       LDA $06,S
0104F5  03 07       ORA $07,S
0104F7  F0 02       BEQ $0104FB
0104F9  80 04       BRA $0104FF
0104FB  C2 20       REP #$20
0104FD  80 4A       BRA $010549
0104FF  A3 1A       LDA $1A,S
010501  83 06       STA $06,S
010503  A3 1B       LDA $1B,S
010505  83 07       STA $07,S
010507  A3 14       LDA $14,S
010509  83 0E       STA $0E,S
01050B  A3 15       LDA $15,S
01050D  83 0F       STA $0F,S
01050F  E2 20       SEP #$20
010511  C2 20       REP #$20
010513  A3 0E       LDA $0E,S
010515  85 00       STA $00
010517  A3 0F       LDA $0F,S
010519  85 01       STA $01
01051B  E2 20       SEP #$20
01051D  A5 00       LDA $00
01051F  83 0A       STA $0A,S
010521  A5 01       LDA $01
010523  83 0B       STA $0B,S
010525  A5 02       LDA $02
010527  83 0C       STA $0C,S
010529  C2 20       REP #$20
01052B  A3 0A       LDA $0A,S
01052D  83 0E       STA $0E,S
01052F  A3 0B       LDA $0B,S
010531  83 0F       STA $0F,S
010533  A3 06       LDA $06,S
010535  C3 0E       CMP $0E,S
010537  D0 0A       BNE $010543
010539  E2 20       SEP #$20
01053B  A3 08       LDA $08,S
01053D  C3 10       CMP $10,S
01053F  C2 20       REP #$20
010541  F0 04       BEQ $010547
010543  C2 20       REP #$20
010545  80 66       BRA $0105AD
010547  C2 20       REP #$20
010549  A3 14       LDA $14,S
01054B  83 06       STA $06,S
01054D  A3 15       LDA $15,S
01054F  83 07       STA $07,S
010551  A3 17       LDA $17,S
010553  83 0A       STA $0A,S
010555  A3 18       LDA $18,S
010557  83 0B       STA $0B,S
010559  3B          TSC
01055A  AA          TAX
01055B  C5 46       CMP $46
01055D  90 04       BCC $010563
01055F  F0 02       BEQ $010563
010561  80 0A       BRA $01056D
010563  38          SEC
010564  E9 0A 00    SBC #$000A
010567  90 04       BCC $01056D
010569  C5 44       CMP $44
01056B  B0 07       BCS $010574
01056D  A9 0A 00    LDA #$000A
010570  5C 00 80 04 JML $048000
010574  3B          TSC
010575  38          SEC
010576  E9 07 00    SBC #$0007
010579  1B          TCS
01057A  E2 20       SEP #$20
01057C  A9 00       LDA #$00
01057E  83 07       STA $07,S
010580  A3 0D       LDA $0D,S
010582  83 01       STA $01,S
010584  A3 0E       LDA $0E,S
010586  83 02       STA $02,S
010588  A3 0F       LDA $0F,S
01058A  83 03       STA $03,S
01058C  A3 11       LDA $11,S
01058E  83 04       STA $04,S
010590  A3 12       LDA $12,S
010592  83 05       STA $05,S
010594  A3 13       LDA $13,S
010596  83 06       STA $06,S
010598  C2 20       REP #$20
01059A  22 99 02 01 JSL $010299
01059E  A8          TAY
01059F  3B          TSC
0105A0  18          CLC
0105A1  69 07 00    ADC #$0007
0105A4  1B          TCS
0105A5  98          TYA
0105A6  3B          TSC
0105A7  18          CLC
0105A8  69 10 00    ADC #$0010
0105AB  1B          TCS
0105AC  6B          RTL
0105AD  A3 1A       LDA $1A,S
0105AF  83 06       STA $06,S
0105B1  A3 1B       LDA $1B,S
0105B3  83 07       STA $07,S
0105B5  A3 14       LDA $14,S
0105B7  83 0E       STA $0E,S
0105B9  A3 15       LDA $15,S
0105BB  83 0F       STA $0F,S
0105BD  E2 20       SEP #$20
0105BF  C2 20       REP #$20
0105C1  A3 0E       LDA $0E,S
0105C3  85 00       STA $00
0105C5  A3 0F       LDA $0F,S
0105C7  85 01       STA $01
0105C9  E2 20       SEP #$20
0105CB  18          CLC
0105CC  A5 00       LDA $00
0105CE  69 03       ADC #$03
0105D0  85 00       STA $00
0105D2  A5 01       LDA $01
0105D4  69 00       ADC #$00
0105D6  85 01       STA $01
0105D8  A5 02       LDA $02
0105DA  69 00       ADC #$00
0105DC  85 02       STA $02
0105DE  A5 00       LDA $00
0105E0  83 0A       STA $0A,S
0105E2  A5 01       LDA $01
0105E4  83 0B       STA $0B,S
0105E6  A5 02       LDA $02
0105E8  83 0C       STA $0C,S
0105EA  C2 20       REP #$20
0105EC  A3 0A       LDA $0A,S
0105EE  83 0E       STA $0E,S
0105F0  A3 0B       LDA $0B,S
0105F2  83 0F       STA $0F,S
0105F4  A3 06       LDA $06,S
0105F6  C3 0E       CMP $0E,S
0105F8  D0 0A       BNE $010604
0105FA  E2 20       SEP #$20
0105FC  A3 08       LDA $08,S
0105FE  C3 10       CMP $10,S
010600  C2 20       REP #$20
010602  F0 04       BEQ $010608
010604  C2 20       REP #$20
010606  80 66       BRA $01066E
010608  C2 20       REP #$20
01060A  A3 14       LDA $14,S
01060C  83 06       STA $06,S
01060E  A3 15       LDA $15,S
010610  83 07       STA $07,S
010612  A3 17       LDA $17,S
010614  83 0A       STA $0A,S
010616  A3 18       LDA $18,S
010618  83 0B       STA $0B,S
01061A  3B          TSC
01061B  AA          TAX
01061C  C5 46       CMP $46
01061E  90 04       BCC $010624
010620  F0 02       BEQ $010624
010622  80 0A       BRA $01062E
010624  38          SEC
010625  E9 0A 00    SBC #$000A
010628  90 04       BCC $01062E
01062A  C5 44       CMP $44
01062C  B0 07       BCS $010635
01062E  A9 0A 00    LDA #$000A
010631  5C 00 80 04 JML $048000
010635  3B          TSC
010636  38          SEC
010637  E9 07 00    SBC #$0007
01063A  1B          TCS
01063B  E2 20       SEP #$20
01063D  A9 00       LDA #$00
01063F  83 07       STA $07,S
010641  A3 0D       LDA $0D,S
010643  83 01       STA $01,S
010645  A3 0E       LDA $0E,S
010647  83 02       STA $02,S
010649  A3 0F       LDA $0F,S
01064B  83 03       STA $03,S
01064D  A3 11       LDA $11,S
01064F  83 04       STA $04,S
010651  A3 12       LDA $12,S
010653  83 05       STA $05,S
010655  A3 13       LDA $13,S
010657  83 06       STA $06,S
010659  C2 20       REP #$20
01065B  22 A9 03 01 JSL $0103A9
01065F  A8          TAY
010660  3B          TSC
010661  18          CLC
010662  69 07 00    ADC #$0007
010665  1B          TCS
010666  98          TYA
010667  3B          TSC
010668  18          CLC
010669  69 10 00    ADC #$0010
01066C  1B          TCS
01066D  6B          RTL
01066E  A3 1A       LDA $1A,S
010670  83 06       STA $06,S
010672  A3 1B       LDA $1B,S
010674  83 07       STA $07,S
010676  A3 06       LDA $06,S
010678  85 00       STA $00
01067A  A3 07       LDA $07,S
01067C  85 01       STA $01
01067E  A7 00       LDA [$00]
010680  83 0A       STA $0A,S
010682  E2 20       SEP #$20
010684  A0 02 00    LDY #$0002
010687  B7 00       LDA [$00],Y
010689  83 0C       STA $0C,S
01068B  C2 20       REP #$20
01068D  A3 0A       LDA $0A,S
01068F  83 01       STA $01,S
010691  A3 0B       LDA $0B,S
010693  83 02       STA $02,S
010695  A3 17       LDA $17,S
010697  83 06       STA $06,S
010699  A3 18       LDA $18,S
01069B  83 07       STA $07,S
01069D  A3 1A       LDA $1A,S
01069F  83 0A       STA $0A,S
0106A1  A3 1B       LDA $1B,S
0106A3  83 0B       STA $0B,S
0106A5  A3 06       LDA $06,S
0106A7  85 00       STA $00
0106A9  A3 07       LDA $07,S
0106AB  85 01       STA $01
0106AD  A3 0A       LDA $0A,S
0106AF  A0 03 00    LDY #$0003
0106B2  97 00       STA [$00],Y
0106B4  E2 20       SEP #$20
0106B6  A3 0C       LDA $0C,S
0106B8  A0 05 00    LDY #$0005
0106BB  97 00       STA [$00],Y
0106BD  C2 20       REP #$20
0106BF  A3 17       LDA $17,S
0106C1  83 06       STA $06,S
0106C3  A3 18       LDA $18,S
0106C5  83 07       STA $07,S
0106C7  A3 01       LDA $01,S
0106C9  83 0A       STA $0A,S
0106CB  A3 02       LDA $02,S
0106CD  83 0B       STA $0B,S
0106CF  A3 06       LDA $06,S
0106D1  85 00       STA $00
0106D3  A3 07       LDA $07,S
0106D5  85 01       STA $01
0106D7  A3 0A       LDA $0A,S
0106D9  87 00       STA [$00]
0106DB  E2 20       SEP #$20
0106DD  A3 0C       LDA $0C,S
0106DF  A0 02 00    LDY #$0002
0106E2  97 00       STA [$00],Y
0106E4  C2 20       REP #$20
0106E6  A3 01       LDA $01,S
0106E8  83 06       STA $06,S
0106EA  A3 02       LDA $02,S
0106EC  83 07       STA $07,S
0106EE  A3 17       LDA $17,S
0106F0  83 0A       STA $0A,S
0106F2  A3 18       LDA $18,S
0106F4  83 0B       STA $0B,S
0106F6  A3 06       LDA $06,S
0106F8  85 00       STA $00
0106FA  A3 07       LDA $07,S
0106FC  85 01       STA $01
0106FE  A3 0A       LDA $0A,S
010700  A0 03 00    LDY #$0003
010703  97 00       STA [$00],Y
010705  E2 20       SEP #$20
010707  A3 0C       LDA $0C,S
010709  A0 05 00    LDY #$0005
01070C  97 00       STA [$00],Y
01070E  C2 20       REP #$20
010710  A3 1A       LDA $1A,S
010712  83 06       STA $06,S
010714  A3 1B       LDA $1B,S
010716  83 07       STA $07,S
010718  A3 17       LDA $17,S
01071A  83 0A       STA $0A,S
01071C  A3 18       LDA $18,S
01071E  83 0B       STA $0B,S
010720  A3 06       LDA $06,S
010722  85 00       STA $00
010724  A3 07       LDA $07,S
010726  85 01       STA $01
010728  A3 0A       LDA $0A,S
01072A  87 00       STA [$00]
01072C  E2 20       SEP #$20
01072E  A3 0C       LDA $0C,S
010730  A0 02 00    LDY #$0002
010733  97 00       STA [$00],Y
010735  C2 20       REP #$20
010737  3B          TSC
010738  18          CLC
010739  69 10 00    ADC #$0010
01073C  1B          TCS
01073D  6B          RTL
01073E  3B          TSC
01073F  AA          TAX
010740  C5 46       CMP $46
010742  90 04       BCC $010748
010744  F0 02       BEQ $010748
010746  80 0A       BRA $010752
010748  38          SEC
010749  E9 06 00    SBC #$0006
01074C  90 04       BCC $010752
01074E  C5 44       CMP $44
010750  B0 07       BCS $010759
010752  A9 06 00    LDA #$0006
010755  5C 00 80 04 JML $048000
010759  1B          TCS
01075A  A3 0A       LDA $0A,S
01075C  85 00       STA $00
01075E  A3 0B       LDA $0B,S
010760  85 01       STA $01
010762  A0 03 00    LDY #$0003
010765  B7 00       LDA [$00],Y
010767  85 03       STA $03
010769  E2 20       SEP #$20
01076B  A0 05 00    LDY #$0005
01076E  B7 00       LDA [$00],Y
010770  85 05       STA $05
010772  C2 20       REP #$20
010774  A5 03       LDA $03
010776  83 01       STA $01,S
010778  A5 04       LDA $04
01077A  83 02       STA $02,S
01077C  A3 0A       LDA $0A,S
01077E  85 00       STA $00
010780  A3 0B       LDA $0B,S
010782  85 01       STA $01
010784  A7 00       LDA [$00]
010786  85 03       STA $03
010788  E2 20       SEP #$20
01078A  A0 02 00    LDY #$0002
01078D  B7 00       LDA [$00],Y
01078F  85 05       STA $05
010791  C2 20       REP #$20
010793  A5 03       LDA $03
010795  83 04       STA $04,S
010797  A5 04       LDA $04
010799  83 05       STA $05,S
01079B  A3 01       LDA $01,S
01079D  85 00       STA $00
01079F  A3 02       LDA $02,S
0107A1  85 01       STA $01
0107A3  A3 04       LDA $04,S
0107A5  85 03       STA $03
0107A7  A3 05       LDA $05,S
0107A9  85 04       STA $04
0107AB  A5 03       LDA $03
0107AD  87 00       STA [$00]
0107AF  E2 20       SEP #$20
0107B1  A5 05       LDA $05
0107B3  A0 02 00    LDY #$0002
0107B6  97 00       STA [$00],Y
0107B8  C2 20       REP #$20
0107BA  A3 04       LDA $04,S
0107BC  85 00       STA $00
0107BE  A3 05       LDA $05,S
0107C0  85 01       STA $01
0107C2  A3 01       LDA $01,S
0107C4  85 03       STA $03
0107C6  A3 02       LDA $02,S
0107C8  85 04       STA $04
0107CA  A5 03       LDA $03
0107CC  A0 03 00    LDY #$0003
0107CF  97 00       STA [$00],Y
0107D1  E2 20       SEP #$20
0107D3  A5 05       LDA $05
0107D5  A0 05 00    LDY #$0005
0107D8  97 00       STA [$00],Y
0107DA  C2 20       REP #$20
0107DC  3B          TSC
0107DD  18          CLC
0107DE  69 06 00    ADC #$0006
0107E1  1B          TCS
0107E2  6B          RTL
0107E3  3B          TSC
0107E4  AA          TAX
0107E5  C5 46       CMP $46
0107E7  90 04       BCC $0107ED
0107E9  F0 02       BEQ $0107ED
0107EB  80 0A       BRA $0107F7
0107ED  38          SEC
0107EE  E9 0C 00    SBC #$000C
0107F1  90 04       BCC $0107F7
0107F3  C5 44       CMP $44
0107F5  B0 07       BCS $0107FE
0107F7  A9 0C 00    LDA #$000C
0107FA  5C 00 80 04 JML $048000
0107FE  1B          TCS
0107FF  A3 10       LDA $10,S
010801  83 06       STA $06,S
010803  A3 11       LDA $11,S
010805  83 07       STA $07,S
010807  A3 06       LDA $06,S
010809  85 00       STA $00
01080B  A3 07       LDA $07,S
01080D  85 01       STA $01
01080F  A7 00       LDA [$00]
010811  83 0A       STA $0A,S
010813  E2 20       SEP #$20
010815  A0 02 00    LDY #$0002
010818  B7 00       LDA [$00],Y
01081A  83 0C       STA $0C,S
01081C  C2 20       REP #$20
01081E  A3 0A       LDA $0A,S
010820  83 01       STA $01,S
010822  A3 0B       LDA $0B,S
010824  83 02       STA $02,S
010826  A3 01       LDA $01,S
010828  83 0A       STA $0A,S
01082A  A3 02       LDA $02,S
01082C  83 0B       STA $0B,S
01082E  A3 0A       LDA $0A,S
010830  85 00       STA $00
010832  A3 0B       LDA $0B,S
010834  85 01       STA $01
010836  A7 00       LDA [$00]
010838  83 06       STA $06,S
01083A  E2 20       SEP #$20
01083C  A0 02 00    LDY #$0002
01083F  B7 00       LDA [$00],Y
010841  83 08       STA $08,S
010843  C2 20       REP #$20
010845  A3 06       LDA $06,S
010847  03 07       ORA $07,S
010849  F0 02       BEQ $01084D
01084B  80 11       BRA $01085E
01084D  C2 20       REP #$20
01084F  A2 00 00    LDX #$0000
010852  A9 00 00    LDA #$0000
010855  A8          TAY
010856  3B          TSC
010857  18          CLC
010858  69 0C 00    ADC #$000C
01085B  1B          TCS
01085C  98          TYA
01085D  6B          RTL
01085E  A3 01       LDA $01,S
010860  83 06       STA $06,S
010862  A3 02       LDA $02,S
010864  83 07       STA $07,S
010866  3B          TSC
010867  AA          TAX
010868  C5 46       CMP $46
01086A  90 04       BCC $010870
01086C  F0 02       BEQ $010870
01086E  80 0A       BRA $01087A
010870  38          SEC
010871  E9 06 00    SBC #$0006
010874  90 04       BCC $01087A
010876  C5 44       CMP $44
010878  B0 07       BCS $010881
01087A  A9 06 00    LDA #$0006
01087D  5C 00 80 04 JML $048000
010881  3B          TSC
010882  38          SEC
010883  E9 03 00    SBC #$0003
010886  1B          TCS
010887  E2 20       SEP #$20
010889  A9 00       LDA #$00
01088B  A3 09       LDA $09,S
01088D  83 01       STA $01,S
01088F  A3 0A       LDA $0A,S
010891  83 02       STA $02,S
010893  A3 0B       LDA $0B,S
010895  83 03       STA $03,S
010897  C2 20       REP #$20
010899  22 3E 07 01 JSL $01073E
01089D  A8          TAY
01089E  3B          TSC
01089F  18          CLC
0108A0  69 03 00    ADC #$0003
0108A3  1B          TCS
0108A4  98          TYA
0108A5  A3 01       LDA $01,S
0108A7  83 06       STA $06,S
0108A9  A3 02       LDA $02,S
0108AB  83 07       STA $07,S
0108AD  A3 07       LDA $07,S
0108AF  EB          XBA
0108B0  29 FF 00    AND #$00FF
0108B3  AA          TAX
0108B4  A3 06       LDA $06,S
0108B6  A8          TAY
0108B7  3B          TSC
0108B8  18          CLC
0108B9  69 0C 00    ADC #$000C
0108BC  1B          TCS
0108BD  98          TYA
0108BE  6B          RTL
0108BF  3B          TSC
0108C0  AA          TAX
0108C1  C5 46       CMP $46
0108C3  90 04       BCC $0108C9
0108C5  F0 02       BEQ $0108C9
0108C7  80 0A       BRA $0108D3
0108C9  38          SEC
0108CA  E9 0C 00    SBC #$000C
0108CD  90 04       BCC $0108D3
0108CF  C5 44       CMP $44
0108D1  B0 07       BCS $0108DA
0108D3  A9 0C 00    LDA #$000C
0108D6  5C 00 80 04 JML $048000
0108DA  1B          TCS
0108DB  A3 10       LDA $10,S
0108DD  83 06       STA $06,S
0108DF  A3 11       LDA $11,S
0108E1  83 07       STA $07,S
0108E3  A3 06       LDA $06,S
0108E5  85 00       STA $00
0108E7  A3 07       LDA $07,S
0108E9  85 01       STA $01
0108EB  A0 06 00    LDY #$0006
0108EE  B7 00       LDA [$00],Y
0108F0  83 0A       STA $0A,S
0108F2  E2 20       SEP #$20
0108F4  A0 08 00    LDY #$0008
0108F7  B7 00       LDA [$00],Y
0108F9  83 0C       STA $0C,S
0108FB  C2 20       REP #$20
0108FD  A3 0A       LDA $0A,S
0108FF  83 01       STA $01,S
010901  A3 0B       LDA $0B,S
010903  83 02       STA $02,S
010905  A3 01       LDA $01,S
010907  83 0A       STA $0A,S
010909  A3 02       LDA $02,S
01090B  83 0B       STA $0B,S
01090D  A3 0A       LDA $0A,S
01090F  85 00       STA $00
010911  A3 0B       LDA $0B,S
010913  85 01       STA $01
010915  A0 03 00    LDY #$0003
010918  B7 00       LDA [$00],Y
01091A  83 06       STA $06,S
01091C  E2 20       SEP #$20
01091E  A0 05 00    LDY #$0005
010921  B7 00       LDA [$00],Y
010923  83 08       STA $08,S
010925  C2 20       REP #$20
010927  A3 06       LDA $06,S
010929  03 07       ORA $07,S
01092B  F0 02       BEQ $01092F
01092D  80 11       BRA $010940
01092F  C2 20       REP #$20
010931  A2 00 00    LDX #$0000
010934  A9 00 00    LDA #$0000
010937  A8          TAY
010938  3B          TSC
010939  18          CLC
01093A  69 0C 00    ADC #$000C
01093D  1B          TCS
01093E  98          TYA
01093F  6B          RTL
010940  A3 01       LDA $01,S
010942  83 06       STA $06,S
010944  A3 02       LDA $02,S
010946  83 07       STA $07,S
010948  3B          TSC
010949  AA          TAX
01094A  C5 46       CMP $46
01094C  90 04       BCC $010952
01094E  F0 02       BEQ $010952
010950  80 0A       BRA $01095C
010952  38          SEC
010953  E9 06 00    SBC #$0006
010956  90 04       BCC $01095C
010958  C5 44       CMP $44
01095A  B0 07       BCS $010963
01095C  A9 06 00    LDA #$0006
01095F  5C 00 80 04 JML $048000
010963  3B          TSC
010964  38          SEC
010965  E9 03 00    SBC #$0003
010968  1B          TCS
010969  E2 20       SEP #$20
01096B  A9 00       LDA #$00
01096D  A3 09       LDA $09,S
01096F  83 01       STA $01,S
010971  A3 0A       LDA $0A,S
010973  83 02       STA $02,S
010975  A3 0B       LDA $0B,S
010977  83 03       STA $03,S
010979  C2 20       REP #$20
01097B  22 3E 07 01 JSL $01073E
01097F  A8          TAY
010980  3B          TSC
010981  18          CLC
010982  69 03 00    ADC #$0003
010985  1B          TCS
010986  98          TYA
010987  A3 01       LDA $01,S
010989  83 06       STA $06,S
01098B  A3 02       LDA $02,S
01098D  83 07       STA $07,S
01098F  A3 07       LDA $07,S
010991  EB          XBA
010992  29 FF 00    AND #$00FF
010995  AA          TAX
010996  A3 06       LDA $06,S
010998  A8          TAY
010999  3B          TSC
01099A  18          CLC
01099B  69 0C 00    ADC #$000C
01099E  1B          TCS
01099F  98          TYA
0109A0  6B          RTL
0109A1  3B          TSC
0109A2  AA          TAX
0109A3  C5 46       CMP $46
0109A5  90 04       BCC $0109AB
0109A7  F0 02       BEQ $0109AB
0109A9  80 0A       BRA $0109B5
0109AB  38          SEC
0109AC  E9 14 00    SBC #$0014
0109AF  90 04       BCC $0109B5
0109B1  C5 44       CMP $44
0109B3  B0 07       BCS $0109BC
0109B5  A9 14 00    LDA #$0014
0109B8  5C 00 80 04 JML $048000
0109BC  1B          TCS
0109BD  A3 18       LDA $18,S
0109BF  83 06       STA $06,S
0109C1  A3 19       LDA $19,S
0109C3  83 07       STA $07,S
0109C5  A3 06       LDA $06,S
0109C7  85 00       STA $00
0109C9  A3 07       LDA $07,S
0109CB  85 01       STA $01
0109CD  A7 00       LDA [$00]
0109CF  83 0A       STA $0A,S
0109D1  E2 20       SEP #$20
0109D3  A0 02 00    LDY #$0002
0109D6  B7 00       LDA [$00],Y
0109D8  83 0C       STA $0C,S
0109DA  C2 20       REP #$20
0109DC  A3 0A       LDA $0A,S
0109DE  83 01       STA $01,S
0109E0  A3 0B       LDA $0B,S
0109E2  83 02       STA $02,S
0109E4  A3 01       LDA $01,S
0109E6  83 0A       STA $0A,S
0109E8  A3 02       LDA $02,S
0109EA  83 0B       STA $0B,S
0109EC  A3 0A       LDA $0A,S
0109EE  85 00       STA $00
0109F0  A3 0B       LDA $0B,S
0109F2  85 01       STA $01
0109F4  A7 00       LDA [$00]
0109F6  83 06       STA $06,S
0109F8  E2 20       SEP #$20
0109FA  A0 02 00    LDY #$0002
0109FD  B7 00       LDA [$00],Y
0109FF  83 08       STA $08,S
010A01  C2 20       REP #$20
010A03  A3 06       LDA $06,S
010A05  03 07       ORA $07,S
010A07  D0 03       BNE $010A0C
010A09  82 11 01    BRL $010B1D
010A0C  C2 20       REP #$20
010A0E  A3 1B       LDA $1B,S
010A10  83 06       STA $06,S
010A12  A3 1C       LDA $1C,S
010A14  83 07       STA $07,S
010A16  A3 06       LDA $06,S
010A18  85 00       STA $00
010A1A  A3 07       LDA $07,S
010A1C  85 01       STA $01
010A1E  E2 20       SEP #$20
010A20  A0 07 00    LDY #$0007
010A23  B7 00       LDA [$00],Y
010A25  83 09       STA $09,S
010A27  A9 80       LDA #$80
010A29  85 10       STA $10
010A2B  A3 09       LDA $09,S
010A2D  45 10       EOR $10
010A2F  83 05       STA $05,S
010A31  C2 20       REP #$20
010A33  A3 01       LDA $01,S
010A35  83 06       STA $06,S
010A37  A3 02       LDA $02,S
010A39  83 07       STA $07,S
010A3B  A3 06       LDA $06,S
010A3D  85 00       STA $00
010A3F  A3 07       LDA $07,S
010A41  85 01       STA $01
010A43  E2 20       SEP #$20
010A45  A0 07 00    LDY #$0007
010A48  B7 00       LDA [$00],Y
010A4A  83 09       STA $09,S
010A4C  A9 80       LDA #$80
010A4E  85 10       STA $10
010A50  A3 09       LDA $09,S
010A52  45 10       EOR $10
010A54  83 06       STA $06,S
010A56  A3 06       LDA $06,S
010A58  C3 05       CMP $05,S
010A5A  C2 20       REP #$20
010A5C  90 03       BCC $010A61
010A5E  82 92 00    BRL $010AF3
010A61  C2 20       REP #$20
010A63  A3 18       LDA $18,S
010A65  83 06       STA $06,S
010A67  A3 19       LDA $19,S
010A69  83 07       STA $07,S
010A6B  A3 1B       LDA $1B,S
010A6D  83 0A       STA $0A,S
010A6F  A3 1C       LDA $1C,S
010A71  83 0B       STA $0B,S
010A73  A3 01       LDA $01,S
010A75  83 0E       STA $0E,S
010A77  A3 02       LDA $02,S
010A79  83 0F       STA $0F,S
010A7B  A3 0E       LDA $0E,S
010A7D  85 00       STA $00
010A7F  A3 0F       LDA $0F,S
010A81  85 01       STA $01
010A83  A0 03 00    LDY #$0003
010A86  B7 00       LDA [$00],Y
010A88  83 12       STA $12,S
010A8A  E2 20       SEP #$20
010A8C  A0 05 00    LDY #$0005
010A8F  B7 00       LDA [$00],Y
010A91  83 14       STA $14,S
010A93  C2 20       REP #$20
010A95  3B          TSC
010A96  AA          TAX
010A97  C5 46       CMP $46
010A99  90 04       BCC $010A9F
010A9B  F0 02       BEQ $010A9F
010A9D  80 0A       BRA $010AA9
010A9F  38          SEC
010AA0  E9 0C 00    SBC #$000C
010AA3  90 04       BCC $010AA9
010AA5  C5 44       CMP $44
010AA7  B0 07       BCS $010AB0
010AA9  A9 0C 00    LDA #$000C
010AAC  5C 00 80 04 JML $048000
010AB0  3B          TSC
010AB1  38          SEC
010AB2  E9 09 00    SBC #$0009
010AB5  1B          TCS
010AB6  E2 20       SEP #$20
010AB8  A9 00       LDA #$00
010ABA  A3 0F       LDA $0F,S
010ABC  83 01       STA $01,S
010ABE  A3 10       LDA $10,S
010AC0  83 02       STA $02,S
010AC2  A3 11       LDA $11,S
010AC4  83 03       STA $03,S
010AC6  A3 13       LDA $13,S
010AC8  83 04       STA $04,S
010ACA  A3 14       LDA $14,S
010ACC  83 05       STA $05,S
010ACE  A3 15       LDA $15,S
010AD0  83 06       STA $06,S
010AD2  A3 1B       LDA $1B,S
010AD4  83 07       STA $07,S
010AD6  A3 1C       LDA $1C,S
010AD8  83 08       STA $08,S
010ADA  A3 1D       LDA $1D,S
010ADC  83 09       STA $09,S
010ADE  C2 20       REP #$20
010AE0  22 CF 04 01 JSL $0104CF
010AE4  A8          TAY
010AE5  3B          TSC
010AE6  18          CLC
010AE7  69 09 00    ADC #$0009
010AEA  1B          TCS
010AEB  98          TYA
010AEC  3B          TSC
010AED  18          CLC
010AEE  69 14 00    ADC #$0014
010AF1  1B          TCS
010AF2  6B          RTL
010AF3  A3 01       LDA $01,S
010AF5  83 06       STA $06,S
010AF7  A3 02       LDA $02,S
010AF9  83 07       STA $07,S
010AFB  A3 06       LDA $06,S
010AFD  85 00       STA $00
010AFF  A3 07       LDA $07,S
010B01  85 01       STA $01
010B03  A7 00       LDA [$00]
010B05  83 0A       STA $0A,S
010B07  E2 20       SEP #$20
010B09  A0 02 00    LDY #$0002
010B0C  B7 00       LDA [$00],Y
010B0E  83 0C       STA $0C,S
010B10  C2 20       REP #$20
010B12  A3 0A       LDA $0A,S
010B14  83 01       STA $01,S
010B16  A3 0B       LDA $0B,S
010B18  83 02       STA $02,S
010B1A  82 C7 FE    BRL $0109E4
010B1D  A3 18       LDA $18,S
010B1F  83 06       STA $06,S
010B21  A3 19       LDA $19,S
010B23  83 07       STA $07,S
010B25  A3 1B       LDA $1B,S
010B27  83 0A       STA $0A,S
010B29  A3 1C       LDA $1C,S
010B2B  83 0B       STA $0B,S
010B2D  3B          TSC
010B2E  AA          TAX
010B2F  C5 46       CMP $46
010B31  90 04       BCC $010B37
010B33  F0 02       BEQ $010B37
010B35  80 0A       BRA $010B41
010B37  38          SEC
010B38  E9 0A 00    SBC #$000A
010B3B  90 04       BCC $010B41
010B3D  C5 44       CMP $44
010B3F  B0 07       BCS $010B48
010B41  A9 0A 00    LDA #$000A
010B44  5C 00 80 04 JML $048000
010B48  3B          TSC
010B49  38          SEC
010B4A  E9 07 00    SBC #$0007
010B4D  1B          TCS
010B4E  E2 20       SEP #$20
010B50  A9 00       LDA #$00
010B52  83 07       STA $07,S
010B54  A3 0D       LDA $0D,S
010B56  83 01       STA $01,S
010B58  A3 0E       LDA $0E,S
010B5A  83 02       STA $02,S
010B5C  A3 0F       LDA $0F,S
010B5E  83 03       STA $03,S
010B60  A3 11       LDA $11,S
010B62  83 04       STA $04,S
010B64  A3 12       LDA $12,S
010B66  83 05       STA $05,S
010B68  A3 13       LDA $13,S
010B6A  83 06       STA $06,S
010B6C  C2 20       REP #$20
010B6E  22 A9 03 01 JSL $0103A9
010B72  A8          TAY
010B73  3B          TSC
010B74  18          CLC
010B75  69 07 00    ADC #$0007
010B78  1B          TCS
010B79  98          TYA
010B7A  3B          TSC
010B7B  18          CLC
010B7C  69 14 00    ADC #$0014
010B7F  1B          TCS
010B80  6B          RTL
010B81  3B          TSC
010B82  AA          TAX
010B83  C5 46       CMP $46
010B85  90 04       BCC $010B8B
010B87  F0 02       BEQ $010B8B
010B89  80 0A       BRA $010B95
010B8B  38          SEC
010B8C  E9 16 00    SBC #$0016
010B8F  90 04       BCC $010B95
010B91  C5 44       CMP $44
010B93  B0 07       BCS $010B9C
010B95  A9 16 00    LDA #$0016
010B98  5C 00 80 04 JML $048000
010B9C  1B          TCS
010B9D  A3 1A       LDA $1A,S
010B9F  83 0C       STA $0C,S
010BA1  A3 1B       LDA $1B,S
010BA3  83 0D       STA $0D,S
010BA5  A3 0C       LDA $0C,S
010BA7  85 00       STA $00
010BA9  A3 0D       LDA $0D,S
010BAB  85 01       STA $01
010BAD  A7 00       LDA [$00]
010BAF  83 10       STA $10,S
010BB1  E2 20       SEP #$20
010BB3  A0 02 00    LDY #$0002
010BB6  B7 00       LDA [$00],Y
010BB8  83 12       STA $12,S
010BBA  C2 20       REP #$20
010BBC  A3 10       LDA $10,S
010BBE  83 01       STA $01,S
010BC0  A3 11       LDA $11,S
010BC2  83 02       STA $02,S
010BC4  A3 01       LDA $01,S
010BC6  83 10       STA $10,S
010BC8  A3 02       LDA $02,S
010BCA  83 11       STA $11,S
010BCC  A3 10       LDA $10,S
010BCE  85 00       STA $00
010BD0  A3 11       LDA $11,S
010BD2  85 01       STA $01
010BD4  A7 00       LDA [$00]
010BD6  83 0C       STA $0C,S
010BD8  E2 20       SEP #$20
010BDA  A0 02 00    LDY #$0002
010BDD  B7 00       LDA [$00],Y
010BDF  83 0E       STA $0E,S
010BE1  C2 20       REP #$20
010BE3  A3 0C       LDA $0C,S
010BE5  03 0D       ORA $0D,S
010BE7  D0 03       BNE $010BEC
010BE9  82 8D 01    BRL $010D79
010BEC  C2 20       REP #$20
010BEE  A3 01       LDA $01,S
010BF0  83 0C       STA $0C,S
010BF2  A3 02       LDA $02,S
010BF4  83 0D       STA $0D,S
010BF6  A3 0C       LDA $0C,S
010BF8  85 00       STA $00
010BFA  A3 0D       LDA $0D,S
010BFC  85 01       STA $01
010BFE  A0 08 00    LDY #$0008
010C01  B7 00       LDA [$00],Y
010C03  83 10       STA $10,S
010C05  E2 20       SEP #$20
010C07  A0 0A 00    LDY #$000A
010C0A  B7 00       LDA [$00],Y
010C0C  83 12       STA $12,S
010C0E  C2 20       REP #$20
010C10  A3 10       LDA $10,S
010C12  83 04       STA $04,S
010C14  A3 11       LDA $11,S
010C16  83 05       STA $05,S
010C18  A3 1D       LDA $1D,S
010C1A  83 0C       STA $0C,S
010C1C  A3 1E       LDA $1E,S
010C1E  83 0D       STA $0D,S
010C20  A3 0C       LDA $0C,S
010C22  83 07       STA $07,S
010C24  A3 0D       LDA $0D,S
010C26  83 08       STA $08,S
010C28  A3 04       LDA $04,S
010C2A  83 0C       STA $0C,S
010C2C  A3 05       LDA $05,S
010C2E  83 0D       STA $0D,S
010C30  A3 0C       LDA $0C,S
010C32  03 0D       ORA $0D,S
010C34  D0 03       BNE $010C39
010C36  82 16 01    BRL $010D4F
010C39  C2 20       REP #$20
010C3B  A3 04       LDA $04,S
010C3D  83 0C       STA $0C,S
010C3F  A3 05       LDA $05,S
010C41  83 0D       STA $0D,S
010C43  A3 0C       LDA $0C,S
010C45  85 00       STA $00
010C47  A3 0D       LDA $0D,S
010C49  85 01       STA $01
010C4B  E2 20       SEP #$20
010C4D  A7 00       LDA [$00]
010C4F  83 0B       STA $0B,S
010C51  C2 20       REP #$20
010C53  A3 07       LDA $07,S
010C55  83 0C       STA $0C,S
010C57  A3 08       LDA $08,S
010C59  83 0D       STA $0D,S
010C5B  A3 0C       LDA $0C,S
010C5D  85 00       STA $00
010C5F  A3 0D       LDA $0D,S
010C61  85 01       STA $01
010C63  E2 20       SEP #$20
010C65  A7 00       LDA [$00]
010C67  83 0F       STA $0F,S
010C69  A3 0B       LDA $0B,S
010C6B  C3 0F       CMP $0F,S
010C6D  C2 20       REP #$20
010C6F  F0 03       BEQ $010C74
010C71  82 DB 00    BRL $010D4F
010C74  C2 20       REP #$20
010C76  A3 04       LDA $04,S
010C78  83 0C       STA $0C,S
010C7A  A3 05       LDA $05,S
010C7C  83 0D       STA $0D,S
010C7E  A3 0C       LDA $0C,S
010C80  85 00       STA $00
010C82  A3 0D       LDA $0D,S
010C84  85 01       STA $01
010C86  E2 20       SEP #$20
010C88  A7 00       LDA [$00]
010C8A  83 0B       STA $0B,S
010C8C  A3 0B       LDA $0B,S
010C8E  C9 00       CMP #$00
010C90  C2 20       REP #$20
010C92  F0 02       BEQ $010C96
010C94  80 1C       BRA $010CB2
010C96  C2 20       REP #$20
010C98  A3 01       LDA $01,S
010C9A  83 0C       STA $0C,S
010C9C  A3 02       LDA $02,S
010C9E  83 0D       STA $0D,S
010CA0  A3 0D       LDA $0D,S
010CA2  EB          XBA
010CA3  29 FF 00    AND #$00FF
010CA6  AA          TAX
010CA7  A3 0C       LDA $0C,S
010CA9  A8          TAY
010CAA  3B          TSC
010CAB  18          CLC
010CAC  69 16 00    ADC #$0016
010CAF  1B          TCS
010CB0  98          TYA
010CB1  6B          RTL
010CB2  A3 04       LDA $04,S
010CB4  83 10       STA $10,S
010CB6  A3 05       LDA $05,S
010CB8  83 11       STA $11,S
010CBA  A3 10       LDA $10,S
010CBC  83 0C       STA $0C,S
010CBE  A3 11       LDA $11,S
010CC0  83 0D       STA $0D,S
010CC2  E2 20       SEP #$20
010CC4  A9 01       LDA #$01
010CC6  83 14       STA $14,S
010CC8  A9 00       LDA #$00
010CCA  83 15       STA $15,S
010CCC  83 16       STA $16,S
010CCE  18          CLC
010CCF  A3 14       LDA $14,S
010CD1  85 10       STA $10
010CD3  A3 0C       LDA $0C,S
010CD5  65 10       ADC $10
010CD7  83 10       STA $10,S
010CD9  A3 15       LDA $15,S
010CDB  85 10       STA $10
010CDD  A3 0D       LDA $0D,S
010CDF  65 10       ADC $10
010CE1  83 11       STA $11,S
010CE3  A3 16       LDA $16,S
010CE5  85 10       STA $10
010CE7  A3 0E       LDA $0E,S
010CE9  65 10       ADC $10
010CEB  83 12       STA $12,S
010CED  C2 20       REP #$20
010CEF  A3 10       LDA $10,S
010CF1  83 0C       STA $0C,S
010CF3  A3 11       LDA $11,S
010CF5  83 0D       STA $0D,S
010CF7  A3 0C       LDA $0C,S
010CF9  83 04       STA $04,S
010CFB  A3 0D       LDA $0D,S
010CFD  83 05       STA $05,S
010CFF  A3 07       LDA $07,S
010D01  83 10       STA $10,S
010D03  A3 08       LDA $08,S
010D05  83 11       STA $11,S
010D07  A3 10       LDA $10,S
010D09  83 0C       STA $0C,S
010D0B  A3 11       LDA $11,S
010D0D  83 0D       STA $0D,S
010D0F  E2 20       SEP #$20
010D11  A9 01       LDA #$01
010D13  83 14       STA $14,S
010D15  A9 00       LDA #$00
010D17  83 15       STA $15,S
010D19  83 16       STA $16,S
010D1B  18          CLC
010D1C  A3 14       LDA $14,S
010D1E  85 10       STA $10
010D20  A3 0C       LDA $0C,S
010D22  65 10       ADC $10
010D24  83 10       STA $10,S
010D26  A3 15       LDA $15,S
010D28  85 10       STA $10
010D2A  A3 0D       LDA $0D,S
010D2C  65 10       ADC $10
010D2E  83 11       STA $11,S
010D30  A3 16       LDA $16,S
010D32  85 10       STA $10
010D34  A3 0E       LDA $0E,S
010D36  65 10       ADC $10
010D38  83 12       STA $12,S
010D3A  C2 20       REP #$20
010D3C  A3 10       LDA $10,S
010D3E  83 0C       STA $0C,S
010D40  A3 11       LDA $11,S
010D42  83 0D       STA $0D,S
010D44  A3 0C       LDA $0C,S
010D46  83 07       STA $07,S
010D48  A3 0D       LDA $0D,S
010D4A  83 08       STA $08,S
010D4C  82 EC FE    BRL $010C3B
010D4F  A3 01       LDA $01,S
010D51  83 0C       STA $0C,S
010D53  A3 02       LDA $02,S
010D55  83 0D       STA $0D,S
010D57  A3 0C       LDA $0C,S
010D59  85 00       STA $00
010D5B  A3 0D       LDA $0D,S
010D5D  85 01       STA $01
010D5F  A7 00       LDA [$00]
010D61  83 10       STA $10,S
010D63  E2 20       SEP #$20
010D65  A0 02 00    LDY #$0002
010D68  B7 00       LDA [$00],Y
010D6A  83 12       STA $12,S
010D6C  C2 20       REP #$20
010D6E  A3 10       LDA $10,S
010D70  83 01       STA $01,S
010D72  A3 11       LDA $11,S
010D74  83 02       STA $02,S
010D76  82 4B FE    BRL $010BC4
010D79  A2 00 00    LDX #$0000
010D7C  A9 00 00    LDA #$0000
010D7F  A8          TAY
010D80  3B          TSC
010D81  18          CLC
010D82  69 16 00    ADC #$0016
010D85  1B          TCS
010D86  98          TYA
010D87  6B          RTL
010D88  3B          TSC
010D89  AA          TAX
010D8A  C5 46       CMP $46
010D8C  90 04       BCC $010D92
010D8E  F0 02       BEQ $010D92
010D90  80 0A       BRA $010D9C
010D92  38          SEC
010D93  E9 00 00    SBC #$0000
010D96  90 04       BCC $010D9C
010D98  C5 44       CMP $44
010D9A  B0 07       BCS $010DA3
010D9C  A9 00 00    LDA #$0000
010D9F  5C 00 80 04 JML $048000
010DA3  1B          TCS
010DA4  6B          RTL
