010000  3B          TSC
010001  AA          TAX
010002  C5 46       CMP $46
010004  90 04       BCC $01000A
010006  F0 02       BEQ $01000A
010008  80 0A       BRA $010014
01000A  38          SEC
01000B  E9 0C 00    SBC #$000C
01000E  90 04       BCC $010014
010010  C5 44       CMP $44
010012  B0 07       BCS $01001B
010014  A9 0C 00    LDA #$000C
010017  5C 00 80 04 JML $048000
01001B  1B          TCS
01001C  A3 10       LDA $10,S
01001E  83 02       STA $02,S
010020  A3 11       LDA $11,S
010022  83 03       STA $03,S
010024  E2 20       SEP #$20
010026  C2 20       REP #$20
010028  A3 02       LDA $02,S
01002A  85 00       STA $00
01002C  A3 03       LDA $03,S
01002E  85 01       STA $01
010030  E2 20       SEP #$20
010032  18          CLC
010033  A5 00       LDA $00
010035  69 03       ADC #$03
010037  85 00       STA $00
010039  A5 01       LDA $01
01003B  69 00       ADC #$00
01003D  85 01       STA $01
01003F  A5 02       LDA $02
010041  69 00       ADC #$00
010043  85 02       STA $02
010045  A5 00       LDA $00
010047  83 06       STA $06,S
010049  A5 01       LDA $01
01004B  83 07       STA $07,S
01004D  A5 02       LDA $02
01004F  83 08       STA $08,S
010051  C2 20       REP #$20
010053  A3 06       LDA $06,S
010055  83 0A       STA $0A,S
010057  A3 07       LDA $07,S
010059  83 0B       STA $0B,S
01005B  A3 02       LDA $02,S
01005D  85 00       STA $00
01005F  A3 03       LDA $03,S
010061  85 01       STA $01
010063  A3 0A       LDA $0A,S
010065  87 00       STA [$00]
010067  E2 20       SEP #$20
010069  A3 0C       LDA $0C,S
01006B  A0 02 00    LDY #$0002
01006E  97 00       STA [$00],Y
010070  C2 20       REP #$20
010072  A3 10       LDA $10,S
010074  83 02       STA $02,S
010076  A3 11       LDA $11,S
010078  83 03       STA $03,S
01007A  A3 02       LDA $02,S
01007C  85 00       STA $00
01007E  A3 03       LDA $03,S
010080  85 01       STA $01
010082  E2 20       SEP #$20
010084  A9 00       LDA #$00
010086  A0 03 00    LDY #$0003
010089  97 00       STA [$00],Y
01008B  A9 00       LDA #$00
01008D  A0 04 00    LDY #$0004
010090  97 00       STA [$00],Y
010092  A9 00       LDA #$00
010094  A0 05 00    LDY #$0005
010097  97 00       STA [$00],Y
010099  C2 20       REP #$20
01009B  A3 10       LDA $10,S
01009D  83 02       STA $02,S
01009F  A3 11       LDA $11,S
0100A1  83 03       STA $03,S
0100A3  E2 20       SEP #$20
0100A5  C2 20       REP #$20
0100A7  A3 02       LDA $02,S
0100A9  85 00       STA $00
0100AB  A3 03       LDA $03,S
0100AD  85 01       STA $01
0100AF  E2 20       SEP #$20
0100B1  A5 00       LDA $00
0100B3  83 06       STA $06,S
0100B5  A5 01       LDA $01
0100B7  83 07       STA $07,S
0100B9  A5 02       LDA $02
0100BB  83 08       STA $08,S
0100BD  C2 20       REP #$20
0100BF  A3 06       LDA $06,S
0100C1  83 0A       STA $0A,S
0100C3  A3 07       LDA $07,S
0100C5  83 0B       STA $0B,S
0100C7  A3 02       LDA $02,S
0100C9  85 00       STA $00
0100CB  A3 03       LDA $03,S
0100CD  85 01       STA $01
0100CF  A3 0A       LDA $0A,S
0100D1  A0 06 00    LDY #$0006
0100D4  97 00       STA [$00],Y
0100D6  E2 20       SEP #$20
0100D8  A3 0C       LDA $0C,S
0100DA  A0 08 00    LDY #$0008
0100DD  97 00       STA [$00],Y
0100DF  C2 20       REP #$20
0100E1  3B          TSC
0100E2  18          CLC
0100E3  69 0C 00    ADC #$000C
0100E6  1B          TCS
0100E7  6B          RTL
0100E8  3B          TSC
0100E9  AA          TAX
0100EA  C5 46       CMP $46
0100EC  90 04       BCC $0100F2
0100EE  F0 02       BEQ $0100F2
0100F0  80 0A       BRA $0100FC
0100F2  38          SEC
0100F3  E9 08 00    SBC #$0008
0100F6  90 04       BCC $0100FC
0100F8  C5 44       CMP $44
0100FA  B0 07       BCS $010103
0100FC  A9 08 00    LDA #$0008
0100FF  5C 00 80 04 JML $048000
010103  1B          TCS
010104  A3 0C       LDA $0C,S
010106  83 02       STA $02,S
010108  A3 0D       LDA $0D,S
01010A  83 03       STA $03,S
01010C  A3 02       LDA $02,S
01010E  83 06       STA $06,S
010110  A3 03       LDA $03,S
010112  83 07       STA $07,S
010114  3B          TSC
010115  AA          TAX
010116  C5 46       CMP $46
010118  90 04       BCC $01011E
01011A  F0 02       BEQ $01011E
01011C  80 0A       BRA $010128
01011E  38          SEC
01011F  E9 06 00    SBC #$0006
010122  90 04       BCC $010128
010124  C5 44       CMP $44
010126  B0 07       BCS $01012F
010128  A9 06 00    LDA #$0006
01012B  5C 00 80 04 JML $048000
01012F  3B          TSC
010130  38          SEC
010131  E9 03 00    SBC #$0003
010134  1B          TCS
010135  E2 20       SEP #$20
010137  A9 00       LDA #$00
010139  A3 09       LDA $09,S
01013B  83 01       STA $01,S
01013D  A3 0A       LDA $0A,S
01013F  83 02       STA $02,S
010141  A3 0B       LDA $0B,S
010143  83 03       STA $03,S
010145  C2 20       REP #$20
010147  22 00 00 01 JSL $010000
01014B  A8          TAY
01014C  3B          TSC
01014D  18          CLC
01014E  69 03 00    ADC #$0003
010151  1B          TCS
010152  98          TYA
010153  3B          TSC
010154  18          CLC
010155  69 08 00    ADC #$0008
010158  1B          TCS
010159  6B          RTL
01015A  3B          TSC
01015B  AA          TAX
01015C  C5 46       CMP $46
01015E  90 04       BCC $010164
010160  F0 02       BEQ $010164
010162  80 0A       BRA $01016E
010164  38          SEC
010165  E9 0C 00    SBC #$000C
010168  90 04       BCC $01016E
01016A  C5 44       CMP $44
01016C  B0 07       BCS $010175
01016E  A9 0C 00    LDA #$000C
010171  5C 00 80 04 JML $048000
010175  1B          TCS
010176  A3 10       LDA $10,S
010178  83 06       STA $06,S
01017A  A3 11       LDA $11,S
01017C  83 07       STA $07,S
01017E  A3 06       LDA $06,S
010180  85 00       STA $00
010182  A3 07       LDA $07,S
010184  85 01       STA $01
010186  A7 00       LDA [$00]
010188  83 02       STA $02,S
01018A  E2 20       SEP #$20
01018C  A0 02 00    LDY #$0002
01018F  B7 00       LDA [$00],Y
010191  83 04       STA $04,S
010193  C2 20       REP #$20
010195  A3 10       LDA $10,S
010197  83 0A       STA $0A,S
010199  A3 11       LDA $11,S
01019B  83 0B       STA $0B,S
01019D  E2 20       SEP #$20
01019F  C2 20       REP #$20
0101A1  A3 0A       LDA $0A,S
0101A3  85 00       STA $00
0101A5  A3 0B       LDA $0B,S
0101A7  85 01       STA $01
0101A9  E2 20       SEP #$20
0101AB  18          CLC
0101AC  A5 00       LDA $00
0101AE  69 03       ADC #$03
0101B0  85 00       STA $00
0101B2  A5 01       LDA $01
0101B4  69 00       ADC #$00
0101B6  85 01       STA $01
0101B8  A5 02       LDA $02
0101BA  69 00       ADC #$00
0101BC  85 02       STA $02
0101BE  A5 00       LDA $00
0101C0  83 06       STA $06,S
0101C2  A5 01       LDA $01
0101C4  83 07       STA $07,S
0101C6  A5 02       LDA $02
0101C8  83 08       STA $08,S
0101CA  C2 20       REP #$20
0101CC  A3 06       LDA $06,S
0101CE  83 0A       STA $0A,S
0101D0  A3 07       LDA $07,S
0101D2  83 0B       STA $0B,S
0101D4  A3 02       LDA $02,S
0101D6  C3 0A       CMP $0A,S
0101D8  D0 0A       BNE $0101E4
0101DA  E2 20       SEP #$20
0101DC  A3 04       LDA $04,S
0101DE  C3 0C       CMP $0C,S
0101E0  C2 20       REP #$20
0101E2  F0 06       BEQ $0101EA
0101E4  E2 20       SEP #$20
0101E6  A9 00       LDA #$00
0101E8  80 04       BRA $0101EE
0101EA  E2 20       SEP #$20
0101EC  A9 01       LDA #$01
0101EE  E2 20       SEP #$20
0101F0  83 01       STA $01,S
0101F2  C2 20       REP #$20
0101F4  E2 20       SEP #$20
0101F6  A3 01       LDA $01,S
0101F8  C2 20       REP #$20
0101FA  29 FF 00    AND #$00FF
0101FD  A8          TAY
0101FE  3B          TSC
0101FF  18          CLC
010200  69 0C 00    ADC #$000C
010203  1B          TCS
010204  98          TYA
010205  6B          RTL
010206  3B          TSC
010207  AA          TAX
010208  C5 46       CMP $46
01020A  90 04       BCC $010210
01020C  F0 02       BEQ $010210
01020E  80 0A       BRA $01021A
010210  38          SEC
010211  E9 08 00    SBC #$0008
010214  90 04       BCC $01021A
010216  C5 44       CMP $44
010218  B0 07       BCS $010221
01021A  A9 08 00    LDA #$0008
01021D  5C 00 80 04 JML $048000
010221  1B          TCS
010222  A3 0C       LDA $0C,S
010224  83 06       STA $06,S
010226  A3 0D       LDA $0D,S
010228  83 07       STA $07,S
01022A  A3 06       LDA $06,S
01022C  83 02       STA $02,S
01022E  A3 07       LDA $07,S
010230  83 03       STA $03,S
010232  3B          TSC
010233  AA          TAX
010234  C5 46       CMP $46
010236  90 04       BCC $01023C
010238  F0 02       BEQ $01023C
01023A  80 0A       BRA $010246
01023C  38          SEC
01023D  E9 06 00    SBC #$0006
010240  90 04       BCC $010246
010242  C5 44       CMP $44
010244  B0 07       BCS $01024D
010246  A9 06 00    LDA #$0006
010249  5C 00 80 04 JML $048000
01024D  3B          TSC
01024E  38          SEC
01024F  E9 03 00    SBC #$0003
010252  1B          TCS
010253  E2 20       SEP #$20
010255  A9 00       LDA #$00
010257  A3 05       LDA $05,S
010259  83 01       STA $01,S
01025B  A3 06       LDA $06,S
01025D  83 02       STA $02,S
01025F  A3 07       LDA $07,S
010261  83 03       STA $03,S
010263  C2 20       REP #$20
010265  22 5A 01 01 JSL $01015A
010269  A8          TAY
01026A  3B          TSC
01026B  18          CLC
01026C  69 03 00    ADC #$0003
01026F  1B          TCS
010270  98          TYA
010271  E2 20       SEP #$20
010273  83 01       STA $01,S
010275  C2 20       REP #$20
010277  E2 20       SEP #$20
010279  A3 01       LDA $01,S
01027B  C2 20       REP #$20
01027D  29 FF 00    AND #$00FF
010280  A8          TAY
010281  3B          TSC
010282  18          CLC
010283  69 08 00    ADC #$0008
010286  1B          TCS
010287  98          TYA
010288  6B          RTL
010289  3B          TSC
01028A  AA          TAX
01028B  C5 46       CMP $46
01028D  90 04       BCC $010293
01028F  F0 02       BEQ $010293
010291  80 0A       BRA $01029D
010293  38          SEC
010294  E9 10 00    SBC #$0010
010297  90 04       BCC $01029D
010299  C5 44       CMP $44
01029B  B0 07       BCS $0102A4
01029D  A9 10 00    LDA #$0010
0102A0  5C 00 80 04 JML $048000
0102A4  1B          TCS
0102A5  A3 14       LDA $14,S
0102A7  83 06       STA $06,S
0102A9  A3 15       LDA $15,S
0102AB  83 07       STA $07,S
0102AD  A3 06       LDA $06,S
0102AF  85 00       STA $00
0102B1  A3 07       LDA $07,S
0102B3  85 01       STA $01
0102B5  A7 00       LDA [$00]
0102B7  83 0A       STA $0A,S
0102B9  E2 20       SEP #$20
0102BB  A0 02 00    LDY #$0002
0102BE  B7 00       LDA [$00],Y
0102C0  83 0C       STA $0C,S
0102C2  C2 20       REP #$20
0102C4  A3 0A       LDA $0A,S
0102C6  83 01       STA $01,S
0102C8  A3 0B       LDA $0B,S
0102CA  83 02       STA $02,S
0102CC  A3 17       LDA $17,S
0102CE  83 06       STA $06,S
0102D0  A3 18       LDA $18,S
0102D2  83 07       STA $07,S
0102D4  A3 14       LDA $14,S
0102D6  83 0E       STA $0E,S
0102D8  A3 15       LDA $15,S
0102DA  83 0F       STA $0F,S
0102DC  E2 20       SEP #$20
0102DE  C2 20       REP #$20
0102E0  A3 0E       LDA $0E,S
0102E2  85 00       STA $00
0102E4  A3 0F       LDA $0F,S
0102E6  85 01       STA $01
0102E8  E2 20       SEP #$20
0102EA  A5 00       LDA $00
0102EC  83 0A       STA $0A,S
0102EE  A5 01       LDA $01
0102F0  83 0B       STA $0B,S
0102F2  A5 02       LDA $02
0102F4  83 0C       STA $0C,S
0102F6  C2 20       REP #$20
0102F8  A3 0A       LDA $0A,S
0102FA  83 0E       STA $0E,S
0102FC  A3 0B       LDA $0B,S
0102FE  83 0F       STA $0F,S
010300  A3 06       LDA $06,S
010302  85 00       STA $00
010304  A3 07       LDA $07,S
010306  85 01       STA $01
010308  A3 0E       LDA $0E,S
01030A  A0 03 00    LDY #$0003
01030D  97 00       STA [$00],Y
01030F  E2 20       SEP #$20
010311  A3 10       LDA $10,S
010313  A0 05 00    LDY #$0005
010316  97 00       STA [$00],Y
010318  C2 20       REP #$20
01031A  A3 17       LDA $17,S
01031C  83 06       STA $06,S
01031E  A3 18       LDA $18,S
010320  83 07       STA $07,S
010322  A3 01       LDA $01,S
010324  83 0A       STA $0A,S
010326  A3 02       LDA $02,S
010328  83 0B       STA $0B,S
01032A  A3 06       LDA $06,S
01032C  85 00       STA $00
01032E  A3 07       LDA $07,S
010330  85 01       STA $01
010332  A3 0A       LDA $0A,S
010334  87 00       STA [$00]
010336  E2 20       SEP #$20
010338  A3 0C       LDA $0C,S
01033A  A0 02 00    LDY #$0002
01033D  97 00       STA [$00],Y
01033F  C2 20       REP #$20
010341  A3 01       LDA $01,S
010343  83 06       STA $06,S
010345  A3 02       LDA $02,S
010347  83 07       STA $07,S
010349  A3 17       LDA $17,S
01034B  83 0A       STA $0A,S
01034D  A3 18       LDA $18,S
01034F  83 0B       STA $0B,S
010351  A3 06       LDA $06,S
010353  85 00       STA $00
010355  A3 07       LDA $07,S
010357  85 01       STA $01
010359  A3 0A       LDA $0A,S
01035B  A0 03 00    LDY #$0003
01035E  97 00       STA [$00],Y
010360  E2 20       SEP #$20
010362  A3 0C       LDA $0C,S
010364  A0 05 00    LDY #$0005
010367  97 00       STA [$00],Y
010369  C2 20       REP #$20
01036B  A3 14       LDA $14,S
01036D  83 06       STA $06,S
01036F  A3 15       LDA $15,S
010371  83 07       STA $07,S
010373  A3 17       LDA $17,S
010375  83 0A       STA $0A,S
010377  A3 18       LDA $18,S
010379  83 0B       STA $0B,S
01037B  A3 06       LDA $06,S
01037D  85 00       STA $00
01037F  A3 07       LDA $07,S
010381  85 01       STA $01
010383  A3 0A       LDA $0A,S
010385  87 00       STA [$00]
010387  E2 20       SEP #$20
010389  A3 0C       LDA $0C,S
01038B  A0 02 00    LDY #$0002
01038E  97 00       STA [$00],Y
010390  C2 20       REP #$20
010392  3B          TSC
010393  18          CLC
010394  69 10 00    ADC #$0010
010397  1B          TCS
010398  6B          RTL
010399  3B          TSC
01039A  AA          TAX
01039B  C5 46       CMP $46
01039D  90 04       BCC $0103A3
01039F  F0 02       BEQ $0103A3
0103A1  80 0A       BRA $0103AD
0103A3  38          SEC
0103A4  E9 10 00    SBC #$0010
0103A7  90 04       BCC $0103AD
0103A9  C5 44       CMP $44
0103AB  B0 07       BCS $0103B4
0103AD  A9 10 00    LDA #$0010
0103B0  5C 00 80 04 JML $048000
0103B4  1B          TCS
0103B5  A3 14       LDA $14,S
0103B7  83 06       STA $06,S
0103B9  A3 15       LDA $15,S
0103BB  83 07       STA $07,S
0103BD  A3 06       LDA $06,S
0103BF  85 00       STA $00
0103C1  A3 07       LDA $07,S
0103C3  85 01       STA $01
0103C5  A0 06 00    LDY #$0006
0103C8  B7 00       LDA [$00],Y
0103CA  83 0A       STA $0A,S
0103CC  E2 20       SEP #$20
0103CE  A0 08 00    LDY #$0008
0103D1  B7 00       LDA [$00],Y
0103D3  83 0C       STA $0C,S
0103D5  C2 20       REP #$20
0103D7  A3 0A       LDA $0A,S
0103D9  83 01       STA $01,S
0103DB  A3 0B       LDA $0B,S
0103DD  83 02       STA $02,S
0103DF  A3 17       LDA $17,S
0103E1  83 06       STA $06,S
0103E3  A3 18       LDA $18,S
0103E5  83 07       STA $07,S
0103E7  A3 14       LDA $14,S
0103E9  83 0E       STA $0E,S
0103EB  A3 15       LDA $15,S
0103ED  83 0F       STA $0F,S
0103EF  E2 20       SEP #$20
0103F1  C2 20       REP #$20
0103F3  A3 0E       LDA $0E,S
0103F5  85 00       STA $00
0103F7  A3 0F       LDA $0F,S
0103F9  85 01       STA $01
0103FB  E2 20       SEP #$20
0103FD  18          CLC
0103FE  A5 00       LDA $00
010400  69 03       ADC #$03
010402  85 00       STA $00
010404  A5 01       LDA $01
010406  69 00       ADC #$00
010408  85 01       STA $01
01040A  A5 02       LDA $02
01040C  69 00       ADC #$00
01040E  85 02       STA $02
010410  A5 00       LDA $00
010412  83 0A       STA $0A,S
010414  A5 01       LDA $01
010416  83 0B       STA $0B,S
010418  A5 02       LDA $02
01041A  83 0C       STA $0C,S
01041C  C2 20       REP #$20
01041E  A3 0A       LDA $0A,S
010420  83 0E       STA $0E,S
010422  A3 0B       LDA $0B,S
010424  83 0F       STA $0F,S
010426  A3 06       LDA $06,S
010428  85 00       STA $00
01042A  A3 07       LDA $07,S
01042C  85 01       STA $01
01042E  A3 0E       LDA $0E,S
010430  87 00       STA [$00]
010432  E2 20       SEP #$20
010434  A3 10       LDA $10,S
010436  A0 02 00    LDY #$0002
010439  97 00       STA [$00],Y
01043B  C2 20       REP #$20
01043D  A3 17       LDA $17,S
01043F  83 06       STA $06,S
010441  A3 18       LDA $18,S
010443  83 07       STA $07,S
010445  A3 01       LDA $01,S
010447  83 0A       STA $0A,S
010449  A3 02       LDA $02,S
01044B  83 0B       STA $0B,S
01044D  A3 06       LDA $06,S
01044F  85 00       STA $00
010451  A3 07       LDA $07,S
010453  85 01       STA $01
010455  A3 0A       LDA $0A,S
010457  A0 03 00    LDY #$0003
01045A  97 00       STA [$00],Y
01045C  E2 20       SEP #$20
01045E  A3 0C       LDA $0C,S
010460  A0 05 00    LDY #$0005
010463  97 00       STA [$00],Y
010465  C2 20       REP #$20
010467  A3 01       LDA $01,S
010469  83 06       STA $06,S
01046B  A3 02       LDA $02,S
01046D  83 07       STA $07,S
01046F  A3 17       LDA $17,S
010471  83 0A       STA $0A,S
010473  A3 18       LDA $18,S
010475  83 0B       STA $0B,S
010477  A3 06       LDA $06,S
010479  85 00       STA $00
01047B  A3 07       LDA $07,S
01047D  85 01       STA $01
01047F  A3 0A       LDA $0A,S
010481  87 00       STA [$00]
010483  E2 20       SEP #$20
010485  A3 0C       LDA $0C,S
010487  A0 02 00    LDY #$0002
01048A  97 00       STA [$00],Y
01048C  C2 20       REP #$20
01048E  A3 14       LDA $14,S
010490  83 06       STA $06,S
010492  A3 15       LDA $15,S
010494  83 07       STA $07,S
010496  A3 17       LDA $17,S
010498  83 0A       STA $0A,S
01049A  A3 18       LDA $18,S
01049C  83 0B       STA $0B,S
01049E  A3 06       LDA $06,S
0104A0  85 00       STA $00
0104A2  A3 07       LDA $07,S
0104A4  85 01       STA $01
0104A6  A3 0A       LDA $0A,S
0104A8  A0 06 00    LDY #$0006
0104AB  97 00       STA [$00],Y
0104AD  E2 20       SEP #$20
0104AF  A3 0C       LDA $0C,S
0104B1  A0 08 00    LDY #$0008
0104B4  97 00       STA [$00],Y
0104B6  C2 20       REP #$20
0104B8  3B          TSC
0104B9  18          CLC
0104BA  69 10 00    ADC #$0010
0104BD  1B          TCS
0104BE  6B          RTL
0104BF  3B          TSC
0104C0  AA          TAX
0104C1  C5 46       CMP $46
0104C3  90 04       BCC $0104C9
0104C5  F0 02       BEQ $0104C9
0104C7  80 0A       BRA $0104D3
0104C9  38          SEC
0104CA  E9 10 00    SBC #$0010
0104CD  90 04       BCC $0104D3
0104CF  C5 44       CMP $44
0104D1  B0 07       BCS $0104DA
0104D3  A9 10 00    LDA #$0010
0104D6  5C 00 80 04 JML $048000
0104DA  1B          TCS
0104DB  A3 1A       LDA $1A,S
0104DD  83 06       STA $06,S
0104DF  A3 1B       LDA $1B,S
0104E1  83 07       STA $07,S
0104E3  A3 06       LDA $06,S
0104E5  03 07       ORA $07,S
0104E7  F0 02       BEQ $0104EB
0104E9  80 04       BRA $0104EF
0104EB  C2 20       REP #$20
0104ED  80 4A       BRA $010539
0104EF  A3 1A       LDA $1A,S
0104F1  83 06       STA $06,S
0104F3  A3 1B       LDA $1B,S
0104F5  83 07       STA $07,S
0104F7  A3 14       LDA $14,S
0104F9  83 0E       STA $0E,S
0104FB  A3 15       LDA $15,S
0104FD  83 0F       STA $0F,S
0104FF  E2 20       SEP #$20
010501  C2 20       REP #$20
010503  A3 0E       LDA $0E,S
010505  85 00       STA $00
010507  A3 0F       LDA $0F,S
010509  85 01       STA $01
01050B  E2 20       SEP #$20
01050D  A5 00       LDA $00
01050F  83 0A       STA $0A,S
010511  A5 01       LDA $01
010513  83 0B       STA $0B,S
010515  A5 02       LDA $02
010517  83 0C       STA $0C,S
010519  C2 20       REP #$20
01051B  A3 0A       LDA $0A,S
01051D  83 0E       STA $0E,S
01051F  A3 0B       LDA $0B,S
010521  83 0F       STA $0F,S
010523  A3 06       LDA $06,S
010525  C3 0E       CMP $0E,S
010527  D0 0A       BNE $010533
010529  E2 20       SEP #$20
01052B  A3 08       LDA $08,S
01052D  C3 10       CMP $10,S
01052F  C2 20       REP #$20
010531  F0 04       BEQ $010537
010533  C2 20       REP #$20
010535  80 66       BRA $01059D
010537  C2 20       REP #$20
010539  A3 14       LDA $14,S
01053B  83 06       STA $06,S
01053D  A3 15       LDA $15,S
01053F  83 07       STA $07,S
010541  A3 17       LDA $17,S
010543  83 0A       STA $0A,S
010545  A3 18       LDA $18,S
010547  83 0B       STA $0B,S
010549  3B          TSC
01054A  AA          TAX
01054B  C5 46       CMP $46
01054D  90 04       BCC $010553
01054F  F0 02       BEQ $010553
010551  80 0A       BRA $01055D
010553  38          SEC
010554  E9 0A 00    SBC #$000A
010557  90 04       BCC $01055D
010559  C5 44       CMP $44
01055B  B0 07       BCS $010564
01055D  A9 0A 00    LDA #$000A
010560  5C 00 80 04 JML $048000
010564  3B          TSC
010565  38          SEC
010566  E9 07 00    SBC #$0007
010569  1B          TCS
01056A  E2 20       SEP #$20
01056C  A9 00       LDA #$00
01056E  83 07       STA $07,S
010570  A3 0D       LDA $0D,S
010572  83 01       STA $01,S
010574  A3 0E       LDA $0E,S
010576  83 02       STA $02,S
010578  A3 0F       LDA $0F,S
01057A  83 03       STA $03,S
01057C  A3 11       LDA $11,S
01057E  83 04       STA $04,S
010580  A3 12       LDA $12,S
010582  83 05       STA $05,S
010584  A3 13       LDA $13,S
010586  83 06       STA $06,S
010588  C2 20       REP #$20
01058A  22 89 02 01 JSL $010289
01058E  A8          TAY
01058F  3B          TSC
010590  18          CLC
010591  69 07 00    ADC #$0007
010594  1B          TCS
010595  98          TYA
010596  3B          TSC
010597  18          CLC
010598  69 10 00    ADC #$0010
01059B  1B          TCS
01059C  6B          RTL
01059D  A3 1A       LDA $1A,S
01059F  83 06       STA $06,S
0105A1  A3 1B       LDA $1B,S
0105A3  83 07       STA $07,S
0105A5  A3 14       LDA $14,S
0105A7  83 0E       STA $0E,S
0105A9  A3 15       LDA $15,S
0105AB  83 0F       STA $0F,S
0105AD  E2 20       SEP #$20
0105AF  C2 20       REP #$20
0105B1  A3 0E       LDA $0E,S
0105B3  85 00       STA $00
0105B5  A3 0F       LDA $0F,S
0105B7  85 01       STA $01
0105B9  E2 20       SEP #$20
0105BB  18          CLC
0105BC  A5 00       LDA $00
0105BE  69 03       ADC #$03
0105C0  85 00       STA $00
0105C2  A5 01       LDA $01
0105C4  69 00       ADC #$00
0105C6  85 01       STA $01
0105C8  A5 02       LDA $02
0105CA  69 00       ADC #$00
0105CC  85 02       STA $02
0105CE  A5 00       LDA $00
0105D0  83 0A       STA $0A,S
0105D2  A5 01       LDA $01
0105D4  83 0B       STA $0B,S
0105D6  A5 02       LDA $02
0105D8  83 0C       STA $0C,S
0105DA  C2 20       REP #$20
0105DC  A3 0A       LDA $0A,S
0105DE  83 0E       STA $0E,S
0105E0  A3 0B       LDA $0B,S
0105E2  83 0F       STA $0F,S
0105E4  A3 06       LDA $06,S
0105E6  C3 0E       CMP $0E,S
0105E8  D0 0A       BNE $0105F4
0105EA  E2 20       SEP #$20
0105EC  A3 08       LDA $08,S
0105EE  C3 10       CMP $10,S
0105F0  C2 20       REP #$20
0105F2  F0 04       BEQ $0105F8
0105F4  C2 20       REP #$20
0105F6  80 66       BRA $01065E
0105F8  C2 20       REP #$20
0105FA  A3 14       LDA $14,S
0105FC  83 06       STA $06,S
0105FE  A3 15       LDA $15,S
010600  83 07       STA $07,S
010602  A3 17       LDA $17,S
010604  83 0A       STA $0A,S
010606  A3 18       LDA $18,S
010608  83 0B       STA $0B,S
01060A  3B          TSC
01060B  AA          TAX
01060C  C5 46       CMP $46
01060E  90 04       BCC $010614
010610  F0 02       BEQ $010614
010612  80 0A       BRA $01061E
010614  38          SEC
010615  E9 0A 00    SBC #$000A
010618  90 04       BCC $01061E
01061A  C5 44       CMP $44
01061C  B0 07       BCS $010625
01061E  A9 0A 00    LDA #$000A
010621  5C 00 80 04 JML $048000
010625  3B          TSC
010626  38          SEC
010627  E9 07 00    SBC #$0007
01062A  1B          TCS
01062B  E2 20       SEP #$20
01062D  A9 00       LDA #$00
01062F  83 07       STA $07,S
010631  A3 0D       LDA $0D,S
010633  83 01       STA $01,S
010635  A3 0E       LDA $0E,S
010637  83 02       STA $02,S
010639  A3 0F       LDA $0F,S
01063B  83 03       STA $03,S
01063D  A3 11       LDA $11,S
01063F  83 04       STA $04,S
010641  A3 12       LDA $12,S
010643  83 05       STA $05,S
010645  A3 13       LDA $13,S
010647  83 06       STA $06,S
010649  C2 20       REP #$20
01064B  22 99 03 01 JSL $010399
01064F  A8          TAY
010650  3B          TSC
010651  18          CLC
010652  69 07 00    ADC #$0007
010655  1B          TCS
010656  98          TYA
010657  3B          TSC
010658  18          CLC
010659  69 10 00    ADC #$0010
01065C  1B          TCS
01065D  6B          RTL
01065E  A3 1A       LDA $1A,S
010660  83 06       STA $06,S
010662  A3 1B       LDA $1B,S
010664  83 07       STA $07,S
010666  A3 06       LDA $06,S
010668  85 00       STA $00
01066A  A3 07       LDA $07,S
01066C  85 01       STA $01
01066E  A7 00       LDA [$00]
010670  83 0A       STA $0A,S
010672  E2 20       SEP #$20
010674  A0 02 00    LDY #$0002
010677  B7 00       LDA [$00],Y
010679  83 0C       STA $0C,S
01067B  C2 20       REP #$20
01067D  A3 0A       LDA $0A,S
01067F  83 01       STA $01,S
010681  A3 0B       LDA $0B,S
010683  83 02       STA $02,S
010685  A3 17       LDA $17,S
010687  83 06       STA $06,S
010689  A3 18       LDA $18,S
01068B  83 07       STA $07,S
01068D  A3 1A       LDA $1A,S
01068F  83 0A       STA $0A,S
010691  A3 1B       LDA $1B,S
010693  83 0B       STA $0B,S
010695  A3 06       LDA $06,S
010697  85 00       STA $00
010699  A3 07       LDA $07,S
01069B  85 01       STA $01
01069D  A3 0A       LDA $0A,S
01069F  A0 03 00    LDY #$0003
0106A2  97 00       STA [$00],Y
0106A4  E2 20       SEP #$20
0106A6  A3 0C       LDA $0C,S
0106A8  A0 05 00    LDY #$0005
0106AB  97 00       STA [$00],Y
0106AD  C2 20       REP #$20
0106AF  A3 17       LDA $17,S
0106B1  83 06       STA $06,S
0106B3  A3 18       LDA $18,S
0106B5  83 07       STA $07,S
0106B7  A3 01       LDA $01,S
0106B9  83 0A       STA $0A,S
0106BB  A3 02       LDA $02,S
0106BD  83 0B       STA $0B,S
0106BF  A3 06       LDA $06,S
0106C1  85 00       STA $00
0106C3  A3 07       LDA $07,S
0106C5  85 01       STA $01
0106C7  A3 0A       LDA $0A,S
0106C9  87 00       STA [$00]
0106CB  E2 20       SEP #$20
0106CD  A3 0C       LDA $0C,S
0106CF  A0 02 00    LDY #$0002
0106D2  97 00       STA [$00],Y
0106D4  C2 20       REP #$20
0106D6  A3 01       LDA $01,S
0106D8  83 06       STA $06,S
0106DA  A3 02       LDA $02,S
0106DC  83 07       STA $07,S
0106DE  A3 17       LDA $17,S
0106E0  83 0A       STA $0A,S
0106E2  A3 18       LDA $18,S
0106E4  83 0B       STA $0B,S
0106E6  A3 06       LDA $06,S
0106E8  85 00       STA $00
0106EA  A3 07       LDA $07,S
0106EC  85 01       STA $01
0106EE  A3 0A       LDA $0A,S
0106F0  A0 03 00    LDY #$0003
0106F3  97 00       STA [$00],Y
0106F5  E2 20       SEP #$20
0106F7  A3 0C       LDA $0C,S
0106F9  A0 05 00    LDY #$0005
0106FC  97 00       STA [$00],Y
0106FE  C2 20       REP #$20
010700  A3 1A       LDA $1A,S
010702  83 06       STA $06,S
010704  A3 1B       LDA $1B,S
010706  83 07       STA $07,S
010708  A3 17       LDA $17,S
01070A  83 0A       STA $0A,S
01070C  A3 18       LDA $18,S
01070E  83 0B       STA $0B,S
010710  A3 06       LDA $06,S
010712  85 00       STA $00
010714  A3 07       LDA $07,S
010716  85 01       STA $01
010718  A3 0A       LDA $0A,S
01071A  87 00       STA [$00]
01071C  E2 20       SEP #$20
01071E  A3 0C       LDA $0C,S
010720  A0 02 00    LDY #$0002
010723  97 00       STA [$00],Y
010725  C2 20       REP #$20
010727  3B          TSC
010728  18          CLC
010729  69 10 00    ADC #$0010
01072C  1B          TCS
01072D  6B          RTL
01072E  3B          TSC
01072F  AA          TAX
010730  C5 46       CMP $46
010732  90 04       BCC $010738
010734  F0 02       BEQ $010738
010736  80 0A       BRA $010742
010738  38          SEC
010739  E9 00 00    SBC #$0000
01073C  90 04       BCC $010742
01073E  C5 44       CMP $44
010740  B0 07       BCS $010749
010742  A9 00 00    LDA #$0000
010745  5C 00 80 04 JML $048000
010749  1B          TCS
01074A  A3 04       LDA $04,S
01074C  85 00       STA $00
01074E  A3 05       LDA $05,S
010750  85 01       STA $01
010752  A0 03 00    LDY #$0003
010755  B7 00       LDA [$00],Y
010757  85 03       STA $03
010759  E2 20       SEP #$20
01075B  A0 05 00    LDY #$0005
01075E  B7 00       LDA [$00],Y
010760  85 05       STA $05
010762  C2 20       REP #$20
010764  A7 00       LDA [$00]
010766  85 06       STA $06
010768  E2 20       SEP #$20
01076A  A0 02 00    LDY #$0002
01076D  B7 00       LDA [$00],Y
01076F  85 08       STA $08
010771  C2 20       REP #$20
010773  A5 06       LDA $06
010775  87 03       STA [$03]
010777  E2 20       SEP #$20
010779  A5 08       LDA $08
01077B  A0 02 00    LDY #$0002
01077E  97 03       STA [$03],Y
010780  C2 20       REP #$20
010782  A5 03       LDA $03
010784  A0 03 00    LDY #$0003
010787  97 06       STA [$06],Y
010789  E2 20       SEP #$20
01078B  A5 05       LDA $05
01078D  A0 05 00    LDY #$0005
010790  97 06       STA [$06],Y
010792  C2 20       REP #$20
010794  6B          RTL
010795  3B          TSC
010796  AA          TAX
010797  C5 46       CMP $46
010799  90 04       BCC $01079F
01079B  F0 02       BEQ $01079F
01079D  80 0A       BRA $0107A9
01079F  38          SEC
0107A0  E9 0C 00    SBC #$000C
0107A3  90 04       BCC $0107A9
0107A5  C5 44       CMP $44
0107A7  B0 07       BCS $0107B0
0107A9  A9 0C 00    LDA #$000C
0107AC  5C 00 80 04 JML $048000
0107B0  1B          TCS
0107B1  A3 10       LDA $10,S
0107B3  83 0A       STA $0A,S
0107B5  A3 11       LDA $11,S
0107B7  83 0B       STA $0B,S
0107B9  A3 0A       LDA $0A,S
0107BB  85 00       STA $00
0107BD  A3 0B       LDA $0B,S
0107BF  85 01       STA $01
0107C1  A7 00       LDA [$00]
0107C3  83 06       STA $06,S
0107C5  E2 20       SEP #$20
0107C7  A0 02 00    LDY #$0002
0107CA  B7 00       LDA [$00],Y
0107CC  83 08       STA $08,S
0107CE  C2 20       REP #$20
0107D0  A3 06       LDA $06,S
0107D2  83 01       STA $01,S
0107D4  A3 07       LDA $07,S
0107D6  83 02       STA $02,S
0107D8  A3 06       LDA $06,S
0107DA  85 00       STA $00
0107DC  A3 07       LDA $07,S
0107DE  85 01       STA $01
0107E0  A7 00       LDA [$00]
0107E2  83 0A       STA $0A,S
0107E4  E2 20       SEP #$20
0107E6  A0 02 00    LDY #$0002
0107E9  B7 00       LDA [$00],Y
0107EB  83 0C       STA $0C,S
0107ED  C2 20       REP #$20
0107EF  A3 0A       LDA $0A,S
0107F1  03 0B       ORA $0B,S
0107F3  F0 02       BEQ $0107F7
0107F5  80 11       BRA $010808
0107F7  C2 20       REP #$20
0107F9  A2 00 00    LDX #$0000
0107FC  A9 00 00    LDA #$0000
0107FF  A8          TAY
010800  3B          TSC
010801  18          CLC
010802  69 0C 00    ADC #$000C
010805  1B          TCS
010806  98          TYA
010807  6B          RTL
010808  A3 01       LDA $01,S
01080A  83 06       STA $06,S
01080C  A3 02       LDA $02,S
01080E  83 07       STA $07,S
010810  3B          TSC
010811  AA          TAX
010812  C5 46       CMP $46
010814  90 04       BCC $01081A
010816  F0 02       BEQ $01081A
010818  80 0A       BRA $010824
01081A  38          SEC
01081B  E9 06 00    SBC #$0006
01081E  90 04       BCC $010824
010820  C5 44       CMP $44
010822  B0 07       BCS $01082B
010824  A9 06 00    LDA #$0006
010827  5C 00 80 04 JML $048000
01082B  3B          TSC
01082C  38          SEC
01082D  E9 03 00    SBC #$0003
010830  1B          TCS
010831  E2 20       SEP #$20
010833  A9 00       LDA #$00
010835  A3 09       LDA $09,S
010837  83 01       STA $01,S
010839  A3 0A       LDA $0A,S
01083B  83 02       STA $02,S
01083D  A3 0B       LDA $0B,S
01083F  83 03       STA $03,S
010841  C2 20       REP #$20
010843  22 2E 07 01 JSL $01072E
010847  A8          TAY
010848  3B          TSC
010849  18          CLC
01084A  69 03 00    ADC #$0003
01084D  1B          TCS
01084E  98          TYA
01084F  A3 01       LDA $01,S
010851  83 06       STA $06,S
010853  A3 02       LDA $02,S
010855  83 07       STA $07,S
010857  A3 07       LDA $07,S
010859  EB          XBA
01085A  29 FF 00    AND #$00FF
01085D  AA          TAX
01085E  A3 06       LDA $06,S
010860  A8          TAY
010861  3B          TSC
010862  18          CLC
010863  69 0C 00    ADC #$000C
010866  1B          TCS
010867  98          TYA
010868  6B          RTL
010869  3B          TSC
01086A  AA          TAX
01086B  C5 46       CMP $46
01086D  90 04       BCC $010873
01086F  F0 02       BEQ $010873
010871  80 0A       BRA $01087D
010873  38          SEC
010874  E9 0C 00    SBC #$000C
010877  90 04       BCC $01087D
010879  C5 44       CMP $44
01087B  B0 07       BCS $010884
01087D  A9 0C 00    LDA #$000C
010880  5C 00 80 04 JML $048000
010884  1B          TCS
010885  A3 10       LDA $10,S
010887  83 0A       STA $0A,S
010889  A3 11       LDA $11,S
01088B  83 0B       STA $0B,S
01088D  A3 0A       LDA $0A,S
01088F  85 00       STA $00
010891  A3 0B       LDA $0B,S
010893  85 01       STA $01
010895  A0 06 00    LDY #$0006
010898  B7 00       LDA [$00],Y
01089A  83 06       STA $06,S
01089C  E2 20       SEP #$20
01089E  A0 08 00    LDY #$0008
0108A1  B7 00       LDA [$00],Y
0108A3  83 08       STA $08,S
0108A5  C2 20       REP #$20
0108A7  A3 06       LDA $06,S
0108A9  83 01       STA $01,S
0108AB  A3 07       LDA $07,S
0108AD  83 02       STA $02,S
0108AF  A3 06       LDA $06,S
0108B1  85 00       STA $00
0108B3  A3 07       LDA $07,S
0108B5  85 01       STA $01
0108B7  A0 03 00    LDY #$0003
0108BA  B7 00       LDA [$00],Y
0108BC  83 0A       STA $0A,S
0108BE  E2 20       SEP #$20
0108C0  A0 05 00    LDY #$0005
0108C3  B7 00       LDA [$00],Y
0108C5  83 0C       STA $0C,S
0108C7  C2 20       REP #$20
0108C9  A3 0A       LDA $0A,S
0108CB  03 0B       ORA $0B,S
0108CD  F0 02       BEQ $0108D1
0108CF  80 11       BRA $0108E2
0108D1  C2 20       REP #$20
0108D3  A2 00 00    LDX #$0000
0108D6  A9 00 00    LDA #$0000
0108D9  A8          TAY
0108DA  3B          TSC
0108DB  18          CLC
0108DC  69 0C 00    ADC #$000C
0108DF  1B          TCS
0108E0  98          TYA
0108E1  6B          RTL
0108E2  A3 01       LDA $01,S
0108E4  83 06       STA $06,S
0108E6  A3 02       LDA $02,S
0108E8  83 07       STA $07,S
0108EA  3B          TSC
0108EB  AA          TAX
0108EC  C5 46       CMP $46
0108EE  90 04       BCC $0108F4
0108F0  F0 02       BEQ $0108F4
0108F2  80 0A       BRA $0108FE
0108F4  38          SEC
0108F5  E9 06 00    SBC #$0006
0108F8  90 04       BCC $0108FE
0108FA  C5 44       CMP $44
0108FC  B0 07       BCS $010905
0108FE  A9 06 00    LDA #$0006
010901  5C 00 80 04 JML $048000
010905  3B          TSC
010906  38          SEC
010907  E9 03 00    SBC #$0003
01090A  1B          TCS
01090B  E2 20       SEP #$20
01090D  A9 00       LDA #$00
01090F  A3 09       LDA $09,S
010911  83 01       STA $01,S
010913  A3 0A       LDA $0A,S
010915  83 02       STA $02,S
010917  A3 0B       LDA $0B,S
010919  83 03       STA $03,S
01091B  C2 20       REP #$20
01091D  22 2E 07 01 JSL $01072E
010921  A8          TAY
010922  3B          TSC
010923  18          CLC
010924  69 03 00    ADC #$0003
010927  1B          TCS
010928  98          TYA
010929  A3 01       LDA $01,S
01092B  83 06       STA $06,S
01092D  A3 02       LDA $02,S
01092F  83 07       STA $07,S
010931  A3 07       LDA $07,S
010933  EB          XBA
010934  29 FF 00    AND #$00FF
010937  AA          TAX
010938  A3 06       LDA $06,S
01093A  A8          TAY
01093B  3B          TSC
01093C  18          CLC
01093D  69 0C 00    ADC #$000C
010940  1B          TCS
010941  98          TYA
010942  6B          RTL
010943  3B          TSC
010944  AA          TAX
010945  C5 46       CMP $46
010947  90 04       BCC $01094D
010949  F0 02       BEQ $01094D
01094B  80 0A       BRA $010957
01094D  38          SEC
01094E  E9 14 00    SBC #$0014
010951  90 04       BCC $010957
010953  C5 44       CMP $44
010955  B0 07       BCS $01095E
010957  A9 14 00    LDA #$0014
01095A  5C 00 80 04 JML $048000
01095E  1B          TCS
01095F  A3 18       LDA $18,S
010961  83 02       STA $02,S
010963  A3 19       LDA $19,S
010965  83 03       STA $03,S
010967  A3 02       LDA $02,S
010969  85 00       STA $00
01096B  A3 03       LDA $03,S
01096D  85 01       STA $01
01096F  A7 00       LDA [$00]
010971  83 06       STA $06,S
010973  E2 20       SEP #$20
010975  A0 02 00    LDY #$0002
010978  B7 00       LDA [$00],Y
01097A  83 08       STA $08,S
01097C  C2 20       REP #$20
01097E  E2 20       SEP #$20
010980  A3 06       LDA $06,S
010982  83 12       STA $12,S
010984  A3 07       LDA $07,S
010986  83 13       STA $13,S
010988  A3 08       LDA $08,S
01098A  83 14       STA $14,S
01098C  A3 12       LDA $12,S
01098E  83 02       STA $02,S
010990  A3 13       LDA $13,S
010992  83 03       STA $03,S
010994  A3 14       LDA $14,S
010996  83 04       STA $04,S
010998  C2 20       REP #$20
01099A  A3 02       LDA $02,S
01099C  85 00       STA $00
01099E  A3 03       LDA $03,S
0109A0  85 01       STA $01
0109A2  A7 00       LDA [$00]
0109A4  83 06       STA $06,S
0109A6  E2 20       SEP #$20
0109A8  A0 02 00    LDY #$0002
0109AB  B7 00       LDA [$00],Y
0109AD  83 08       STA $08,S
0109AF  C2 20       REP #$20
0109B1  A3 06       LDA $06,S
0109B3  03 07       ORA $07,S
0109B5  D0 03       BNE $0109BA
0109B7  82 0D 01    BRL $010AC7
0109BA  C2 20       REP #$20
0109BC  A3 1B       LDA $1B,S
0109BE  83 06       STA $06,S
0109C0  A3 1C       LDA $1C,S
0109C2  83 07       STA $07,S
0109C4  A3 06       LDA $06,S
0109C6  85 00       STA $00
0109C8  A3 07       LDA $07,S
0109CA  85 01       STA $01
0109CC  E2 20       SEP #$20
0109CE  A0 07 00    LDY #$0007
0109D1  B7 00       LDA [$00],Y
0109D3  83 05       STA $05,S
0109D5  A9 80       LDA #$80
0109D7  85 10       STA $10
0109D9  A3 05       LDA $05,S
0109DB  45 10       EOR $10
0109DD  83 01       STA $01,S
0109DF  C2 20       REP #$20
0109E1  A3 02       LDA $02,S
0109E3  85 00       STA $00
0109E5  A3 03       LDA $03,S
0109E7  85 01       STA $01
0109E9  E2 20       SEP #$20
0109EB  A0 07 00    LDY #$0007
0109EE  B7 00       LDA [$00],Y
0109F0  83 06       STA $06,S
0109F2  A9 80       LDA #$80
0109F4  85 10       STA $10
0109F6  A3 06       LDA $06,S
0109F8  45 10       EOR $10
0109FA  83 05       STA $05,S
0109FC  A3 05       LDA $05,S
0109FE  C3 01       CMP $01,S
010A00  C2 20       REP #$20
010A02  90 03       BCC $010A07
010A04  82 8A 00    BRL $010A91
010A07  C2 20       REP #$20
010A09  A3 18       LDA $18,S
010A0B  83 06       STA $06,S
010A0D  A3 19       LDA $19,S
010A0F  83 07       STA $07,S
010A11  A3 1B       LDA $1B,S
010A13  83 0A       STA $0A,S
010A15  A3 1C       LDA $1C,S
010A17  83 0B       STA $0B,S
010A19  A3 02       LDA $02,S
010A1B  85 00       STA $00
010A1D  A3 03       LDA $03,S
010A1F  85 01       STA $01
010A21  A0 03 00    LDY #$0003
010A24  B7 00       LDA [$00],Y
010A26  83 0E       STA $0E,S
010A28  E2 20       SEP #$20
010A2A  A0 05 00    LDY #$0005
010A2D  B7 00       LDA [$00],Y
010A2F  83 10       STA $10,S
010A31  C2 20       REP #$20
010A33  3B          TSC
010A34  AA          TAX
010A35  C5 46       CMP $46
010A37  90 04       BCC $010A3D
010A39  F0 02       BEQ $010A3D
010A3B  80 0A       BRA $010A47
010A3D  38          SEC
010A3E  E9 0C 00    SBC #$000C
010A41  90 04       BCC $010A47
010A43  C5 44       CMP $44
010A45  B0 07       BCS $010A4E
010A47  A9 0C 00    LDA #$000C
010A4A  5C 00 80 04 JML $048000
010A4E  3B          TSC
010A4F  38          SEC
010A50  E9 09 00    SBC #$0009
010A53  1B          TCS
010A54  E2 20       SEP #$20
010A56  A9 00       LDA #$00
010A58  A3 0F       LDA $0F,S
010A5A  83 01       STA $01,S
010A5C  A3 10       LDA $10,S
010A5E  83 02       STA $02,S
010A60  A3 11       LDA $11,S
010A62  83 03       STA $03,S
010A64  A3 13       LDA $13,S
010A66  83 04       STA $04,S
010A68  A3 14       LDA $14,S
010A6A  83 05       STA $05,S
010A6C  A3 15       LDA $15,S
010A6E  83 06       STA $06,S
010A70  A3 17       LDA $17,S
010A72  83 07       STA $07,S
010A74  A3 18       LDA $18,S
010A76  83 08       STA $08,S
010A78  A3 19       LDA $19,S
010A7A  83 09       STA $09,S
010A7C  C2 20       REP #$20
010A7E  22 BF 04 01 JSL $0104BF
010A82  A8          TAY
010A83  3B          TSC
010A84  18          CLC
010A85  69 09 00    ADC #$0009
010A88  1B          TCS
010A89  98          TYA
010A8A  3B          TSC
010A8B  18          CLC
010A8C  69 14 00    ADC #$0014
010A8F  1B          TCS
010A90  6B          RTL
010A91  A3 02       LDA $02,S
010A93  85 00       STA $00
010A95  A3 03       LDA $03,S
010A97  85 01       STA $01
010A99  A7 00       LDA [$00]
010A9B  83 06       STA $06,S
010A9D  E2 20       SEP #$20
010A9F  A0 02 00    LDY #$0002
010AA2  B7 00       LDA [$00],Y
010AA4  83 08       STA $08,S
010AA6  C2 20       REP #$20
010AA8  E2 20       SEP #$20
010AAA  A3 06       LDA $06,S
010AAC  83 12       STA $12,S
010AAE  A3 07       LDA $07,S
010AB0  83 13       STA $13,S
010AB2  A3 08       LDA $08,S
010AB4  83 14       STA $14,S
010AB6  A3 12       LDA $12,S
010AB8  83 02       STA $02,S
010ABA  A3 13       LDA $13,S
010ABC  83 03       STA $03,S
010ABE  A3 14       LDA $14,S
010AC0  83 04       STA $04,S
010AC2  C2 20       REP #$20
010AC4  82 D3 FE    BRL $01099A
010AC7  A3 18       LDA $18,S
010AC9  83 02       STA $02,S
010ACB  A3 19       LDA $19,S
010ACD  83 03       STA $03,S
010ACF  A3 1B       LDA $1B,S
010AD1  83 06       STA $06,S
010AD3  A3 1C       LDA $1C,S
010AD5  83 07       STA $07,S
010AD7  3B          TSC
010AD8  AA          TAX
010AD9  C5 46       CMP $46
010ADB  90 04       BCC $010AE1
010ADD  F0 02       BEQ $010AE1
010ADF  80 0A       BRA $010AEB
010AE1  38          SEC
010AE2  E9 0A 00    SBC #$000A
010AE5  90 04       BCC $010AEB
010AE7  C5 44       CMP $44
010AE9  B0 07       BCS $010AF2
010AEB  A9 0A 00    LDA #$000A
010AEE  5C 00 80 04 JML $048000
010AF2  3B          TSC
010AF3  38          SEC
010AF4  E9 07 00    SBC #$0007
010AF7  1B          TCS
010AF8  E2 20       SEP #$20
010AFA  A9 00       LDA #$00
010AFC  83 07       STA $07,S
010AFE  A3 09       LDA $09,S
010B00  83 01       STA $01,S
010B02  A3 0A       LDA $0A,S
010B04  83 02       STA $02,S
010B06  A3 0B       LDA $0B,S
010B08  83 03       STA $03,S
010B0A  A3 0D       LDA $0D,S
010B0C  83 04       STA $04,S
010B0E  A3 0E       LDA $0E,S
010B10  83 05       STA $05,S
010B12  A3 0F       LDA $0F,S
010B14  83 06       STA $06,S
010B16  C2 20       REP #$20
010B18  22 99 03 01 JSL $010399
010B1C  A8          TAY
010B1D  3B          TSC
010B1E  18          CLC
010B1F  69 07 00    ADC #$0007
010B22  1B          TCS
010B23  98          TYA
010B24  3B          TSC
010B25  18          CLC
010B26  69 14 00    ADC #$0014
010B29  1B          TCS
010B2A  6B          RTL
010B2B  3B          TSC
010B2C  AA          TAX
010B2D  C5 46       CMP $46
010B2F  90 04       BCC $010B35
010B31  F0 02       BEQ $010B35
010B33  80 0A       BRA $010B3F
010B35  38          SEC
010B36  E9 1C 00    SBC #$001C
010B39  90 04       BCC $010B3F
010B3B  C5 44       CMP $44
010B3D  B0 07       BCS $010B46
010B3F  A9 1C 00    LDA #$001C
010B42  5C 00 80 04 JML $048000
010B46  1B          TCS
010B47  A3 20       LDA $20,S
010B49  83 02       STA $02,S
010B4B  A3 21       LDA $21,S
010B4D  83 03       STA $03,S
010B4F  A3 02       LDA $02,S
010B51  85 00       STA $00
010B53  A3 03       LDA $03,S
010B55  85 01       STA $01
010B57  A7 00       LDA [$00]
010B59  83 06       STA $06,S
010B5B  E2 20       SEP #$20
010B5D  A0 02 00    LDY #$0002
010B60  B7 00       LDA [$00],Y
010B62  83 08       STA $08,S
010B64  C2 20       REP #$20
010B66  E2 20       SEP #$20
010B68  A3 06       LDA $06,S
010B6A  83 16       STA $16,S
010B6C  A3 07       LDA $07,S
010B6E  83 17       STA $17,S
010B70  A3 08       LDA $08,S
010B72  83 18       STA $18,S
010B74  A3 16       LDA $16,S
010B76  83 02       STA $02,S
010B78  A3 17       LDA $17,S
010B7A  83 03       STA $03,S
010B7C  A3 18       LDA $18,S
010B7E  83 04       STA $04,S
010B80  C2 20       REP #$20
010B82  A3 02       LDA $02,S
010B84  85 00       STA $00
010B86  A3 03       LDA $03,S
010B88  85 01       STA $01
010B8A  A7 00       LDA [$00]
010B8C  83 06       STA $06,S
010B8E  E2 20       SEP #$20
010B90  A0 02 00    LDY #$0002
010B93  B7 00       LDA [$00],Y
010B95  83 08       STA $08,S
010B97  C2 20       REP #$20
010B99  A3 06       LDA $06,S
010B9B  03 07       ORA $07,S
010B9D  D0 03       BNE $010BA2
010B9F  82 8D 01    BRL $010D2F
010BA2  C2 20       REP #$20
010BA4  A3 02       LDA $02,S
010BA6  85 00       STA $00
010BA8  A3 03       LDA $03,S
010BAA  85 01       STA $01
010BAC  A0 08 00    LDY #$0008
010BAF  B7 00       LDA [$00],Y
010BB1  83 06       STA $06,S
010BB3  E2 20       SEP #$20
010BB5  A0 0A 00    LDY #$000A
010BB8  B7 00       LDA [$00],Y
010BBA  83 08       STA $08,S
010BBC  C2 20       REP #$20
010BBE  A3 23       LDA $23,S
010BC0  83 0A       STA $0A,S
010BC2  A3 24       LDA $24,S
010BC4  83 0B       STA $0B,S
010BC6  A3 06       LDA $06,S
010BC8  03 07       ORA $07,S
010BCA  D0 03       BNE $010BCF
010BCC  82 2A 01    BRL $010CF9
010BCF  C2 20       REP #$20
010BD1  E2 20       SEP #$20
010BD3  A3 06       LDA $06,S
010BD5  83 16       STA $16,S
010BD7  A3 07       LDA $07,S
010BD9  83 17       STA $17,S
010BDB  A3 08       LDA $08,S
010BDD  83 18       STA $18,S
010BDF  A3 0A       LDA $0A,S
010BE1  83 1A       STA $1A,S
010BE3  A3 0B       LDA $0B,S
010BE5  83 1B       STA $1B,S
010BE7  A3 0C       LDA $0C,S
010BE9  83 1C       STA $1C,S
010BEB  A3 16       LDA $16,S
010BED  83 0A       STA $0A,S
010BEF  A3 17       LDA $17,S
010BF1  83 0B       STA $0B,S
010BF3  A3 18       LDA $18,S
010BF5  83 0C       STA $0C,S
010BF7  A3 1A       LDA $1A,S
010BF9  83 06       STA $06,S
010BFB  A3 1B       LDA $1B,S
010BFD  83 07       STA $07,S
010BFF  A3 1C       LDA $1C,S
010C01  83 08       STA $08,S
010C03  C2 20       REP #$20
010C05  A3 0A       LDA $0A,S
010C07  85 00       STA $00
010C09  A3 0B       LDA $0B,S
010C0B  85 01       STA $01
010C0D  E2 20       SEP #$20
010C0F  A7 00       LDA [$00]
010C11  83 01       STA $01,S
010C13  C2 20       REP #$20
010C15  A3 06       LDA $06,S
010C17  85 00       STA $00
010C19  A3 07       LDA $07,S
010C1B  85 01       STA $01
010C1D  E2 20       SEP #$20
010C1F  A7 00       LDA [$00]
010C21  83 05       STA $05,S
010C23  A3 01       LDA $01,S
010C25  C3 05       CMP $05,S
010C27  C2 20       REP #$20
010C29  F0 03       BEQ $010C2E
010C2B  82 CB 00    BRL $010CF9
010C2E  C2 20       REP #$20
010C30  A3 0A       LDA $0A,S
010C32  85 00       STA $00
010C34  A3 0B       LDA $0B,S
010C36  85 01       STA $01
010C38  E2 20       SEP #$20
010C3A  A7 00       LDA [$00]
010C3C  83 01       STA $01,S
010C3E  A3 01       LDA $01,S
010C40  C9 00       CMP #$00
010C42  C2 20       REP #$20
010C44  F0 02       BEQ $010C48
010C46  80 14       BRA $010C5C
010C48  C2 20       REP #$20
010C4A  A3 03       LDA $03,S
010C4C  EB          XBA
010C4D  29 FF 00    AND #$00FF
010C50  AA          TAX
010C51  A3 02       LDA $02,S
010C53  A8          TAY
010C54  3B          TSC
010C55  18          CLC
010C56  69 1C 00    ADC #$001C
010C59  1B          TCS
010C5A  98          TYA
010C5B  6B          RTL
010C5C  A3 0A       LDA $0A,S
010C5E  83 0E       STA $0E,S
010C60  A3 0B       LDA $0B,S
010C62  83 0F       STA $0F,S
010C64  E2 20       SEP #$20
010C66  18          CLC
010C67  A9 01       LDA #$01
010C69  85 10       STA $10
010C6B  A3 0E       LDA $0E,S
010C6D  65 10       ADC $10
010C6F  83 12       STA $12,S
010C71  A9 00       LDA #$00
010C73  85 10       STA $10
010C75  A3 0F       LDA $0F,S
010C77  65 10       ADC $10
010C79  83 13       STA $13,S
010C7B  A9 00       LDA #$00
010C7D  85 10       STA $10
010C7F  A3 10       LDA $10,S
010C81  65 10       ADC $10
010C83  83 14       STA $14,S
010C85  C2 20       REP #$20
010C87  A3 12       LDA $12,S
010C89  83 0A       STA $0A,S
010C8B  A3 13       LDA $13,S
010C8D  83 0B       STA $0B,S
010C8F  A3 06       LDA $06,S
010C91  83 0E       STA $0E,S
010C93  A3 07       LDA $07,S
010C95  83 0F       STA $0F,S
010C97  E2 20       SEP #$20
010C99  18          CLC
010C9A  A9 01       LDA #$01
010C9C  85 10       STA $10
010C9E  A3 0E       LDA $0E,S
010CA0  65 10       ADC $10
010CA2  83 06       STA $06,S
010CA4  A9 00       LDA #$00
010CA6  85 10       STA $10
010CA8  A3 0F       LDA $0F,S
010CAA  65 10       ADC $10
010CAC  83 07       STA $07,S
010CAE  A9 00       LDA #$00
010CB0  85 10       STA $10
010CB2  A3 10       LDA $10,S
010CB4  65 10       ADC $10
010CB6  83 08       STA $08,S
010CB8  C2 20       REP #$20
010CBA  A3 06       LDA $06,S
010CBC  83 0E       STA $0E,S
010CBE  A3 07       LDA $07,S
010CC0  83 0F       STA $0F,S
010CC2  E2 20       SEP #$20
010CC4  A3 0A       LDA $0A,S
010CC6  83 16       STA $16,S
010CC8  A3 0B       LDA $0B,S
010CCA  83 17       STA $17,S
010CCC  A3 0C       LDA $0C,S
010CCE  83 18       STA $18,S
010CD0  A3 0E       LDA $0E,S
010CD2  83 1A       STA $1A,S
010CD4  A3 0F       LDA $0F,S
010CD6  83 1B       STA $1B,S
010CD8  A3 10       LDA $10,S
010CDA  83 1C       STA $1C,S
010CDC  A3 16       LDA $16,S
010CDE  83 0A       STA $0A,S
010CE0  A3 17       LDA $17,S
010CE2  83 0B       STA $0B,S
010CE4  A3 18       LDA $18,S
010CE6  83 0C       STA $0C,S
010CE8  A3 1A       LDA $1A,S
010CEA  83 06       STA $06,S
010CEC  A3 1B       LDA $1B,S
010CEE  83 07       STA $07,S
010CF0  A3 1C       LDA $1C,S
010CF2  83 08       STA $08,S
010CF4  C2 20       REP #$20
010CF6  82 0C FF    BRL $010C05
010CF9  A3 02       LDA $02,S
010CFB  85 00       STA $00
010CFD  A3 03       LDA $03,S
010CFF  85 01       STA $01
010D01  A7 00       LDA [$00]
010D03  83 06       STA $06,S
010D05  E2 20       SEP #$20
010D07  A0 02 00    LDY #$0002
010D0A  B7 00       LDA [$00],Y
010D0C  83 08       STA $08,S
010D0E  C2 20       REP #$20
010D10  E2 20       SEP #$20
010D12  A3 06       LDA $06,S
010D14  83 16       STA $16,S
010D16  A3 07       LDA $07,S
010D18  83 17       STA $17,S
010D1A  A3 08       LDA $08,S
010D1C  83 18       STA $18,S
010D1E  A3 16       LDA $16,S
010D20  83 02       STA $02,S
010D22  A3 17       LDA $17,S
010D24  83 03       STA $03,S
010D26  A3 18       LDA $18,S
010D28  83 04       STA $04,S
010D2A  C2 20       REP #$20
010D2C  82 53 FE    BRL $010B82
010D2F  A2 00 00    LDX #$0000
010D32  A9 00 00    LDA #$0000
010D35  A8          TAY
010D36  3B          TSC
010D37  18          CLC
010D38  69 1C 00    ADC #$001C
010D3B  1B          TCS
010D3C  98          TYA
010D3D  6B          RTL
010D3E  3B          TSC
010D3F  AA          TAX
010D40  C5 46       CMP $46
010D42  90 04       BCC $010D48
010D44  F0 02       BEQ $010D48
010D46  80 0A       BRA $010D52
010D48  38          SEC
010D49  E9 00 00    SBC #$0000
010D4C  90 04       BCC $010D52
010D4E  C5 44       CMP $44
010D50  B0 07       BCS $010D59
010D52  A9 00 00    LDA #$0000
010D55  5C 00 80 04 JML $048000
010D59  1B          TCS
010D5A  6B          RTL
