010000  3B          TSC
010001  AA          TAX
010002  C5 46       CMP $46
010004  B0 04       BCS $01000A
010006  5C 14 00 01 JML $010014
01000A  D0 04       BNE $010010
01000C  5C 14 00 01 JML $010014
010010  5C 26 00 01 JML $010026
010014  38          SEC
010015  E9 16 00    SBC #$0016
010018  B0 04       BCS $01001E
01001A  5C 26 00 01 JML $010026
01001E  C5 44       CMP $44
010020  90 04       BCC $010026
010022  5C 2D 00 01 JML $01002D
010026  A9 16 00    LDA #$0016
010029  5C 00 80 04 JML $048000
01002D  1B          TCS
01002E  E2 20       SEP #$20
010030  A3 1A       LDA $1A,S
010032  83 01       STA $01,S
010034  A3 1B       LDA $1B,S
010036  83 02       STA $02,S
010038  A3 1C       LDA $1C,S
01003A  83 03       STA $03,S
01003C  C2 20       REP #$20
01003E  E2 20       SEP #$20
010040  A3 1E       LDA $1E,S
010042  83 04       STA $04,S
010044  A3 1F       LDA $1F,S
010046  83 05       STA $05,S
010048  C2 20       REP #$20
01004A  A9 00 00    LDA #$0000
01004D  83 0C       STA $0C,S
01004F  A3 04       LDA $04,S
010051  83 08       STA $08,S
010053  C9 00 00    CMP #$0000
010056  D0 04       BNE $01005C
010058  5C CF 00 01 JML $0100CF
01005C  C2 20       REP #$20
01005E  A3 01       LDA $01,S
010060  83 08       STA $08,S
010062  A3 02       LDA $02,S
010064  83 09       STA $09,S
010066  A3 08       LDA $08,S
010068  85 00       STA $00
01006A  A3 09       LDA $09,S
01006C  85 01       STA $01
01006E  E2 20       SEP #$20
010070  A0 00 00    LDY #$0000
010073  B7 00       LDA [$00],Y
010075  83 07       STA $07,S
010077  A3 07       LDA $07,S
010079  83 08       STA $08,S
01007B  A9 00       LDA #$00
01007D  83 09       STA $09,S
01007F  C2 20       REP #$20
010081  A3 0C       LDA $0C,S
010083  18          CLC
010084  63 08       ADC $08,S
010086  83 10       STA $10,S
010088  A3 01       LDA $01,S
01008A  83 08       STA $08,S
01008C  A3 02       LDA $02,S
01008E  83 09       STA $09,S
010090  E2 20       SEP #$20
010092  18          CLC
010093  A9 01       LDA #$01
010095  85 10       STA $10
010097  A3 08       LDA $08,S
010099  65 10       ADC $10
01009B  83 0C       STA $0C,S
01009D  A9 00       LDA #$00
01009F  85 10       STA $10
0100A1  A3 09       LDA $09,S
0100A3  65 10       ADC $10
0100A5  83 0D       STA $0D,S
0100A7  A9 00       LDA #$00
0100A9  85 10       STA $10
0100AB  A3 0A       LDA $0A,S
0100AD  65 10       ADC $10
0100AF  83 0E       STA $0E,S
0100B1  C2 20       REP #$20
0100B3  A3 0C       LDA $0C,S
0100B5  83 01       STA $01,S
0100B7  A3 0D       LDA $0D,S
0100B9  83 02       STA $02,S
0100BB  A3 04       LDA $04,S
0100BD  83 08       STA $08,S
0100BF  38          SEC
0100C0  E9 01 00    SBC #$0001
0100C3  83 0A       STA $0A,S
0100C5  83 04       STA $04,S
0100C7  A3 10       LDA $10,S
0100C9  83 0C       STA $0C,S
0100CB  5C 4F 00 01 JML $01004F
0100CF  A3 0C       LDA $0C,S
0100D1  A8          TAY
0100D2  3B          TSC
0100D3  18          CLC
0100D4  69 16 00    ADC #$0016
0100D7  1B          TCS
0100D8  98          TYA
0100D9  6B          RTL
