010000  3B          TSC
010001  AA          TAX
010002  C5 46       CMP $46
010004  B0 04       BCS $01000A
010006  5C 14 00 01 JML $010014
01000A  D0 04       BNE $010010
01000C  5C 14 00 01 JML $010014
010010  5C 26 00 01 JML $010026
010014  38          SEC
010015  E9 1A 00    SBC #$001A
010018  B0 04       BCS $01001E
01001A  5C 26 00 01 JML $010026
01001E  C5 44       CMP $44
010020  90 04       BCC $010026
010022  5C 2D 00 01 JML $01002D
010026  A9 1A 00    LDA #$001A
010029  5C 00 80 04 JML $048000
01002D  1B          TCS
01002E  A3 1E       LDA $1E,S
010030  83 06       STA $06,S
010032  18          CLC
010033  69 01 00    ADC #$0001
010036  83 08       STA $08,S
010038  A3 06       LDA $06,S
01003A  83 0E       STA $0E,S
01003C  A3 08       LDA $08,S
01003E  83 12       STA $12,S
010040  A9 00 00    LDA #$0000
010043  83 16       STA $16,S
010045  A3 0E       LDA $0E,S
010047  83 0A       STA $0A,S
010049  A3 12       LDA $12,S
01004B  83 06       STA $06,S
01004D  A3 16       LDA $16,S
01004F  83 08       STA $08,S
010051  A9 07 00    LDA #$0007
010054  C3 08       CMP $08,S
010056  B0 04       BCS $01005C
010058  5C 90 00 01 JML $010090
01005C  C2 20       REP #$20
01005E  A3 0A       LDA $0A,S
010060  83 02       STA $02,S
010062  A3 02       LDA $02,S
010064  83 0C       STA $0C,S
010066  18          CLC
010067  69 01 00    ADC #$0001
01006A  83 0A       STA $0A,S
01006C  A3 08       LDA $08,S
01006E  18          CLC
01006F  69 01 00    ADC #$0001
010072  83 0C       STA $0C,S
010074  A3 06       LDA $06,S
010076  83 0E       STA $0E,S
010078  A3 0A       LDA $0A,S
01007A  83 12       STA $12,S
01007C  A3 0C       LDA $0C,S
01007E  83 16       STA $16,S
010080  A3 0E       LDA $0E,S
010082  83 0A       STA $0A,S
010084  A3 12       LDA $12,S
010086  83 06       STA $06,S
010088  A3 16       LDA $16,S
01008A  83 08       STA $08,S
01008C  5C 51 00 01 JML $010051
010090  A3 0A       LDA $0A,S
010092  18          CLC
010093  63 06       ADC $06,S
010095  83 08       STA $08,S
010097  A8          TAY
010098  3B          TSC
010099  18          CLC
01009A  69 1A 00    ADC #$001A
01009D  1B          TCS
01009E  98          TYA
01009F  6B          RTL
