010000  3B          TSC
010001  AA          TAX
010002  C5 46       CMP $46
010004  B0 04       BCS $01000A
010006  5C 14 00 01 JML $010014
01000A  D0 04       BNE $010010
01000C  5C 14 00 01 JML $010014
010010  5C 26 00 01 JML $010026
010014  38          SEC
010015  E9 06 00    SBC #$0006
010018  B0 04       BCS $01001E
01001A  5C 26 00 01 JML $010026
01001E  C5 44       CMP $44
010020  90 04       BCC $010026
010022  5C 2D 00 01 JML $01002D
010026  A9 06 00    LDA #$0006
010029  5C 00 80 04 JML $048000
01002D  1B          TCS
01002E  A3 0A       LDA $0A,S
010030  83 02       STA $02,S
010032  A3 0C       LDA $0C,S
010034  83 04       STA $04,S
010036  C3 02       CMP $02,S
010038  90 04       BCC $01003E
01003A  5C 4D 00 01 JML $01004D
01003E  C2 20       REP #$20
010040  A3 0A       LDA $0A,S
010042  83 02       STA $02,S
010044  A8          TAY
010045  3B          TSC
010046  18          CLC
010047  69 06 00    ADC #$0006
01004A  1B          TCS
01004B  98          TYA
01004C  6B          RTL
01004D  A3 0C       LDA $0C,S
01004F  83 02       STA $02,S
010051  A8          TAY
010052  3B          TSC
010053  18          CLC
010054  69 06 00    ADC #$0006
010057  1B          TCS
010058  98          TYA
010059  6B          RTL
