010000  3B          TSC
010001  AA          TAX
010002  C5 46       CMP $46
010004  90 04       BCC $01000A
010006  F0 02       BEQ $01000A
010008  80 0A       BRA $010014
01000A  38          SEC
01000B  E9 0C 00    SBC #$000C
01000E  90 04       BCC $010014
010010  C5 44       CMP $44
010012  B0 07       BCS $01001B
010014  A9 0C 00    LDA #$000C
010017  5C 00 80 04 JML $048000
01001B  1B          TCS
01001C  A3 10       LDA $10,S
01001E  83 02       STA $02,S
010020  A3 11       LDA $11,S
010022  83 03       STA $03,S
010024  A3 10       LDA $10,S
010026  83 0A       STA $0A,S
010028  A3 11       LDA $11,S
01002A  83 0B       STA $0B,S
01002C  A3 0A       LDA $0A,S
01002E  18          CLC
01002F  69 03 00    ADC #$0003
010032  83 06       STA $06,S
010034  E2 20       SEP #$20
010036  A3 0C       LDA $0C,S
010038  69 00       ADC #$00
01003A  83 08       STA $08,S
01003C  C2 20       REP #$20
01003E  A3 02       LDA $02,S
010040  85 00       STA $00
010042  A3 03       LDA $03,S
010044  85 01       STA $01
010046  A3 06       LDA $06,S
010048  87 00       STA [$00]
01004A  E2 20       SEP #$20
01004C  A3 08       LDA $08,S
01004E  A0 02 00    LDY #$0002
010051  97 00       STA [$00],Y
010053  C2 20       REP #$20
010055  A3 10       LDA $10,S
010057  83 02       STA $02,S
010059  A3 11       LDA $11,S
01005B  83 03       STA $03,S
01005D  A3 02       LDA $02,S
01005F  85 00       STA $00
010061  A3 03       LDA $03,S
010063  85 01       STA $01
010065  A9 00 00    LDA #$0000
010068  A0 03 00    LDY #$0003
01006B  97 00       STA [$00],Y
01006D  E2 20       SEP #$20
01006F  A0 05 00    LDY #$0005
010072  97 00       STA [$00],Y
010074  C2 20       REP #$20
010076  A3 10       LDA $10,S
010078  83 02       STA $02,S
01007A  A3 11       LDA $11,S
01007C  83 03       STA $03,S
01007E  A3 10       LDA $10,S
010080  83 0A       STA $0A,S
010082  A3 11       LDA $11,S
010084  83 0B       STA $0B,S
010086  A3 0A       LDA $0A,S
010088  83 06       STA $06,S
01008A  A3 0B       LDA $0B,S
01008C  83 07       STA $07,S
01008E  A3 02       LDA $02,S
010090  85 00       STA $00
010092  A3 03       LDA $03,S
010094  85 01       STA $01
010096  A3 06       LDA $06,S
010098  A0 06 00    LDY #$0006
01009B  97 00       STA [$00],Y
01009D  E2 20       SEP #$20
01009F  A3 08       LDA $08,S
0100A1  A0 08 00    LDY #$0008
0100A4  97 00       STA [$00],Y
0100A6  C2 20       REP #$20
0100A8  3B          TSC
0100A9  18          CLC
0100AA  69 0C 00    ADC #$000C
0100AD  1B          TCS
0100AE  6B          RTL
0100AF  3B          TSC
0100B0  AA          TAX
0100B1  C5 46       CMP $46
0100B3  90 04       BCC $0100B9
0100B5  F0 02       BEQ $0100B9
0100B7  80 0A       BRA $0100C3
0100B9  38          SEC
0100BA  E9 08 00    SBC #$0008
0100BD  90 04       BCC $0100C3
0100BF  C5 44       CMP $44
0100C1  B0 07       BCS $0100CA
0100C3  A9 08 00    LDA #$0008
0100C6  5C 00 80 04 JML $048000
0100CA  1B          TCS
0100CB  A3 0C       LDA $0C,S
0100CD  83 06       STA $06,S
0100CF  A3 0D       LDA $0D,S
0100D1  83 07       STA $07,S
0100D3  3B          TSC
0100D4  AA          TAX
0100D5  C5 46       CMP $46
0100D7  90 04       BCC $0100DD
0100D9  F0 02       BEQ $0100DD
0100DB  80 0A       BRA $0100E7
0100DD  38          SEC
0100DE  E9 06 00    SBC #$0006
0100E1  90 04       BCC $0100E7
0100E3  C5 44       CMP $44
0100E5  B0 07       BCS $0100EE
0100E7  A9 06 00    LDA #$0006
0100EA  5C 00 80 04 JML $048000
0100EE  3B          TSC
0100EF  38          SEC
0100F0  E9 03 00    SBC #$0003
0100F3  1B          TCS
0100F4  C2 20       REP #$20
0100F6  A3 09       LDA $09,S
0100F8  83 01       STA $01,S
0100FA  A3 0A       LDA $0A,S
0100FC  83 02       STA $02,S
0100FE  22 00 00 01 JSL $010000
010102  A8          TAY
010103  3B          TSC
010104  18          CLC
010105  69 03 00    ADC #$0003
010108  1B          TCS
010109  98          TYA
01010A  3B          TSC
01010B  18          CLC
01010C  69 08 00    ADC #$0008
01010F  1B          TCS
010110  6B          RTL
010111  3B          TSC
010112  AA          TAX
010113  C5 46       CMP $46
010115  90 04       BCC $01011B
010117  F0 02       BEQ $01011B
010119  80 0A       BRA $010125
01011B  38          SEC
01011C  E9 0C 00    SBC #$000C
01011F  90 04       BCC $010125
010121  C5 44       CMP $44
010123  B0 07       BCS $01012C
010125  A9 0C 00    LDA #$000C
010128  5C 00 80 04 JML $048000
01012C  1B          TCS
01012D  A3 10       LDA $10,S
01012F  83 06       STA $06,S
010131  A3 11       LDA $11,S
010133  83 07       STA $07,S
010135  A3 06       LDA $06,S
010137  85 00       STA $00
010139  A3 07       LDA $07,S
01013B  85 01       STA $01
01013D  A7 00       LDA [$00]
01013F  83 02       STA $02,S
010141  E2 20       SEP #$20
010143  A0 02 00    LDY #$0002
010146  B7 00       LDA [$00],Y
010148  83 04       STA $04,S
01014A  C2 20       REP #$20
01014C  A3 10       LDA $10,S
01014E  83 0A       STA $0A,S
010150  A3 11       LDA $11,S
010152  83 0B       STA $0B,S
010154  A3 0A       LDA $0A,S
010156  18          CLC
010157  69 03 00    ADC #$0003
01015A  83 06       STA $06,S
01015C  E2 20       SEP #$20
01015E  A3 0C       LDA $0C,S
010160  69 00       ADC #$00
010162  83 08       STA $08,S
010164  C2 20       REP #$20
010166  A3 02       LDA $02,S
010168  C3 06       CMP $06,S
01016A  D0 0A       BNE $010176
01016C  E2 20       SEP #$20
01016E  A3 04       LDA $04,S
010170  C3 08       CMP $08,S
010172  C2 20       REP #$20
010174  F0 06       BEQ $01017C
010176  E2 20       SEP #$20
010178  A9 00       LDA #$00
01017A  80 04       BRA $010180
01017C  E2 20       SEP #$20
01017E  A9 01       LDA #$01
010180  E2 20       SEP #$20
010182  83 01       STA $01,S
010184  C2 20       REP #$20
010186  E2 20       SEP #$20
010188  A3 01       LDA $01,S
01018A  C2 20       REP #$20
01018C  29 FF 00    AND #$00FF
01018F  A8          TAY
010190  3B          TSC
010191  18          CLC
010192  69 0C 00    ADC #$000C
010195  1B          TCS
010196  98          TYA
010197  6B          RTL
010198  3B          TSC
010199  AA          TAX
01019A  C5 46       CMP $46
01019C  90 04       BCC $0101A2
01019E  F0 02       BEQ $0101A2
0101A0  80 0A       BRA $0101AC
0101A2  38          SEC
0101A3  E9 08 00    SBC #$0008
0101A6  90 04       BCC $0101AC
0101A8  C5 44       CMP $44
0101AA  B0 07       BCS $0101B3
0101AC  A9 08 00    LDA #$0008
0101AF  5C 00 80 04 JML $048000
0101B3  1B          TCS
0101B4  A3 0C       LDA $0C,S
0101B6  83 06       STA $06,S
0101B8  A3 0D       LDA $0D,S
0101BA  83 07       STA $07,S
0101BC  3B          TSC
0101BD  AA          TAX
0101BE  C5 46       CMP $46
0101C0  90 04       BCC $0101C6
0101C2  F0 02       BEQ $0101C6
0101C4  80 0A       BRA $0101D0
0101C6  38          SEC
0101C7  E9 06 00    SBC #$0006
0101CA  90 04       BCC $0101D0
0101CC  C5 44       CMP $44
0101CE  B0 07       BCS $0101D7
0101D0  A9 06 00    LDA #$0006
0101D3  5C 00 80 04 JML $048000
0101D7  3B          TSC
0101D8  38          SEC
0101D9  E9 03 00    SBC #$0003
0101DC  1B          TCS
0101DD  C2 20       REP #$20
0101DF  A3 09       LDA $09,S
0101E1  83 01       STA $01,S
0101E3  A3 0A       LDA $0A,S
0101E5  83 02       STA $02,S
0101E7  22 11 01 01 JSL $010111
0101EB  A8          TAY
0101EC  3B          TSC
0101ED  18          CLC
0101EE  69 03 00    ADC #$0003
0101F1  1B          TCS
0101F2  98          TYA
0101F3  E2 20       SEP #$20
0101F5  83 01       STA $01,S
0101F7  C2 20       REP #$20
0101F9  E2 20       SEP #$20
0101FB  A3 01       LDA $01,S
0101FD  C2 20       REP #$20
0101FF  29 FF 00    AND #$00FF
010202  A8          TAY
010203  3B          TSC
010204  18          CLC
010205  69 08 00    ADC #$0008
010208  1B          TCS
010209  98          TYA
01020A  6B          RTL
01020B  3B          TSC
01020C  AA          TAX
01020D  C5 46       CMP $46
01020F  90 04       BCC $010215
010211  F0 02       BEQ $010215
010213  80 0A       BRA $01021F
010215  38          SEC
010216  E9 10 00    SBC #$0010
010219  90 04       BCC $01021F
01021B  C5 44       CMP $44
01021D  B0 07       BCS $010226
01021F  A9 10 00    LDA #$0010
010222  5C 00 80 04 JML $048000
010226  1B          TCS
010227  A3 14       LDA $14,S
010229  83 06       STA $06,S
01022B  A3 15       LDA $15,S
01022D  83 07       STA $07,S
01022F  A3 06       LDA $06,S
010231  85 00       STA $00
010233  A3 07       LDA $07,S
010235  85 01       STA $01
010237  A7 00       LDA [$00]
010239  83 0A       STA $0A,S
01023B  E2 20       SEP #$20
01023D  A0 02 00    LDY #$0002
010240  B7 00       LDA [$00],Y
010242  83 0C       STA $0C,S
010244  C2 20       REP #$20
010246  A3 0A       LDA $0A,S
010248  83 01       STA $01,S
01024A  A3 0B       LDA $0B,S
01024C  83 02       STA $02,S
01024E  A3 17       LDA $17,S
010250  83 06       STA $06,S
010252  A3 18       LDA $18,S
010254  83 07       STA $07,S
010256  A3 14       LDA $14,S
010258  83 0E       STA $0E,S
01025A  A3 15       LDA $15,S
01025C  83 0F       STA $0F,S
01025E  A3 0E       LDA $0E,S
010260  83 0A       STA $0A,S
010262  A3 0F       LDA $0F,S
010264  83 0B       STA $0B,S
010266  A3 06       LDA $06,S
010268  85 00       STA $00
01026A  A3 07       LDA $07,S
01026C  85 01       STA $01
01026E  A3 0A       LDA $0A,S
010270  A0 03 00    LDY #$0003
010273  97 00       STA [$00],Y
010275  E2 20       SEP #$20
010277  A3 0C       LDA $0C,S
010279  A0 05 00    LDY #$0005
01027C  97 00       STA [$00],Y
01027E  C2 20       REP #$20
010280  A3 17       LDA $17,S
010282  83 06       STA $06,S
010284  A3 18       LDA $18,S
010286  83 07       STA $07,S
010288  A3 01       LDA $01,S
01028A  83 0A       STA $0A,S
01028C  A3 02       LDA $02,S
01028E  83 0B       STA $0B,S
010290  A3 06       LDA $06,S
010292  85 00       STA $00
010294  A3 07       LDA $07,S
010296  85 01       STA $01
010298  A3 0A       LDA $0A,S
01029A  87 00       STA [$00]
01029C  E2 20       SEP #$20
01029E  A3 0C       LDA $0C,S
0102A0  A0 02 00    LDY #$0002
0102A3  97 00       STA [$00],Y
0102A5  C2 20       REP #$20
0102A7  A3 01       LDA $01,S
0102A9  83 06       STA $06,S
0102AB  A3 02       LDA $02,S
0102AD  83 07       STA $07,S
0102AF  A3 17       LDA $17,S
0102B1  83 0A       STA $0A,S
0102B3  A3 18       LDA $18,S
0102B5  83 0B       STA $0B,S
0102B7  A3 06       LDA $06,S
0102B9  85 00       STA $00
0102BB  A3 07       LDA $07,S
0102BD  85 01       STA $01
0102BF  A3 0A       LDA $0A,S
0102C1  A0 03 00    LDY #$0003
0102C4  97 00       STA [$00],Y
0102C6  E2 20       SEP #$20
0102C8  A3 0C       LDA $0C,S
0102CA  A0 05 00    LDY #$0005
0102CD  97 00       STA [$00],Y
0102CF  C2 20       REP #$20
0102D1  A3 14       LDA $14,S
0102D3  83 06       STA $06,S
0102D5  A3 15       LDA $15,S
0102D7  83 07       STA $07,S
0102D9  A3 17       LDA $17,S
0102DB  83 0A       STA $0A,S
0102DD  A3 18       LDA $18,S
0102DF  83 0B       STA $0B,S
0102E1  A3 06       LDA $06,S
0102E3  85 00       STA $00
0102E5  A3 07       LDA $07,S
0102E7  85 01       STA $01
0102E9  A3 0A       LDA $0A,S
0102EB  87 00       STA [$00]
0102ED  E2 20       SEP #$20
0102EF  A3 0C       LDA $0C,S
0102F1  A0 02 00    LDY #$0002
0102F4  97 00       STA [$00],Y
0102F6  C2 20       REP #$20
0102F8  3B          TSC
0102F9  18          CLC
0102FA  69 10 00    ADC #$0010
0102FD  1B          TCS
0102FE  6B          RTL
0102FF  3B          TSC
010300  AA          TAX
010301  C5 46       CMP $46
010303  90 04       BCC $010309
010305  F0 02       BEQ $010309
010307  80 0A       BRA $010313
010309  38          SEC
01030A  E9 10 00    SBC #$0010
01030D  90 04       BCC $010313
01030F  C5 44       CMP $44
010311  B0 07       BCS $01031A
010313  A9 10 00    LDA #$0010
010316  5C 00 80 04 JML $048000
01031A  1B          TCS
01031B  A3 14       LDA $14,S
01031D  83 06       STA $06,S
01031F  A3 15       LDA $15,S
010321  83 07       STA $07,S
010323  A3 06       LDA $06,S
010325  85 00       STA $00
010327  A3 07       LDA $07,S
010329  85 01       STA $01
01032B  A0 06 00    LDY #$0006
01032E  B7 00       LDA [$00],Y
010330  83 0A       STA $0A,S
010332  E2 20       SEP #$20
010334  A0 08 00    LDY #$0008
010337  B7 00       LDA [$00],Y
010339  83 0C       STA $0C,S
01033B  C2 20       REP #$20
01033D  A3 0A       LDA $0A,S
01033F  83 01       STA $01,S
010341  A3 0B       LDA $0B,S
010343  83 02       STA $02,S
010345  A3 17       LDA $17,S
010347  83 06       STA $06,S
010349  A3 18       LDA $18,S
01034B  83 07       STA $07,S
01034D  A3 14       LDA $14,S
01034F  83 0E       STA $0E,S
010351  A3 15       LDA $15,S
010353  83 0F       STA $0F,S
010355  A3 0E       LDA $0E,S
010357  18          CLC
010358  69 03 00    ADC #$0003
01035B  83 0A       STA $0A,S
01035D  E2 20       SEP #$20
01035F  A3 10       LDA $10,S
010361  69 00       ADC #$00
010363  83 0C       STA $0C,S
010365  C2 20       REP #$20
010367  A3 06       LDA $06,S
010369  85 00       STA $00
01036B  A3 07       LDA $07,S
01036D  85 01       STA $01
01036F  A3 0A       LDA $0A,S
010371  87 00       STA [$00]
010373  E2 20       SEP #$20
010375  A3 0C       LDA $0C,S
010377  A0 02 00    LDY #$0002
01037A  97 00       STA [$00],Y
01037C  C2 20       REP #$20
01037E  A3 17       LDA $17,S
010380  83 06       STA $06,S
010382  A3 18       LDA $18,S
010384  83 07       STA $07,S
010386  A3 01       LDA $01,S
010388  83 0A       STA $0A,S
01038A  A3 02       LDA $02,S
01038C  83 0B       STA $0B,S
01038E  A3 06       LDA $06,S
010390  85 00       STA $00
010392  A3 07       LDA $07,S
010394  85 01       STA $01
010396  A3 0A       LDA $0A,S
010398  A0 03 00    LDY #$0003
01039B  97 00       STA [$00],Y
01039D  E2 20       SEP #$20
01039F  A3 0C       LDA $0C,S
0103A1  A0 05 00    LDY #$0005
0103A4  97 00       STA [$00],Y
0103A6  C2 20       REP #$20
0103A8  A3 01       LDA $01,S
0103AA  83 06       STA $06,S
0103AC  A3 02       LDA $02,S
0103AE  83 07       STA $07,S
0103B0  A3 17       LDA $17,S
0103B2  83 0A       STA $0A,S
0103B4  A3 18       LDA $18,S
0103B6  83 0B       STA $0B,S
0103B8  A3 06       LDA $06,S
0103BA  85 00       STA $00
0103BC  A3 07       LDA $07,S
0103BE  85 01       STA $01
0103C0  A3 0A       LDA $0A,S
0103C2  87 00       STA [$00]
0103C4  E2 20       SEP #$20
0103C6  A3 0C       LDA $0C,S
0103C8  A0 02 00    LDY #$0002
0103CB  97 00       STA [$00],Y
0103CD  C2 20       REP #$20
0103CF  A3 14       LDA $14,S
0103D1  83 06       STA $06,S
0103D3  A3 15       LDA $15,S
0103D5  83 07       STA $07,S
0103D7  A3 17       LDA $17,S
0103D9  83 0A       STA $0A,S
0103DB  A3 18       LDA $18,S
0103DD  83 0B       STA $0B,S
0103DF  A3 06       LDA $06,S
0103E1  85 00       STA $00
0103E3  A3 07       LDA $07,S
0103E5  85 01       STA $01
0103E7  A3 0A       LDA $0A,S
0103E9  A0 06 00    LDY #$0006
0103EC  97 00       STA [$00],Y
0103EE  E2 20       SEP #$20
0103F0  A3 0C       LDA $0C,S
0103F2  A0 08 00    LDY #$0008
0103F5  97 00       STA [$00],Y
0103F7  C2 20       REP #$20
0103F9  3B          TSC
0103FA  18          CLC
0103FB  69 10 00    ADC #$0010
0103FE  1B          TCS
0103FF  6B          RTL
010400  3B          TSC
010401  AA          TAX
010402  C5 46       CMP $46
010404  90 04       BCC $01040A
010406  F0 02       BEQ $01040A
010408  80 0A       BRA $010414
01040A  38          SEC
01040B  E9 10 00    SBC #$0010
01040E  90 04       BCC $010414
010410  C5 44       CMP $44
010412  B0 07       BCS $01041B
010414  A9 10 00    LDA #$0010
010417  5C 00 80 04 JML $048000
01041B  1B          TCS
01041C  A3 1A       LDA $1A,S
01041E  83 06       STA $06,S
010420  A3 1B       LDA $1B,S
010422  83 07       STA $07,S
010424  A3 06       LDA $06,S
010426  03 07       ORA $07,S
010428  F0 02       BEQ $01042C
01042A  80 04       BRA $010430
01042C  C2 20       REP #$20
01042E  80 2E       BRA $01045E
010430  A3 1A       LDA $1A,S
010432  83 06       STA $06,S
010434  A3 1B       LDA $1B,S
010436  83 07       STA $07,S
010438  A3 14       LDA $14,S
01043A  83 0E       STA $0E,S
01043C  A3 15       LDA $15,S
01043E  83 0F       STA $0F,S
010440  A3 0E       LDA $0E,S
010442  83 0A       STA $0A,S
010444  A3 0F       LDA $0F,S
010446  83 0B       STA $0B,S
010448  A3 06       LDA $06,S
01044A  C3 0A       CMP $0A,S
01044C  D0 0A       BNE $010458
01044E  E2 20       SEP #$20
010450  A3 08       LDA $08,S
010452  C3 0C       CMP $0C,S
010454  C2 20       REP #$20
010456  F0 04       BEQ $01045C
010458  C2 20       REP #$20
01045A  80 5E       BRA $0104BA
01045C  C2 20       REP #$20
01045E  A3 14       LDA $14,S
010460  83 06       STA $06,S
010462  A3 15       LDA $15,S
010464  83 07       STA $07,S
010466  A3 17       LDA $17,S
010468  83 0A       STA $0A,S
01046A  A3 18       LDA $18,S
01046C  83 0B       STA $0B,S
01046E  3B          TSC
01046F  AA          TAX
010470  C5 46       CMP $46
010472  90 04       BCC $010478
010474  F0 02       BEQ $010478
010476  80 0A       BRA $010482
010478  38          SEC
010479  E9 0A 00    SBC #$000A
01047C  90 04       BCC $010482
01047E  C5 44       CMP $44
010480  B0 07       BCS $010489
010482  A9 0A 00    LDA #$000A
010485  5C 00 80 04 JML $048000
010489  3B          TSC
01048A  38          SEC
01048B  E9 07 00    SBC #$0007
01048E  1B          TCS
01048F  E2 20       SEP #$20
010491  A9 00       LDA #$00
010493  83 07       STA $07,S
010495  C2 20       REP #$20
010497  A3 0D       LDA $0D,S
010499  83 01       STA $01,S
01049B  A3 0E       LDA $0E,S
01049D  83 02       STA $02,S
01049F  A3 11       LDA $11,S
0104A1  83 04       STA $04,S
0104A3  A3 12       LDA $12,S
0104A5  83 05       STA $05,S
0104A7  22 0B 02 01 JSL $01020B
0104AB  A8          TAY
0104AC  3B          TSC
0104AD  18          CLC
0104AE  69 07 00    ADC #$0007
0104B1  1B          TCS
0104B2  98          TYA
0104B3  3B          TSC
0104B4  18          CLC
0104B5  69 10 00    ADC #$0010
0104B8  1B          TCS
0104B9  6B          RTL
0104BA  A3 1A       LDA $1A,S
0104BC  83 06       STA $06,S
0104BE  A3 1B       LDA $1B,S
0104C0  83 07       STA $07,S
0104C2  A3 14       LDA $14,S
0104C4  83 0E       STA $0E,S
0104C6  A3 15       LDA $15,S
0104C8  83 0F       STA $0F,S
0104CA  A3 0E       LDA $0E,S
0104CC  18          CLC
0104CD  69 03 00    ADC #$0003
0104D0  83 0A       STA $0A,S
0104D2  E2 20       SEP #$20
0104D4  A3 10       LDA $10,S
0104D6  69 00       ADC #$00
0104D8  83 0C       STA $0C,S
0104DA  C2 20       REP #$20
0104DC  A3 06       LDA $06,S
0104DE  C3 0A       CMP $0A,S
0104E0  D0 0A       BNE $0104EC
0104E2  E2 20       SEP #$20
0104E4  A3 08       LDA $08,S
0104E6  C3 0C       CMP $0C,S
0104E8  C2 20       REP #$20
0104EA  F0 04       BEQ $0104F0
0104EC  C2 20       REP #$20
0104EE  80 5E       BRA $01054E
0104F0  C2 20       REP #$20
0104F2  A3 14       LDA $14,S
0104F4  83 06       STA $06,S
0104F6  A3 15       LDA $15,S
0104F8  83 07       STA $07,S
0104FA  A3 17       LDA $17,S
0104FC  83 0A       STA $0A,S
0104FE  A3 18       LDA $18,S
010500  83 0B       STA $0B,S
010502  3B          TSC
010503  AA          TAX
010504  C5 46       CMP $46
010506  90 04       BCC $01050C
010508  F0 02       BEQ $01050C
01050A  80 0A       BRA $010516
01050C  38          SEC
01050D  E9 0A 00    SBC #$000A
010510  90 04       BCC $010516
010512  C5 44       CMP $44
010514  B0 07       BCS $01051D
010516  A9 0A 00    LDA #$000A
010519  5C 00 80 04 JML $048000
01051D  3B          TSC
01051E  38          SEC
01051F  E9 07 00    SBC #$0007
010522  1B          TCS
010523  E2 20       SEP #$20
010525  A9 00       LDA #$00
010527  83 07       STA $07,S
010529  C2 20       REP #$20
01052B  A3 0D       LDA $0D,S
01052D  83 01       STA $01,S
01052F  A3 0E       LDA $0E,S
010531  83 02       STA $02,S
010533  A3 11       LDA $11,S
010535  83 04       STA $04,S
010537  A3 12       LDA $12,S
010539  83 05       STA $05,S
01053B  22 FF 02 01 JSL $0102FF
01053F  A8          TAY
010540  3B          TSC
010541  18          CLC
010542  69 07 00    ADC #$0007
010545  1B          TCS
010546  98          TYA
010547  3B          TSC
010548  18          CLC
010549  69 10 00    ADC #$0010
01054C  1B          TCS
01054D  6B          RTL
01054E  A3 1A       LDA $1A,S
010550  83 06       STA $06,S
010552  A3 1B       LDA $1B,S
010554  83 07       STA $07,S
010556  A3 06       LDA $06,S
010558  85 00       STA $00
01055A  A3 07       LDA $07,S
01055C  85 01       STA $01
01055E  A7 00       LDA [$00]
010560  83 0A       STA $0A,S
010562  E2 20       SEP #$20
010564  A0 02 00    LDY #$0002
010567  B7 00       LDA [$00],Y
010569  83 0C       STA $0C,S
01056B  C2 20       REP #$20
01056D  A3 0A       LDA $0A,S
01056F  83 01       STA $01,S
010571  A3 0B       LDA $0B,S
010573  83 02       STA $02,S
010575  A3 17       LDA $17,S
010577  83 06       STA $06,S
010579  A3 18       LDA $18,S
01057B  83 07       STA $07,S
01057D  A3 1A       LDA $1A,S
01057F  83 0A       STA $0A,S
010581  A3 1B       LDA $1B,S
010583  83 0B       STA $0B,S
010585  A3 06       LDA $06,S
010587  85 00       STA $00
010589  A3 07       LDA $07,S
01058B  85 01       STA $01
01058D  A3 0A       LDA $0A,S
01058F  A0 03 00    LDY #$0003
010592  97 00       STA [$00],Y
010594  E2 20       SEP #$20
010596  A3 0C       LDA $0C,S
010598  A0 05 00    LDY #$0005
01059B  97 00       STA [$00],Y
01059D  C2 20       REP #$20
01059F  A3 17       LDA $17,S
0105A1  83 06       STA $06,S
0105A3  A3 18       LDA $18,S
0105A5  83 07       STA $07,S
0105A7  A3 01       LDA $01,S
0105A9  83 0A       STA $0A,S
0105AB  A3 02       LDA $02,S
0105AD  83 0B       STA $0B,S
0105AF  A3 06       LDA $06,S
0105B1  85 00       STA $00
0105B3  A3 07       LDA $07,S
0105B5  85 01       STA $01
0105B7  A3 0A       LDA $0A,S
0105B9  87 00       STA [$00]
0105BB  E2 20       SEP #$20
0105BD  A3 0C       LDA $0C,S
0105BF  A0 02 00    LDY #$0002
0105C2  97 00       STA [$00],Y
0105C4  C2 20       REP #$20
0105C6  A3 01       LDA $01,S
0105C8  83 06       STA $06,S
0105CA  A3 02       LDA $02,S
0105CC  83 07       STA $07,S
0105CE  A3 17       LDA $17,S
0105D0  83 0A       STA $0A,S
0105D2  A3 18       LDA $18,S
0105D4  83 0B       STA $0B,S
0105D6  A3 06       LDA $06,S
0105D8  85 00       STA $00
0105DA  A3 07       LDA $07,S
0105DC  85 01       STA $01
0105DE  A3 0A       LDA $0A,S
0105E0  A0 03 00    LDY #$0003
0105E3  97 00       STA [$00],Y
0105E5  E2 20       SEP #$20
0105E7  A3 0C       LDA $0C,S
0105E9  A0 05 00    LDY #$0005
0105EC  97 00       STA [$00],Y
0105EE  C2 20       REP #$20
0105F0  A3 1A       LDA $1A,S
0105F2  83 06       STA $06,S
0105F4  A3 1B       LDA $1B,S
0105F6  83 07       STA $07,S
0105F8  A3 17       LDA $17,S
0105FA  83 0A       STA $0A,S
0105FC  A3 18       LDA $18,S
0105FE  83 0B       STA $0B,S
010600  A3 06       LDA $06,S
010602  85 00       STA $00
010604  A3 07       LDA $07,S
010606  85 01       STA $01
010608  A3 0A       LDA $0A,S
01060A  87 00       STA [$00]
01060C  E2 20       SEP #$20
01060E  A3 0C       LDA $0C,S
010610  A0 02 00    LDY #$0002
010613  97 00       STA [$00],Y
010615  C2 20       REP #$20
010617  3B          TSC
010618  18          CLC
010619  69 10 00    ADC #$0010
01061C  1B          TCS
01061D  6B          RTL
01061E  3B          TSC
01061F  AA          TAX
010620  C5 46       CMP $46
010622  90 04       BCC $010628
010624  F0 02       BEQ $010628
010626  80 0A       BRA $010632
010628  38          SEC
010629  E9 06 00    SBC #$0006
01062C  90 04       BCC $010632
01062E  C5 44       CMP $44
010630  B0 07       BCS $010639
010632  A9 06 00    LDA #$0006
010635  5C 00 80 04 JML $048000
010639  1B          TCS
01063A  A3 0A       LDA $0A,S
01063C  85 00       STA $00
01063E  A3 0B       LDA $0B,S
010640  85 01       STA $01
010642  A0 03 00    LDY #$0003
010645  B7 00       LDA [$00],Y
010647  85 03       STA $03
010649  E2 20       SEP #$20
01064B  A0 05 00    LDY #$0005
01064E  B7 00       LDA [$00],Y
010650  85 05       STA $05
010652  C2 20       REP #$20
010654  A5 03       LDA $03
010656  83 01       STA $01,S
010658  A5 04       LDA $04
01065A  83 02       STA $02,S
01065C  A3 0A       LDA $0A,S
01065E  85 00       STA $00
010660  A3 0B       LDA $0B,S
010662  85 01       STA $01
010664  A7 00       LDA [$00]
010666  85 03       STA $03
010668  E2 20       SEP #$20
01066A  A0 02 00    LDY #$0002
01066D  B7 00       LDA [$00],Y
01066F  85 05       STA $05
010671  C2 20       REP #$20
010673  A5 03       LDA $03
010675  83 04       STA $04,S
010677  A5 04       LDA $04
010679  83 05       STA $05,S
01067B  A3 01       LDA $01,S
01067D  85 00       STA $00
01067F  A3 02       LDA $02,S
010681  85 01       STA $01
010683  A3 04       LDA $04,S
010685  85 03       STA $03
010687  A3 05       LDA $05,S
010689  85 04       STA $04
01068B  A5 03       LDA $03
01068D  87 00       STA [$00]
01068F  E2 20       SEP #$20
010691  A5 05       LDA $05
010693  A0 02 00    LDY #$0002
010696  97 00       STA [$00],Y
010698  C2 20       REP #$20
01069A  A3 04       LDA $04,S
01069C  85 00       STA $00
01069E  A3 05       LDA $05,S
0106A0  85 01       STA $01
0106A2  A3 01       LDA $01,S
0106A4  85 03       STA $03
0106A6  A3 02       LDA $02,S
0106A8  85 04       STA $04
0106AA  A5 03       LDA $03
0106AC  A0 03 00    LDY #$0003
0106AF  97 00       STA [$00],Y
0106B1  E2 20       SEP #$20
0106B3  A5 05       LDA $05
0106B5  A0 05 00    LDY #$0005
0106B8  97 00       STA [$00],Y
0106BA  C2 20       REP #$20
0106BC  3B          TSC
0106BD  18          CLC
0106BE  69 06 00    ADC #$0006
0106C1  1B          TCS
0106C2  6B          RTL
0106C3  3B          TSC
0106C4  AA          TAX
0106C5  C5 46       CMP $46
0106C7  90 04       BCC $0106CD
0106C9  F0 02       BEQ $0106CD
0106CB  80 0A       BRA $0106D7
0106CD  38          SEC
0106CE  E9 0C 00    SBC #$000C
0106D1  90 04       BCC $0106D7
0106D3  C5 44       CMP $44
0106D5  B0 07       BCS $0106DE
0106D7  A9 0C 00    LDA #$000C
0106DA  5C 00 80 04 JML $048000
0106DE  1B          TCS
0106DF  A3 10       LDA $10,S
0106E1  83 06       STA $06,S
0106E3  A3 11       LDA $11,S
0106E5  83 07       STA $07,S
0106E7  A3 06       LDA $06,S
0106E9  85 00       STA $00
0106EB  A3 07       LDA $07,S
0106ED  85 01       STA $01
0106EF  A7 00       LDA [$00]
0106F1  83 0A       STA $0A,S
0106F3  E2 20       SEP #$20
0106F5  A0 02 00    LDY #$0002
0106F8  B7 00       LDA [$00],Y
0106FA  83 0C       STA $0C,S
0106FC  C2 20       REP #$20
0106FE  A3 0A       LDA $0A,S
010700  83 01       STA $01,S
010702  A3 0B       LDA $0B,S
010704  83 02       STA $02,S
010706  A3 01       LDA $01,S
010708  83 0A       STA $0A,S
01070A  A3 02       LDA $02,S
01070C  83 0B       STA $0B,S
01070E  A3 0A       LDA $0A,S
010710  85 00       STA $00
010712  A3 0B       LDA $0B,S
010714  85 01       STA $01
010716  A7 00       LDA [$00]
010718  83 06       STA $06,S
01071A  E2 20       SEP #$20
01071C  A0 02 00    LDY #$0002
01071F  B7 00       LDA [$00],Y
010721  83 08       STA $08,S
010723  C2 20       REP #$20
010725  A3 06       LDA $06,S
010727  03 07       ORA $07,S
010729  F0 02       BEQ $01072D
01072B  80 11       BRA $01073E
01072D  C2 20       REP #$20
01072F  A2 00 00    LDX #$0000
010732  A9 00 00    LDA #$0000
010735  A8          TAY
010736  3B          TSC
010737  18          CLC
010738  69 0C 00    ADC #$000C
01073B  1B          TCS
01073C  98          TYA
01073D  6B          RTL
01073E  A3 01       LDA $01,S
010740  83 06       STA $06,S
010742  A3 02       LDA $02,S
010744  83 07       STA $07,S
010746  3B          TSC
010747  AA          TAX
010748  C5 46       CMP $46
01074A  90 04       BCC $010750
01074C  F0 02       BEQ $010750
01074E  80 0A       BRA $01075A
010750  38          SEC
010751  E9 06 00    SBC #$0006
010754  90 04       BCC $01075A
010756  C5 44       CMP $44
010758  B0 07       BCS $010761
01075A  A9 06 00    LDA #$0006
01075D  5C 00 80 04 JML $048000
010761  3B          TSC
010762  38          SEC
010763  E9 03 00    SBC #$0003
010766  1B          TCS
010767  C2 20       REP #$20
010769  A3 09       LDA $09,S
01076B  83 01       STA $01,S
01076D  A3 0A       LDA $0A,S
01076F  83 02       STA $02,S
010771  22 1E 06 01 JSL $01061E
010775  A8          TAY
010776  3B          TSC
010777  18          CLC
010778  69 03 00    ADC #$0003
01077B  1B          TCS
01077C  98          TYA
01077D  A3 01       LDA $01,S
01077F  83 06       STA $06,S
010781  A3 02       LDA $02,S
010783  83 07       STA $07,S
010785  A3 07       LDA $07,S
010787  EB          XBA
010788  29 FF 00    AND #$00FF
01078B  AA          TAX
01078C  A3 06       LDA $06,S
01078E  A8          TAY
01078F  3B          TSC
010790  18          CLC
010791  69 0C 00    ADC #$000C
010794  1B          TCS
010795  98          TYA
010796  6B          RTL
010797  3B          TSC
010798  AA          TAX
010799  C5 46       CMP $46
01079B  90 04       BCC $0107A1
01079D  F0 02       BEQ $0107A1
01079F  80 0A       BRA $0107AB
0107A1  38          SEC
0107A2  E9 0C 00    SBC #$000C
0107A5  90 04       BCC $0107AB
0107A7  C5 44       CMP $44
0107A9  B0 07       BCS $0107B2
0107AB  A9 0C 00    LDA #$000C
0107AE  5C 00 80 04 JML $048000
0107B2  1B          TCS
0107B3  A3 10       LDA $10,S
0107B5  83 06       STA $06,S
0107B7  A3 11       LDA $11,S
0107B9  83 07       STA $07,S
0107BB  A3 06       LDA $06,S
0107BD  85 00       STA $00
0107BF  A3 07       LDA $07,S
0107C1  85 01       STA $01
0107C3  A0 06 00    LDY #$0006
0107C6  B7 00       LDA [$00],Y
0107C8  83 0A       STA $0A,S
0107CA  E2 20       SEP #$20
0107CC  A0 08 00    LDY #$0008
0107CF  B7 00       LDA [$00],Y
0107D1  83 0C       STA $0C,S
0107D3  C2 20       REP #$20
0107D5  A3 0A       LDA $0A,S
0107D7  83 01       STA $01,S
0107D9  A3 0B       LDA $0B,S
0107DB  83 02       STA $02,S
0107DD  A3 01       LDA $01,S
0107DF  83 0A       STA $0A,S
0107E1  A3 02       LDA $02,S
0107E3  83 0B       STA $0B,S
0107E5  A3 0A       LDA $0A,S
0107E7  85 00       STA $00
0107E9  A3 0B       LDA $0B,S
0107EB  85 01       STA $01
0107ED  A0 03 00    LDY #$0003
0107F0  B7 00       LDA [$00],Y
0107F2  83 06       STA $06,S
0107F4  E2 20       SEP #$20
0107F6  A0 05 00    LDY #$0005
0107F9  B7 00       LDA [$00],Y
0107FB  83 08       STA $08,S
0107FD  C2 20       REP #$20
0107FF  A3 06       LDA $06,S
010801  03 07       ORA $07,S
010803  F0 02       BEQ $010807
010805  80 11       BRA $010818
010807  C2 20       REP #$20
010809  A2 00 00    LDX #$0000
01080C  A9 00 00    LDA #$0000
01080F  A8          TAY
010810  3B          TSC
010811  18          CLC
010812  69 0C 00    ADC #$000C
010815  1B          TCS
010816  98          TYA
010817  6B          RTL
010818  A3 01       LDA $01,S
01081A  83 06       STA $06,S
01081C  A3 02       LDA $02,S
01081E  83 07       STA $07,S
010820  3B          TSC
010821  AA          TAX
010822  C5 46       CMP $46
010824  90 04       BCC $01082A
010826  F0 02       BEQ $01082A
010828  80 0A       BRA $010834
01082A  38          SEC
01082B  E9 06 00    SBC #$0006
01082E  90 04       BCC $010834
010830  C5 44       CMP $44
010832  B0 07       BCS $01083B
010834  A9 06 00    LDA #$0006
010837  5C 00 80 04 JML $048000
01083B  3B          TSC
01083C  38          SEC
01083D  E9 03 00    SBC #$0003
010840  1B          TCS
010841  C2 20       REP #$20
010843  A3 09       LDA $09,S
010845  83 01       STA $01,S
010847  A3 0A       LDA $0A,S
010849  83 02       STA $02,S
01084B  22 1E 06 01 JSL $01061E
01084F  A8          TAY
010850  3B          TSC
010851  18          CLC
010852  69 03 00    ADC #$0003
010855  1B          TCS
010856  98          TYA
010857  A3 01       LDA $01,S
010859  83 06       STA $06,S
01085B  A3 02       LDA $02,S
01085D  83 07       STA $07,S
01085F  A3 07       LDA $07,S
010861  EB          XBA
010862  29 FF 00    AND #$00FF
010865  AA          TAX
010866  A3 06       LDA $06,S
010868  A8          TAY
010869  3B          TSC
01086A  18          CLC
01086B  69 0C 00    ADC #$000C
01086E  1B          TCS
01086F  98          TYA
010870  6B          RTL
010871  3B          TSC
010872  AA          TAX
010873  C5 46       CMP $46
010875  90 04       BCC $01087B
010877  F0 02       BEQ $01087B
010879  80 0A       BRA $010885
01087B  38          SEC
01087C  E9 14 00    SBC #$0014
01087F  90 04       BCC $010885
010881  C5 44       CMP $44
010883  B0 07       BCS $01088C
010885  A9 14 00    LDA #$0014
010888  5C 00 80 04 JML $048000
01088C  1B          TCS
01088D  A3 18       LDA $18,S
01088F  83 06       STA $06,S
010891  A3 19       LDA $19,S
010893  83 07       STA $07,S
010895  A3 06       LDA $06,S
010897  85 00       STA $00
010899  A3 07       LDA $07,S
01089B  85 01       STA $01
01089D  A7 00       LDA [$00]
01089F  83 0A       STA $0A,S
0108A1  E2 20       SEP #$20
0108A3  A0 02 00    LDY #$0002
0108A6  B7 00       LDA [$00],Y
0108A8  83 0C       STA $0C,S
0108AA  C2 20       REP #$20
0108AC  A3 0A       LDA $0A,S
0108AE  83 01       STA $01,S
0108B0  A3 0B       LDA $0B,S
0108B2  83 02       STA $02,S
0108B4  A3 01       LDA $01,S
0108B6  83 0A       STA $0A,S
0108B8  A3 02       LDA $02,S
0108BA  83 0B       STA $0B,S
0108BC  A3 0A       LDA $0A,S
0108BE  85 00       STA $00
0108C0  A3 0B       LDA $0B,S
0108C2  85 01       STA $01
0108C4  A7 00       LDA [$00]
0108C6  83 06       STA $06,S
0108C8  E2 20       SEP #$20
0108CA  A0 02 00    LDY #$0002
0108CD  B7 00       LDA [$00],Y
0108CF  83 08       STA $08,S
0108D1  C2 20       REP #$20
0108D3  A3 06       LDA $06,S
0108D5  03 07       ORA $07,S
0108D7  D0 03       BNE $0108DC
0108D9  82 01 01    BRL $0109DD
0108DC  C2 20       REP #$20
0108DE  A3 1B       LDA $1B,S
0108E0  83 06       STA $06,S
0108E2  A3 1C       LDA $1C,S
0108E4  83 07       STA $07,S
0108E6  A3 06       LDA $06,S
0108E8  85 00       STA $00
0108EA  A3 07       LDA $07,S
0108EC  85 01       STA $01
0108EE  E2 20       SEP #$20
0108F0  A0 07 00    LDY #$0007
0108F3  B7 00       LDA [$00],Y
0108F5  83 09       STA $09,S
0108F7  A9 80       LDA #$80
0108F9  85 10       STA $10
0108FB  A3 09       LDA $09,S
0108FD  45 10       EOR $10
0108FF  83 05       STA $05,S
010901  C2 20       REP #$20
010903  A3 01       LDA $01,S
010905  83 06       STA $06,S
010907  A3 02       LDA $02,S
010909  83 07       STA $07,S
01090B  A3 06       LDA $06,S
01090D  85 00       STA $00
01090F  A3 07       LDA $07,S
010911  85 01       STA $01
010913  E2 20       SEP #$20
010915  A0 07 00    LDY #$0007
010918  B7 00       LDA [$00],Y
01091A  83 09       STA $09,S
01091C  A9 80       LDA #$80
01091E  85 10       STA $10
010920  A3 09       LDA $09,S
010922  45 10       EOR $10
010924  83 06       STA $06,S
010926  A3 06       LDA $06,S
010928  C3 05       CMP $05,S
01092A  C2 20       REP #$20
01092C  90 03       BCC $010931
01092E  82 82 00    BRL $0109B3
010931  C2 20       REP #$20
010933  A3 18       LDA $18,S
010935  83 06       STA $06,S
010937  A3 19       LDA $19,S
010939  83 07       STA $07,S
01093B  A3 1B       LDA $1B,S
01093D  83 0A       STA $0A,S
01093F  A3 1C       LDA $1C,S
010941  83 0B       STA $0B,S
010943  A3 01       LDA $01,S
010945  83 0E       STA $0E,S
010947  A3 02       LDA $02,S
010949  83 0F       STA $0F,S
01094B  A3 0E       LDA $0E,S
01094D  85 00       STA $00
01094F  A3 0F       LDA $0F,S
010951  85 01       STA $01
010953  A0 03 00    LDY #$0003
010956  B7 00       LDA [$00],Y
010958  83 12       STA $12,S
01095A  E2 20       SEP #$20
01095C  A0 05 00    LDY #$0005
01095F  B7 00       LDA [$00],Y
010961  83 14       STA $14,S
010963  C2 20       REP #$20
010965  3B          TSC
010966  AA          TAX
010967  C5 46       CMP $46
010969  90 04       BCC $01096F
01096B  F0 02       BEQ $01096F
01096D  80 0A       BRA $010979
01096F  38          SEC
010970  E9 0C 00    SBC #$000C
010973  90 04       BCC $010979
010975  C5 44       CMP $44
010977  B0 07       BCS $010980
010979  A9 0C 00    LDA #$000C
01097C  5C 00 80 04 JML $048000
010980  3B          TSC
010981  38          SEC
010982  E9 09 00    SBC #$0009
010985  1B          TCS
010986  C2 20       REP #$20
010988  A3 0F       LDA $0F,S
01098A  83 01       STA $01,S
01098C  A3 10       LDA $10,S
01098E  83 02       STA $02,S
010990  A3 13       LDA $13,S
010992  83 04       STA $04,S
010994  A3 14       LDA $14,S
010996  83 05       STA $05,S
010998  A3 1B       LDA $1B,S
01099A  83 07       STA $07,S
01099C  A3 1C       LDA $1C,S
01099E  83 08       STA $08,S
0109A0  22 00 04 01 JSL $010400
0109A4  A8          TAY
0109A5  3B          TSC
0109A6  18          CLC
0109A7  69 09 00    ADC #$0009
0109AA  1B          TCS
0109AB  98          TYA
0109AC  3B          TSC
0109AD  18          CLC
0109AE  69 14 00    ADC #$0014
0109B1  1B          TCS
0109B2  6B          RTL
0109B3  A3 01       LDA $01,S
0109B5  83 06       STA $06,S
0109B7  A3 02       LDA $02,S
0109B9  83 07       STA $07,S
0109BB  A3 06       LDA $06,S
0109BD  85 00       STA $00
0109BF  A3 07       LDA $07,S
0109C1  85 01       STA $01
0109C3  A7 00       LDA [$00]
0109C5  83 0A       STA $0A,S
0109C7  E2 20       SEP #$20
0109C9  A0 02 00    LDY #$0002
0109CC  B7 00       LDA [$00],Y
0109CE  83 0C       STA $0C,S
0109D0  C2 20       REP #$20
0109D2  A3 0A       LDA $0A,S
0109D4  83 01       STA $01,S
0109D6  A3 0B       LDA $0B,S
0109D8  83 02       STA $02,S
0109DA  82 D7 FE    BRL $0108B4
0109DD  A3 18       LDA $18,S
0109DF  83 06       STA $06,S
0109E1  A3 19       LDA $19,S
0109E3  83 07       STA $07,S
0109E5  A3 1B       LDA $1B,S
0109E7  83 0A       STA $0A,S
0109E9  A3 1C       LDA $1C,S
0109EB  83 0B       STA $0B,S
0109ED  3B          TSC
0109EE  AA          TAX
0109EF  C5 46       CMP $46
0109F1  90 04       BCC $0109F7
0109F3  F0 02       BEQ $0109F7
0109F5  80 0A       BRA $010A01
0109F7  38          SEC
0109F8  E9 0A 00    SBC #$000A
0109FB  90 04       BCC $010A01
0109FD  C5 44       CMP $44
0109FF  B0 07       BCS $010A08
010A01  A9 0A 00    LDA #$000A
010A04  5C 00 80 04 JML $048000
010A08  3B          TSC
010A09  38          SEC
010A0A  E9 07 00    SBC #$0007
010A0D  1B          TCS
010A0E  E2 20       SEP #$20
010A10  A9 00       LDA #$00
010A12  83 07       STA $07,S
010A14  C2 20       REP #$20
010A16  A3 0D       LDA $0D,S
010A18  83 01       STA $01,S
010A1A  A3 0E       LDA $0E,S
010A1C  83 02       STA $02,S
010A1E  A3 11       LDA $11,S
010A20  83 04       STA $04,S
010A22  A3 12       LDA $12,S
010A24  83 05       STA $05,S
010A26  22 FF 02 01 JSL $0102FF
010A2A  A8          TAY
010A2B  3B          TSC
010A2C  18          CLC
010A2D  69 07 00    ADC #$0007
010A30  1B          TCS
010A31  98          TYA
010A32  3B          TSC
010A33  18          CLC
010A34  69 14 00    ADC #$0014
010A37  1B          TCS
010A38  6B          RTL
010A39  3B          TSC
010A3A  AA          TAX
010A3B  C5 46       CMP $46
010A3D  90 04       BCC $010A43
010A3F  F0 02       BEQ $010A43
010A41  80 0A       BRA $010A4D
010A43  38          SEC
010A44  E9 16 00    SBC #$0016
010A47  90 04       BCC $010A4D
010A49  C5 44       CMP $44
010A4B  B0 07       BCS $010A54
010A4D  A9 16 00    LDA #$0016
010A50  5C 00 80 04 JML $048000
010A54  1B          TCS
010A55  A3 1A       LDA $1A,S
010A57  83 0C       STA $0C,S
010A59  A3 1B       LDA $1B,S
010A5B  83 0D       STA $0D,S
010A5D  A3 0C       LDA $0C,S
010A5F  85 00       STA $00
010A61  A3 0D       LDA $0D,S
010A63  85 01       STA $01
010A65  A7 00       LDA [$00]
010A67  83 10       STA $10,S
010A69  E2 20       SEP #$20
010A6B  A0 02 00    LDY #$0002
010A6E  B7 00       LDA [$00],Y
010A70  83 12       STA $12,S
010A72  C2 20       REP #$20
010A74  A3 10       LDA $10,S
010A76  83 01       STA $01,S
010A78  A3 11       LDA $11,S
010A7A  83 02       STA $02,S
010A7C  A3 01       LDA $01,S
010A7E  83 10       STA $10,S
010A80  A3 02       LDA $02,S
010A82  83 11       STA $11,S
010A84  A3 10       LDA $10,S
010A86  85 00       STA $00
010A88  A3 11       LDA $11,S
010A8A  85 01       STA $01
010A8C  A7 00       LDA [$00]
010A8E  83 0C       STA $0C,S
010A90  E2 20       SEP #$20
010A92  A0 02 00    LDY #$0002
010A95  B7 00       LDA [$00],Y
010A97  83 0E       STA $0E,S
010A99  C2 20       REP #$20
010A9B  A3 0C       LDA $0C,S
010A9D  03 0D       ORA $0D,S
010A9F  D0 03       BNE $010AA4
010AA1  82 6D 01    BRL $010C11
010AA4  C2 20       REP #$20
010AA6  A3 01       LDA $01,S
010AA8  83 0C       STA $0C,S
010AAA  A3 02       LDA $02,S
010AAC  83 0D       STA $0D,S
010AAE  A3 0C       LDA $0C,S
010AB0  85 00       STA $00
010AB2  A3 0D       LDA $0D,S
010AB4  85 01       STA $01
010AB6  A0 08 00    LDY #$0008
010AB9  B7 00       LDA [$00],Y
010ABB  83 10       STA $10,S
010ABD  E2 20       SEP #$20
010ABF  A0 0A 00    LDY #$000A
010AC2  B7 00       LDA [$00],Y
010AC4  83 12       STA $12,S
010AC6  C2 20       REP #$20
010AC8  A3 10       LDA $10,S
010ACA  83 04       STA $04,S
010ACC  A3 11       LDA $11,S
010ACE  83 05       STA $05,S
010AD0  A3 1D       LDA $1D,S
010AD2  83 0C       STA $0C,S
010AD4  A3 1E       LDA $1E,S
010AD6  83 0D       STA $0D,S
010AD8  A3 0C       LDA $0C,S
010ADA  83 07       STA $07,S
010ADC  A3 0D       LDA $0D,S
010ADE  83 08       STA $08,S
010AE0  A3 04       LDA $04,S
010AE2  83 0C       STA $0C,S
010AE4  A3 05       LDA $05,S
010AE6  83 0D       STA $0D,S
010AE8  A3 0C       LDA $0C,S
010AEA  03 0D       ORA $0D,S
010AEC  D0 03       BNE $010AF1
010AEE  82 F6 00    BRL $010BE7
010AF1  C2 20       REP #$20
010AF3  A3 04       LDA $04,S
010AF5  83 0C       STA $0C,S
010AF7  A3 05       LDA $05,S
010AF9  83 0D       STA $0D,S
010AFB  A3 0C       LDA $0C,S
010AFD  85 00       STA $00
010AFF  A3 0D       LDA $0D,S
010B01  85 01       STA $01
010B03  E2 20       SEP #$20
010B05  A7 00       LDA [$00]
010B07  83 0B       STA $0B,S
010B09  C2 20       REP #$20
010B0B  A3 07       LDA $07,S
010B0D  83 0C       STA $0C,S
010B0F  A3 08       LDA $08,S
010B11  83 0D       STA $0D,S
010B13  A3 0C       LDA $0C,S
010B15  85 00       STA $00
010B17  A3 0D       LDA $0D,S
010B19  85 01       STA $01
010B1B  E2 20       SEP #$20
010B1D  A7 00       LDA [$00]
010B1F  83 0F       STA $0F,S
010B21  A3 0B       LDA $0B,S
010B23  C3 0F       CMP $0F,S
010B25  C2 20       REP #$20
010B27  F0 03       BEQ $010B2C
010B29  82 BB 00    BRL $010BE7
010B2C  C2 20       REP #$20
010B2E  A3 04       LDA $04,S
010B30  83 0C       STA $0C,S
010B32  A3 05       LDA $05,S
010B34  83 0D       STA $0D,S
010B36  A3 0C       LDA $0C,S
010B38  85 00       STA $00
010B3A  A3 0D       LDA $0D,S
010B3C  85 01       STA $01
010B3E  E2 20       SEP #$20
010B40  A7 00       LDA [$00]
010B42  83 0B       STA $0B,S
010B44  A3 0B       LDA $0B,S
010B46  C9 00       CMP #$00
010B48  C2 20       REP #$20
010B4A  F0 02       BEQ $010B4E
010B4C  80 1C       BRA $010B6A
010B4E  C2 20       REP #$20
010B50  A3 01       LDA $01,S
010B52  83 0C       STA $0C,S
010B54  A3 02       LDA $02,S
010B56  83 0D       STA $0D,S
010B58  A3 0D       LDA $0D,S
010B5A  EB          XBA
010B5B  29 FF 00    AND #$00FF
010B5E  AA          TAX
010B5F  A3 0C       LDA $0C,S
010B61  A8          TAY
010B62  3B          TSC
010B63  18          CLC
010B64  69 16 00    ADC #$0016
010B67  1B          TCS
010B68  98          TYA
010B69  6B          RTL
010B6A  A3 04       LDA $04,S
010B6C  83 0C       STA $0C,S
010B6E  A3 05       LDA $05,S
010B70  83 0D       STA $0D,S
010B72  E2 20       SEP #$20
010B74  A9 01       LDA #$01
010B76  83 14       STA $14,S
010B78  A9 00       LDA #$00
010B7A  83 15       STA $15,S
010B7C  83 16       STA $16,S
010B7E  18          CLC
010B7F  A3 14       LDA $14,S
010B81  85 10       STA $10
010B83  A3 0C       LDA $0C,S
010B85  65 10       ADC $10
010B87  83 10       STA $10,S
010B89  A3 15       LDA $15,S
010B8B  85 10       STA $10
010B8D  A3 0D       LDA $0D,S
010B8F  65 10       ADC $10
010B91  83 11       STA $11,S
010B93  A3 16       LDA $16,S
010B95  85 10       STA $10
010B97  A3 0E       LDA $0E,S
010B99  65 10       ADC $10
010B9B  83 12       STA $12,S
010B9D  C2 20       REP #$20
010B9F  A3 10       LDA $10,S
010BA1  83 04       STA $04,S
010BA3  A3 11       LDA $11,S
010BA5  83 05       STA $05,S
010BA7  A3 07       LDA $07,S
010BA9  83 0C       STA $0C,S
010BAB  A3 08       LDA $08,S
010BAD  83 0D       STA $0D,S
010BAF  E2 20       SEP #$20
010BB1  A9 01       LDA #$01
010BB3  83 14       STA $14,S
010BB5  A9 00       LDA #$00
010BB7  83 15       STA $15,S
010BB9  83 16       STA $16,S
010BBB  18          CLC
010BBC  A3 14       LDA $14,S
010BBE  85 10       STA $10
010BC0  A3 0C       LDA $0C,S
010BC2  65 10       ADC $10
010BC4  83 10       STA $10,S
010BC6  A3 15       LDA $15,S
010BC8  85 10       STA $10
010BCA  A3 0D       LDA $0D,S
010BCC  65 10       ADC $10
010BCE  83 11       STA $11,S
010BD0  A3 16       LDA $16,S
010BD2  85 10       STA $10
010BD4  A3 0E       LDA $0E,S
010BD6  65 10       ADC $10
010BD8  83 12       STA $12,S
010BDA  C2 20       REP #$20
010BDC  A3 10       LDA $10,S
010BDE  83 07       STA $07,S
010BE0  A3 11       LDA $11,S
010BE2  83 08       STA $08,S
010BE4  82 0C FF    BRL $010AF3
010BE7  A3 01       LDA $01,S
010BE9  83 0C       STA $0C,S
010BEB  A3 02       LDA $02,S
010BED  83 0D       STA $0D,S
010BEF  A3 0C       LDA $0C,S
010BF1  85 00       STA $00
010BF3  A3 0D       LDA $0D,S
010BF5  85 01       STA $01
010BF7  A7 00       LDA [$00]
010BF9  83 10       STA $10,S
010BFB  E2 20       SEP #$20
010BFD  A0 02 00    LDY #$0002
010C00  B7 00       LDA [$00],Y
010C02  83 12       STA $12,S
010C04  C2 20       REP #$20
010C06  A3 10       LDA $10,S
010C08  83 01       STA $01,S
010C0A  A3 11       LDA $11,S
010C0C  83 02       STA $02,S
010C0E  82 6B FE    BRL $010A7C
010C11  A2 00 00    LDX #$0000
010C14  A9 00 00    LDA #$0000
010C17  A8          TAY
010C18  3B          TSC
010C19  18          CLC
010C1A  69 16 00    ADC #$0016
010C1D  1B          TCS
010C1E  98          TYA
010C1F  6B          RTL
010C20  3B          TSC
010C21  AA          TAX
010C22  C5 46       CMP $46
010C24  90 04       BCC $010C2A
010C26  F0 02       BEQ $010C2A
010C28  80 0A       BRA $010C34
010C2A  38          SEC
010C2B  E9 00 00    SBC #$0000
010C2E  90 04       BCC $010C34
010C30  C5 44       CMP $44
010C32  B0 07       BCS $010C3B
010C34  A9 00 00    LDA #$0000
010C37  5C 00 80 04 JML $048000
010C3B  1B          TCS
010C3C  6B          RTL
