010000  3B          TSC
010001  AA          TAX
010002  C5 46       CMP $46
010004  B0 04       BCS $01000A
010006  5C 14 00 01 JML $010014
01000A  D0 04       BNE $010010
01000C  5C 14 00 01 JML $010014
010010  5C 26 00 01 JML $010026
010014  38          SEC
010015  E9 12 00    SBC #$0012
010018  B0 04       BCS $01001E
01001A  5C 26 00 01 JML $010026
01001E  C5 44       CMP $44
010020  90 04       BCC $010026
010022  5C 2D 00 01 JML $01002D
010026  A9 12 00    LDA #$0012
010029  5C 00 80 04 JML $048000
01002D  1B          TCS
01002E  A3 16       LDA $16,S
010030  83 0C       STA $0C,S
010032  83 02       STA $02,S
010034  83 0C       STA $0C,S
010036  18          CLC
010037  69 01 00    ADC #$0001
01003A  83 0E       STA $0E,S
01003C  83 04       STA $04,S
01003E  E2 20       SEP #$20
010040  A9 00       LDA #$00
010042  83 0C       STA $0C,S
010044  A9 00       LDA #$00
010046  83 0D       STA $0D,S
010048  C2 20       REP #$20
01004A  A3 0C       LDA $0C,S
01004C  83 08       STA $08,S
01004E  A3 08       LDA $08,S
010050  83 0C       STA $0C,S
010052  E2 20       SEP #$20
010054  A9 07       LDA #$07
010056  83 0E       STA $0E,S
010058  A9 00       LDA #$00
01005A  83 0F       STA $0F,S
01005C  C2 20       REP #$20
01005E  A3 0E       LDA $0E,S
010060  C3 0C       CMP $0C,S
010062  B0 04       BCS $010068
010064  5C 92 00 01 JML $010092
010068  C2 20       REP #$20
01006A  A3 02       LDA $02,S
01006C  83 0C       STA $0C,S
01006E  83 06       STA $06,S
010070  A3 04       LDA $04,S
010072  83 0C       STA $0C,S
010074  83 02       STA $02,S
010076  A3 06       LDA $06,S
010078  83 0C       STA $0C,S
01007A  18          CLC
01007B  69 01 00    ADC #$0001
01007E  83 0E       STA $0E,S
010080  83 04       STA $04,S
010082  A3 08       LDA $08,S
010084  83 0C       STA $0C,S
010086  18          CLC
010087  69 01 00    ADC #$0001
01008A  83 0E       STA $0E,S
01008C  83 08       STA $08,S
01008E  5C 4E 00 01 JML $01004E
010092  A3 02       LDA $02,S
010094  83 0C       STA $0C,S
010096  A3 04       LDA $04,S
010098  83 0E       STA $0E,S
01009A  A3 0C       LDA $0C,S
01009C  18          CLC
01009D  63 0E       ADC $0E,S
01009F  83 10       STA $10,S
0100A1  A8          TAY
0100A2  3B          TSC
0100A3  18          CLC
0100A4  69 12 00    ADC #$0012
0100A7  1B          TCS
0100A8  98          TYA
0100A9  6B          RTL
