010000  3B          TSC
010001  AA          TAX
010002  C5 46       CMP $46
010004  B0 04       BCS $01000A
010006  5C 14 00 01 JML $010014
01000A  D0 04       BNE $010010
01000C  5C 14 00 01 JML $010014
010010  5C 26 00 01 JML $010026
010014  38          SEC
010015  E9 08 00    SBC #$0008
010018  B0 04       BCS $01001E
01001A  5C 26 00 01 JML $010026
01001E  C5 44       CMP $44
010020  90 04       BCC $010026
010022  5C 2D 00 01 JML $01002D
010026  A9 08 00    LDA #$0008
010029  5C 00 80 04 JML $048000
01002D  1B          TCS
01002E  A3 0C       LDA $0C,S
010030  85 24       STA $24
010032  18          CLC
010033  69 01 00    ADC #$0001
010036  85 20       STA $20
010038  A9 00 00    LDA #$0000
01003B  85 22       STA $22
01003D  AA          TAX
01003E  E0 08 00    CPX #$0008
010041  90 04       BCC $010047
010043  5C 6E 00 01 JML $01006E
010047  C2 20       REP #$20
010049  A5 24       LDA $24
01004B  83 02       STA $02,S
01004D  85 26       STA $26
01004F  18          CLC
010050  69 01 00    ADC #$0001
010053  85 24       STA $24
010055  E8          INX
010056  8A          TXA
010057  85 26       STA $26
010059  A5 24       LDA $24
01005B  83 06       STA $06,S
01005D  A5 20       LDA $20
01005F  85 24       STA $24
010061  A3 06       LDA $06,S
010063  85 20       STA $20
010065  A5 26       LDA $26
010067  85 22       STA $22
010069  AA          TAX
01006A  5C 3E 00 01 JML $01003E
01006E  A5 24       LDA $24
010070  18          CLC
010071  65 20       ADC $20
010073  85 22       STA $22
010075  A8          TAY
010076  3B          TSC
010077  18          CLC
010078  69 08 00    ADC #$0008
01007B  1B          TCS
01007C  98          TYA
01007D  6B          RTL
