010000  3B          TSC
010001  AA          TAX
010002  C5 46       CMP $46
010004  B0 04       BCS $01000A
010006  5C 14 00 01 JML $010014
01000A  D0 04       BNE $010010
01000C  5C 14 00 01 JML $010014
010010  5C 26 00 01 JML $010026
010014  38          SEC
010015  E9 02 00    SBC #$0002
010018  B0 04       BCS $01001E
01001A  5C 26 00 01 JML $010026
01001E  C5 44       CMP $44
010020  90 04       BCC $010026
010022  5C 2D 00 01 JML $01002D
010026  A9 02 00    LDA #$0002
010029  5C 00 80 04 JML $048000
01002D  1B          TCS
01002E  A3 06       LDA $06,S
010030  85 20       STA $20
010032  A3 08       LDA $08,S
010034  85 22       STA $22
010036  C5 20       CMP $20
010038  90 04       BCC $01003E
01003A  5C 4D 00 01 JML $01004D
01003E  C2 20       REP #$20
010040  A3 06       LDA $06,S
010042  85 20       STA $20
010044  A8          TAY
010045  3B          TSC
010046  18          CLC
010047  69 02 00    ADC #$0002
01004A  1B          TCS
01004B  98          TYA
01004C  6B          RTL
01004D  A3 08       LDA $08,S
01004F  85 20       STA $20
010051  A8          TAY
010052  3B          TSC
010053  18          CLC
010054  69 02 00    ADC #$0002
010057  1B          TCS
010058  98          TYA
010059  6B          RTL
