010000  3B          TSC
010001  AA          TAX
010002  C5 46       CMP $46
010004  B0 04       BCS $01000A
010006  5C 14 00 01 JML $010014
01000A  D0 04       BNE $010010
01000C  5C 14 00 01 JML $010014
010010  5C 26 00 01 JML $010026
010014  38          SEC
010015  E9 06 00    SBC #$0006
010018  B0 04       BCS $01001E
01001A  5C 26 00 01 JML $010026
01001E  C5 44       CMP $44
010020  90 04       BCC $010026
010022  5C 2D 00 01 JML $01002D
010026  A9 06 00    LDA #$0006
010029  5C 00 80 04 JML $048000
01002D  1B          TCS
01002E  E2 20       SEP #$20
010030  A3 0A       LDA $0A,S
010032  83 02       STA $02,S
010034  A3 0B       LDA $0B,S
010036  83 03       STA $03,S
010038  C2 20       REP #$20
01003A  A9 00 00    LDA #$0000
01003D  85 22       STA $22
01003F  A3 02       LDA $02,S
010041  85 20       STA $20
010043  C9 00 00    CMP #$0000
010046  D0 04       BNE $01004C
010048  5C 6D 00 01 JML $01006D
01004C  C2 20       REP #$20
01004E  A3 02       LDA $02,S
010050  85 24       STA $24
010052  A5 22       LDA $22
010054  18          CLC
010055  65 24       ADC $24
010057  85 20       STA $20
010059  A3 02       LDA $02,S
01005B  85 22       STA $22
01005D  38          SEC
01005E  E9 01 00    SBC #$0001
010061  85 24       STA $24
010063  83 02       STA $02,S
010065  A5 20       LDA $20
010067  85 22       STA $22
010069  5C 3F 00 01 JML $01003F
01006D  A5 22       LDA $22
01006F  A8          TAY
010070  3B          TSC
010071  18          CLC
010072  69 06 00    ADC #$0006
010075  1B          TCS
010076  98          TYA
010077  6B          RTL
