010000  3B          TSC
010001  AA          TAX
010002  C5 46       CMP $46
010004  B0 04       BCS $01000A
010006  5C 14 00 01 JML $010014
01000A  D0 04       BNE $010010
01000C  5C 14 00 01 JML $010014
010010  5C 26 00 01 JML $010026
010014  38          SEC
010015  E9 10 00    SBC #$0010
010018  B0 04       BCS $01001E
01001A  5C 26 00 01 JML $010026
01001E  C5 44       CMP $44
010020  90 04       BCC $010026
010022  5C 2D 00 01 JML $01002D
010026  A9 10 00    LDA #$0010
010029  5C 00 80 04 JML $048000
01002D  1B          TCS
01002E  E2 20       SEP #$20
010030  A3 14       LDA $14,S
010032  83 01       STA $01,S
010034  A3 15       LDA $15,S
010036  83 02       STA $02,S
010038  A3 16       LDA $16,S
01003A  83 03       STA $03,S
01003C  C2 20       REP #$20
01003E  E2 20       SEP #$20
010040  A3 18       LDA $18,S
010042  83 04       STA $04,S
010044  A3 19       LDA $19,S
010046  83 05       STA $05,S
010048  C2 20       REP #$20
01004A  E2 20       SEP #$20
01004C  A9 00       LDA #$00
01004E  83 0A       STA $0A,S
010050  A9 00       LDA #$00
010052  83 0B       STA $0B,S
010054  C2 20       REP #$20
010056  A3 0A       LDA $0A,S
010058  83 06       STA $06,S
01005A  E2 20       SEP #$20
01005C  C2 20       REP #$20
01005E  5C 62 00 01 JML $010062
010062  C2 20       REP #$20
010064  A3 04       LDA $04,S
010066  83 0A       STA $0A,S
010068  E2 20       SEP #$20
01006A  A9 00       LDA #$00
01006C  83 0C       STA $0C,S
01006E  A9 00       LDA #$00
010070  83 0D       STA $0D,S
010072  C2 20       REP #$20
010074  A3 0A       LDA $0A,S
010076  C3 0C       CMP $0C,S
010078  F0 04       BEQ $01007E
01007A  5C 86 00 01 JML $010086
01007E  E2 20       SEP #$20
010080  C2 20       REP #$20
010082  5C 0D 01 01 JML $01010D
010086  E2 20       SEP #$20
010088  C2 20       REP #$20
01008A  5C 8E 00 01 JML $01008E
01008E  C2 20       REP #$20
010090  A3 01       LDA $01,S
010092  83 0A       STA $0A,S
010094  A3 02       LDA $02,S
010096  83 0B       STA $0B,S
010098  A3 0A       LDA $0A,S
01009A  85 00       STA $00
01009C  A3 0B       LDA $0B,S
01009E  85 01       STA $01
0100A0  E2 20       SEP #$20
0100A2  A0 00 00    LDY #$0000
0100A5  B7 00       LDA [$00],Y
0100A7  83 09       STA $09,S
0100A9  A3 09       LDA $09,S
0100AB  83 0A       STA $0A,S
0100AD  A9 00       LDA #$00
0100AF  83 0B       STA $0B,S
0100B1  C2 20       REP #$20
0100B3  A3 06       LDA $06,S
0100B5  83 0C       STA $0C,S
0100B7  A3 0C       LDA $0C,S
0100B9  18          CLC
0100BA  63 0A       ADC $0A,S
0100BC  83 0E       STA $0E,S
0100BE  A3 0E       LDA $0E,S
0100C0  83 06       STA $06,S
0100C2  A3 01       LDA $01,S
0100C4  83 0A       STA $0A,S
0100C6  A3 02       LDA $02,S
0100C8  83 0B       STA $0B,S
0100CA  E2 20       SEP #$20
0100CC  18          CLC
0100CD  A9 01       LDA #$01
0100CF  85 10       STA $10
0100D1  A3 0A       LDA $0A,S
0100D3  65 10       ADC $10
0100D5  83 0E       STA $0E,S
0100D7  A9 00       LDA #$00
0100D9  85 10       STA $10
0100DB  A3 0B       LDA $0B,S
0100DD  65 10       ADC $10
0100DF  83 0F       STA $0F,S
0100E1  A9 00       LDA #$00
0100E3  85 10       STA $10
0100E5  A3 0C       LDA $0C,S
0100E7  65 10       ADC $10
0100E9  83 10       STA $10,S
0100EB  C2 20       REP #$20
0100ED  A3 0E       LDA $0E,S
0100EF  83 01       STA $01,S
0100F1  A3 0F       LDA $0F,S
0100F3  83 02       STA $02,S
0100F5  A3 04       LDA $04,S
0100F7  83 0A       STA $0A,S
0100F9  A3 0A       LDA $0A,S
0100FB  38          SEC
0100FC  E9 01 00    SBC #$0001
0100FF  83 0C       STA $0C,S
010101  A3 0C       LDA $0C,S
010103  83 04       STA $04,S
010105  E2 20       SEP #$20
010107  C2 20       REP #$20
010109  5C 62 00 01 JML $010062
01010D  C2 20       REP #$20
01010F  A3 06       LDA $06,S
010111  83 0A       STA $0A,S
010113  A3 0A       LDA $0A,S
010115  A8          TAY
010116  3B          TSC
010117  18          CLC
010118  69 10 00    ADC #$0010
01011B  1B          TCS
01011C  98          TYA
01011D  6B          RTL
