010000  3B          TSC
010001  AA          TAX
010002  C5 46       CMP $46
010004  B0 04       BCS $01000A
010006  5C 14 00 01 JML $010014
01000A  D0 04       BNE $010010
01000C  5C 14 00 01 JML $010014
010010  5C 26 00 01 JML $010026
010014  38          SEC
010015  E9 16 00    SBC #$0016
010018  B0 04       BCS $01001E
01001A  5C 26 00 01 JML $010026
01001E  C5 44       CMP $44
010020  90 04       BCC $010026
010022  5C 2D 00 01 JML $01002D
010026  A9 16 00    LDA #$0016
010029  5C 00 80 04 JML $048000
01002D  1B          TCS
01002E  E2 20       SEP #$20
010030  A3 1A       LDA $1A,S
010032  83 01       STA $01,S
010034  A3 1B       LDA $1B,S
010036  83 02       STA $02,S
010038  A3 1C       LDA $1C,S
01003A  83 03       STA $03,S
01003C  C2 20       REP #$20
01003E  E2 20       SEP #$20
010040  A3 1E       LDA $1E,S
010042  83 04       STA $04,S
010044  A3 1F       LDA $1F,S
010046  83 05       STA $05,S
010048  C2 20       REP #$20
01004A  C2 20       REP #$20
01004C  A9 00 00    LDA #$0000
01004F  83 12       STA $12,S
010051  A3 12       LDA $12,S
010053  83 0C       STA $0C,S
010055  5C 59 00 01 JML $010059
010059  C2 20       REP #$20
01005B  A3 04       LDA $04,S
01005D  83 08       STA $08,S
01005F  A3 08       LDA $08,S
010061  C9 00 00    CMP #$0000
010064  F0 04       BEQ $01006A
010066  5C 72 00 01 JML $010072
01006A  E2 20       SEP #$20
01006C  C2 20       REP #$20
01006E  5C F5 00 01 JML $0100F5
010072  E2 20       SEP #$20
010074  C2 20       REP #$20
010076  5C 7A 00 01 JML $01007A
01007A  C2 20       REP #$20
01007C  A3 01       LDA $01,S
01007E  83 08       STA $08,S
010080  A3 02       LDA $02,S
010082  83 09       STA $09,S
010084  A3 08       LDA $08,S
010086  85 00       STA $00
010088  A3 09       LDA $09,S
01008A  85 01       STA $01
01008C  E2 20       SEP #$20
01008E  A0 00 00    LDY #$0000
010091  B7 00       LDA [$00],Y
010093  83 07       STA $07,S
010095  A3 07       LDA $07,S
010097  83 08       STA $08,S
010099  A9 00       LDA #$00
01009B  83 09       STA $09,S
01009D  C2 20       REP #$20
01009F  A3 0C       LDA $0C,S
0100A1  18          CLC
0100A2  63 08       ADC $08,S
0100A4  83 10       STA $10,S
0100A6  A3 01       LDA $01,S
0100A8  83 08       STA $08,S
0100AA  A3 02       LDA $02,S
0100AC  83 09       STA $09,S
0100AE  E2 20       SEP #$20
0100B0  18          CLC
0100B1  A9 01       LDA #$01
0100B3  85 10       STA $10
0100B5  A3 08       LDA $08,S
0100B7  65 10       ADC $10
0100B9  83 0C       STA $0C,S
0100BB  A9 00       LDA #$00
0100BD  85 10       STA $10
0100BF  A3 09       LDA $09,S
0100C1  65 10       ADC $10
0100C3  83 0D       STA $0D,S
0100C5  A9 00       LDA #$00
0100C7  85 10       STA $10
0100C9  A3 0A       LDA $0A,S
0100CB  65 10       ADC $10
0100CD  83 0E       STA $0E,S
0100CF  C2 20       REP #$20
0100D1  A3 0C       LDA $0C,S
0100D3  83 01       STA $01,S
0100D5  A3 0D       LDA $0D,S
0100D7  83 02       STA $02,S
0100D9  A3 04       LDA $04,S
0100DB  83 08       STA $08,S
0100DD  A3 08       LDA $08,S
0100DF  38          SEC
0100E0  E9 01 00    SBC #$0001
0100E3  83 0A       STA $0A,S
0100E5  A3 0A       LDA $0A,S
0100E7  83 04       STA $04,S
0100E9  A3 10       LDA $10,S
0100EB  83 12       STA $12,S
0100ED  A3 12       LDA $12,S
0100EF  83 0C       STA $0C,S
0100F1  5C 59 00 01 JML $010059
0100F5  C2 20       REP #$20
0100F7  A3 0C       LDA $0C,S
0100F9  A8          TAY
0100FA  3B          TSC
0100FB  18          CLC
0100FC  69 16 00    ADC #$0016
0100FF  1B          TCS
010100  98          TYA
010101  6B          RTL
