010000  3B          TSC
010001  AA          TAX
010002  C5 46       CMP $46
010004  B0 04       BCS $01000A
010006  5C 14 00 01 JML $010014
01000A  D0 04       BNE $010010
01000C  5C 14 00 01 JML $010014
010010  5C 26 00 01 JML $010026
010014  38          SEC
010015  E9 12 00    SBC #$0012
010018  B0 04       BCS $01001E
01001A  5C 26 00 01 JML $010026
01001E  C5 44       CMP $44
010020  90 04       BCC $010026
010022  5C 2D 00 01 JML $01002D
010026  A9 12 00    LDA #$0012
010029  5C 00 80 04 JML $048000
01002D  1B          TCS
01002E  C2 20       REP #$20
010030  A3 16       LDA $16,S
010032  83 0C       STA $0C,S
010034  A3 0C       LDA $0C,S
010036  83 02       STA $02,S
010038  A3 16       LDA $16,S
01003A  83 0C       STA $0C,S
01003C  A3 0C       LDA $0C,S
01003E  18          CLC
01003F  69 01 00    ADC #$0001
010042  83 0E       STA $0E,S
010044  A3 0E       LDA $0E,S
010046  83 04       STA $04,S
010048  E2 20       SEP #$20
01004A  A9 00       LDA #$00
01004C  83 0C       STA $0C,S
01004E  A9 00       LDA #$00
010050  83 0D       STA $0D,S
010052  C2 20       REP #$20
010054  A3 0C       LDA $0C,S
010056  83 08       STA $08,S
010058  E2 20       SEP #$20
01005A  C2 20       REP #$20
01005C  5C 60 00 01 JML $010060
010060  C2 20       REP #$20
010062  A3 08       LDA $08,S
010064  83 0C       STA $0C,S
010066  E2 20       SEP #$20
010068  A9 07       LDA #$07
01006A  83 0E       STA $0E,S
01006C  A9 00       LDA #$00
01006E  83 0F       STA $0F,S
010070  C2 20       REP #$20
010072  A3 0E       LDA $0E,S
010074  C3 0C       CMP $0C,S
010076  90 04       BCC $01007C
010078  5C 84 00 01 JML $010084
01007C  E2 20       SEP #$20
01007E  C2 20       REP #$20
010080  5C C6 00 01 JML $0100C6
010084  E2 20       SEP #$20
010086  C2 20       REP #$20
010088  5C 8C 00 01 JML $01008C
01008C  C2 20       REP #$20
01008E  A3 02       LDA $02,S
010090  83 0C       STA $0C,S
010092  A3 0C       LDA $0C,S
010094  83 06       STA $06,S
010096  A3 04       LDA $04,S
010098  83 0C       STA $0C,S
01009A  A3 0C       LDA $0C,S
01009C  83 02       STA $02,S
01009E  A3 06       LDA $06,S
0100A0  83 0C       STA $0C,S
0100A2  A3 0C       LDA $0C,S
0100A4  18          CLC
0100A5  69 01 00    ADC #$0001
0100A8  83 0E       STA $0E,S
0100AA  A3 0E       LDA $0E,S
0100AC  83 04       STA $04,S
0100AE  A3 08       LDA $08,S
0100B0  83 0C       STA $0C,S
0100B2  A3 0C       LDA $0C,S
0100B4  18          CLC
0100B5  69 01 00    ADC #$0001
0100B8  83 0E       STA $0E,S
0100BA  A3 0E       LDA $0E,S
0100BC  83 08       STA $08,S
0100BE  E2 20       SEP #$20
0100C0  C2 20       REP #$20
0100C2  5C 60 00 01 JML $010060
0100C6  C2 20       REP #$20
0100C8  A3 02       LDA $02,S
0100CA  83 0C       STA $0C,S
0100CC  A3 04       LDA $04,S
0100CE  83 0E       STA $0E,S
0100D0  A3 0C       LDA $0C,S
0100D2  18          CLC
0100D3  63 0E       ADC $0E,S
0100D5  83 10       STA $10,S
0100D7  A3 10       LDA $10,S
0100D9  A8          TAY
0100DA  3B          TSC
0100DB  18          CLC
0100DC  69 12 00    ADC #$0012
0100DF  1B          TCS
0100E0  98          TYA
0100E1  6B          RTL
