010000  3B          TSC
010001  AA          TAX
010002  C5 46       CMP $46
010004  B0 04       BCS $01000A
010006  5C 14 00 01 JML $010014
01000A  D0 04       BNE $010010
01000C  5C 14 00 01 JML $010014
010010  5C 26 00 01 JML $010026
010014  38          SEC
010015  E9 1A 00    SBC #$001A
010018  B0 04       BCS $01001E
01001A  5C 26 00 01 JML $010026
01001E  C5 44       CMP $44
010020  90 04       BCC $010026
010022  5C 2D 00 01 JML $01002D
010026  A9 1A 00    LDA #$001A
010029  5C 00 80 04 JML $048000
01002D  1B          TCS
01002E  C2 20       REP #$20
010030  A3 1E       LDA $1E,S
010032  83 06       STA $06,S
010034  A3 06       LDA $06,S
010036  18          CLC
010037  69 01 00    ADC #$0001
01003A  83 08       STA $08,S
01003C  A3 06       LDA $06,S
01003E  83 0E       STA $0E,S
010040  A3 08       LDA $08,S
010042  83 12       STA $12,S
010044  A9 00 00    LDA #$0000
010047  83 16       STA $16,S
010049  A3 0E       LDA $0E,S
01004B  83 0A       STA $0A,S
01004D  A3 12       LDA $12,S
01004F  83 06       STA $06,S
010051  A3 16       LDA $16,S
010053  83 08       STA $08,S
010055  5C 59 00 01 JML $010059
010059  C2 20       REP #$20
01005B  A9 07 00    LDA #$0007
01005E  C3 08       CMP $08,S
010060  90 04       BCC $010066
010062  5C 6E 00 01 JML $01006E
010066  E2 20       SEP #$20
010068  C2 20       REP #$20
01006A  5C AC 00 01 JML $0100AC
01006E  E2 20       SEP #$20
010070  C2 20       REP #$20
010072  5C 76 00 01 JML $010076
010076  C2 20       REP #$20
010078  A3 0A       LDA $0A,S
01007A  83 02       STA $02,S
01007C  A3 02       LDA $02,S
01007E  83 0C       STA $0C,S
010080  A3 0C       LDA $0C,S
010082  18          CLC
010083  69 01 00    ADC #$0001
010086  83 0A       STA $0A,S
010088  A3 08       LDA $08,S
01008A  18          CLC
01008B  69 01 00    ADC #$0001
01008E  83 0C       STA $0C,S
010090  A3 06       LDA $06,S
010092  83 0E       STA $0E,S
010094  A3 0A       LDA $0A,S
010096  83 12       STA $12,S
010098  A3 0C       LDA $0C,S
01009A  83 16       STA $16,S
01009C  A3 0E       LDA $0E,S
01009E  83 0A       STA $0A,S
0100A0  A3 12       LDA $12,S
0100A2  83 06       STA $06,S
0100A4  A3 16       LDA $16,S
0100A6  83 08       STA $08,S
0100A8  5C 59 00 01 JML $010059
0100AC  C2 20       REP #$20
0100AE  A3 0A       LDA $0A,S
0100B0  18          CLC
0100B1  63 06       ADC $06,S
0100B3  83 08       STA $08,S
0100B5  A3 08       LDA $08,S
0100B7  A8          TAY
0100B8  3B          TSC
0100B9  18          CLC
0100BA  69 1A 00    ADC #$001A
0100BD  1B          TCS
0100BE  98          TYA
0100BF  6B          RTL
