010000  3B          TSC
010001  AA          TAX
010002  C5 46       CMP $46
010004  B0 04       BCS $01000A
010006  5C 14 00 01 JML $010014
01000A  D0 04       BNE $010010
01000C  5C 14 00 01 JML $010014
010010  5C 26 00 01 JML $010026
010014  38          SEC
010015  E9 0E 00    SBC #$000E
010018  B0 04       BCS $01001E
01001A  5C 26 00 01 JML $010026
01001E  C5 44       CMP $44
010020  90 04       BCC $010026
010022  5C 2D 00 01 JML $01002D
010026  A9 0E 00    LDA #$000E
010029  5C 00 80 04 JML $048000
01002D  1B          TCS
01002E  E2 20       SEP #$20
010030  A3 12       LDA $12,S
010032  83 02       STA $02,S
010034  A3 13       LDA $13,S
010036  83 03       STA $03,S
010038  C2 20       REP #$20
01003A  E2 20       SEP #$20
01003C  A9 00       LDA #$00
01003E  83 08       STA $08,S
010040  A9 00       LDA #$00
010042  83 09       STA $09,S
010044  C2 20       REP #$20
010046  A3 08       LDA $08,S
010048  83 04       STA $04,S
01004A  E2 20       SEP #$20
01004C  C2 20       REP #$20
01004E  5C 52 00 01 JML $010052
010052  C2 20       REP #$20
010054  A3 02       LDA $02,S
010056  83 08       STA $08,S
010058  E2 20       SEP #$20
01005A  A9 00       LDA #$00
01005C  83 0A       STA $0A,S
01005E  A9 00       LDA #$00
010060  83 0B       STA $0B,S
010062  C2 20       REP #$20
010064  A3 08       LDA $08,S
010066  C3 0A       CMP $0A,S
010068  F0 04       BEQ $01006E
01006A  5C 76 00 01 JML $010076
01006E  E2 20       SEP #$20
010070  C2 20       REP #$20
010072  5C AB 00 01 JML $0100AB
010076  E2 20       SEP #$20
010078  C2 20       REP #$20
01007A  5C 7E 00 01 JML $01007E
01007E  C2 20       REP #$20
010080  A3 02       LDA $02,S
010082  83 08       STA $08,S
010084  A3 04       LDA $04,S
010086  83 0A       STA $0A,S
010088  A3 0A       LDA $0A,S
01008A  18          CLC
01008B  63 08       ADC $08,S
01008D  83 0C       STA $0C,S
01008F  A3 0C       LDA $0C,S
010091  83 04       STA $04,S
010093  A3 02       LDA $02,S
010095  83 08       STA $08,S
010097  A3 08       LDA $08,S
010099  38          SEC
01009A  E9 01 00    SBC #$0001
01009D  83 0A       STA $0A,S
01009F  A3 0A       LDA $0A,S
0100A1  83 02       STA $02,S
0100A3  E2 20       SEP #$20
0100A5  C2 20       REP #$20
0100A7  5C 52 00 01 JML $010052
0100AB  C2 20       REP #$20
0100AD  A3 04       LDA $04,S
0100AF  83 08       STA $08,S
0100B1  A3 08       LDA $08,S
0100B3  A8          TAY
0100B4  3B          TSC
0100B5  18          CLC
0100B6  69 0E 00    ADC #$000E
0100B9  1B          TCS
0100BA  98          TYA
0100BB  6B          RTL
