010000  3B          TSC
010001  AA          TAX
010002  C5 46       CMP $46
010004  B0 04       BCS $01000A
010006  5C 14 00 01 JML $010014
01000A  D0 04       BNE $010010
01000C  5C 14 00 01 JML $010014
010010  5C 26 00 01 JML $010026
010014  38          SEC
010015  E9 10 00    SBC #$0010
010018  B0 04       BCS $01001E
01001A  5C 26 00 01 JML $010026
01001E  C5 44       CMP $44
010020  90 04       BCC $010026
010022  5C 2D 00 01 JML $01002D
010026  A9 10 00    LDA #$0010
010029  5C 00 80 04 JML $048000
01002D  1B          TCS
01002E  E2 20       SEP #$20
010030  A3 14       LDA $14,S
010032  83 02       STA $02,S
010034  A3 15       LDA $15,S
010036  83 03       STA $03,S
010038  C2 20       REP #$20
01003A  C2 20       REP #$20
01003C  A9 00 00    LDA #$0000
01003F  83 0C       STA $0C,S
010041  A3 0C       LDA $0C,S
010043  83 08       STA $08,S
010045  5C 49 00 01 JML $010049
010049  C2 20       REP #$20
01004B  A3 02       LDA $02,S
01004D  83 06       STA $06,S
01004F  A3 06       LDA $06,S
010051  C9 00 00    CMP #$0000
010054  F0 04       BEQ $01005A
010056  5C 62 00 01 JML $010062
01005A  E2 20       SEP #$20
01005C  C2 20       REP #$20
01005E  5C 93 00 01 JML $010093
010062  E2 20       SEP #$20
010064  C2 20       REP #$20
010066  5C 6A 00 01 JML $01006A
01006A  C2 20       REP #$20
01006C  A3 02       LDA $02,S
01006E  83 0A       STA $0A,S
010070  A3 08       LDA $08,S
010072  18          CLC
010073  63 0A       ADC $0A,S
010075  83 06       STA $06,S
010077  A3 02       LDA $02,S
010079  83 08       STA $08,S
01007B  A3 08       LDA $08,S
01007D  38          SEC
01007E  E9 01 00    SBC #$0001
010081  83 0A       STA $0A,S
010083  A3 0A       LDA $0A,S
010085  83 02       STA $02,S
010087  A3 06       LDA $06,S
010089  83 0C       STA $0C,S
01008B  A3 0C       LDA $0C,S
01008D  83 08       STA $08,S
01008F  5C 49 00 01 JML $010049
010093  C2 20       REP #$20
010095  A3 08       LDA $08,S
010097  A8          TAY
010098  3B          TSC
010099  18          CLC
01009A  69 10 00    ADC #$0010
01009D  1B          TCS
01009E  98          TYA
01009F  6B          RTL
