010000  5A          phy
010001  5A          phy
010002  5A          phy
010003  85 3E       sta	r31
010005  83 01       sta	1,s
010007  8A          txa
010008  83 03       sta	3,s
01000A  A9 00 00    lda	#0
01000D  83 04       sta	4,s
01000F  80 29       bra	l4
010011  A3 01       lda	1,s
010013  85 00       sta	r0
010015  A3 03       lda	3,s
010017  85 02       sta	r0+2
010019  18          clc
01001A  A3 01       lda	1,s
01001C  69 01 00    adc	#1
01001F  83 01       sta	1,s
010021  E2 20       sep	#32
010023  A3 03       lda	3,s
010025  69 00       adc	#0
010027  83 03       sta	3,s
010029  C2 20       rep	#32
01002B  A7 00       lda	[r0]
01002D  29 FF 00    and	#255
010030  18          clc
010031  63 04       adc	4,s
010033  83 04       sta	4,s
010035  A3 0A       lda	10,s
010037  3A          dea
010038  83 0A       sta	10,s
01003A  A3 0A       lda	10,s
01003C  D0 D3       bne	l3
01003E  A3 04       lda	4,s
010040  7A          ply
010041  7A          ply
010042  7A          ply
010043  6B          rtl
