010000  3B          TSC
010001  AA          TAX
010002  C5 46       CMP $46
010004  B0 04       BCS $01000A
010006  5C 14 00 01 JML $010014
01000A  D0 04       BNE $010010
01000C  5C 14 00 01 JML $010014
010010  5C 26 00 01 JML $010026
010014  38          SEC
010015  E9 08 00    SBC #$0008
010018  B0 04       BCS $01001E
01001A  5C 26 00 01 JML $010026
01001E  C5 44       CMP $44
010020  90 04       BCC $010026
010022  5C 2D 00 01 JML $01002D
010026  A9 08 00    LDA #$0008
010029  5C 00 80 04 JML $048000
01002D  1B          TCS
01002E  A3 0C       LDA $0C,S
010030  85 24       STA $24
010032  18          CLC
010033  69 01 00    ADC #$0001
010036  85 20       STA $20
010038  A9 00 00    LDA #$0000
01003B  85 22       STA $22
01003D  A9 07 00    LDA #$0007
010040  C5 22       CMP $22
010042  B0 04       BCS $010048
010044  5C 72 00 01 JML $010072
010048  C2 20       REP #$20
01004A  A5 24       LDA $24
01004C  83 02       STA $02,S
01004E  85 26       STA $26
010050  18          CLC
010051  69 01 00    ADC #$0001
010054  85 24       STA $24
010056  A5 22       LDA $22
010058  18          CLC
010059  69 01 00    ADC #$0001
01005C  85 26       STA $26
01005E  A5 24       LDA $24
010060  83 06       STA $06,S
010062  A5 20       LDA $20
010064  85 24       STA $24
010066  A3 06       LDA $06,S
010068  85 20       STA $20
01006A  A5 26       LDA $26
01006C  85 22       STA $22
01006E  5C 3D 00 01 JML $01003D
010072  A5 24       LDA $24
010074  18          CLC
010075  65 20       ADC $20
010077  85 22       STA $22
010079  A8          TAY
01007A  3B          TSC
01007B  18          CLC
01007C  69 08 00    ADC #$0008
01007F  1B          TCS
010080  98          TYA
010081  6B          RTL
