010000  3B          TSC
010001  AA          TAX
010002  C5 46       CMP $46
010004  B0 04       BCS $01000A
010006  5C 14 00 01 JML $010014
01000A  D0 04       BNE $010010
01000C  5C 14 00 01 JML $010014
010010  5C 26 00 01 JML $010026
010014  38          SEC
010015  E9 0E 00    SBC #$000E
010018  B0 04       BCS $01001E
01001A  5C 26 00 01 JML $010026
01001E  C5 44       CMP $44
010020  90 04       BCC $010026
010022  5C 2D 00 01 JML $01002D
010026  A9 0E 00    LDA #$000E
010029  5C 00 80 04 JML $048000
01002D  1B          TCS
01002E  E2 20       SEP #$20
010030  A3 12       LDA $12,S
010032  83 02       STA $02,S
010034  A3 13       LDA $13,S
010036  83 03       STA $03,S
010038  C2 20       REP #$20
01003A  E2 20       SEP #$20
01003C  A9 00       LDA #$00
01003E  83 08       STA $08,S
010040  A9 00       LDA #$00
010042  83 09       STA $09,S
010044  C2 20       REP #$20
010046  A3 08       LDA $08,S
010048  83 04       STA $04,S
01004A  E2 20       SEP #$20
01004C  C2 20       REP #$20
01004E  5C 52 00 01 JML $010052
010052  C2 20       REP #$20
010054  A3 02       LDA $02,S
010056  83 08       STA $08,S
010058  E2 20       SEP #$20
01005A  A9 00       LDA #$00
01005C  83 0A       STA $0A,S
01005E  A9 00       LDA #$00
010060  83 0B       STA $0B,S
010062  A3 0B       LDA $0B,S
010064  85 10       STA $10
010066  A3 09       LDA $09,S
010068  C5 10       CMP $10
01006A  B0 04       BCS $010070
01006C  5C 8E 00 01 JML $01008E
010070  F0 04       BEQ $010076
010072  5C 94 00 01 JML $010094
010076  A3 0A       LDA $0A,S
010078  85 10       STA $10
01007A  A3 08       LDA $08,S
01007C  C5 10       CMP $10
01007E  B0 04       BCS $010084
010080  5C 8E 00 01 JML $01008E
010084  F0 04       BEQ $01008A
010086  5C 94 00 01 JML $010094
01008A  5C 9A 00 01 JML $01009A
01008E  A9 01       LDA #$01
010090  5C A0 00 01 JML $0100A0
010094  A9 01       LDA #$01
010096  5C A0 00 01 JML $0100A0
01009A  A9 00       LDA #$00
01009C  5C A0 00 01 JML $0100A0
0100A0  83 07       STA $07,S
0100A2  C2 20       REP #$20
0100A4  E2 20       SEP #$20
0100A6  A3 07       LDA $07,S
0100A8  C2 20       REP #$20
0100AA  F0 04       BEQ $0100B0
0100AC  5C B8 00 01 JML $0100B8
0100B0  E2 20       SEP #$20
0100B2  C2 20       REP #$20
0100B4  5C ED 00 01 JML $0100ED
0100B8  E2 20       SEP #$20
0100BA  C2 20       REP #$20
0100BC  5C C0 00 01 JML $0100C0
0100C0  C2 20       REP #$20
0100C2  A3 02       LDA $02,S
0100C4  83 08       STA $08,S
0100C6  A3 04       LDA $04,S
0100C8  83 0A       STA $0A,S
0100CA  A3 0A       LDA $0A,S
0100CC  18          CLC
0100CD  63 08       ADC $08,S
0100CF  83 0C       STA $0C,S
0100D1  A3 0C       LDA $0C,S
0100D3  83 04       STA $04,S
0100D5  A3 02       LDA $02,S
0100D7  83 08       STA $08,S
0100D9  A3 08       LDA $08,S
0100DB  38          SEC
0100DC  E9 01 00    SBC #$0001
0100DF  83 0A       STA $0A,S
0100E1  A3 0A       LDA $0A,S
0100E3  83 02       STA $02,S
0100E5  E2 20       SEP #$20
0100E7  C2 20       REP #$20
0100E9  5C 52 00 01 JML $010052
0100ED  C2 20       REP #$20
0100EF  A3 04       LDA $04,S
0100F1  83 08       STA $08,S
0100F3  A3 08       LDA $08,S
0100F5  A8          TAY
0100F6  3B          TSC
0100F7  18          CLC
0100F8  69 0E 00    ADC #$000E
0100FB  1B          TCS
0100FC  98          TYA
0100FD  6B          RTL
